MEM 993.929688 1770655273.8373
MEM 994.492188 1770655273.8844
MEM 7368.218750 1770655303.9589
MEM 7295.460938 1770655334.0339
MEM 7463.675781 1770655364.1101
MEM 7173.800781 1770655394.1845
MEM 7211.113281 1770655424.2498
MEM 8412.214844 1770655454.4273
MEM 10678.074219 1770655484.5006
MEM 17302.597656 1770655514.5748
MEM 11414.843750 1770655544.6455
MEM 13896.914062 1770655574.7226
MEM 43783.613281 1770655604.8289
MEM 63223.921875 1770655634.8980
MEM 46798.933594 1770655664.9921
MEM 46026.300781 1770655695.0653
MEM 44877.164062 1770655725.1619
MEM 44942.582031 1770655755.2543
MEM 44516.050781 1770655785.3224
MEM 44824.695312 1770655815.4181
MEM 57937.683594 1770655845.5252
MEM 60904.707031 1770655875.6142
MEM 59425.000000 1770655905.7075
MEM 48500.875000 1770655935.8026
MEM 37806.726562 1770655965.8952
MEM 40019.171875 1770655995.9946
MEM 40023.277344 1770656026.0628
MEM 40029.187500 1770656056.1332
MEM 40033.312500 1770656086.2130
MEM 40296.003906 1770656116.2959
MEM 40299.867188 1770656146.3555
MEM 40302.703125 1770656176.4247
MEM 40306.828125 1770656206.5021
MEM 40309.664062 1770656236.5915
MEM 40311.468750 1770656266.6551
MEM 40314.046875 1770656296.7248
MEM 40315.851562 1770656326.8059
MEM 40318.429688 1770656356.8947
MEM 40321.265625 1770656386.9868
MEM 40322.812500 1770656417.0616
MEM 40323.585938 1770656447.2089
MEM 40325.132812 1770656477.2911
MEM 40325.906250 1770656507.3741
MEM 40326.164062 1770656537.4637
MEM 40328.484375 1770656567.5437
MEM 40329.773438 1770656597.6418
MEM 40330.031250 1770656627.7448
MEM 40331.062500 1770656657.8423
MEM 40332.093750 1770656687.9338
MEM 40333.382812 1770656718.0064
MEM 40334.156250 1770656748.1338
MEM 40336.218750 1770656778.2192
MEM 40337.250000 1770656808.3852
MEM 40338.281250 1770656838.4920
MEM 40338.539062 1770656868.6890
MEM 40339.312500 1770656898.7863
MEM 40339.570312 1770656928.8837
MEM 40339.828125 1770656958.9615
MEM 40339.828125 1770656989.0663
MEM 40340.601562 1770657019.1839
MEM 40341.375000 1770657049.2834
MEM 40342.148438 1770657079.3410
MEM 40342.664062 1770657109.4591
MEM 40342.664062 1770657139.5665
MEM 40342.921875 1770657169.6931
MEM 40343.179688 1770657199.7711
MEM 40343.437500 1770657229.8499
MEM 40343.437500 1770657259.9336
MEM 40344.210938 1770657290.0310
MEM 40344.468750 1770657320.1026
MEM 40344.984375 1770657350.2169
MEM 40345.242188 1770657380.3157
MEM 40345.500000 1770657410.3941
MEM 40346.273438 1770657440.4836
MEM 40346.273438 1770657470.6047
MEM 40346.531250 1770657500.6964
MEM 40347.046875 1770657530.7900
MEM 40347.046875 1770657560.9755
MEM 40347.304688 1770657591.0819
MEM 40347.304688 1770657621.1599
MEM 40347.304688 1770657651.2166
MEM 13762.960938 1770657681.2908
MEM 20320.035156 1770657711.3657
MEM 21253.539062 1770657741.4381
MEM 22365.503906 1770657771.5132
MEM 23267.847656 1770657801.5856
MEM 20389.007812 1770657831.0205
