INFO:pypsa.network.io:Imported network 'Unnamed Network' has buses, carriers, generators, global_constraints, lines, links, loads, storage_units, stores, sub_networks
INFO:__main__:Plotting utilisation rate heatmap time series for Fischer-Tropsch
INFO:__main__:Plotting utilisation rate heatmap time series for H2 Electrolysis
INFO:__main__:Plotting utilisation rate heatmap time series for PHS
INFO:__main__:Plotting utilisation rate heatmap time series for Sabatier
INFO:__main__:Plotting utilisation rate heatmap time series for battery charger
INFO:__main__:Plotting utilisation rate heatmap time series for battery discharger
INFO:__main__:Plotting utilisation rate heatmap time series for hydro
INFO:__main__:Plotting utilisation rate heatmap time series for methanolisation
INFO:__main__:Plotting utilisation rate heatmap time series for offwind-ac
INFO:__main__:Plotting utilisation rate heatmap time series for offwind-dc
INFO:__main__:Plotting utilisation rate heatmap time series for onwind
INFO:__main__:Plotting utilisation rate heatmap time series for ror
INFO:__main__:Plotting utilisation rate heatmap time series for solar
INFO:__main__:Plotting utilisation rate heatmap time series for solar rooftop
INFO:__main__:Plotting utilisation rate heatmap time series for solar-hsat
INFO:__main__:Plotting utilisation rate heatmap time series for urban central air heat pump
INFO:__main__:Plotting marginal prices heatmap time series for AC
INFO:__main__:Plotting marginal prices heatmap time series for H2
INFO:__main__:Plotting marginal prices heatmap time series for co2 stored
INFO:__main__:Plotting marginal prices heatmap time series for gas
INFO:__main__:Plotting marginal prices heatmap time series for methanol
INFO:__main__:Plotting marginal prices heatmap time series for oil
INFO:__main__:Plotting marginal prices heatmap time series for urban central heat
INFO:__main__:Plotting SOC heatmap time series for H2 Store
INFO:__main__:Plotting SOC heatmap time series for battery
INFO:__main__:Plotting SOC heatmap time series for co2 stored
INFO:__main__:Plotting SOC heatmap time series for gas
INFO:__main__:Plotting SOC heatmap time series for methanol
INFO:__main__:Plotting SOC heatmap time series for oil
