MEM 1295.761719 1769593370.7508
MEM 1296.289062 1769593370.7821
MEM 16831.195312 1769593400.8431
MEM 13932.917969 1769593430.8822
MEM 13847.371094 1769593460.9429
MEM 13728.253906 1769593491.0035
MEM 13835.394531 1769593521.0635
MEM 13537.007812 1769593551.1241
MEM 13507.152344 1769593581.1725
MEM 13507.152344 1769593611.2319
MEM 13735.105469 1769593641.2897
MEM 13506.195312 1769593671.3493
MEM 15842.996094 1769593701.4095
MEM 18550.855469 1769593731.4689
MEM 20812.664062 1769593761.5050
MEM 27698.167969 1769593791.5371
MEM 35895.128906 1769593821.5697
MEM 33371.851562 1769593851.6065
MEM 26756.703125 1769593881.6415
MEM 27060.824219 1769593911.6788
MEM 29980.390625 1769593941.8207
MEM 84854.433594 1769593971.9455
MEM 104359.371094 1769594002.0682
MEM 124258.769531 1769594032.2115
MEM 86628.515625 1769594062.2830
MEM 90413.445312 1769594092.3608
MEM 85964.898438 1769594122.4458
MEM 89992.984375 1769594152.5608
MEM 85234.691406 1769594182.6494
MEM 84754.804688 1769594212.7331
MEM 84032.363281 1769594242.8172
MEM 83571.914062 1769594272.9047
MEM 84245.652344 1769594302.9892
MEM 86015.097656 1769594333.0698
MEM 87369.109375 1769594363.1612
MEM 91616.500000 1769594393.2606
MEM 93906.335938 1769594423.3410
MEM 103539.648438 1769594453.4374
MEM 109652.152344 1769594483.5298
MEM 116141.164062 1769594513.6263
MEM 113093.894531 1769594543.7015
MEM 104695.253906 1769594573.7746
MEM 88583.367188 1769594603.8470
MEM 53760.390625 1769594633.9053
MEM 50019.113281 1769594663.9646
MEM 70603.960938 1769594694.0392
MEM 76401.804688 1769594724.0945
MEM 76454.210938 1769594754.2593
MEM 76456.210938 1769594784.3286
MEM 76456.714844 1769594814.5001
MEM 76459.042969 1769594844.5994
MEM 76459.042969 1769594874.6616
MEM 76459.453125 1769594904.7206
MEM 76459.710938 1769594934.8510
MEM 76460.425781 1769594964.9176
MEM 76460.675781 1769594994.9709
MEM 76460.675781 1769595025.0285
MEM 77033.921875 1769595055.1511
MEM 77034.117188 1769595085.2563
MEM 77035.070312 1769595115.3798
MEM 77035.304688 1769595145.4678
MEM 77035.304688 1769595175.5459
MEM 77035.562500 1769595205.5984
MEM 77035.820312 1769595235.7082
MEM 77035.820312 1769595265.8479
MEM 77035.820312 1769595295.9040
MEM 77036.160156 1769595326.0076
MEM 77036.625000 1769595356.0783
MEM 77036.625000 1769595386.1360
MEM 77037.308594 1769595416.2004
MEM 77037.554688 1769595446.2774
MEM 77037.554688 1769595476.3364
MEM 77038.832031 1769595506.4012
MEM 77038.375000 1769595536.4654
MEM 77038.375000 1769595566.5349
MEM 77038.628906 1769595596.5885
MEM 77038.628906 1769595626.6536
MEM 77038.878906 1769595656.7115
MEM 77038.878906 1769595686.7893
MEM 77038.878906 1769595716.8702
MEM 77038.878906 1769595747.0310
MEM 77038.878906 1769595777.1191
MEM 77039.335938 1769595807.1797
MEM 77039.816406 1769595837.2696
MEM 77039.816406 1769595867.3232
MEM 77039.816406 1769595897.3836
MEM 77040.578125 1769595927.4442
MEM 77040.832031 1769595957.5255
MEM 77040.832031 1769595987.6011
MEM 77040.832031 1769596017.6766
MEM 77040.832031 1769596047.7377
MEM 77040.832031 1769596077.7912
MEM 77040.832031 1769596107.8752
MEM 77040.832031 1769596137.9583
MEM 77040.832031 1769596168.0171
MEM 77040.832031 1769596198.0785
MEM 77040.832031 1769596228.1451
MEM 77040.832031 1769596258.2066
MEM 77040.832031 1769596288.2674
MEM 77041.328125 1769596318.3337
MEM 77041.328125 1769596348.4058
MEM 77041.328125 1769596378.4769
MEM 77041.328125 1769596408.5382
MEM 77041.328125 1769596438.6062
MEM 77041.328125 1769596468.6612
MEM 77041.328125 1769596498.7338
MEM 77041.328125 1769596528.7950
MEM 77041.328125 1769596558.8511
MEM 77041.328125 1769596588.9370
MEM 77041.328125 1769596618.9935
MEM 77041.328125 1769596649.0615
MEM 77041.328125 1769596679.1211
MEM 77041.328125 1769596709.1855
MEM 77041.328125 1769596739.2474
MEM 77042.054688 1769596769.3017
MEM 77042.054688 1769596799.3752
MEM 77042.304688 1769596829.4385
MEM 77042.304688 1769596859.5161
MEM 77042.304688 1769596889.5831
MEM 77042.304688 1769596919.6931
MEM 77042.304688 1769596949.7801
MEM 77042.304688 1769596979.8484
MEM 77042.304688 1769597009.9125
MEM 77042.781250 1769597039.9980
MEM 77042.781250 1769597070.0729
MEM 77042.781250 1769597100.2159
MEM 77042.781250 1769597130.2860
MEM 77042.781250 1769597160.3553
MEM 77042.781250 1769597190.4655
MEM 77042.781250 1769597220.5818
MEM 77042.781250 1769597250.6609
MEM 77042.781250 1769597280.7454
MEM 77042.781250 1769597310.8197
MEM 77042.781250 1769597340.9870
MEM 77042.781250 1769597371.0504
MEM 77042.781250 1769597401.1268
MEM 77043.296875 1769597431.2486
MEM 77043.296875 1769597461.3189
MEM 77043.296875 1769597491.4599
MEM 77043.554688 1769597521.5619
MEM 77043.789062 1769597551.6299
MEM 77043.640625 1769597581.7282
MEM 77043.500000 1769597611.8542
MEM 77043.308594 1769597641.9523
MEM 77044.929688 1769597672.0355
MEM 77044.777344 1769597702.1178
MEM 77044.609375 1769597732.2338
MEM 77044.609375 1769597762.3557
MEM 77044.609375 1769597792.4476
MEM 77044.609375 1769597822.5210
MEM 77044.609375 1769597852.6021
MEM 77044.609375 1769597882.7358
MEM 77044.609375 1769597912.8064
MEM 77044.609375 1769597942.8595
MEM 77044.609375 1769597972.9110
MEM 77044.609375 1769598003.0015
MEM 77044.609375 1769598033.0913
MEM 77044.609375 1769598063.1581
MEM 77044.609375 1769598093.3129
MEM 77044.609375 1769598123.4806
MEM 77044.609375 1769598153.6375
MEM 77044.609375 1769598183.7608
MEM 77044.609375 1769598213.9289
MEM 77044.609375 1769598244.0419
MEM 77044.609375 1769598274.1605
MEM 77044.609375 1769598304.2705
MEM 77044.609375 1769598334.3927
MEM 77044.609375 1769598364.4548
MEM 77044.609375 1769598394.5408
MEM 77044.859375 1769598424.6082
MEM 77044.859375 1769598454.6977
MEM 77044.859375 1769598484.7612
MEM 77044.875000 1769598514.8293
MEM 77044.875000 1769598544.8842
MEM 77044.875000 1769598574.9389
MEM 77044.875000 1769598605.0069
MEM 77044.875000 1769598635.0679
MEM 77044.875000 1769598665.1192
MEM 77044.875000 1769598695.1952
MEM 77044.875000 1769598725.2477
MEM 77044.875000 1769598755.3258
MEM 77044.875000 1769598785.3979
MEM 77044.875000 1769598815.5360
MEM 77044.875000 1769598845.6816
MEM 77044.875000 1769598875.7575
MEM 77045.359375 1769598905.9052
MEM 77045.359375 1769598935.9672
MEM 77045.359375 1769598966.0998
MEM 77045.843750 1769598996.1966
MEM 77045.843750 1769599026.3459
MEM 77045.843750 1769599056.4419
MEM 77045.843750 1769599086.5959
MEM 77045.843750 1769599116.7609
MEM 77045.843750 1769599146.9237
MEM 77045.843750 1769599177.0234
MEM 77045.843750 1769599207.1265
MEM 77045.843750 1769599237.2347
MEM 77045.843750 1769599267.2923
MEM 77045.843750 1769599297.3741
MEM 77045.843750 1769599327.5446
MEM 77045.843750 1769599357.7248
MEM 77045.843750 1769599387.8575
MEM 77045.843750 1769599417.9766
MEM 77045.843750 1769599448.0976
MEM 77045.843750 1769599478.1572
MEM 77045.843750 1769599508.2793
MEM 77045.843750 1769599538.3720
MEM 77045.843750 1769599568.5367
MEM 77046.320312 1769599598.7012
MEM 77046.320312 1769599628.9062
MEM 77046.320312 1769599658.9972
MEM 77046.320312 1769599689.0817
MEM 77046.320312 1769599719.2492
MEM 77046.320312 1769599749.4301
MEM 77046.320312 1769599779.5766
MEM 77046.320312 1769599809.7444
MEM 77046.320312 1769599839.8647
MEM 77046.320312 1769599870.0215
MEM 77046.320312 1769599900.1188
MEM 77046.320312 1769599930.2568
MEM 77046.320312 1769599960.3622
MEM 77046.320312 1769599990.4149
MEM 77046.320312 1769600020.4836
MEM 77046.320312 1769600050.5579
MEM 77046.320312 1769600080.6325
MEM 77046.320312 1769600110.7071
MEM 77046.320312 1769600140.7685
MEM 77046.320312 1769600170.8333
MEM 77046.320312 1769600200.8928
MEM 77046.320312 1769600230.9634
MEM 77046.320312 1769600261.0412
MEM 77046.320312 1769600291.0954
MEM 77046.320312 1769600321.1473
MEM 77046.320312 1769600351.2412
MEM 77046.320312 1769600381.3402
MEM 77046.320312 1769600411.4084
MEM 77046.320312 1769600441.4680
MEM 77046.320312 1769600471.5412
MEM 77046.320312 1769600501.6043
MEM 77046.320312 1769600531.6658
MEM 77046.320312 1769600561.7295
MEM 77046.320312 1769600591.8336
MEM 77046.320312 1769600621.9462
MEM 77046.320312 1769600652.0397
MEM 77046.320312 1769600682.0975
MEM 77046.320312 1769600712.1635
MEM 77046.320312 1769600742.2904
MEM 77046.320312 1769600772.3842
MEM 77046.320312 1769600802.4410
MEM 77046.320312 1769600832.5032
MEM 77046.320312 1769600862.5858
MEM 77046.320312 1769600892.6473
MEM 77046.320312 1769600922.7018
MEM 77046.320312 1769600952.7766
MEM 77046.320312 1769600982.8525
MEM 77046.320312 1769601012.9159
MEM 77046.320312 1769601042.9973
MEM 77046.320312 1769601073.0684
MEM 77046.320312 1769601103.1349
MEM 77046.320312 1769601133.2054
MEM 77046.320312 1769601163.3056
MEM 77046.320312 1769601193.3646
MEM 77046.546875 1769601223.4230
MEM 77046.546875 1769601253.4895
MEM 77046.546875 1769601283.5703
MEM 77046.546875 1769601313.6301
MEM 77046.546875 1769601343.7327
MEM 77046.546875 1769601373.9477
MEM 77046.546875 1769601404.0325
MEM 77046.546875 1769601434.1040
MEM 77046.546875 1769601464.1686
MEM 77046.546875 1769601494.2223
MEM 77046.546875 1769601524.2833
MEM 77047.054688 1769601554.3714
MEM 77047.054688 1769601584.4547
MEM 77047.054688 1769601614.5144
MEM 77047.054688 1769601644.5736
MEM 77047.054688 1769601674.6489
MEM 77047.054688 1769601704.7097
MEM 77047.054688 1769601734.7704
MEM 77047.054688 1769601764.8724
MEM 77047.054688 1769601794.9268
MEM 77047.054688 1769601825.0019
MEM 77047.054688 1769601855.0546
MEM 77047.054688 1769601885.1598
MEM 77047.054688 1769601915.2489
MEM 77047.054688 1769601945.3084
MEM 77047.054688 1769601975.3886
MEM 77047.054688 1769602005.4481
MEM 77047.554688 1769602035.5449
MEM 77047.554688 1769602065.6043
MEM 77047.554688 1769602095.6934
MEM 77047.554688 1769602125.7541
MEM 77047.554688 1769602155.8099
MEM 77047.554688 1769602185.8684
MEM 77047.554688 1769602215.9459
MEM 77047.554688 1769602246.0040
MEM 77047.554688 1769602276.0561
MEM 77047.554688 1769602306.1413
MEM 77047.554688 1769602336.1979
MEM 77047.554688 1769602366.2568
MEM 77047.554688 1769602396.3184
MEM 77047.554688 1769602426.3836
MEM 77047.804688 1769602456.4449
MEM 77047.804688 1769602486.5048
MEM 77047.804688 1769602516.5663
MEM 77047.804688 1769602546.6722
MEM 77048.312500 1769602576.7400
MEM 77048.312500 1769602606.8274
MEM 77048.312500 1769602636.8845
MEM 77048.312500 1769602666.9466
MEM 77048.312500 1769602697.0057
MEM 77048.312500 1769602727.0767
MEM 77048.312500 1769602757.1337
MEM 77048.312500 1769602787.1978
MEM 77048.312500 1769602817.2622
MEM 77048.312500 1769602847.3249
MEM 25074.531250 1769602877.3839
MEM 30354.320312 1769602907.4415
MEM 37803.085938 1769602937.5065
MEM 39112.753906 1769602967.5647
MEM 39965.187500 1769602997.6241
MEM 40456.550781 1769603027.6903
MEM 41633.039062 1769603057.7491
MEM 42989.945312 1769603087.8085
MEM 43894.093750 1769603117.8852
MEM 46151.687500 1769603147.9463
MEM 38786.058594 1769603178.0042
MEM 38393.058594 1769603182.2515
