
Gurobi 13.0.0 (linux64) logging started Wed Jan 28 10:49:37 2026

Set parameter LogFile to value "/cluster/work/cpesm/acott/pypsa-eur/results/eu-overnight/elec_trans_heat_industry_sectors_no_bevdsm_EU_2050_1h/logs/base_s_40___2050_solver.log"
Gurobi Optimizer version 13.0.0 build v13.0.0rc1 (linux64 - "Ubuntu 22.04.5 LTS")

CPU model: AMD EPYC 7742 64-Core Processor, instruction set [SSE2|AVX|AVX2]
Thread count: 128 physical cores, 128 logical processors, using up to 32 threads

Non-default parameters:
Method  2
BarConvTol  1e-05
Crossover  0
AggFill  0
PreDual  0
Seed  123
Threads  32
GURO_PAR_BARDENSETHRESH  200

Optimize a model with 46929713 rows, 22821483 columns and 103020546 nonzeros (Min)
Model fingerprint: 0x28937b5c
Model has 19290928 linear objective coefficients
Coefficient statistics:
  Matrix range     [2e-03, 5e+02]
  Objective range  [9e-03, 8e+05]
  Bounds range     [9e-02, 2e+11]
  RHS range        [9e-02, 1e+09]
Warning: Model contains large rhs
Warning: Model contains large bounds
         Consider reformulating model or setting NumericFocus parameter
         to avoid numerical issues.
Presolve removed 24454099 rows and 2227565 columns (presolve time = 6s)...
Presolve removed 24680662 rows and 2386818 columns (presolve time = 11s)...
Presolve removed 24680662 rows and 2386818 columns (presolve time = 15s)...
Presolve removed 24680662 rows and 2386818 columns (presolve time = 21s)...
Presolve removed 24683844 rows and 2390000 columns (presolve time = 27s)...
Presolve removed 26725909 rows and 4432065 columns (presolve time = 33s)...
Presolve removed 26725909 rows and 4432065 columns (presolve time = 40s)...
Presolve removed 26725909 rows and 4432065 columns (presolve time = 41s)...
Presolve removed 26725909 rows and 4432065 columns (presolve time = 48s)...
Presolve removed 26725909 rows and 4432065 columns (presolve time = 53s)...
Presolve removed 26725909 rows and 4432065 columns (presolve time = 58s)...
Presolve removed 26725909 rows and 4432065 columns (presolve time = 60s)...
Presolve removed 26725909 rows and 4432066 columns (presolve time = 66s)...
Presolve removed 26725909 rows and 4432066 columns (presolve time = 70s)...
Presolve removed 26725909 rows and 4432066 columns (presolve time = 75s)...
Presolve removed 26725909 rows and 4432066 columns (presolve time = 82s)...
Presolve removed 26725909 rows and 4432066 columns
Presolve time: 83.38s
Presolved: 20203804 rows, 18389417 columns, 71294201 nonzeros
Elapsed ordering time = 24s
Elapsed ordering time = 26s
Elapsed ordering time = 30s
Elapsed ordering time = 35s
Elapsed ordering time = 40s
Elapsed ordering time = 45s
Elapsed ordering time = 50s
Elapsed ordering time = 55s
Elapsed ordering time = 60s
Elapsed ordering time = 186s
Elapsed ordering time = 223s
Elapsed ordering time = 249s
Elapsed ordering time = 284s
Elapsed ordering time = 306s
Elapsed ordering time = 319s
Elapsed ordering time = 342s
Elapsed ordering time = 356s
Elapsed ordering time = 363s
Elapsed ordering time = 378s
Elapsed ordering time = 381s
Elapsed ordering time = 389s
Elapsed ordering time = 404s
Elapsed ordering time = 411s
Elapsed ordering time = 423s
Elapsed ordering time = 429s
Elapsed ordering time = 437s
Elapsed ordering time = 444s
Elapsed ordering time = 451s
Elapsed ordering time = 459s
Elapsed ordering time = 461s
Elapsed ordering time = 472s
Elapsed ordering time = 481s
Elapsed ordering time = 486s
Elapsed ordering time = 490s
Elapsed ordering time = 497s
Elapsed ordering time = 502s
Elapsed ordering time = 507s
Elapsed ordering time = 510s
Elapsed ordering time = 515s
Elapsed ordering time = 520s
Elapsed ordering time = 526s
Elapsed ordering time = 537s
Elapsed ordering time = 542s
Elapsed ordering time = 545s
Elapsed ordering time = 550s
Elapsed ordering time = 555s
Elapsed ordering time = 561s
Elapsed ordering time = 565s
Elapsed ordering time = 571s
Elapsed ordering time = 575s
Elapsed ordering time = 580s
Elapsed ordering time = 585s
Elapsed ordering time = 590s
Elapsed ordering time = 595s
Elapsed ordering time = 600s
Elapsed ordering time = 605s
Elapsed ordering time = 610s
Elapsed ordering time = 615s
Elapsed ordering time = 620s
Elapsed ordering time = 625s
Elapsed ordering time = 630s
Elapsed ordering time = 635s
Elapsed ordering time = 640s
Elapsed ordering time = 645s
Elapsed ordering time = 650s
Elapsed ordering time = 655s
Elapsed ordering time = 660s
Elapsed ordering time = 665s
Elapsed ordering time = 670s
Elapsed ordering time = 675s
Elapsed ordering time = 680s
Elapsed ordering time = 685s
Elapsed ordering time = 690s
Elapsed ordering time = 695s
Elapsed ordering time = 700s
Elapsed ordering time = 708s
Ordering time: 773.07s

Barrier statistics:
 Dense cols : 1402
 AA' NZ     : 8.565e+07
 Factor NZ  : 1.524e+09 (roughly 30.0 GB of memory)
 Factor Ops : 3.184e+12 (roughly 10 seconds per iteration)
 Threads    : 32

                  Objective                Residual
Iter       Primal          Dual         Primal    Dual     Compl     Time
   0   1.13417608e+21 -7.19885340e+18  2.60e+15 4.56e+04  1.48e+15   928s
   1   9.21412930e+20 -5.78183193e+18  2.15e+15 6.91e+04  9.50e+14   949s
   2   8.91333476e+20 -5.20592923e+18  2.09e+15 5.13e+04  8.44e+14   976s
   3   6.86640257e+20 -4.45701915e+18  1.60e+15 4.09e+04  6.08e+14  1008s
   4   4.57195327e+20 -3.43005039e+18  1.06e+15 2.07e+06  3.81e+14  1033s
   5   3.13023515e+20 -2.68270686e+18  6.97e+14 2.66e+06  2.39e+14  1065s
   6   1.94519711e+20 -2.25202263e+18  3.89e+14 4.04e+06  1.33e+14  1087s
   7   1.52813090e+20 -2.04655813e+18  2.87e+14 3.72e+06  9.76e+13  1107s
   8   1.15161828e+20 -1.79635752e+18  1.99e+14 3.66e+06  6.67e+13  1129s
   9   7.93026551e+19 -1.63647083e+18  1.25e+14 2.62e+06  4.18e+13  1152s
  10   3.09185506e+19 -1.36050061e+18  3.89e+13 1.04e+06  1.33e+13  1177s
  11   6.10097545e+18 -9.13183961e+17  4.95e+12 3.84e+06  1.79e+12  1205s
  12   2.19058133e+18 -4.18675843e+17  1.46e+12 9.15e+06  5.35e+11  1227s
  13   7.67241962e+17 -2.27424216e+17  4.49e+11 4.47e+06  1.67e+11  1249s
  14   2.53519716e+17 -1.33017467e+17  1.32e+11 9.53e+05  5.07e+10  1274s
  15   9.34785643e+16 -9.31726697e+16  4.25e+10 3.32e+05  1.73e+10  1305s
  16   8.00584333e+16 -9.04723513e+16  3.54e+10 3.15e+05  1.48e+10  1334s
  17   6.26720827e+16 -4.92738798e+16  2.65e+10 4.22e+04  9.77e+09  1367s
  18   1.76290356e+16 -2.72313503e+16  6.13e+09 2.83e+03  2.54e+09  1405s
  19   6.42512820e+15 -1.74613727e+16  1.92e+09 1.22e+03  1.00e+09  1438s
  20   2.24663725e+15 -1.50649450e+16  2.76e+08 1.01e+03  5.04e+08  1463s
  21   8.75053643e+14 -1.32721772e+16  5.95e+07 8.84e+02  3.80e+08  1487s
  22   4.58461063e+14 -9.11446153e+15  6.54e+06 5.98e+02  2.51e+08  1520s
  23   3.44172037e+14 -1.68155809e+15  2.10e+06 9.93e+01  5.30e+07  1554s
  24   2.00509835e+14 -6.98656238e+14  9.17e+05 4.11e+01  2.34e+07  1582s
  25   1.52285351e+14 -2.13734899e+14  6.33e+05 1.23e+01  9.47e+06  1610s
  26   1.33662654e+14 -1.56105500e+14  5.29e+05 9.13e+00  7.48e+06  1635s
  27   6.93314066e+13 -6.79998701e+13  1.73e+05 4.42e+00  3.48e+06  1666s
  28   6.02408492e+13 -1.23457661e+13  1.35e+05 1.58e+00  1.79e+06  1700s
  29   4.64657158e+13  6.70568331e+12  7.75e+04 5.78e-01  9.31e+05  1728s
  30   4.38500365e+13  7.19719242e+12  6.73e+04 5.60e-01  8.51e+05  1755s
  31   4.33533242e+13  8.49299122e+12  6.54e+04 5.13e-01  8.04e+05  1780s
  32   4.18525146e+13  1.00750250e+13  5.97e+04 4.54e-01  7.23e+05  1812s
  33   3.96411518e+13  1.09983694e+13  5.16e+04 4.18e-01  6.42e+05  1849s
  34   3.89370082e+13  1.20515174e+13  4.90e+04 3.78e-01  5.96e+05  1889s
  35   3.81996495e+13  1.31002169e+13  4.62e+04 3.39e-01  5.50e+05  1927s
  36   3.71582757e+13  1.39215168e+13  4.25e+04 3.06e-01  5.02e+05  1967s
  37   3.60632369e+13  1.47281351e+13  3.84e+04 2.74e-01  4.52e+05  2003s
  38   3.54517245e+13  1.50269925e+13  3.62e+04 2.63e-01  4.29e+05  2048s
  39   3.37794810e+13  1.60038080e+13  3.05e+04 2.25e-01  3.60e+05  2095s
  40   3.29615111e+13  1.70885329e+13  2.75e+04 1.83e-01  3.11e+05  2138s
  41   3.23512544e+13  1.77186859e+13  2.52e+04 1.58e-01  2.79e+05  2178s
  42   3.14978159e+13  1.82581385e+13  2.23e+04 1.36e-01  2.43e+05  2224s
  43   3.04693251e+13  1.88519041e+13  1.86e+04 1.12e-01  2.01e+05  2271s
  44   2.98062980e+13  1.93493415e+13  1.63e+04 9.18e-02  1.71e+05  2313s
  45   2.93285855e+13  1.96649366e+13  1.46e+04 7.93e-02  1.51e+05  2356s
  46   2.89660971e+13  1.98341101e+13  1.33e+04 7.23e-02  1.38e+05  2402s
  47   2.87921753e+13  1.99263997e+13  1.26e+04 6.86e-02  1.31e+05  2438s
  48   2.84611556e+13  2.00967525e+13  1.15e+04 6.16e-02  1.18e+05  2481s
  49   2.82060844e+13  2.02247724e+13  1.06e+04 5.65e-02  1.09e+05  2522s
  50   2.79754919e+13  2.03105069e+13  9.79e+03 5.30e-02  1.01e+05  2558s
  51   2.78868428e+13  2.03842095e+13  9.47e+03 5.00e-02  9.67e+04  2595s
  52   2.76068768e+13  2.05356789e+13  8.48e+03 4.38e-02  8.59e+04  2637s
  53   2.75110969e+13  2.05828851e+13  8.15e+03 4.19e-02  8.24e+04  2686s
  54   2.72861333e+13  2.06805780e+13  7.37e+03 3.80e-02  7.44e+04  2729s
  55   2.72275929e+13  2.07227427e+13  7.16e+03 3.63e-02  7.19e+04  2760s
  56   2.71111121e+13  2.08202043e+13  6.76e+03 3.24e-02  6.66e+04  2804s
  57   2.68957021e+13  2.09389588e+13  6.04e+03 2.77e-02  5.84e+04  2840s
  58   2.67443160e+13  2.10135370e+13  5.53e+03 2.46e-02  5.29e+04  2885s
  59   2.66752368e+13  2.10655751e+13  5.30e+03 2.26e-02  4.99e+04  2924s
  60   2.64942464e+13  2.10991987e+13  4.69e+03 2.12e-02  4.49e+04  2975s
  61   2.63818500e+13  2.11157762e+13  4.31e+03 2.05e-02  4.19e+04  3011s
  62   2.63471947e+13  2.11494519e+13  4.19e+03 1.92e-02  4.03e+04  3045s
  63   2.62071253e+13  2.11782172e+13  3.73e+03 1.80e-02  3.64e+04  3092s
  64   2.61477088e+13  2.12481475e+13  3.53e+03 1.53e-02  3.33e+04  3163s
  65   2.59713072e+13  2.12794287e+13  2.98e+03 1.41e-02  2.86e+04  3248s
  66   2.58946791e+13  2.13242680e+13  2.74e+03 1.23e-02  2.58e+04  3322s
  67   2.58355020e+13  2.13518712e+13  2.55e+03 1.13e-02  2.39e+04  3397s
  68   2.57475542e+13  2.13782669e+13  2.28e+03 1.03e-02  2.14e+04  3482s
  69   2.56860573e+13  2.13917716e+13  2.09e+03 9.76e-03  1.99e+04  3560s
  70   2.56608818e+13  2.14206172e+13  2.01e+03 8.68e-03  1.87e+04  3641s
  71   2.55961105e+13  2.14331644e+13  1.82e+03 8.21e-03  1.71e+04  3720s
  72   2.55644606e+13  2.14405627e+13  1.73e+03 7.94e-03  1.63e+04  3788s
  73   2.55366672e+13  2.14524335e+13  1.65e+03 7.50e-03  1.55e+04  3832s
  74   2.55050372e+13  2.14660193e+13  1.56e+03 7.01e-03  1.46e+04  3884s
  75   2.54594578e+13  2.14704287e+13  1.43e+03 6.84e-03  1.37e+04  3943s
  76   2.54480479e+13  2.14903512e+13  1.40e+03 6.12e-03  1.30e+04  4003s
  77   2.54118069e+13  2.14941422e+13  1.31e+03 5.98e-03  1.23e+04  4053s
  78   2.53994442e+13  2.14968156e+13  1.27e+03 5.88e-03  1.20e+04  4102s
  79   2.53846674e+13  2.15018765e+13  1.23e+03 5.70e-03  1.16e+04  4140s
  80   2.53676595e+13  2.15034258e+13  1.19e+03 5.65e-03  1.13e+04  4184s
  81   2.53556610e+13  2.15184315e+13  1.16e+03 5.11e-03  1.08e+04  4224s
  82   2.53419935e+13  2.15211685e+13  1.13e+03 5.01e-03  1.05e+04  4263s
  83   2.53340716e+13  2.15234878e+13  1.11e+03 4.93e-03  1.03e+04  4296s
  84   2.53042457e+13  2.15335058e+13  1.03e+03 4.56e-03  9.58e+03  4341s
  85   2.52788818e+13  2.15382285e+13  9.73e+02 4.40e-03  9.08e+03  4387s
  86   2.52649018e+13  2.15425064e+13  9.41e+02 4.24e-03  8.76e+03  4431s
  87   2.52470608e+13  2.15527470e+13  9.01e+02 3.88e-03  8.24e+03  4477s
  88   2.52296650e+13  2.15568371e+13  8.62e+02 3.73e-03  7.89e+03  4515s
  89   2.52174220e+13  2.15609711e+13  8.35e+02 3.58e-03  7.62e+03  4554s
  90   2.52038748e+13  2.15662416e+13  8.06e+02 3.58e-03  7.30e+03  4600s
  91   2.51938653e+13  2.15698255e+13  7.84e+02 3.58e-03  7.08e+03  4632s
  92   2.51817954e+13  2.15765115e+13  7.59e+02 3.58e-03  6.75e+03  4675s
  93   2.51599636e+13  2.15791935e+13  7.14e+02 3.58e-03  6.41e+03  4715s
  94   2.51492320e+13  2.15834256e+13  6.92e+02 3.58e-03  6.17e+03  4758s
  95   2.51374057e+13  2.15885342e+13  6.70e+02 3.58e-03  5.89e+03  4804s
  96   2.51255937e+13  2.15928784e+13  6.47e+02 3.58e-03  5.64e+03  4848s
  97   2.51129520e+13  2.15958709e+13  6.23e+02 3.58e-03  5.41e+03  4890s
  98   2.50930993e+13  2.15979939e+13  5.86e+02 3.58e-03  5.14e+03  4933s
  99   2.50812776e+13  2.15995935e+13  5.65e+02 3.58e-03  4.97e+03  4971s
 100   2.50743054e+13  2.16010250e+13  5.53e+02 3.58e-03  4.86e+03  5004s
 101   2.50605954e+13  2.16067011e+13  5.29e+02 3.58e-03  4.57e+03  5047s
 102   2.50436414e+13  2.16103218e+13  5.01e+02 3.58e-03  4.30e+03  5090s
 103   2.50347156e+13  2.16110356e+13  4.86e+02 3.58e-03  4.20e+03  5125s
 104   2.50235717e+13  2.16152601e+13  4.68e+02 3.57e-03  3.98e+03  5160s
 105   2.50087328e+13  2.16185442e+13  4.45e+02 3.57e-03  3.76e+03  5205s
 106   2.49951254e+13  2.16200057e+13  4.24e+02 3.57e-03  3.60e+03  5249s
 107   2.49858516e+13  2.16225331e+13  4.10e+02 3.57e-03  3.45e+03  5292s
 108   2.49739998e+13  2.16241913e+13  3.93e+02 3.57e-03  3.31e+03  5336s
 109   2.49625110e+13  2.16256129e+13  3.77e+02 3.57e-03  3.18e+03  5375s
 110   2.49535471e+13  2.16260937e+13  3.64e+02 3.57e-03  3.10e+03  5422s
 111   2.49503066e+13  2.16265185e+13  3.60e+02 3.57e-03  3.06e+03  5469s
 112   2.49417801e+13  2.16275153e+13  3.48e+02 3.57e-03  2.97e+03  5509s
 113   2.49370005e+13  2.16278204e+13  3.42e+02 3.57e-03  2.93e+03  5547s
 114   2.49322314e+13  2.16291062e+13  3.36e+02 3.57e-03  2.86e+03  5576s
 115   2.49235413e+13  2.16319508e+13  3.25e+02 3.57e-03  2.73e+03  5615s
 116   2.49151790e+13  2.16339225e+13  3.14e+02 3.57e-03  2.62e+03  5662s
 117   2.49028419e+13  2.16350006e+13  2.99e+02 3.56e-03  2.50e+03  5706s
 118   2.48952281e+13  2.16361589e+13  2.90e+02 3.56e-03  2.42e+03  5744s
 119   2.48872275e+13  2.16390089e+13  2.81e+02 3.56e-03  2.30e+03  5784s
 120   2.48787519e+13  2.16400298e+13  2.72e+02 3.56e-03  2.22e+03  5820s
 121   2.48715262e+13  2.16404952e+13  2.64e+02 3.56e-03  2.16e+03  5862s
 122   2.48624826e+13  2.16417424e+13  2.54e+02 3.56e-03  2.08e+03  5903s
 123   2.48563242e+13  2.16425464e+13  2.48e+02 3.56e-03  2.02e+03  5939s
 124   2.48480827e+13  2.16433477e+13  2.39e+02 3.56e-03  1.96e+03  5980s
 125   2.48402691e+13  2.16442721e+13  2.31e+02 3.56e-03  1.89e+03  6029s
 126   2.48314416e+13  2.16449997e+13  2.23e+02 3.56e-03  1.83e+03  6066s
 127   2.48197353e+13  2.16460593e+13  2.12e+02 3.56e-03  1.74e+03  6111s
 128   2.48094088e+13  2.16474324e+13  2.02e+02 3.56e-03  1.65e+03  6152s
 129   2.48025680e+13  2.16486742e+13  1.96e+02 3.56e-03  1.59e+03  6190s
 130   2.47938411e+13  2.16494644e+13  1.89e+02 3.56e-03  1.53e+03  6232s
 131   2.47911977e+13  2.16498512e+13  1.87e+02 3.56e-03  1.51e+03  6271s
 132   2.47863077e+13  2.16502924e+13  1.83e+02 3.56e-03  1.48e+03  6313s
 133   2.47811020e+13  2.16518087e+13  1.78e+02 3.55e-03  1.41e+03  6356s
 134   2.47681315e+13  2.16521121e+13  1.68e+02 3.55e-03  1.35e+03  6399s
 135   2.47562960e+13  2.16530950e+13  1.59e+02 3.55e-03  1.28e+03  6441s
 136   2.47498704e+13  2.16541960e+13  1.55e+02 3.55e-03  1.23e+03  6480s
 137   2.47406289e+13  2.16549243e+13  1.48e+02 3.55e-03  1.18e+03  6516s
 138   2.47294716e+13  2.16555276e+13  1.40e+02 3.55e-03  1.12e+03  6563s
 139   2.47203387e+13  2.16565088e+13  1.35e+02 3.55e-03  1.07e+03  6607s
 140   2.47123360e+13  2.16575293e+13  1.30e+02 3.55e-03  1.01e+03  6646s
 141   2.47025372e+13  2.16578363e+13  1.24e+02 3.55e-03  9.75e+02  6688s
 142   2.46967372e+13  2.16583330e+13  1.20e+02 3.55e-03  9.46e+02  6728s
 143   2.46905654e+13  2.16590956e+13  1.17e+02 3.55e-03  9.09e+02  6773s
 144   2.46796050e+13  2.16597692e+13  1.11e+02 3.55e-03  8.60e+02  6819s
 145   2.46741944e+13  2.16609276e+13  1.08e+02 3.55e-03  8.16e+02  6865s
 146   2.46628182e+13  2.16616910e+13  1.02e+02 3.55e-03  7.66e+02  6911s
 147   2.46503922e+13  2.16622862e+13  9.59e+01 3.55e-03  7.21e+02  6959s
 148   2.46443066e+13  2.16629839e+13  9.31e+01 3.54e-03  6.89e+02  6999s
 149   2.46354314e+13  2.16632076e+13  8.91e+01 3.54e-03  6.64e+02  7038s
 150   2.46219011e+13  2.16636874e+13  8.32e+01 3.54e-03  6.23e+02  7082s
 151   2.46143154e+13  2.16641374e+13  8.00e+01 3.54e-03  5.96e+02  7124s
 152   2.46033950e+13  2.16645790e+13  7.57e+01 3.54e-03  5.64e+02  7168s
 153   2.45942384e+13  2.16648877e+13  7.22e+01 3.54e-03  5.40e+02  7209s
 154   2.45849575e+13  2.16652018e+13  6.89e+01 3.54e-03  5.16e+02  7255s
 155   2.45751222e+13  2.16654971e+13  6.55e+01 3.54e-03  4.92e+02  7301s
 156   2.45667519e+13  2.16657758e+13  6.27e+01 3.54e-03  4.72e+02  7342s
 157   2.45610803e+13  2.16660289e+13  6.09e+01 3.54e-03  4.58e+02  7379s
 158   2.45545001e+13  2.16663515e+13  5.89e+01 3.54e-03  4.40e+02  7426s
 159   2.45440078e+13  2.16666620e+13  5.58e+01 3.54e-03  4.17e+02  7466s
 160   2.45386269e+13  2.16672224e+13  5.43e+01 3.54e-03  3.95e+02  7511s
 161   2.45279067e+13  2.16675612e+13  5.13e+01 3.54e-03  3.72e+02  7559s
 162   2.45193142e+13  2.16677961e+13  4.90e+01 3.54e-03  3.56e+02  7592s
 163   2.45092599e+13  2.16681707e+13  4.65e+01 3.54e-03  3.34e+02  7634s
 164   2.44991945e+13  2.16683673e+13  4.41e+01 3.54e-03  3.18e+02  7683s
 165   2.44916034e+13  2.16685493e+13  4.24e+01 3.54e-03  3.06e+02  7721s
 166   2.44855323e+13  2.16686965e+13  4.10e+01 3.54e-03  2.96e+02  7758s
 167   2.44836454e+13  2.16688136e+13  4.06e+01 3.54e-03  2.91e+02  7797s
 168   2.44730204e+13  2.16689811e+13  3.84e+01 3.54e-03  2.77e+02  7842s
 169   2.44646316e+13  2.16691914e+13  3.67e+01 3.54e-03  2.63e+02  7887s
 170   2.44568405e+13  2.16693694e+13  3.51e+01 3.54e-03  2.52e+02  7931s
 171   2.44526325e+13  2.16695119e+13  3.44e+01 3.54e-03  2.45e+02  7976s
 172   2.44403221e+13  2.16697890e+13  3.21e+01 3.54e-03  2.28e+02  8018s
 173   2.44327105e+13  2.16698984e+13  3.08e+01 3.54e-03  2.19e+02  8058s
 174   2.44235315e+13  2.16699448e+13  2.92e+01 3.54e-03  2.11e+02  8101s
 175   2.44198386e+13  2.16700416e+13  2.86e+01 3.54e-03  2.06e+02  8135s
 176   2.44113120e+13  2.16702047e+13  2.72e+01 3.54e-03  1.96e+02  8182s
 177   2.43901594e+13  2.16703198e+13  2.57e+01 3.54e-03  1.87e+02  8229s
 178   2.43813340e+13  2.16704633e+13  2.51e+01 3.54e-03  1.80e+02  8271s
 179   2.43526180e+13  2.16705647e+13  2.32e+01 3.54e-03  1.69e+02  8317s
 180   2.43334393e+13  2.16706985e+13  2.20e+01 3.54e-03  1.60e+02  8368s
 181   2.43131596e+13  2.16708183e+13  2.09e+01 3.54e-03  1.52e+02  8420s
 182   2.42949542e+13  2.16709378e+13  1.99e+01 3.54e-03  1.44e+02  8470s
 183   2.42705896e+13  2.16710276e+13  1.86e+01 3.54e-03  1.36e+02  8519s
 184   2.42535418e+13  2.16711850e+13  1.77e+01 3.54e-03  1.29e+02  8567s
 185   2.42214593e+13  2.16712470e+13  1.63e+01 3.54e-03  1.20e+02  8620s
 186   2.42015422e+13  2.16713576e+13  1.54e+01 3.54e-03  1.14e+02  8673s
 187   2.41887902e+13  2.16714323e+13  1.49e+01 3.54e-03  1.10e+02  8726s
 188   2.41745560e+13  2.16715188e+13  1.43e+01 3.54e-03  1.05e+02  8782s
 189   2.41539667e+13  2.16715894e+13  1.36e+01 3.54e-03  9.95e+01  8838s
 190   2.41446086e+13  2.16716553e+13  1.32e+01 3.54e-03  9.64e+01  8890s
 191   2.41285752e+13  2.16717240e+13  1.27e+01 3.54e-03  9.22e+01  8935s
 192   2.41158303e+13  2.16717837e+13  1.22e+01 3.54e-03  8.88e+01  8986s
 193   2.41052686e+13  2.16718303e+13  1.15e+01 3.54e-03  8.46e+01  9039s
 194   2.40962747e+13  2.16719097e+13  1.09e+01 3.54e-03  8.01e+01  9087s

Barrier solved model in 194 iterations and 9087.23 seconds (5715.09 work units)
Optimal objective 2.40962747e+13

