
Gurobi 13.0.0 (linux64) logging started Thu Jan 22 14:46:09 2026

Set parameter LogFile to value "/cluster/work/cpesm/acott/pypsa-eur/results/eu-overnight/elec_trans_heat_industry_sectors_EU_2050_4h/logs/base_s_40___2050_solver.log"
Gurobi Optimizer version 13.0.0 build v13.0.0rc1 (linux64 - "Ubuntu 22.04.5 LTS")

CPU model: AMD EPYC 7H12 64-Core Processor, instruction set [SSE2|AVX|AVX2]
Thread count: 128 physical cores, 128 logical processors, using up to 32 threads

Non-default parameters:
Method  2
BarConvTol  1e-05
Crossover  0
AggFill  0
PreDual  0
Seed  123
Threads  32
GURO_PAR_BARDENSETHRESH  200

Optimize a model with 12706745 rows, 6236775 columns and 28812000 nonzeros (Min)
Model fingerprint: 0xb3998df6
Model has 5266330 linear objective coefficients
Coefficient statistics:
  Matrix range     [2e-03, 5e+02]
  Objective range  [4e-02, 8e+05]
  Bounds range     [9e-02, 2e+11]
  RHS range        [4e-01, 1e+09]
Warning: Model contains large rhs
Warning: Model contains large bounds
         Consider reformulating model or setting NumericFocus parameter
         to avoid numerical issues.
Presolve removed 6674308 rows and 1054910 columns (presolve time = 5s)...
Presolve removed 7227304 rows and 1607906 columns (presolve time = 10s)...
Presolve removed 7400297 rows and 1607907 columns (presolve time = 15s)...
Presolve removed 7400301 rows and 1608011 columns (presolve time = 21s)...
Presolve removed 7400301 rows and 1608011 columns
Presolve time: 21.36s
Presolved: 5306444 rows, 4628764 columns, 19377056 nonzeros
Elapsed ordering time = 5s
Elapsed ordering time = 10s
Elapsed ordering time = 60s
Elapsed ordering time = 74s
Elapsed ordering time = 87s
Elapsed ordering time = 93s
Elapsed ordering time = 96s
Elapsed ordering time = 104s
Elapsed ordering time = 111s
Elapsed ordering time = 117s
Elapsed ordering time = 122s
Elapsed ordering time = 127s
Elapsed ordering time = 130s
Elapsed ordering time = 136s
Elapsed ordering time = 140s
Elapsed ordering time = 146s
Elapsed ordering time = 151s
Elapsed ordering time = 156s
Elapsed ordering time = 161s
Elapsed ordering time = 165s
Elapsed ordering time = 170s
Elapsed ordering time = 175s
Elapsed ordering time = 180s
Elapsed ordering time = 185s
Elapsed ordering time = 190s
Elapsed ordering time = 195s
Elapsed ordering time = 200s
Elapsed ordering time = 205s
Elapsed ordering time = 210s
Elapsed ordering time = 215s
Elapsed ordering time = 220s
Elapsed ordering time = 225s
Elapsed ordering time = 230s
Elapsed ordering time = 235s
Elapsed ordering time = 240s
Elapsed ordering time = 245s
Elapsed ordering time = 250s
Ordering time: 267.32s

Barrier statistics:
 Dense cols : 1485
 AA' NZ     : 2.358e+07
 Factor NZ  : 3.446e+08 (roughly 7.0 GB of memory)
 Factor Ops : 5.358e+11 (roughly 3 seconds per iteration)
 Threads    : 32

                  Objective                Residual
Iter       Primal          Dual         Primal    Dual     Compl     Time
   0   1.24159838e+19 -3.06298752e+17  1.59e+13 3.59e+00  5.81e+13   311s
   1   1.05275576e+19 -3.09418653e+17  1.34e+13 1.24e+05  3.78e+13   320s
   2   9.27706664e+18 -2.98867357e+17  1.17e+13 8.21e+04  2.86e+13   331s
   3   6.89487330e+18 -2.91809470e+17  7.72e+12 6.43e+04  2.02e+13   343s
   4   5.24064389e+18 -2.50015920e+17  5.16e+12 2.50e+04  1.19e+13   354s
   5   3.70205603e+18 -2.13704861e+17  3.06e+12 1.73e+05  6.51e+12   369s
   6   1.61214643e+18 -1.73039016e+17  9.85e+11 5.33e+05  2.13e+12   381s
   7   7.29679781e+17 -1.25583036e+17  3.97e+11 6.38e+05  8.53e+11   391s
   8   3.08084058e+17 -9.24840208e+16  1.43e+11 1.10e+06  3.07e+11   400s
   9   1.12782490e+17 -6.62101463e+16  4.56e+10 9.25e+05  1.01e+11   409s
  10   5.50358090e+16 -5.56761603e+16  2.01e+10 8.69e+05  4.68e+10   418s
  11   3.51821839e+16 -4.53410856e+16  1.18e+10 7.95e+05  2.81e+10   428s
  12   1.99734802e+16 -2.79042344e+16  5.99e+09 6.16e+04  1.35e+10   443s
  13   6.27544838e+15 -1.50517877e+16  1.19e+09 1.68e+04  3.61e+09   455s
  14   1.78289937e+15 -1.00753946e+16  2.85e+08 9.76e+03  1.49e+09   465s
  15   8.91404273e+14 -6.73821903e+15  1.16e+08 6.19e+03  8.67e+08   476s
  16   5.44308883e+14 -5.05295700e+15  4.76e+07 4.54e+03  5.96e+08   487s
  17   2.97436925e+14 -3.72611010e+15  1.58e+07 3.38e+03  4.12e+08   499s
  18   1.46424973e+14 -1.04423452e+15  5.02e+06 8.40e+02  1.20e+08   513s
  19   1.04368786e+14 -9.32369701e+14  3.62e+06 7.51e+02  1.04e+08   527s
  20   7.47444273e+13 -3.55668758e+14  2.50e+06 2.77e+02  4.33e+07   538s
  21   4.88911999e+13 -2.15496588e+14  1.51e+06 1.66e+02  2.65e+07   550s
  22   3.23586518e+13 -8.84634800e+13  9.22e+05 6.38e+01  1.21e+07   563s
  23   2.63519278e+13 -7.56055018e+13  7.20e+05 5.48e+01  1.02e+07   576s
  24   1.59201724e+13 -3.86604273e+13  3.92e+05 2.71e+01  5.45e+06   588s
  25   1.43979616e+13 -3.54023489e+13  3.50e+05 2.49e+01  4.97e+06   602s
  26   1.11637309e+13 -3.29627054e+13  2.62e+05 2.32e+01  4.41e+06   615s
  27   9.67303978e+12 -2.32422892e+13  2.21e+05 1.69e+01  3.29e+06   631s
  28   7.82080822e+12 -1.68012907e+13  1.66e+05 1.25e+01  2.46e+06   650s
  29   6.66551011e+12 -1.24323491e+13  1.36e+05 9.43e+00  1.90e+06   668s
  30   5.70868809e+12 -1.05305379e+13  1.13e+05 8.16e+00  1.62e+06   686s
  31   5.05981858e+12 -8.60117801e+12  9.75e+04 6.79e+00  1.36e+06   707s
  32   4.49566815e+12 -7.21374845e+12  8.37e+04 5.85e+00  1.17e+06   727s
  33   3.78959817e+12 -5.50735230e+12  6.61e+04 4.61e+00  9.27e+05   744s
  34   3.33839465e+12 -4.46358860e+12  5.56e+04 3.86e+00  7.78e+05   762s
  35   2.91682968e+12 -3.49657976e+12  4.59e+04 3.15e+00  6.39e+05   782s
  36   2.58058226e+12 -2.45285626e+12  3.87e+04 2.41e+00  5.02e+05   800s
  37   2.31339352e+12 -1.85309316e+12  3.30e+04 1.97e+00  4.15e+05   818s
  38   2.11614621e+12 -1.10192095e+12  2.89e+04 1.38e+00  3.21e+05   837s
  39   1.81732915e+12 -8.10883536e+11  2.28e+04 1.16e+00  2.62e+05   856s
  40   1.65709437e+12 -5.33790638e+11  1.96e+04 9.40e-01  2.18e+05   876s
  41   1.51680756e+12 -2.96608474e+11  1.68e+04 7.58e-01  1.81e+05   894s
  42   1.40679406e+12 -2.16410940e+11  1.46e+04 6.87e-01  1.62e+05   910s
  43   1.25625100e+12 -9.91000955e+10  1.17e+04 5.84e-01  1.35e+05   927s
  44   1.17838305e+12 -1.36293331e+10  1.02e+04 5.15e-01  1.19e+05   946s
  45   1.08688048e+12  9.02715805e+10  8.54e+03 4.29e-01  9.93e+04   963s
  46   1.03247079e+12  1.55586787e+11  7.53e+03 3.76e-01  8.73e+04   978s
  47   1.01194787e+12  1.85650986e+11  7.16e+03 3.51e-01  8.23e+04   996s
  48   9.76976718e+11  2.33330450e+11  6.53e+03 3.11e-01  7.41e+04  1016s
  49   9.33726713e+11  2.69168092e+11  5.75e+03 2.81e-01  6.62e+04  1034s
  50   9.16364651e+11  2.82580120e+11  5.44e+03 2.70e-01  6.31e+04  1045s
  51   8.77682497e+11  3.07291823e+11  4.76e+03 2.49e-01  5.68e+04  1063s
  52   8.36757895e+11  3.44218615e+11  4.04e+03 2.17e-01  4.91e+04  1078s
  53   8.29341582e+11  3.60866783e+11  3.92e+03 2.03e-01  4.67e+04  1097s
  54   8.08358852e+11  3.86589842e+11  3.56e+03 1.82e-01  4.20e+04  1113s
  55   7.79270052e+11  4.00538865e+11  3.06e+03 1.69e-01  3.77e+04  1132s
  56   7.72365875e+11  4.05318666e+11  2.94e+03 1.65e-01  3.66e+04  1148s
  57   7.55336059e+11  4.24459309e+11  2.66e+03 1.48e-01  3.30e+04  1169s
  58   7.42502156e+11  4.41288630e+11  2.44e+03 1.34e-01  3.00e+04  1187s
  59   7.30985266e+11  4.56892434e+11  2.25e+03 1.20e-01  2.73e+04  1204s
  60   7.20085380e+11  4.75395989e+11  2.06e+03 1.04e-01  2.44e+04  1221s
  61   7.15014220e+11  4.85975318e+11  1.98e+03 9.53e-02  2.28e+04  1240s
  62   6.98842756e+11  4.92904695e+11  1.71e+03 8.92e-02  2.05e+04  1258s
  63   6.88745747e+11  5.00680347e+11  1.54e+03 8.25e-02  1.87e+04  1276s
  64   6.82505307e+11  5.11605203e+11  1.43e+03 7.32e-02  1.70e+04  1294s
  65   6.76361556e+11  5.19439465e+11  1.33e+03 6.65e-02  1.56e+04  1314s
  66   6.67122376e+11  5.26218028e+11  1.17e+03 6.07e-02  1.40e+04  1333s
  67   6.60102192e+11  5.31764053e+11  1.06e+03 5.60e-02  1.28e+04  1350s
  68   6.55900924e+11  5.36741919e+11  9.90e+02 5.17e-02  1.19e+04  1368s
  69   6.51972104e+11  5.39628981e+11  9.24e+02 4.91e-02  1.12e+04  1389s
  70   6.49103020e+11  5.41672613e+11  8.76e+02 4.74e-02  1.07e+04  1409s
  71   6.45583419e+11  5.45738421e+11  8.17e+02 4.39e-02  9.94e+03  1428s
  72   6.42409713e+11  5.47014774e+11  7.63e+02 4.28e-02  9.50e+03  1447s
  73   6.38934860e+11  5.51173887e+11  7.05e+02 3.93e-02  8.74e+03  1467s
  74   6.37708678e+11  5.52592794e+11  6.84e+02 3.81e-02  8.48e+03  1481s
  75   6.35997687e+11  5.55524819e+11  6.55e+02 3.56e-02  8.01e+03  1499s
  76   6.34938314e+11  5.58940534e+11  6.37e+02 3.27e-02  7.57e+03  1518s
  77   6.30401330e+11  5.61411112e+11  5.60e+02 3.06e-02  6.87e+03  1536s
  78   6.26331886e+11  5.64574534e+11  4.90e+02 2.80e-02  6.15e+03  1556s
  79   6.23703280e+11  5.67383372e+11  4.44e+02 2.56e-02  5.61e+03  1576s
  80   6.21546861e+11  5.71446255e+11  4.06e+02 2.22e-02  4.99e+03  1596s
  81   6.20592447e+11  5.73759579e+11  3.89e+02 2.02e-02  4.66e+03  1614s
  82   6.20040303e+11  5.74890739e+11  3.80e+02 1.92e-02  4.50e+03  1632s
  83   6.17978938e+11  5.77158722e+11  3.44e+02 1.74e-02  4.07e+03  1652s
  84   6.16866260e+11  5.77824543e+11  3.25e+02 1.68e-02  3.89e+03  1666s
  85   6.14929468e+11  5.78724427e+11  2.91e+02 1.60e-02  3.61e+03  1686s
  86   6.13547037e+11  5.81000151e+11  2.68e+02 1.42e-02  3.24e+03  1705s
  87   6.13041118e+11  5.81246438e+11  2.58e+02 1.40e-02  3.17e+03  1719s
  88   6.12000974e+11  5.82264975e+11  2.41e+02 1.31e-02  2.96e+03  1737s
  89   6.11003024e+11  5.83476588e+11  2.23e+02 1.21e-02  2.74e+03  1755s
  90   6.10338423e+11  5.84213672e+11  2.11e+02 1.16e-02  2.60e+03  1773s
  91   6.09631970e+11  5.84958976e+11  1.99e+02 1.09e-02  2.46e+03  1793s
  92   6.09024213e+11  5.85788840e+11  1.88e+02 1.03e-02  2.31e+03  1811s
  93   6.08254308e+11  5.86670903e+11  1.74e+02 9.56e-03  2.15e+03  1831s
  94   6.07546549e+11  5.87858955e+11  1.62e+02 8.59e-03  1.96e+03  1850s
  95   6.07003580e+11  5.88749652e+11  1.52e+02 7.87e-03  1.82e+03  1869s
  96   6.06296815e+11  5.89343955e+11  1.39e+02 7.38e-03  1.69e+03  1889s
  97   6.06066116e+11  5.89708556e+11  1.35e+02 7.09e-03  1.63e+03  1906s
  98   6.05289328e+11  5.90662454e+11  1.21e+02 6.31e-03  1.46e+03  1927s
  99   6.05056659e+11  5.91070522e+11  1.17e+02 5.97e-03  1.39e+03  1948s
 100   6.04551006e+11  5.91954066e+11  1.08e+02 5.25e-03  1.25e+03  1962s
 101   6.04092516e+11  5.92516710e+11  1.00e+02 4.79e-03  1.15e+03  1981s
 102   6.03647469e+11  5.92959066e+11  9.24e+01 4.43e-03  1.06e+03  1997s
 103   6.03184760e+11  5.93468519e+11  8.42e+01 4.02e-03  9.68e+02  2014s
 104   6.02821539e+11  5.93688975e+11  7.77e+01 3.84e-03  9.10e+02  2032s
 105   6.02374330e+11  5.94085230e+11  6.97e+01 3.53e-03  8.26e+02  2051s
 106   6.02005388e+11  5.94480140e+11  6.30e+01 3.21e-03  7.49e+02  2070s
 107   6.01893066e+11  5.94735349e+11  6.10e+01 3.01e-03  7.13e+02  2091s
 108   6.01700649e+11  5.94983453e+11  5.75e+01 2.81e-03  6.69e+02  2112s
 109   6.01622948e+11  5.95087654e+11  5.61e+01 2.72e-03  6.51e+02  2127s
 110   6.01444680e+11  5.95288269e+11  5.29e+01 2.56e-03  6.13e+02  2146s
 111   6.01341286e+11  5.95470617e+11  5.11e+01 2.41e-03  5.85e+02  2163s

Barrier solved model in 111 iterations and 2163.27 seconds (680.66 work units)
Optimal objective 6.01341286e+11

