MEM 863.011719 1769089455.2208
MEM 863.605469 1769089455.2665
MEM 4185.636719 1769089485.3376
MEM 4173.925781 1769089515.4138
MEM 4371.730469 1769089545.4883
MEM 8933.031250 1769089575.5644
MEM 7868.867188 1769089605.6398
MEM 30910.144531 1769089635.7039
MEM 28816.667969 1769089665.8135
MEM 29554.031250 1769089696.0260
MEM 29389.144531 1769089726.2467
MEM 29244.722656 1769089756.3931
MEM 31894.707031 1769089786.5634
MEM 35130.332031 1769089816.7784
MEM 30229.785156 1769089846.8692
MEM 28638.250000 1769089876.9602
MEM 29951.609375 1769089907.0302
MEM 29952.613281 1769089937.1720
MEM 29954.535156 1769089967.2812
MEM 29956.593750 1769089997.3959
MEM 29960.902344 1769090027.5042
MEM 29962.039062 1769090057.6012
MEM 29963.320312 1769090087.7070
MEM 29963.835938 1769090117.8057
MEM 29965.710938 1769090147.8891
MEM 29965.968750 1769090177.9955
MEM 29966.742188 1769090208.0893
MEM 29967.257812 1769090238.1927
MEM 29967.257812 1769090268.3653
MEM 29968.289062 1769090298.4638
MEM 29968.289062 1769090328.5287
MEM 29968.289062 1769090358.6444
MEM 29969.835938 1769090388.7536
MEM 29970.351562 1769090418.8659
MEM 29970.867188 1769090448.9828
MEM 29971.640625 1769090479.0953
MEM 29972.156250 1769090509.2045
MEM 29972.414062 1769090539.3130
MEM 29972.929688 1769090569.4405
MEM 29973.187500 1769090599.5724
MEM 29973.703125 1769090629.6870
MEM 29973.960938 1769090659.7976
MEM 29973.960938 1769090689.8829
MEM 29973.960938 1769090719.9883
MEM 29973.960938 1769090750.0659
MEM 29973.960938 1769090780.1762
MEM 29973.960938 1769090810.2542
MEM 29973.960938 1769090840.3460
MEM 29973.960938 1769090870.4364
MEM 29974.218750 1769090900.5151
MEM 29974.476562 1769090930.5758
MEM 29974.992188 1769090960.6747
MEM 29974.992188 1769090990.7753
MEM 29975.250000 1769091020.8923
MEM 29975.507812 1769091051.0283
MEM 29975.507812 1769091081.0948
MEM 29975.507812 1769091111.1918
MEM 29976.007812 1769091141.2803
MEM 29976.265625 1769091171.3635
MEM 29976.265625 1769091201.4762
MEM 29976.265625 1769091231.6106
MEM 29976.265625 1769091261.7045
MEM 29976.265625 1769091291.8083
MEM 29976.523438 1769091321.9124
MEM 29977.039062 1769091352.0271
MEM 29977.039062 1769091382.1413
MEM 29977.039062 1769091412.2977
MEM 29977.039062 1769091442.3891
MEM 29977.039062 1769091472.5584
MEM 29977.269531 1769091502.6700
MEM 29977.527344 1769091532.8416
MEM 29977.527344 1769091562.9477
MEM 29977.527344 1769091593.0449
MEM 29977.785156 1769091623.1495
MEM 29977.785156 1769091653.2770
MEM 29978.042969 1769091683.4304
MEM 29978.042969 1769091713.5432
MEM 7266.253906 1769091743.6234
MEM 10899.250000 1769091773.6950
MEM 11908.488281 1769091803.7654
MEM 10364.492188 1769091822.9139
