MEM 1014.828125 1769181076.1608
MEM 1015.296875 1769181076.2237
MEM 7439.011719 1769181106.2972
MEM 7470.707031 1769181136.3753
MEM 7255.226562 1769181166.4492
MEM 7254.554688 1769181196.5229
MEM 7206.894531 1769181226.5964
MEM 10677.492188 1769181256.6405
MEM 17541.437500 1769181286.7149
MEM 13759.171875 1769181316.7899
MEM 36532.230469 1769181346.9329
MEM 56459.832031 1769181377.0743
MEM 47072.359375 1769181407.1689
MEM 48160.109375 1769181437.2707
MEM 46381.398438 1769181467.3726
MEM 45903.562500 1769181497.4890
MEM 45875.937500 1769181527.5965
MEM 55603.117188 1769181557.6788
MEM 59877.308594 1769181587.7821
MEM 58771.117188 1769181617.8737
MEM 36711.691406 1769181647.9517
MEM 41012.621094 1769181678.0993
MEM 42189.835938 1769181708.1692
MEM 42191.785156 1769181738.2937
MEM 42193.347656 1769181768.4320
MEM 42195.218750 1769181798.5606
MEM 42274.812500 1769181828.6689
MEM 42275.832031 1769181858.7776
MEM 42277.089844 1769181888.9180
MEM 42278.105469 1769181919.0978
MEM 42278.875000 1769181949.2534
MEM 42279.648438 1769181979.3828
MEM 42280.156250 1769182009.4882
MEM 42280.929688 1769182039.6183
MEM 42281.187500 1769182069.7343
MEM 42281.945312 1769182099.8308
MEM 42282.195312 1769182129.9938
MEM 42282.710938 1769182160.0880
MEM 42283.484375 1769182190.2390
MEM 42283.742188 1769182220.4070
MEM 42283.742188 1769182250.5696
MEM 42283.742188 1769182280.6777
MEM 42284.257812 1769182310.8129
MEM 42284.773438 1769182340.9614
MEM 42284.773438 1769182371.0290
MEM 42285.265625 1769182401.1748
MEM 42285.523438 1769182431.3414
MEM 42285.523438 1769182461.4751
MEM 42286.039062 1769182491.6175
MEM 42286.039062 1769182521.7395
MEM 42286.039062 1769182551.8060
MEM 42286.554688 1769182581.9359
MEM 42286.554688 1769182612.0904
MEM 42287.070312 1769182642.2120
MEM 42287.328125 1769182672.3474
MEM 42287.585938 1769182702.4672
MEM 42287.843750 1769182732.6005
MEM 42288.101562 1769182762.6810
MEM 42288.359375 1769182792.8169
MEM 42288.617188 1769182822.9533
MEM 42289.132812 1769182853.0339
MEM 42289.390625 1769182883.1708
MEM 42289.390625 1769182913.3108
MEM 42289.390625 1769182943.4640
MEM 42289.390625 1769182973.6074
MEM 42289.648438 1769183003.7028
MEM 42289.906250 1769183033.7786
MEM 42289.906250 1769183063.8723
MEM 42290.164062 1769183094.0157
MEM 42290.164062 1769183124.1179
MEM 42290.421875 1769183154.2431
MEM 42290.421875 1769183184.3287
MEM 42290.421875 1769183214.4949
MEM 42290.421875 1769183244.6012
MEM 42290.421875 1769183274.7262
MEM 42290.421875 1769183304.8845
MEM 42290.937500 1769183334.9524
MEM 42290.937500 1769183365.0438
MEM 42290.937500 1769183395.1305
MEM 42290.937500 1769183425.2347
MEM 42290.937500 1769183455.3615
MEM 42290.937500 1769183485.5672
MEM 42291.195312 1769183515.6982
MEM 42291.195312 1769183545.7804
MEM 42291.195312 1769183575.8591
MEM 42290.019531 1769183605.9864
MEM 42290.019531 1769183636.1395
MEM 42290.019531 1769183666.2209
MEM 42290.019531 1769183696.3317
MEM 42290.019531 1769183726.4048
MEM 42290.019531 1769183756.5286
MEM 42290.019531 1769183786.6638
MEM 42290.277344 1769183816.8028
MEM 42290.277344 1769183846.8827
MEM 42290.277344 1769183877.0383
MEM 18394.531250 1769183907.1106
MEM 21755.308594 1769183937.1843
MEM 22794.675781 1769183967.2565
MEM 24595.265625 1769183997.3310
MEM 20733.035156 1769184018.3340
