
Gurobi 13.0.0 (linux64) logging started Fri Jan 23 16:14:29 2026

Set parameter LogFile to value "/cluster/work/cpesm/acott/pypsa-eur/results/eu-overnight/elec_trans_heat_industry_sectors_no_biofuels_v2g_EU_2050_2h/logs/base_s_40___2050_solver.log"
Gurobi Optimizer version 13.0.0 build v13.0.0rc1 (linux64 - "Ubuntu 22.04.5 LTS")

CPU model: AMD EPYC 7763 64-Core Processor, instruction set [SSE2|AVX|AVX2]
Thread count: 128 physical cores, 128 logical processors, using up to 32 threads

Non-default parameters:
Method  2
BarConvTol  1e-05
Crossover  0
AggFill  0
PreDual  0
Seed  123
Threads  32
GURO_PAR_BARDENSETHRESH  200

Optimize a model with 24342053 rows, 11937183 columns and 53292392 nonzeros (Min)
Model fingerprint: 0x0916a0d1
Model has 9996568 linear objective coefficients
Coefficient statistics:
  Matrix range     [2e-03, 5e+02]
  Objective range  [2e-02, 8e+05]
  Bounds range     [9e-02, 2e+11]
  RHS range        [2e-01, 1e+09]
Warning: Model contains large rhs
Warning: Model contains large bounds
         Consider reformulating model or setting NumericFocus parameter
         to avoid numerical issues.
Presolve removed 13231987 rows and 2147688 columns (presolve time = 6s)...
Presolve removed 13231987 rows and 2147688 columns (presolve time = 11s)...
Presolve removed 14347933 rows and 3263634 columns (presolve time = 18s)...
Presolve removed 14347933 rows and 3263634 columns (presolve time = 20s)...
Presolve removed 14347933 rows and 3263634 columns (presolve time = 27s)...
Presolve removed 14685253 rows and 3282621 columns (presolve time = 31s)...
Presolve removed 14685253 rows and 3282621 columns (presolve time = 36s)...
Presolve removed 14687107 rows and 3282621 columns
Presolve time: 39.91s
Presolved: 9654946 rows, 8654562 columns, 34460368 nonzeros
Elapsed ordering time = 7s
Elapsed ordering time = 10s
Elapsed ordering time = 15s
Elapsed ordering time = 20s
Elapsed ordering time = 72s
Elapsed ordering time = 94s
Elapsed ordering time = 102s
Elapsed ordering time = 107s
Elapsed ordering time = 115s
Elapsed ordering time = 126s
Elapsed ordering time = 136s
Elapsed ordering time = 140s
Elapsed ordering time = 145s
Elapsed ordering time = 152s
Elapsed ordering time = 156s
Elapsed ordering time = 160s
Elapsed ordering time = 166s
Elapsed ordering time = 171s
Elapsed ordering time = 176s
Elapsed ordering time = 181s
Elapsed ordering time = 185s
Elapsed ordering time = 190s
Elapsed ordering time = 195s
Elapsed ordering time = 200s
Elapsed ordering time = 205s
Elapsed ordering time = 210s
Elapsed ordering time = 218s
Elapsed ordering time = 220s
Elapsed ordering time = 225s
Elapsed ordering time = 230s
Elapsed ordering time = 235s
Elapsed ordering time = 240s
Elapsed ordering time = 245s
Elapsed ordering time = 250s
Elapsed ordering time = 255s
Elapsed ordering time = 260s
Elapsed ordering time = 265s
Elapsed ordering time = 270s
Elapsed ordering time = 275s
Ordering time: 339.39s

Barrier statistics:
 Dense cols : 1337
 AA' NZ     : 4.199e+07
 Factor NZ  : 6.958e+08 (roughly 13.0 GB of memory)
 Factor Ops : 1.126e+12 (roughly 5 seconds per iteration)
 Threads    : 32

                  Objective                Residual
Iter       Primal          Dual         Primal    Dual     Compl     Time
   0   3.06419280e+19 -8.31776381e+17  1.19e+14 1.80e+00  9.36e+13   408s
   1   2.64796155e+19 -8.12073044e+17  1.02e+14 8.10e+04  5.90e+13   417s
   2   2.31184698e+19 -7.82920346e+17  8.92e+13 5.06e+04  4.67e+13   428s
   3   1.64530597e+19 -7.34435246e+17  6.33e+13 2.20e+04  3.07e+13   442s
   4   1.13980314e+19 -6.39120690e+17  4.26e+13 2.04e+06  1.88e+13   453s
   5   7.72364373e+18 -5.67938793e+17  2.64e+13 3.76e+05  1.17e+13   465s
   6   4.19381677e+18 -5.18543715e+17  1.18e+13 1.01e+06  5.38e+12   475s
   7   3.20173419e+18 -4.27939445e+17  8.15e+12 5.34e+05  3.66e+12   484s
   8   2.12311486e+18 -3.41761527e+17  4.84e+12 7.78e+05  2.18e+12   492s
   9   9.64524306e+17 -2.76350225e+17  1.84e+12 7.90e+05  8.41e+11   501s
  10   4.09559661e+17 -1.98354201e+17  6.63e+11 7.33e+05  3.09e+11   510s
  11   1.06533387e+17 -1.31576917e+17  1.40e+11 2.01e+06  7.00e+10   522s
  12   8.89504184e+16 -1.19266245e+17  1.15e+11 1.90e+06  5.73e+10   533s
  13   4.96887727e+16 -9.50025501e+16  5.73e+10 3.47e+06  3.00e+10   544s
  14   3.53620731e+16 -7.73533073e+16  3.68e+10 2.68e+06  1.97e+10   552s
  15   2.70948536e+16 -5.89985360e+16  2.63e+10 1.68e+06  1.38e+10   567s
  16   1.31116308e+16 -3.56479948e+16  8.74e+09 5.39e+05  5.29e+09   582s
  17   4.90785787e+15 -1.26804721e+16  2.48e+09 6.74e+04  1.50e+09   596s
  18   1.23134460e+15 -7.21436811e+15  4.24e+08 3.23e+04  5.31e+08   609s
  19   5.77126315e+14 -4.15000868e+15  1.19e+08 1.75e+04  2.70e+08   621s
  20   2.68170532e+14 -2.55109389e+15  2.29e+07 1.05e+04  1.53e+08   634s
  21   1.89239516e+14 -1.89035464e+15  1.10e+07 7.68e+03  1.12e+08   648s
  22   1.23620658e+14 -2.96859911e+14  5.04e+06 6.88e+02  2.27e+07   661s
  23   7.78037993e+13 -1.35413215e+14  2.44e+06 3.20e+02  1.15e+07   677s
  24   6.00542676e+13 -3.89481814e+13  1.58e+06 1.15e+02  5.32e+06   692s
  25   4.76034781e+13 -2.85458365e+13  1.04e+06 9.59e+01  4.09e+06   706s
  26   3.98913336e+13 -1.06329263e+13  6.99e+05 6.05e+01  2.71e+06   717s
  27   3.35400713e+13  4.15976762e+11  4.30e+05 3.92e+01  1.77e+06   732s
  28   3.29967226e+13  2.14714439e+12  4.09e+05 3.58e+01  1.65e+06   744s
  29   3.21248204e+13  8.76646495e+12  3.75e+05 2.43e+01  1.25e+06   757s
  30   3.07542831e+13  9.98548714e+12  3.25e+05 2.20e+01  1.11e+06   772s
  31   2.98366167e+13  1.15872972e+13  2.90e+05 1.89e+01  9.77e+05   789s
  32   2.81342361e+13  1.24745953e+13  2.30e+05 1.72e+01  8.38e+05   809s
  33   2.74115546e+13  1.36353512e+13  2.02e+05 1.50e+01  7.38e+05   823s
  34   2.64579039e+13  1.57114215e+13  1.68e+05 1.12e+01  5.75e+05   841s
  35   2.59098059e+13  1.69099726e+13  1.47e+05 9.01e+00  4.82e+05   858s
  36   2.56826782e+13  1.75600629e+13  1.39e+05 7.80e+00  4.35e+05   876s
  37   2.51979381e+13  1.84548230e+13  1.23e+05 6.07e+00  3.61e+05   895s
  38   2.47078080e+13  1.90831125e+13  1.05e+05 4.90e+00  3.01e+05   912s
  39   2.43857903e+13  1.96700231e+13  9.42e+04 3.80e+00  2.52e+05   930s
  40   2.41340117e+13  1.98539276e+13  8.55e+04 3.43e+00  2.29e+05   949s
  41   2.38263184e+13  2.01551619e+13  7.47e+04 2.84e+00  1.96e+05   966s
  42   2.37015444e+13  2.02927838e+13  7.04e+04 2.51e+00  1.82e+05   982s
  43   2.32690640e+13  2.06614427e+13  5.55e+04 1.80e+00  1.39e+05  1000s
  44   2.30261211e+13  2.07510085e+13  4.71e+04 1.62e+00  1.22e+05  1014s
  45   2.28572944e+13  2.08388532e+13  4.16e+04 1.46e+00  1.08e+05  1031s
  46   2.27630551e+13  2.09121008e+13  3.84e+04 1.32e+00  9.89e+04  1050s
  47   2.26726605e+13  2.10145449e+13  3.54e+04 1.13e+00  8.86e+04  1068s
  48   2.25667815e+13  2.10776714e+13  3.19e+04 1.01e+00  7.95e+04  1089s
  49   2.24727013e+13  2.11306368e+13  2.88e+04 8.99e-01  7.16e+04  1109s
  50   2.23932618e+13  2.11727158e+13  2.62e+04 7.82e-01  6.52e+04  1126s
  51   2.23225633e+13  2.11994368e+13  2.38e+04 6.88e-01  5.99e+04  1144s
  52   2.23000384e+13  2.12418408e+13  2.30e+04 5.48e-01  5.65e+04  1160s
  53   2.21641562e+13  2.12936526e+13  1.84e+04 3.77e-01  4.64e+04  1176s
  54   2.20927914e+13  2.13395549e+13  1.60e+04 2.21e-01  4.02e+04  1195s
  55   2.20558827e+13  2.13639805e+13  1.47e+04 1.31e-01  3.69e+04  1212s
  56   2.20510015e+13  2.13772873e+13  1.46e+04 8.39e-02  3.59e+04  1229s
  57   2.20101029e+13  2.13917627e+13  1.31e+04 7.57e-02  3.30e+04  1248s
  58   2.20035459e+13  2.14007655e+13  1.29e+04 7.28e-02  3.21e+04  1267s
  59   2.19865494e+13  2.14135592e+13  1.23e+04 6.88e-02  3.05e+04  1283s
  60   2.19515065e+13  2.14352418e+13  1.11e+04 6.23e-02  2.75e+04  1302s
  61   2.19450733e+13  2.14423836e+13  1.08e+04 6.00e-02  2.68e+04  1319s
  62   2.19322421e+13  2.14553309e+13  1.04e+04 5.60e-02  2.54e+04  1334s
  63   2.19017459e+13  2.14671538e+13  9.30e+03 5.24e-02  2.32e+04  1353s
  64   2.18823060e+13  2.14813100e+13  8.62e+03 4.82e-02  2.14e+04  1372s
  65   2.18760954e+13  2.14868587e+13  8.39e+03 4.65e-02  2.07e+04  1389s
  66   2.18678262e+13  2.15030778e+13  8.09e+03 4.16e-02  1.94e+04  1408s
  67   2.18570293e+13  2.15178652e+13  7.71e+03 3.71e-02  1.81e+04  1425s
  68   2.18433586e+13  2.15242210e+13  7.23e+03 3.52e-02  1.70e+04  1444s
  69   2.18329757e+13  2.15258229e+13  6.85e+03 3.47e-02  1.64e+04  1459s
  70   2.18176009e+13  2.15392463e+13  6.31e+03 3.06e-02  1.48e+04  1477s
  71   2.18085651e+13  2.15452212e+13  6.00e+03 2.88e-02  1.40e+04  1498s
  72   2.17987182e+13  2.15518496e+13  5.66e+03 2.68e-02  1.32e+04  1517s
  73   2.17901489e+13  2.15549154e+13  5.36e+03 2.58e-02  1.25e+04  1532s
  74   2.17811612e+13  2.15625197e+13  5.04e+03 2.35e-02  1.17e+04  1551s
  75   2.17738048e+13  2.15672513e+13  4.78e+03 2.21e-02  1.10e+04  1571s
  76   2.17652219e+13  2.15706529e+13  4.48e+03 2.11e-02  1.04e+04  1590s
  77   2.17625120e+13  2.15727122e+13  4.38e+03 2.05e-02  1.01e+04  1605s
  78   2.17584999e+13  2.15753131e+13  4.23e+03 1.97e-02  9.78e+03  1620s
  79   2.17558005e+13  2.15775190e+13  4.13e+03 1.91e-02  9.52e+03  1638s
  80   2.17522618e+13  2.15790515e+13  4.01e+03 1.86e-02  9.25e+03  1656s
  81   2.17474627e+13  2.15835208e+13  3.84e+03 1.73e-02  8.76e+03  1672s
  82   2.17428582e+13  2.15844767e+13  3.68e+03 1.70e-02  8.46e+03  1688s
  83   2.17367500e+13  2.15854869e+13  3.46e+03 1.67e-02  8.09e+03  1707s
  84   2.17345591e+13  2.15867075e+13  3.38e+03 1.64e-02  7.90e+03  1724s
  85   2.17335009e+13  2.15870345e+13  3.34e+03 1.63e-02  7.83e+03  1738s
  86   2.17302772e+13  2.15883976e+13  3.23e+03 1.59e-02  7.59e+03  1756s
  87   2.17279573e+13  2.15903151e+13  3.14e+03 4.76e-04  7.36e+03  1776s
  88   2.17260466e+13  2.15921363e+13  3.07e+03 4.60e-04  7.16e+03  1792s
  89   2.17242663e+13  2.15939318e+13  3.01e+03 4.44e-04  6.97e+03  1810s
  90   2.17228497e+13  2.15953982e+13  2.95e+03 4.31e-04  6.82e+03  1828s
  91   2.17201608e+13  2.15964949e+13  2.86e+03 4.21e-04  6.62e+03  1848s
  92   2.17188002e+13  2.15970024e+13  2.80e+03 4.17e-04  6.52e+03  1863s
  93   2.17163417e+13  2.15980205e+13  2.71e+03 4.08e-04  6.33e+03  1880s
  94   2.17152680e+13  2.15987687e+13  2.67e+03 4.01e-04  6.23e+03  1898s
  95   2.17128738e+13  2.15997480e+13  2.58e+03 3.93e-04  6.05e+03  1915s
  96   2.17109413e+13  2.16017376e+13  2.51e+03 3.76e-04  5.84e+03  1934s
  97   2.17096261e+13  2.16028944e+13  2.46e+03 3.65e-04  5.71e+03  1949s
  98   2.17069311e+13  2.16042890e+13  2.36e+03 3.53e-04  5.49e+03  1968s
  99   2.17059783e+13  2.16055862e+13  2.32e+03 3.42e-04  5.37e+03  1983s
 100   2.17026301e+13  2.16079530e+13  2.20e+03 3.22e-04  5.07e+03  2001s
 101   2.17000420e+13  2.16089986e+13  2.10e+03 3.12e-04  4.87e+03  2016s
 102   2.16956357e+13  2.16119139e+13  1.93e+03 2.87e-04  4.48e+03  2037s
 103   2.16929995e+13  2.16134469e+13  1.83e+03 2.74e-04  4.26e+03  2056s
 104   2.16911523e+13  2.16147875e+13  1.76e+03 2.62e-04  4.09e+03  2076s
 105   2.16901790e+13  2.16159312e+13  1.72e+03 2.53e-04  3.97e+03  2096s
 106   2.16880062e+13  2.16178035e+13  1.64e+03 2.37e-04  3.76e+03  2112s
 107   2.16858189e+13  2.16192666e+13  1.55e+03 2.24e-04  3.56e+03  2131s
 108   2.16838863e+13  2.16205143e+13  1.48e+03 2.14e-04  3.39e+03  2147s
 109   2.16821843e+13  2.16215586e+13  1.41e+03 2.05e-04  3.24e+03  2166s
 110   2.16805082e+13  2.16234862e+13  1.35e+03 1.89e-04  3.05e+03  2186s
 111   2.16783222e+13  2.16252807e+13  1.27e+03 1.74e-04  2.84e+03  2204s
 112   2.16761284e+13  2.16264247e+13  1.18e+03 1.65e-04  2.66e+03  2223s
 113   2.16746245e+13  2.16272921e+13  1.12e+03 1.58e-04  2.53e+03  2241s
 114   2.16731648e+13  2.16283987e+13  1.06e+03 1.49e-04  2.40e+03  2260s
 115   2.16716836e+13  2.16296152e+13  1.00e+03 1.39e-04  2.25e+03  2274s
 116   2.16704631e+13  2.16305026e+13  9.56e+02 1.31e-04  2.14e+03  2293s
 117   2.16694043e+13  2.16312410e+13  9.14e+02 1.25e-04  2.04e+03  2311s
 118   2.16678271e+13  2.16325635e+13  8.51e+02 1.15e-04  1.89e+03  2332s
 119   2.16669783e+13  2.16333258e+13  8.17e+02 1.08e-04  1.80e+03  2350s
 120   2.16652021e+13  2.16344030e+13  7.47e+02 9.97e-05  1.65e+03  2369s
 121   2.16641003e+13  2.16354571e+13  7.03e+02 9.12e-05  1.53e+03  2388s
 122   2.16628590e+13  2.16361973e+13  6.53e+02 8.54e-05  1.43e+03  2408s
 123   2.16619088e+13  2.16368517e+13  6.15e+02 8.02e-05  1.34e+03  2425s
 124   2.16611055e+13  2.16373506e+13  5.81e+02 7.63e-05  1.27e+03  2439s
 125   2.16603081e+13  2.16377661e+13  5.48e+02 7.31e-05  1.21e+03  2457s
 126   2.16594672e+13  2.16384047e+13  5.14e+02 6.81e-05  1.13e+03  2474s
 127   2.16588558e+13  2.16390486e+13  4.89e+02 6.31e-05  1.06e+03  2491s
 128   2.16586428e+13  2.16392768e+13  4.79e+02 6.13e-05  1.04e+03  2504s
 129   2.16578622e+13  2.16398480e+13  4.47e+02 5.69e-05  9.64e+02  2521s
 130   2.16572600e+13  2.16403353e+13  4.22e+02 5.31e-05  9.06e+02  2539s
 131   2.16565783e+13  2.16406306e+13  3.94e+02 5.09e-05  8.54e+02  2555s
 132   2.16560807e+13  2.16410309e+13  3.73e+02 4.78e-05  8.06e+02  2573s
 133   2.16556652e+13  2.16414130e+13  3.55e+02 4.50e-05  7.63e+02  2592s
 134   2.16550498e+13  2.16416657e+13  3.29e+02 4.31e-05  7.16e+02  2611s

Barrier solved model in 134 iterations and 2611.51 seconds (1520.28 work units)
Optimal objective 2.16550498e+13

