MEM 995.117188 1771331776.5524
MEM 995.652344 1771331776.6275
MEM 6988.519531 1771331806.6798
MEM 7246.292969 1771331836.7572
MEM 7382.253906 1771331866.8321
MEM 7533.585938 1771331896.9072
MEM 7110.468750 1771331926.9810
MEM 7153.437500 1771331957.0562
MEM 7957.578125 1771331987.1045
MEM 10480.289062 1771332017.1793
MEM 9226.566406 1771332047.2267
MEM 16999.812500 1771332077.2803
MEM 12398.046875 1771332107.3552
MEM 13644.949219 1771332137.4296
MEM 38018.425781 1771332167.5802
MEM 48536.031250 1771332197.7146
MEM 59745.691406 1771332227.9246
MEM 50257.257812 1771332258.0331
MEM 49503.824219 1771332288.2515
MEM 49532.570312 1771332318.5142
MEM 50013.273438 1771332348.7482
MEM 47939.175781 1771332378.9654
MEM 48345.171875 1771332409.1565
MEM 47933.371094 1771332439.3612
MEM 47899.218750 1771332469.6040
MEM 47937.031250 1771332499.8473
MEM 47861.851562 1771332530.0534
MEM 47713.316406 1771332560.3297
MEM 47560.167969 1771332590.5778
MEM 52876.917969 1771332620.7988
MEM 55708.136719 1771332651.0619
MEM 56081.359375 1771332681.2865
MEM 57504.460938 1771332711.5184
MEM 61332.433594 1771332741.7547
MEM 62413.230469 1771332772.0206
MEM 62994.527344 1771332802.2091
MEM 57778.398438 1771332832.3957
MEM 50836.675781 1771332862.5640
MEM 40140.960938 1771332892.6643
MEM 31649.503906 1771332922.7382
MEM 42465.511719 1771332952.8730
MEM 44465.156250 1771332983.0594
MEM 44469.156250 1771333013.2046
MEM 44471.804688 1771333043.3252
MEM 44472.371094 1771333073.3822
MEM 44472.820312 1771333103.5168
MEM 44473.617188 1771333133.6927
MEM 44474.894531 1771333163.8155
MEM 44475.410156 1771333194.0080
MEM 44476.175781 1771333224.2557
MEM 44476.492188 1771333254.3464
MEM 44477.007812 1771333284.4604
MEM 44477.265625 1771333314.6684
MEM 44512.875000 1771333344.8042
MEM 44513.625000 1771333374.9715
MEM 44514.386719 1771333405.1431
MEM 44514.902344 1771333435.2610
MEM 44515.410156 1771333465.4385
MEM 44515.410156 1771333495.5092
MEM 44516.175781 1771333525.6248
MEM 44516.949219 1771333555.7469
MEM 44517.199219 1771333586.0117
MEM 44517.199219 1771333616.3374
MEM 44517.457031 1771333646.4758
MEM 44517.964844 1771333676.5718
MEM 44517.964844 1771333706.7347
MEM 44518.988281 1771333736.8167
MEM 44519.246094 1771333766.9476
MEM 44520.019531 1771333797.0984
MEM 44520.019531 1771333827.2020
MEM 44521.050781 1771333857.3108
MEM 44521.050781 1771333887.4655
MEM 44521.308594 1771333917.7114
MEM 44522.125000 1771333947.8399
MEM 44522.125000 1771333977.9690
MEM 44522.382812 1771334008.2157
MEM 44522.640625 1771334038.3484
MEM 44522.640625 1771334068.4543
MEM 44523.156250 1771334098.5895
MEM 44523.156250 1771334128.7455
MEM 44523.156250 1771334158.8477
MEM 44523.414062 1771334188.9557
MEM 44523.414062 1771334219.1256
MEM 44523.414062 1771334249.2570
MEM 44523.929688 1771334279.4552
MEM 44524.187500 1771334309.6548
MEM 44517.429688 1771334339.7969
MEM 44518.718750 1771334369.9732
MEM 44518.960938 1771334400.1433
MEM 44518.960938 1771334430.3152
MEM 44519.214844 1771334460.4525
MEM 44519.214844 1771334490.6027
MEM 44519.214844 1771334520.6602
MEM 44519.214844 1771334550.7837
MEM 44519.214844 1771334580.9691
MEM 44519.214844 1771334611.0333
MEM 44519.636719 1771334641.1374
MEM 44520.070312 1771334671.3044
MEM 44520.070312 1771334701.4594
MEM 44520.500000 1771334731.5651
MEM 44520.710938 1771334761.8065
MEM 44520.710938 1771334791.9826
MEM 44520.710938 1771334822.1426
MEM 44521.292969 1771334852.3005
MEM 44521.292969 1771334882.5036
MEM 44521.550781 1771334912.6412
MEM 44521.808594 1771334942.8163
MEM 44521.808594 1771334972.8944
MEM 44521.808594 1771335003.0122
MEM 44522.066406 1771335033.1547
MEM 44522.066406 1771335063.2122
MEM 44522.066406 1771335093.3353
MEM 44522.031250 1771335123.4889
MEM 44522.031250 1771335153.5956
MEM 44522.265625 1771335183.7788
MEM 44522.234375 1771335213.9315
MEM 44522.234375 1771335244.0930
MEM 44522.429688 1771335274.2104
MEM 44522.941406 1771335304.4025
MEM 44522.941406 1771335334.6685
MEM 44523.191406 1771335365.0990
MEM 44523.191406 1771335395.2397
MEM 44523.191406 1771335425.3989
MEM 44523.191406 1771335455.5692
MEM 44523.191406 1771335485.7088
MEM 44523.191406 1771335515.8309
MEM 44523.191406 1771335545.9164
MEM 44523.449219 1771335576.0521
MEM 44523.449219 1771335606.2112
MEM 44523.449219 1771335636.4156
MEM 44523.707031 1771335666.6030
MEM 44523.707031 1771335696.7735
MEM 44523.707031 1771335726.9926
MEM 44524.015625 1771335757.1397
MEM 44524.015625 1771335787.3568
MEM 44524.015625 1771335817.5015
MEM 44524.015625 1771335847.6458
MEM 44524.015625 1771335878.5604
MEM 44524.265625 1771335908.6734
MEM 44524.265625 1771335938.8249
MEM 44524.265625 1771335968.9665
MEM 44524.742188 1771335999.0728
MEM 44524.742188 1771336029.2386
MEM 44524.742188 1771336059.4100
MEM 44524.742188 1771336089.4984
MEM 44524.742188 1771336119.6008
MEM 44524.742188 1771336149.7280
MEM 44524.742188 1771336179.8464
MEM 44524.742188 1771336209.9634
MEM 44524.742188 1771336240.1760
MEM 44524.976562 1771336270.3087
MEM 44525.234375 1771336300.4688
MEM 44525.234375 1771336330.6479
MEM 44525.234375 1771336360.8223
MEM 44525.234375 1771336390.9524
MEM 44525.234375 1771336421.0324
MEM 44525.234375 1771336451.1284
MEM 44525.234375 1771336481.2916
MEM 44525.234375 1771336511.3567
MEM 44525.234375 1771336541.4259
MEM 44525.750000 1771336571.5641
MEM 44525.750000 1771336601.7047
MEM 44525.750000 1771336631.8994
MEM 44525.750000 1771336662.0663
MEM 44525.750000 1771336692.2347
MEM 44525.750000 1771336722.2929
MEM 44525.750000 1771336752.4489
MEM 44525.750000 1771336782.6165
MEM 44525.750000 1771336812.7475
MEM 44525.750000 1771336842.9484
MEM 44526.265625 1771336873.1076
MEM 44528.117188 1771336903.2834
MEM 44528.117188 1771336933.4332
MEM 44528.632812 1771336963.5254
MEM 44528.632812 1771336993.6328
MEM 44528.570312 1771337023.8145
MEM 44528.570312 1771337053.9719
MEM 44528.570312 1771337084.1453
MEM 44528.570312 1771337114.2683
MEM 44528.570312 1771337144.4008
MEM 44528.570312 1771337174.5487
MEM 44526.031250 1771337204.6770
MEM 44525.433594 1771337234.9149
MEM 44525.171875 1771337265.0192
MEM 44525.214844 1771337295.1764
MEM 44525.097656 1771337325.3088
MEM 44525.328125 1771337355.4406
MEM 44524.550781 1771337385.5245
MEM 44524.460938 1771337415.6438
MEM 44523.937500 1771337445.7762
MEM 44523.910156 1771337475.9640
MEM 44525.285156 1771337506.0603
MEM 44525.285156 1771337536.1967
MEM 44525.164062 1771337566.3318
MEM 44524.714844 1771337596.4657
MEM 44524.339844 1771337626.6448
MEM 44523.847656 1771337656.7351
MEM 44525.128906 1771337686.9020
MEM 44525.097656 1771337717.0377
MEM 44525.066406 1771337747.1288
MEM 44525.066406 1771337777.8082
MEM 44525.054688 1771337807.9185
MEM 44525.031250 1771337838.0523
MEM 44525.031250 1771337868.1574
MEM 44525.031250 1771337898.3292
MEM 44525.027344 1771337928.4597
MEM 44526.507812 1771337958.6306
MEM 44526.414062 1771337988.6968
MEM 44526.406250 1771338018.8504
MEM 44526.324219 1771338048.9924
MEM 44526.300781 1771338079.0527
MEM 44526.242188 1771338109.1335
MEM 44526.183594 1771338139.2351
MEM 44526.171875 1771338169.3809
MEM 44526.167969 1771338199.5067
MEM 44526.531250 1771338229.6065
MEM 44526.531250 1771338259.6726
MEM 44526.531250 1771338289.7465
MEM 44526.519531 1771338319.8728
MEM 44526.515625 1771338349.9299
MEM 44526.515625 1771338380.1339
MEM 44526.515625 1771338410.1927
MEM 44526.472656 1771338440.3362
MEM 44526.472656 1771338470.4204
MEM 44526.472656 1771338500.5420
MEM 44526.472656 1771338530.7127
MEM 44526.472656 1771338560.8190
MEM 44526.472656 1771338590.9521
MEM 44526.472656 1771338621.0531
MEM 44526.417969 1771338651.2116
MEM 44526.406250 1771338681.3436
MEM 44526.406250 1771338711.4918
MEM 44526.406250 1771338741.6075
MEM 44526.406250 1771338771.7496
MEM 44526.406250 1771338801.8395
MEM 44526.406250 1771338831.9811
MEM 44526.406250 1771338862.1318
MEM 44526.406250 1771338892.2600
MEM 44526.406250 1771338922.3502
MEM 44526.406250 1771338952.4870
MEM 44526.406250 1771338982.6202
MEM 44526.406250 1771339012.7771
MEM 44526.406250 1771339042.9120
MEM 44526.406250 1771339073.0492
MEM 44526.656250 1771339103.1495
MEM 44526.656250 1771339133.3475
MEM 44526.656250 1771339163.4560
MEM 44526.648438 1771339193.5458
MEM 44526.648438 1771339223.6984
MEM 44526.648438 1771339253.7932
MEM 44526.648438 1771339283.9008
MEM 44526.648438 1771339313.9981
MEM 44526.906250 1771339344.1763
MEM 44526.906250 1771339374.2423
MEM 44526.906250 1771339404.3592
MEM 44526.906250 1771339434.5010
MEM 44526.906250 1771339464.5837
MEM 44526.906250 1771339494.7339
MEM 44526.906250 1771339524.9119
MEM 44526.906250 1771339555.0696
MEM 44526.906250 1771339585.1526
MEM 44526.906250 1771339615.3362
MEM 44526.906250 1771339645.4109
MEM 44526.906250 1771339675.5587
MEM 44526.906250 1771339705.7305
MEM 44526.906250 1771339735.8691
MEM 44526.906250 1771339766.0223
MEM 44526.906250 1771339796.1934
MEM 44526.906250 1771339826.3603
MEM 44526.906250 1771339856.5023
MEM 44526.707031 1771339886.7068
MEM 44527.753906 1771339916.9329
MEM 44527.886719 1771339947.0489
MEM 44527.746094 1771339977.1730
MEM 44527.703125 1771340007.5080
MEM 44527.644531 1771340037.6434
MEM 44527.375000 1771340067.7802
MEM 44528.464844 1771340097.9973
MEM 44528.558594 1771340128.0547
MEM 44528.769531 1771340158.1882
MEM 44528.683594 1771340188.3445
MEM 44528.683594 1771340218.5205
MEM 44528.683594 1771340248.6837
MEM 44528.679688 1771340278.8208
MEM 44529.281250 1771340308.9824
MEM 44529.273438 1771340339.1205
MEM 44529.273438 1771340369.2594
MEM 44529.273438 1771340399.3875
MEM 44529.273438 1771340429.5364
MEM 44529.265625 1771340459.6889
MEM 44529.167969 1771340489.8504
MEM 44529.148438 1771340520.0361
MEM 44529.148438 1771340550.1743
MEM 44529.144531 1771340580.3619
MEM 44529.144531 1771340610.5193
MEM 44529.144531 1771340640.6409
MEM 44529.144531 1771340670.7848
MEM 44529.144531 1771340700.9194
MEM 44529.144531 1771340731.0738
MEM 44529.144531 1771340761.2375
MEM 44529.144531 1771340791.4299
MEM 44529.136719 1771340821.5350
MEM 44529.136719 1771340851.6128
MEM 44529.136719 1771340881.7560
MEM 44529.136719 1771340911.8263
MEM 44529.136719 1771340941.9323
MEM 44529.136719 1771340972.0588
MEM 44529.136719 1771341002.2180
MEM 44529.136719 1771341032.3362
MEM 13371.167969 1771341062.4125
MEM 19562.390625 1771341092.4653
MEM 20356.500000 1771341122.5410
MEM 21492.269531 1771341152.6362
MEM 22320.125000 1771341182.7163
MEM 19547.527344 1771341212.7921
MEM 19548.636719 1771341214.6901
