
Gurobi 13.0.0 (linux64) logging started Tue Feb 17 13:40:51 2026

Set parameter LogFile to value "/cluster/work/cpesm/acott/pypsa-eur/results/eu-overnight/base_2h/logs/base_s_40___2050_solver.log"
Gurobi Optimizer version 13.0.0 build v13.0.0rc1 (linux64 - "Ubuntu 22.04.5 LTS")

CPU model: AMD EPYC 7H12 64-Core Processor, instruction set [SSE2|AVX|AVX2]
Thread count: 128 physical cores, 128 logical processors, using up to 32 threads

Non-default parameters:
Method  2
BarConvTol  1e-05
Crossover  0
AggFill  0
PreDual  0
Seed  123
Threads  32
GURO_PAR_BARDENSETHRESH  200

Optimize a model with 22673352 rows, 10102042 columns and 51001731 nonzeros (Min)
Model fingerprint: 0x25ecd32b
Model has 8161427 linear objective coefficients
Coefficient statistics:
  Matrix range     [2e-03, 5e+02]
  Objective range  [2e-02, 1e+06]
  Bounds range     [9e-02, 2e+11]
  RHS range        [2e-01, 1e+09]
Warning: Model contains large rhs
Warning: Model contains large bounds
         Consider reformulating model or setting NumericFocus parameter
         to avoid numerical issues.
Presolve removed 11315942 rows and 1218331 columns (presolve time = 8s)...
Presolve removed 11315942 rows and 1218331 columns (presolve time = 10s)...
Presolve removed 11317611 rows and 1220000 columns (presolve time = 15s)...
Presolve removed 12484742 rows and 2387131 columns (presolve time = 24s)...
Presolve removed 12484742 rows and 2387131 columns (presolve time = 25s)...
Presolve removed 12484742 rows and 2387131 columns (presolve time = 31s)...
Presolve removed 12484743 rows and 2387170 columns (presolve time = 35s)...
Presolve removed 12484743 rows and 2387170 columns (presolve time = 40s)...
Presolve removed 12484743 rows and 2391549 columns (presolve time = 45s)...
Presolve removed 12484743 rows and 2391549 columns
Presolve time: 50.39s
Presolved: 10188609 rows, 7710493 columns, 35369756 nonzeros
Elapsed ordering time = 13s
Elapsed ordering time = 15s
Elapsed ordering time = 20s
Elapsed ordering time = 25s
Elapsed ordering time = 30s
Elapsed ordering time = 141s
Elapsed ordering time = 183s
Elapsed ordering time = 237s
Elapsed ordering time = 259s
Elapsed ordering time = 272s
Elapsed ordering time = 302s
Elapsed ordering time = 316s
Elapsed ordering time = 330s
Elapsed ordering time = 341s
Elapsed ordering time = 345s
Elapsed ordering time = 361s
Elapsed ordering time = 367s
Elapsed ordering time = 375s
Elapsed ordering time = 380s
Elapsed ordering time = 385s
Elapsed ordering time = 391s
Elapsed ordering time = 395s
Elapsed ordering time = 401s
Elapsed ordering time = 406s
Elapsed ordering time = 411s
Elapsed ordering time = 417s
Elapsed ordering time = 421s
Elapsed ordering time = 425s
Elapsed ordering time = 431s
Elapsed ordering time = 435s
Elapsed ordering time = 440s
Elapsed ordering time = 446s
Elapsed ordering time = 450s
Elapsed ordering time = 455s
Elapsed ordering time = 460s
Elapsed ordering time = 465s
Elapsed ordering time = 471s
Elapsed ordering time = 475s
Elapsed ordering time = 480s
Elapsed ordering time = 490s
Elapsed ordering time = 495s
Elapsed ordering time = 500s
Elapsed ordering time = 505s
Elapsed ordering time = 510s
Elapsed ordering time = 515s
Elapsed ordering time = 520s
Elapsed ordering time = 525s
Elapsed ordering time = 530s
Elapsed ordering time = 535s
Elapsed ordering time = 540s
Elapsed ordering time = 545s
Elapsed ordering time = 550s
Elapsed ordering time = 555s
Elapsed ordering time = 560s
Elapsed ordering time = 565s
Elapsed ordering time = 570s
Elapsed ordering time = 575s
Elapsed ordering time = 580s
Elapsed ordering time = 585s
Elapsed ordering time = 590s
Elapsed ordering time = 595s
Elapsed ordering time = 600s
Elapsed ordering time = 605s
Elapsed ordering time = 610s
Elapsed ordering time = 615s
Elapsed ordering time = 620s
Elapsed ordering time = 625s
Elapsed ordering time = 630s
Elapsed ordering time = 635s
Elapsed ordering time = 640s
Elapsed ordering time = 645s
Elapsed ordering time = 650s
Elapsed ordering time = 655s
Elapsed ordering time = 660s
Elapsed ordering time = 665s
Elapsed ordering time = 670s
Elapsed ordering time = 675s
Elapsed ordering time = 680s
Elapsed ordering time = 685s
Elapsed ordering time = 690s
Elapsed ordering time = 695s
Ordering time: 806.86s

Barrier statistics:
 Dense cols : 1442
 AA' NZ     : 4.488e+07
 Factor NZ  : 6.905e+08 (roughly 13.0 GB of memory)
 Factor Ops : 1.194e+12 (roughly 4 seconds per iteration)
 Threads    : 32

                  Objective                Residual
Iter       Primal          Dual         Primal    Dual     Compl     Time
   0   6.68191070e+16 -3.96301574e+16  5.15e+13 1.53e+02  1.24e+13   907s
   1   7.76892868e+16 -3.96760954e+16  4.26e+13 1.29e+04  1.05e+13   930s
   2   7.82375098e+16 -3.96475628e+16  4.21e+13 1.28e+04  1.04e+13   965s
   3   8.31638987e+16 -4.08642399e+16  3.79e+13 1.04e+06  7.90e+12  1001s
   4   8.87391836e+16 -4.17060099e+16  3.00e+13 1.88e+06  5.09e+12  1029s
   5   1.03294425e+17 -4.07530953e+16  1.24e+13 2.64e+06  2.11e+12  1064s
   6   1.05549098e+17 -3.78235451e+16  4.92e+12 3.80e+06  8.48e+11  1106s
   7   9.20610405e+16 -3.30776546e+16  1.89e+12 3.93e+06  3.30e+11  1141s
   8   6.74533885e+16 -2.60373854e+16  7.34e+11 4.99e+06  1.30e+11  1170s
   9   3.69661104e+16 -1.98930954e+16  2.08e+11 6.54e+06  3.93e+10  1194s
  10   1.46742491e+16 -1.16275085e+16  4.28e+10 5.24e+06  8.78e+09  1218s
  11   5.44713940e+15 -6.42178596e+15  1.02e+10 4.42e+06  2.21e+09  1244s
  12   1.74325370e+15 -3.69139482e+15  2.35e+09 4.18e+06  5.94e+08  1267s
  13   5.42582870e+14 -1.53199822e+15  6.08e+08 8.34e+05  1.69e+08  1296s
  14   2.26007362e+14 -5.17415414e+14  2.34e+08 1.90e+05  5.52e+07  1327s
  15   7.62860388e+13 -1.88019004e+14  6.52e+07 5.55e+04  1.73e+07  1356s
  16   4.25041297e+13 -1.00973181e+14  3.16e+07 2.72e+04  8.92e+06  1389s
  17   1.90961574e+13 -5.63080043e+13  1.30e+07 1.42e+04  4.46e+06  1426s
  18   1.70685565e+13 -3.12840304e+13  1.13e+07 7.63e+03  2.86e+06  1457s
  19   1.06108077e+13 -2.33809366e+13  6.40e+06 5.57e+03  1.97e+06  1492s
  20   8.97827969e+12 -1.59844099e+13  5.28e+06 3.88e+03  1.44e+06  1534s
  21   8.34336255e+12 -1.56489880e+13  4.85e+06 3.80e+03  1.38e+06  1570s
  22   7.43461227e+12 -1.33528655e+13  4.24e+06 3.27e+03  1.19e+06  1612s
  23   6.34117420e+12 -1.20897491e+13  3.51e+06 2.97e+03  1.06e+06  1661s
  24   5.79998415e+12 -1.11557232e+13  3.15e+06 2.75e+03  9.69e+05  1707s
  25   5.57282848e+12 -1.04213817e+13  3.00e+06 2.58e+03  9.13e+05  1743s
  26   4.91947328e+12 -8.91996970e+12  2.57e+06 2.23e+03  7.88e+05  1790s
  27   4.50678022e+12 -8.07528806e+12  2.30e+06 2.03e+03  7.15e+05  1840s
  28   4.29731055e+12 -6.62657586e+12  2.15e+06 1.70e+03  6.21e+05  1882s
  29   3.88832617e+12 -5.76025592e+12  1.88e+06 1.50e+03  5.47e+05  1929s
  30   3.78797505e+12 -5.57216862e+12  1.82e+06 1.45e+03  5.30e+05  1971s
  31   3.33070606e+12 -4.73073459e+12  1.52e+06 1.26e+03  4.56e+05  2022s
  32   2.92389649e+12 -4.08138746e+12  1.27e+06 1.10e+03  3.95e+05  2071s
  33   2.76657803e+12 -3.72485727e+12  1.17e+06 1.02e+03  3.66e+05  2117s
  34   2.58572164e+12 -3.18875056e+12  1.06e+06 8.95e+02  3.25e+05  2165s
  35   2.27107151e+12 -2.57759770e+12  8.66e+05 7.53e+02  2.73e+05  2207s
  36   2.03951275e+12 -2.03731445e+12  7.27e+05 6.27e+02  2.29e+05  2253s
  37   1.87889008e+12 -1.84165073e+12  6.35e+05 5.82e+02  2.09e+05  2296s
  38   1.83870966e+12 -1.38872324e+12  6.11e+05 4.77e+02  1.81e+05  2337s
  39   1.67349115e+12 -1.01923213e+12  5.16e+05 3.91e+02  1.51e+05  2382s
  40   1.54046183e+12 -5.98622901e+11  4.41e+05 2.94e+02  1.20e+05  2429s
  41   1.39870622e+12 -3.59261068e+11  3.65e+05 2.37e+02  9.83e+04  2470s
  42   1.36713792e+12 -2.81964665e+11  3.49e+05 2.19e+02  9.22e+04  2515s
  43   1.30691523e+12 -1.31404102e+11  3.19e+05 1.83e+02  8.03e+04  2561s
  44   1.24832839e+12 -3.29242105e+10  2.90e+05 1.60e+02  7.15e+04  2609s
  45   1.15082305e+12  4.25355785e+10  2.43e+05 1.41e+02  6.18e+04  2655s
  46   1.10520752e+12  8.30000883e+10  2.21e+05 1.30e+02  5.70e+04  2705s
  47   1.06363289e+12  1.44018215e+11  2.02e+05 1.15e+02  5.13e+04  2750s
  48   1.00206335e+12  1.82983098e+11  1.74e+05 1.05e+02  4.57e+04  2795s
  49   9.68804659e+11  2.61489037e+11  1.59e+05 8.52e+01  3.94e+04  2843s
  50   9.20971084e+11  3.02423610e+11  1.38e+05 7.43e+01  3.45e+04  2888s
  51   8.79405469e+11  3.43414974e+11  1.19e+05 6.36e+01  2.98e+04  2932s
  52   8.51378711e+11  3.75782732e+11  1.06e+05 5.54e+01  2.65e+04  2979s
  53   8.25480577e+11  3.86456133e+11  9.47e+04 5.27e+01  2.44e+04  3018s
  54   8.06627073e+11  4.11869437e+11  8.60e+04 4.64e+01  2.20e+04  3064s
  55   7.79023155e+11  4.27267593e+11  7.35e+04 4.26e+01  1.96e+04  3109s
  56   7.69365397e+11  4.45572537e+11  6.92e+04 3.82e+01  1.80e+04  3157s
  57   7.55937833e+11  4.58684059e+11  6.29e+04 3.50e+01  1.65e+04  3197s
  58   7.46992801e+11  4.75499770e+11  5.87e+04 3.09e+01  1.51e+04  3236s
  59   7.36280337e+11  4.87710038e+11  5.39e+04 2.80e+01  1.38e+04  3282s
  60   7.21362750e+11  4.98693405e+11  4.72e+04 2.53e+01  1.24e+04  3330s
  61   7.12501572e+11  5.11567825e+11  4.31e+04 2.22e+01  1.12e+04  3377s
  62   7.06453848e+11  5.30839037e+11  4.03e+04 1.75e+01  9.76e+03  3422s
  63   6.95924997e+11  5.39296988e+11  3.56e+04 1.54e+01  8.70e+03  3469s
  64   6.89521855e+11  5.49266941e+11  3.26e+04 1.30e+01  7.79e+03  3515s
  65   6.85879637e+11  5.54608473e+11  3.09e+04 1.16e+01  7.29e+03  3556s
  66   6.81126122e+11  5.59896922e+11  2.88e+04 1.03e+01  6.74e+03  3603s
  67   6.77833628e+11  5.66418408e+11  2.73e+04 8.63e+00  6.19e+03  3650s
  68   6.74428999e+11  5.70565221e+11  2.58e+04 7.53e+00  5.77e+03  3696s
  69   6.67780628e+11  5.74747632e+11  2.28e+04 6.40e+00  5.17e+03  3743s
  70   6.65170145e+11  5.77773644e+11  2.16e+04 5.55e+00  4.86e+03  3783s
  71   6.61952482e+11  5.80520598e+11  2.02e+04 4.74e+00  4.52e+03  3830s
  72   6.58764567e+11  5.83840850e+11  1.88e+04 3.72e+00  4.16e+03  3877s
  73   6.56940404e+11  5.85664533e+11  1.80e+04 3.11e+00  3.96e+03  3922s
  74   6.56301695e+11  5.86784441e+11  1.77e+04 2.73e+00  3.86e+03  3967s
  75   6.53880241e+11  5.88557347e+11  1.66e+04 2.29e+00  3.63e+03  4013s
  76   6.52394494e+11  5.91331040e+11  1.59e+04 2.07e+00  3.39e+03  4060s
  77   6.50373355e+11  5.92762032e+11  1.50e+04 1.95e+00  3.20e+03  4106s
  78   6.48270275e+11  5.94468086e+11  1.41e+04 1.81e+00  2.99e+03  4157s
  79   6.45960178e+11  5.96006525e+11  1.30e+04 1.69e+00  2.77e+03  4202s
  80   6.44497813e+11  5.97264690e+11  1.23e+04 1.59e+00  2.62e+03  4247s
  81   6.42773944e+11  5.98765880e+11  1.15e+04 1.48e+00  2.44e+03  4288s
  82   6.42473150e+11  5.99579453e+11  1.14e+04 1.41e+00  2.38e+03  4331s
  83   6.40534840e+11  6.00865447e+11  1.05e+04 1.31e+00  2.20e+03  4375s
  84   6.38809235e+11  6.02361591e+11  9.69e+03 1.19e+00  2.02e+03  4418s
  85   6.37690113e+11  6.02836119e+11  9.18e+03 1.16e+00  1.94e+03  4461s
  86   6.36888443e+11  6.03142194e+11  8.81e+03 1.13e+00  1.87e+03  4506s
  87   6.36025165e+11  6.04124999e+11  8.40e+03 1.06e+00  1.77e+03  4548s
  88   6.35509336e+11  6.04452873e+11  8.16e+03 1.04e+00  1.72e+03  4586s
  89   6.34745709e+11  6.04841906e+11  7.80e+03 1.01e+00  1.66e+03  4632s
  90   6.34169611e+11  6.05208360e+11  7.53e+03 9.79e-01  1.61e+03  4677s
  91   6.33653618e+11  6.05599688e+11  7.28e+03 9.51e-01  1.56e+03  4719s
  92   6.32959610e+11  6.06817609e+11  6.95e+03 8.60e-01  1.45e+03  4762s
  93   6.32285397e+11  6.07317562e+11  6.63e+03 8.24e-01  1.39e+03  4805s
  94   6.31876235e+11  6.07621993e+11  6.43e+03 8.01e-01  1.35e+03  4850s
  95   6.31560209e+11  6.07958489e+11  6.27e+03 7.76e-01  1.31e+03  4885s
  96   6.31009893e+11  6.08420616e+11  6.01e+03 7.43e-01  1.25e+03  4924s
  97   6.30294593e+11  6.08889727e+11  5.66e+03 7.08e-01  1.19e+03  4962s
  98   6.29726620e+11  6.09495474e+11  5.39e+03 6.65e-01  1.12e+03  5006s
  99   6.29383729e+11  6.09757770e+11  5.22e+03 6.46e-01  1.09e+03  5052s
 100   6.28922454e+11  6.10087740e+11  5.00e+03 6.22e-01  1.05e+03  5093s
 101   6.28645776e+11  6.10410893e+11  4.86e+03 5.99e-01  1.01e+03  5136s
 102   6.28227980e+11  6.10895444e+11  4.66e+03 5.64e-01  9.62e+02  5178s
 103   6.28100226e+11  6.11168945e+11  4.59e+03 5.44e-01  9.40e+02  5214s
 104   6.27837734e+11  6.11507319e+11  4.47e+03 5.20e-01  9.07e+02  5253s
 105   6.27354014e+11  6.11696705e+11  4.23e+03 5.06e-01  8.69e+02  5295s
 106   6.27009049e+11  6.12128644e+11  4.06e+03 4.76e-01  8.26e+02  5341s
 107   6.26448257e+11  6.12564576e+11  3.78e+03 4.45e-01  7.71e+02  5385s
 108   6.26086388e+11  6.12899431e+11  3.60e+03 4.21e-01  7.32e+02  5430s
 109   6.25661680e+11  6.13256178e+11  3.39e+03 3.96e-01  6.89e+02  5477s
 110   6.25344914e+11  6.13494403e+11  3.23e+03 3.79e-01  6.58e+02  5521s
 111   6.25004818e+11  6.13816151e+11  3.06e+03 3.57e-01  6.21e+02  5564s
 112   6.24628183e+11  6.14222653e+11  2.87e+03 3.29e-01  5.78e+02  5607s
 113   6.24293183e+11  6.14509602e+11  2.70e+03 3.09e-01  5.43e+02  5650s
 114   6.24041551e+11  6.14730127e+11  2.58e+03 2.93e-01  5.17e+02  5696s
 115   6.23759312e+11  6.14898232e+11  2.43e+03 2.82e-01  4.92e+02  5735s
 116   6.23553625e+11  6.15157593e+11  2.33e+03 2.64e-01  4.66e+02  5781s
 117   6.23314453e+11  6.15370779e+11  2.21e+03 2.49e-01  4.41e+02  5824s
 118   6.23150237e+11  6.15557299e+11  2.12e+03 2.36e-01  4.22e+02  5866s
 119   6.22943544e+11  6.15793850e+11  2.02e+03 2.20e-01  3.97e+02  5910s
 120   6.22799781e+11  6.15923799e+11  1.94e+03 2.11e-01  3.82e+02  5946s
 121   6.22610549e+11  6.15965451e+11  1.84e+03 2.09e-01  3.69e+02  5988s
 122   6.22479997e+11  6.16110633e+11  1.78e+03 1.99e-01  3.54e+02  6028s
 123   6.22332424e+11  6.16277138e+11  1.70e+03 1.88e-01  3.36e+02  6070s
 124   6.22118122e+11  6.16430032e+11  1.59e+03 1.77e-01  3.16e+02  6114s
 125   6.22003857e+11  6.16564471e+11  1.53e+03 1.68e-01  3.02e+02  6157s
 126   6.21779264e+11  6.16687067e+11  1.41e+03 1.60e-01  2.83e+02  6202s
 127   6.21610548e+11  6.16848752e+11  1.33e+03 1.49e-01  2.64e+02  6246s
 128   6.21521275e+11  6.16962843e+11  1.28e+03 1.41e-01  2.53e+02  6287s
 129   6.21289046e+11  6.17067414e+11  1.16e+03 1.34e-01  2.34e+02  6328s
 130   6.21168166e+11  6.17227808e+11  1.10e+03 1.23e-01  2.19e+02  6371s
 131   6.21072506e+11  6.17357638e+11  1.05e+03 1.15e-01  2.06e+02  6411s
 132   6.21031519e+11  6.17443146e+11  1.02e+03 1.09e-01  1.99e+02  6458s
 133   6.20855540e+11  6.17531587e+11  9.32e+02 1.03e-01  1.85e+02  6505s
 134   6.20717484e+11  6.17639965e+11  8.60e+02 9.57e-02  1.71e+02  6546s
 135   6.20661585e+11  6.17836300e+11  8.31e+02 8.26e-02  1.57e+02  6584s
 136   6.20461754e+11  6.17921322e+11  7.26e+02 7.67e-02  1.41e+02  6625s
 137   6.20401064e+11  6.17960906e+11  6.94e+02 7.40e-02  1.35e+02  6665s
 138   6.20327890e+11  6.18021232e+11  6.56e+02 7.00e-02  1.28e+02  6702s
 139   6.20287500e+11  6.18046971e+11  6.35e+02 6.82e-02  1.24e+02  6747s
 140   6.20199349e+11  6.18129052e+11  5.90e+02 6.27e-02  1.15e+02  6788s
 141   6.20144310e+11  6.18220598e+11  5.62e+02 5.66e-02  1.07e+02  6833s
 142   6.20072989e+11  6.18269607e+11  5.24e+02 5.33e-02  1.00e+02  6877s
 143   6.20042717e+11  6.18312618e+11  5.08e+02 5.05e-02  9.60e+01  6920s
 144   6.20003289e+11  6.18353765e+11  4.88e+02 4.77e-02  9.16e+01  6952s
 145   6.19946025e+11  6.18386174e+11  4.58e+02 4.55e-02  8.66e+01  6995s
 146   6.19877428e+11  6.18408702e+11  4.22e+02 4.40e-02  8.15e+01  7037s
 147   6.19824479e+11  6.18449475e+11  3.94e+02 4.13e-02  7.63e+01  7076s
 148   6.19781482e+11  6.18501935e+11  3.71e+02 3.78e-02  7.10e+01  7119s
 149   6.19723361e+11  6.18553055e+11  3.41e+02 3.44e-02  6.50e+01  7161s
 150   6.19679630e+11  6.18592445e+11  3.18e+02 3.18e-02  6.04e+01  7206s
 151   6.19668420e+11  6.18632495e+11  3.13e+02 2.92e-02  5.75e+01  7242s
 152   6.19617623e+11  6.18662104e+11  2.86e+02 2.72e-02  5.30e+01  7284s
 153   6.19587512e+11  6.18681879e+11  2.70e+02 2.59e-02  5.03e+01  7329s
 154   6.19564839e+11  6.18704571e+11  2.58e+02 2.44e-02  4.78e+01  7367s
 155   6.19538628e+11  6.18717077e+11  2.45e+02 2.36e-02  4.56e+01  7410s
 156   6.19512912e+11  6.18738371e+11  2.31e+02 2.22e-02  4.30e+01  7456s
 157   6.19503555e+11  6.18749370e+11  2.26e+02 2.14e-02  4.19e+01  7490s
 158   6.19484494e+11  6.18773425e+11  2.16e+02 1.98e-02  3.95e+01  7535s
 159   6.19475408e+11  6.18781038e+11  2.11e+02 1.93e-02  3.85e+01  7569s
 160   6.19453171e+11  6.18808890e+11  2.00e+02 1.75e-02  3.58e+01  7607s
 161   6.19416735e+11  6.18823159e+11  1.81e+02 1.65e-02  3.30e+01  7652s
 162   6.19392277e+11  6.18843147e+11  1.68e+02 1.52e-02  3.05e+01  7696s
 163   6.19374903e+11  6.18858454e+11  1.59e+02 1.42e-02  2.87e+01  7743s
 164   6.19358825e+11  6.18875617e+11  1.50e+02 1.30e-02  2.68e+01  7788s
 165   6.19339402e+11  6.18890237e+11  1.40e+02 1.21e-02  2.49e+01  7832s
 166   6.19326402e+11  6.18908125e+11  1.34e+02 1.09e-02  2.32e+01  7876s
 167   6.19307267e+11  6.18917878e+11  1.24e+02 1.02e-02  2.16e+01  7916s
 168   6.19294875e+11  6.18928004e+11  1.17e+02 9.57e-03  2.04e+01  7961s
 169   6.19281380e+11  6.18937367e+11  1.10e+02 8.96e-03  1.91e+01  7998s
 170   6.19275376e+11  6.18940605e+11  1.07e+02 8.75e-03  1.86e+01  8037s
 171   6.19265498e+11  6.18945665e+11  1.02e+02 8.41e-03  1.78e+01  8077s
 172   6.19255239e+11  6.18954740e+11  9.62e+01 7.82e-03  1.67e+01  8118s
 173   6.19242687e+11  6.18962271e+11  8.96e+01 7.33e-03  1.56e+01  8162s
 174   6.19229653e+11  6.18970861e+11  8.27e+01 6.76e-03  1.44e+01  8203s
 175   6.19221529e+11  6.18976349e+11  7.85e+01 6.40e-03  1.36e+01  8246s
 176   6.19214910e+11  6.18983084e+11  7.50e+01 5.96e-03  1.29e+01  8288s
 177   6.19203374e+11  6.18987899e+11  6.90e+01 5.64e-03  1.20e+01  8333s
 178   6.19199561e+11  6.18990268e+11  6.69e+01 5.49e-03  1.16e+01  8368s
 179   6.19195162e+11  6.18993249e+11  6.46e+01 5.28e-03  1.12e+01  8400s
 180   6.19187854e+11  6.18996655e+11  6.07e+01 5.06e-03  1.06e+01  8436s
 181   6.19179889e+11  6.19000985e+11  5.65e+01 4.78e-03  9.93e+00  8481s
 182   6.19177240e+11  6.19002669e+11  5.51e+01 4.67e-03  9.69e+00  8524s
 183   6.19165653e+11  6.19008287e+11  4.89e+01 4.29e-03  8.73e+00  8567s
 184   6.19160838e+11  6.19016419e+11  4.63e+01 3.75e-03  8.01e+00  8608s
 185   6.19153977e+11  6.19021770e+11  4.27e+01 3.40e-03  7.34e+00  8651s
 186   6.19148446e+11  6.19025250e+11  3.98e+01 3.17e-03  6.84e+00  8694s
 187   6.19142807e+11  6.19027716e+11  3.69e+01 3.01e-03  6.39e+00  8738s
 188   6.19138072e+11  6.19031539e+11  3.44e+01 2.76e-03  5.91e+00  8784s
 189   6.19132564e+11  6.19034701e+11  3.15e+01 2.55e-03  5.43e+00  8821s
 190   6.19128592e+11  6.19037466e+11  2.94e+01 2.37e-03  5.05e+00  8866s
 191   6.19125945e+11  6.19039528e+11  2.80e+01 2.23e-03  4.79e+00  8911s
 192   6.19121934e+11  6.19041249e+11  2.59e+01 2.11e-03  4.48e+00  8953s
 193   6.19117308e+11  6.19044030e+11  2.34e+01 1.93e-03  4.06e+00  8997s

Barrier solved model in 193 iterations and 8997.12 seconds (2329.38 work units)
Optimal objective 6.19117308e+11

