
Gurobi 13.0.0 (linux64) logging started Mon Feb 23 15:34:09 2026

Set parameter LogFile to value "/cluster/work/cpesm/acott/pypsa-eur/results/eu-overnight/ccl_low_offwind/logs/base_s_40___2050_solver.log"
Gurobi Optimizer version 13.0.0 build v13.0.0rc1 (linux64 - "Ubuntu 22.04.5 LTS")

CPU model: AMD EPYC 7H12 64-Core Processor, instruction set [SSE2|AVX|AVX2]
Thread count: 128 physical cores, 128 logical processors, using up to 32 threads

Non-default parameters:
Method  2
BarConvTol  1e-05
Crossover  0
AggFill  0
PreDual  0
Seed  123
Threads  32
GURO_PAR_BARDENSETHRESH  200

Optimize a model with 22673377 rows, 10102042 columns and 51001791 nonzeros (Min)
Model fingerprint: 0x56c050cd
Model has 8161427 linear objective coefficients
Coefficient statistics:
  Matrix range     [2e-03, 5e+02]
  Objective range  [2e-02, 1e+06]
  Bounds range     [9e-02, 2e+11]
  RHS range        [2e-01, 1e+09]
Warning: Model contains large rhs
Warning: Model contains large bounds
         Consider reformulating model or setting NumericFocus parameter
         to avoid numerical issues.
Presolve removed 11273738 rows and 1372978 columns (presolve time = 5s)...
Presolve removed 11552203 rows and 1398199 columns (presolve time = 10s)...
Presolve removed 11552203 rows and 1398199 columns (presolve time = 17s)...
Presolve removed 12721003 rows and 2566999 columns (presolve time = 22s)...
Presolve removed 12721003 rows and 2566999 columns (presolve time = 27s)...
Presolve removed 12721003 rows and 2566999 columns (presolve time = 30s)...
Presolve removed 12721003 rows and 2566999 columns (presolve time = 35s)...
Presolve removed 12721003 rows and 2566999 columns (presolve time = 41s)...
Presolve removed 12721004 rows and 2567038 columns (presolve time = 45s)...
Presolve removed 12721004 rows and 2571417 columns (presolve time = 50s)...
Presolve removed 12721004 rows and 2571417 columns (presolve time = 57s)...
Presolve removed 12721004 rows and 2571417 columns
Presolve time: 58.26s
Presolved: 9952373 rows, 7530625 columns, 34717473 nonzeros
Elapsed ordering time = 14s
Elapsed ordering time = 15s
Elapsed ordering time = 20s
Elapsed ordering time = 25s
Elapsed ordering time = 30s
Elapsed ordering time = 35s
Elapsed ordering time = 210s
Elapsed ordering time = 290s
Elapsed ordering time = 352s
Elapsed ordering time = 383s
Elapsed ordering time = 437s
Elapsed ordering time = 450s
Elapsed ordering time = 460s
Elapsed ordering time = 475s
Elapsed ordering time = 494s
Elapsed ordering time = 513s
Elapsed ordering time = 530s
Elapsed ordering time = 542s
Elapsed ordering time = 547s
Elapsed ordering time = 557s
Elapsed ordering time = 564s
Elapsed ordering time = 569s
Elapsed ordering time = 573s
Elapsed ordering time = 581s
Elapsed ordering time = 589s
Elapsed ordering time = 595s
Elapsed ordering time = 604s
Elapsed ordering time = 609s
Elapsed ordering time = 615s
Elapsed ordering time = 620s
Elapsed ordering time = 623s
Elapsed ordering time = 627s
Elapsed ordering time = 631s
Elapsed ordering time = 637s
Elapsed ordering time = 642s
Elapsed ordering time = 649s
Elapsed ordering time = 656s
Elapsed ordering time = 663s
Elapsed ordering time = 667s
Elapsed ordering time = 670s
Elapsed ordering time = 678s
Elapsed ordering time = 681s
Elapsed ordering time = 687s
Elapsed ordering time = 692s
Elapsed ordering time = 696s
Elapsed ordering time = 700s
Elapsed ordering time = 706s
Elapsed ordering time = 710s
Elapsed ordering time = 715s
Elapsed ordering time = 726s
Elapsed ordering time = 730s
Elapsed ordering time = 736s
Elapsed ordering time = 741s
Elapsed ordering time = 745s
Elapsed ordering time = 751s
Elapsed ordering time = 755s
Elapsed ordering time = 761s
Elapsed ordering time = 766s
Elapsed ordering time = 772s
Elapsed ordering time = 776s
Elapsed ordering time = 780s
Elapsed ordering time = 786s
Elapsed ordering time = 790s
Elapsed ordering time = 795s
Elapsed ordering time = 801s
Elapsed ordering time = 807s
Elapsed ordering time = 810s
Elapsed ordering time = 815s
Elapsed ordering time = 821s
Elapsed ordering time = 826s
Elapsed ordering time = 844s
Elapsed ordering time = 845s
Elapsed ordering time = 850s
Elapsed ordering time = 855s
Elapsed ordering time = 860s
Elapsed ordering time = 865s
Elapsed ordering time = 870s
Elapsed ordering time = 875s
Elapsed ordering time = 880s
Elapsed ordering time = 885s
Elapsed ordering time = 890s
Elapsed ordering time = 895s
Elapsed ordering time = 900s
Elapsed ordering time = 905s
Elapsed ordering time = 910s
Elapsed ordering time = 915s
Elapsed ordering time = 920s
Elapsed ordering time = 925s
Elapsed ordering time = 930s
Elapsed ordering time = 935s
Elapsed ordering time = 940s
Elapsed ordering time = 945s
Elapsed ordering time = 950s
Elapsed ordering time = 955s
Elapsed ordering time = 960s
Elapsed ordering time = 965s
Elapsed ordering time = 970s
Elapsed ordering time = 975s
Elapsed ordering time = 980s
Elapsed ordering time = 985s
Elapsed ordering time = 990s
Ordering time: 1088.48s

Barrier statistics:
 Dense cols : 1385
 AA' NZ     : 4.441e+07
 Factor NZ  : 6.721e+08 (roughly 13.0 GB of memory)
 Factor Ops : 1.112e+12 (roughly 8 seconds per iteration)
 Threads    : 32

                  Objective                Residual
Iter       Primal          Dual         Primal    Dual     Compl     Time
   0   6.15509380e+16 -3.96736840e+16  5.15e+13 1.53e+02  1.24e+13  1211s
   1   7.10613299e+16 -3.98492898e+16  4.29e+13 1.27e+04  1.05e+13  1242s
   2   7.20447372e+16 -3.97739628e+16  4.21e+13 2.98e+03  1.03e+13  1295s
   3   7.55744257e+16 -3.97120554e+16  3.86e+13 6.71e+03  7.59e+12  1342s
   4   8.27241406e+16 -4.07992354e+16  3.15e+13 2.49e+03  5.12e+12  1385s
   5   1.03309562e+17 -4.00877098e+16  1.17e+13 7.55e+04  1.98e+12  1437s
   6   1.05186348e+17 -3.69852876e+16  5.76e+12 1.59e+05  9.62e+11  1489s
   7   9.44895980e+16 -3.25199654e+16  2.33e+12 2.86e+05  3.90e+11  1540s
   8   6.99128974e+16 -2.59773881e+16  8.55e+11 3.02e+05  1.45e+11  1587s
   9   3.47328143e+16 -1.98754041e+16  1.58e+11 4.68e+05  3.09e+10  1622s
  10   1.39057564e+16 -1.11528863e+16  3.20e+10 3.71e+05  6.85e+09  1658s
  11   5.49318598e+15 -5.92974608e+15  8.55e+09 6.75e+05  1.91e+09  1696s
  12   1.93927281e+15 -3.31309660e+15  2.24e+09 5.28e+05  5.61e+08  1734s
  13   6.59417672e+14 -1.33177016e+15  6.72e+08 1.02e+05  1.69e+08  1780s
  14   2.49978222e+14 -4.31758178e+14  2.37e+08 2.03e+04  5.20e+07  1830s
  15   1.18278496e+14 -2.00623269e+14  1.03e+08 7.62e+03  2.25e+07  1878s
  16   5.41867979e+13 -6.97738069e+13  4.39e+07 2.18e+03  8.23e+06  1923s
  17   3.93706928e+13 -4.78407700e+13  3.15e+07 1.41e+03  5.67e+06  1972s
  18   2.92175530e+13 -2.98581917e+13  2.28e+07 8.19e+02  3.76e+06  2025s
  19   2.18299439e+13 -1.83124391e+13  1.66e+07 4.71e+02  2.51e+06  2084s
  20   1.42754958e+13 -1.18285961e+13  1.05e+07 2.92e+02  1.60e+06  2133s
  21   9.94925741e+12 -8.01695256e+12  7.08e+06 1.93e+02  1.08e+06  2176s
  22   8.89933901e+12 -7.13538624e+12  6.23e+06 1.73e+02  9.63e+05  2234s
  23   8.29927542e+12 -6.11127601e+12  5.77e+06 1.48e+02  8.64e+05  2282s
  24   6.81104294e+12 -4.93640436e+12  4.62e+06 1.22e+02  7.00e+05  2335s
  25   6.02754288e+12 -4.56314363e+12  4.03e+06 1.13e+02  6.29e+05  2398s
  26   5.26424426e+12 -3.78989256e+12  3.44e+06 9.56e+01  5.35e+05  2464s
  27   4.70765336e+12 -3.45105634e+12  3.02e+06 8.81e+01  4.81e+05  2527s
  28   4.33168468e+12 -3.08774080e+12  2.73e+06 7.97e+01  4.36e+05  2594s
  29   3.63899731e+12 -2.44264877e+12  2.20e+06 6.54e+01  3.56e+05  2662s
  30   3.08513706e+12 -1.99150773e+12  1.78e+06 5.54e+01  2.96e+05  2721s
  31   2.82537451e+12 -1.41095284e+12  1.58e+06 4.31e+01  2.47e+05  2787s
  32   2.61508103e+12 -1.01053281e+12  1.42e+06 3.45e+01  2.11e+05  2852s
  33   2.37355546e+12 -7.34030489e+11  1.25e+06 2.85e+01  1.80e+05  2919s
  34   2.05577238e+12 -4.97273918e+11  1.01e+06 2.33e+01  1.48e+05  2979s
  35   1.85649202e+12 -3.30979603e+11  8.71e+05 1.98e+01  1.26e+05  3038s
  36   1.80482574e+12 -2.84017288e+11  8.34e+05 1.87e+01  1.21e+05  3097s
  37   1.70222164e+12 -2.25443674e+11  7.63e+05 1.75e+01  1.11e+05  3167s
  38   1.57265351e+12 -1.02252554e+11  6.74e+05 1.48e+01  9.64e+04  3232s
  39   1.54961442e+12 -8.59360898e+10  6.58e+05 1.45e+01  9.41e+04  3305s
  40   1.49551258e+12  2.01729510e+10  6.21e+05 1.22e+01  8.48e+04  3370s
  41   1.38539213e+12  1.45088194e+11  5.44e+05 9.39e+00  7.12e+04  3446s
  42   1.25575078e+12  2.05162923e+11  4.56e+05 8.06e+00  6.02e+04  3509s
  43   1.20826623e+12  2.42399112e+11  4.23e+05 7.27e+00  5.53e+04  3573s
  44   1.16359362e+12  2.70139720e+11  3.92e+05 6.68e+00  5.12e+04  3629s
  45   1.10851204e+12  2.91494873e+11  3.56e+05 6.23e+00  4.68e+04  3706s
  46   1.06789717e+12  3.23265112e+11  3.28e+05 5.57e+00  4.26e+04  3768s
  47   1.05601468e+12  3.35359110e+11  3.19e+05 5.31e+00  4.12e+04  3822s
  48   1.03676352e+12  3.53638901e+11  3.06e+05 4.93e+00  3.91e+04  3892s
  49   9.67392071e+11  3.67381540e+11  2.58e+05 4.65e+00  3.43e+04  3960s
  50   9.48058744e+11  3.81694966e+11  2.44e+05 4.36e+00  3.23e+04  4025s
  51   9.29027500e+11  3.99040747e+11  2.31e+05 4.02e+00  3.03e+04  4091s
  52   9.18430779e+11  4.09017862e+11  2.23e+05 3.82e+00  2.91e+04  4145s
  53   9.06775347e+11  4.31275894e+11  2.15e+05 3.37e+00  2.71e+04  4211s
  54   8.83827735e+11  4.49374142e+11  1.99e+05 3.01e+00  2.48e+04  4267s
  55   8.41500406e+11  4.67229690e+11  1.68e+05 2.66e+00  2.13e+04  4333s
  56   8.16537311e+11  4.77949175e+11  1.50e+05 2.46e+00  1.93e+04  4401s
  57   7.96581584e+11  4.92361486e+11  1.35e+05 2.19e+00  1.73e+04  4470s
  58   7.84406003e+11  5.02118103e+11  1.26e+05 2.02e+00  1.61e+04  4546s
  59   7.63621961e+11  5.10460873e+11  1.11e+05 1.87e+00  1.44e+04  4615s
  60   7.55863406e+11  5.16968191e+11  1.05e+05 1.76e+00  1.36e+04  4679s
  61   7.52792915e+11  5.18761744e+11  1.02e+05 1.73e+00  1.33e+04  4727s
  62   7.46946362e+11  5.21514668e+11  9.78e+04 1.68e+00  1.28e+04  4791s
  63   7.45443722e+11  5.26315174e+11  9.67e+04 1.60e+00  1.25e+04  4845s
  64   7.39717042e+11  5.28337113e+11  9.22e+04 1.56e+00  1.20e+04  4900s
  65   7.33991861e+11  5.33711524e+11  8.77e+04 1.47e+00  1.14e+04  4964s
  66   7.33259920e+11  5.38103885e+11  8.71e+04 1.40e+00  1.11e+04  5025s
  67   7.30702728e+11  5.43237197e+11  8.51e+04 1.31e+00  1.07e+04  5086s
  68   7.19134754e+11  5.46767580e+11  7.61e+04 1.25e+00  9.80e+03  5158s
  69   7.10257693e+11  5.53945317e+11  6.92e+04 1.13e+00  8.89e+03  5225s
  70   7.07884925e+11  5.56139823e+11  6.74e+04 1.09e+00  8.62e+03  5279s
  71   7.01053470e+11  5.64042095e+11  6.19e+04 9.63e-01  7.79e+03  5342s
  72   6.95930219e+11  5.68820378e+11  5.79e+04 8.84e-01  7.22e+03  5409s
  73   6.90312390e+11  5.71305281e+11  5.35e+04 8.44e-01  6.76e+03  5476s
  74   6.87510336e+11  5.74256414e+11  5.13e+04 7.96e-01  6.43e+03  5532s
  75   6.84219683e+11  5.75613253e+11  4.87e+04 7.75e-01  6.17e+03  5600s
  76   6.80662395e+11  5.78942481e+11  4.58e+04 7.21e-01  5.78e+03  5667s
  77   6.77985060e+11  5.81223708e+11  4.37e+04 6.84e-01  5.49e+03  5734s
  78   6.74400109e+11  5.84336834e+11  4.08e+04 6.35e-01  5.11e+03  5794s
  79   6.72733709e+11  5.85798668e+11  3.95e+04 6.12e-01  4.94e+03  5861s
  80   6.71328701e+11  5.88149702e+11  3.83e+04 5.75e-01  4.72e+03  5922s
  81   6.69718478e+11  5.89945953e+11  3.70e+04 5.46e-01  4.53e+03  5980s
  82   6.65437479e+11  5.91858252e+11  3.35e+04 5.16e-01  4.18e+03  6054s
  83   6.63080718e+11  5.92126851e+11  3.16e+04 5.12e-01  4.03e+03  6120s
  84   6.60381618e+11  5.94703020e+11  2.94e+04 4.72e-01  3.73e+03  6180s
  85   6.58844572e+11  5.97044918e+11  2.81e+04 4.36e-01  3.51e+03  6243s
  86   6.57148644e+11  5.99137980e+11  2.67e+04 4.04e-01  3.29e+03  6307s
  87   6.55888014e+11  6.00550988e+11  2.57e+04 3.82e-01  3.14e+03  6375s
  88   6.54154437e+11  6.01439794e+11  2.42e+04 3.69e-01  2.99e+03  6439s
  89   6.52853439e+11  6.02901482e+11  2.31e+04 3.47e-01  2.83e+03  6504s
  90   6.50529678e+11  6.03957527e+11  2.12e+04 3.31e-01  2.64e+03  6567s
  91   6.49364842e+11  6.05811581e+11  2.02e+04 3.03e-01  2.47e+03  6633s
  92   6.48847428e+11  6.06289684e+11  1.97e+04 2.95e-01  2.41e+03  6696s
  93   6.47934298e+11  6.07211185e+11  1.90e+04 2.81e-01  2.31e+03  6754s
  94   6.46655370e+11  6.08269831e+11  1.79e+04 2.65e-01  2.18e+03  6822s
  95   6.45140652e+11  6.09333969e+11  1.66e+04 2.49e-01  2.03e+03  6888s
  96   6.44210139e+11  6.10270662e+11  1.58e+04 2.35e-01  1.93e+03  6959s
  97   6.43515834e+11  6.11143357e+11  1.52e+04 2.22e-01  1.84e+03  7027s
  98   6.42534675e+11  6.11922085e+11  1.43e+04 2.11e-01  1.74e+03  7091s
  99   6.41593969e+11  6.12659216e+11  1.35e+04 2.00e-01  1.64e+03  7163s
 100   6.40923005e+11  6.13253472e+11  1.30e+04 1.91e-01  1.57e+03  7235s
 101   6.40657635e+11  6.13643262e+11  1.27e+04 1.85e-01  1.53e+03  7287s
 102   6.40092650e+11  6.14486865e+11  1.22e+04 1.72e-01  1.45e+03  7352s
 103   6.39352480e+11  6.14952332e+11  1.16e+04 1.65e-01  1.38e+03  7418s
 104   6.38882091e+11  6.15212608e+11  1.12e+04 1.62e-01  1.34e+03  7481s
 105   6.38238260e+11  6.15649636e+11  1.06e+04 1.55e-01  1.28e+03  7553s
 106   6.37729199e+11  6.16794309e+11  1.02e+04 1.38e-01  1.19e+03  7616s
 107   6.37313691e+11  6.17095290e+11  9.82e+03 1.34e-01  1.15e+03  7674s
 108   6.36896841e+11  6.17378818e+11  9.46e+03 1.29e-01  1.11e+03  7733s
 109   6.36638806e+11  6.17598814e+11  9.23e+03 1.26e-01  1.08e+03  7795s
 110   6.36264723e+11  6.18095360e+11  8.91e+03 1.19e-01  1.03e+03  7857s
 111   6.35480078e+11  6.18590754e+11  8.23e+03 1.12e-01  9.58e+02  7925s
 112   6.35055811e+11  6.19047593e+11  7.86e+03 1.05e-01  9.08e+02  7999s
 113   6.34610763e+11  6.19238334e+11  7.47e+03 1.02e-01  8.72e+02  8067s
 114   6.34290890e+11  6.19622720e+11  7.18e+03 9.68e-02  8.32e+02  8131s
 115   6.33856995e+11  6.19977165e+11  6.79e+03 9.17e-02  7.87e+02  8192s
 116   6.33499083e+11  6.20296304e+11  6.47e+03 8.72e-02  7.49e+02  8262s
 117   6.33094725e+11  6.20525585e+11  6.10e+03 8.39e-02  7.13e+02  8324s
 118   6.32867817e+11  6.20797714e+11  5.89e+03 8.01e-02  6.84e+02  8390s
 119   6.32679139e+11  6.20948081e+11  5.72e+03 7.80e-02  6.65e+02  8442s
 120   6.32395689e+11  6.21284311e+11  5.46e+03 7.32e-02  6.30e+02  8505s
 121   6.32090616e+11  6.21760317e+11  5.19e+03 6.64e-02  5.86e+02  8571s
 122   6.31569271e+11  6.21903490e+11  4.71e+03 6.44e-02  5.48e+02  8630s
 123   6.31289685e+11  6.22241682e+11  4.46e+03 5.97e-02  5.13e+02  8693s
 124   6.31011512e+11  6.22560213e+11  4.20e+03 5.53e-02  4.79e+02  8759s
 125   6.30589213e+11  6.22716143e+11  3.81e+03 5.31e-02  4.46e+02  8830s
 126   6.30403483e+11  6.22945975e+11  3.63e+03 4.99e-02  4.23e+02  8893s
 127   6.30222386e+11  6.23139776e+11  3.46e+03 4.73e-02  4.01e+02  8960s
 128   6.30005979e+11  6.23382394e+11  3.26e+03 4.39e-02  3.75e+02  9033s
 129   6.29885173e+11  6.23540182e+11  3.15e+03 4.18e-02  3.60e+02  9100s
 130   6.29807505e+11  6.23571418e+11  3.07e+03 4.13e-02  3.54e+02  9167s
 131   6.29593004e+11  6.23763477e+11  2.87e+03 3.87e-02  3.30e+02  9225s
 132   6.29451079e+11  6.23949830e+11  2.74e+03 3.61e-02  3.12e+02  9293s
 133   6.29247347e+11  6.24075199e+11  2.55e+03 3.44e-02  2.93e+02  9362s
 134   6.29095465e+11  6.24291741e+11  2.40e+03 3.15e-02  2.72e+02  9426s
 135   6.28922304e+11  6.24435379e+11  2.24e+03 2.95e-02  2.54e+02  9497s
 136   6.28780896e+11  6.24535541e+11  2.11e+03 2.81e-02  2.41e+02  9564s
 137   6.28691027e+11  6.24648100e+11  2.02e+03 2.66e-02  2.29e+02  9628s
 138   6.28584209e+11  6.24735885e+11  1.92e+03 2.54e-02  2.18e+02  9698s
 139   6.28452224e+11  6.24834648e+11  1.79e+03 2.41e-02  2.05e+02  9761s
 140   6.28347349e+11  6.24944300e+11  1.69e+03 2.26e-02  1.93e+02  9827s
 141   6.28252885e+11  6.25044650e+11  1.60e+03 2.12e-02  1.82e+02  9895s
 142   6.28167417e+11  6.25126260e+11  1.52e+03 2.01e-02  1.72e+02  9970s
 143   6.28109847e+11  6.25239001e+11  1.46e+03 1.86e-02  1.63e+02  10036s
 144   6.28009561e+11  6.25323103e+11  1.36e+03 1.74e-02  1.52e+02  10093s
 145   6.27913058e+11  6.25412760e+11  1.27e+03 1.62e-02  1.42e+02  10158s
 146   6.27823052e+11  6.25513287e+11  1.18e+03 1.49e-02  1.31e+02  10224s
 147   6.27704193e+11  6.25571896e+11  1.07e+03 1.41e-02  1.21e+02  10292s
 148   6.27650111e+11  6.25643816e+11  1.01e+03 1.31e-02  1.14e+02  10354s
 149   6.27561754e+11  6.25686811e+11  9.24e+02 1.25e-02  1.06e+02  10433s
 150   6.27499830e+11  6.25751128e+11  8.63e+02 1.17e-02  9.91e+01  10501s
 151   6.27439794e+11  6.25815858e+11  8.04e+02 1.08e-02  9.20e+01  10569s
 152   6.27413677e+11  6.25864011e+11  7.77e+02 1.02e-02  8.78e+01  10640s
 153   6.27392309e+11  6.25885216e+11  7.56e+02 9.89e-03  8.54e+01  10703s
 154   6.27349614e+11  6.25945827e+11  7.14e+02 9.08e-03  7.96e+01  10757s
 155   6.27311066e+11  6.25987335e+11  6.77e+02 8.53e-03  7.50e+01  10825s
 156   6.27278380e+11  6.26024775e+11  6.45e+02 8.03e-03  7.10e+01  10890s
 157   6.27212505e+11  6.26052866e+11  5.80e+02 7.66e-03  6.57e+01  10955s
 158   6.27179716e+11  6.26107908e+11  5.48e+02 6.92e-03  6.07e+01  11022s
 159   6.27126455e+11  6.26125884e+11  4.95e+02 6.68e-03  5.67e+01  11090s
 160   6.27086684e+11  6.26153378e+11  4.55e+02 6.31e-03  5.29e+01  11160s
 161   6.27057040e+11  6.26203472e+11  4.25e+02 5.65e-03  4.84e+01  11235s
 162   6.27023343e+11  6.26236867e+11  3.92e+02 5.21e-03  4.46e+01  11307s
 163   6.26997864e+11  6.26257398e+11  3.66e+02 4.93e-03  4.20e+01  11377s
 164   6.26971248e+11  6.26284915e+11  3.40e+02 4.57e-03  3.89e+01  11448s
 165   6.26965090e+11  6.26292273e+11  3.34e+02 4.46e-03  3.81e+01  11505s
 166   6.26962283e+11  6.26300678e+11  3.31e+02 4.35e-03  3.75e+01  11570s
 167   6.26934168e+11  6.26322592e+11  3.03e+02 4.07e-03  3.47e+01  11640s
 168   6.26922025e+11  6.26352040e+11  2.91e+02 3.67e-03  3.23e+01  11712s
 169   6.26902504e+11  6.26365906e+11  2.72e+02 3.49e-03  3.04e+01  11784s
 170   6.26883543e+11  6.26381907e+11  2.53e+02 3.27e-03  2.84e+01  11844s
 171   6.26866360e+11  6.26397661e+11  2.37e+02 3.06e-03  2.66e+01  11910s
 172   6.26853510e+11  6.26419768e+11  2.24e+02 2.76e-03  2.46e+01  11979s
 173   6.26834687e+11  6.26431792e+11  2.06e+02 2.60e-03  2.28e+01  12042s
 174   6.26823426e+11  6.26453061e+11  1.95e+02 2.31e-03  2.10e+01  12112s
 175   6.26814387e+11  6.26458954e+11  1.86e+02 2.23e-03  2.01e+01  12183s
 176   6.26797186e+11  6.26472941e+11  1.69e+02 2.04e-03  1.84e+01  12257s
 177   6.26786991e+11  6.26490829e+11  1.59e+02 1.80e-03  1.68e+01  12317s
 178   6.26774228e+11  6.26499041e+11  1.47e+02 1.69e-03  1.56e+01  12376s
 179   6.26766361e+11  6.26505136e+11  1.39e+02 1.60e-03  1.48e+01  12438s
 180   6.26757052e+11  6.26513165e+11  1.30e+02 1.49e-03  1.38e+01  12507s
 181   6.26747157e+11  6.26519718e+11  1.21e+02 1.40e-03  1.29e+01  12566s
 182   6.26736757e+11  6.26524831e+11  1.10e+02 1.33e-03  1.20e+01  12633s
 183   6.26727058e+11  6.26530691e+11  1.01e+02 1.25e-03  1.11e+01  12695s
 184   6.26718809e+11  6.26538527e+11  9.30e+01 1.15e-03  1.02e+01  12758s
 185   6.26712610e+11  6.26544198e+11  8.70e+01 1.07e-03  9.54e+00  12820s
 186   6.26710356e+11  6.26546136e+11  8.48e+01 1.04e-03  9.30e+00  12875s
 187   6.26704580e+11  6.26550087e+11  7.92e+01 9.89e-04  8.75e+00  12935s
 188   6.26700549e+11  6.26556005e+11  7.53e+01 9.09e-04  8.19e+00  12994s
 189   6.26694720e+11  6.26559555e+11  6.97e+01 8.60e-04  7.66e+00  13053s
 190   6.26689923e+11  6.26564779e+11  6.51e+01 7.89e-04  7.09e+00  13121s
 191   6.26684554e+11  6.26566525e+11  5.99e+01 7.65e-04  6.69e+00  13185s
 192   6.26682021e+11  6.26569679e+11  5.73e+01 7.21e-04  6.36e+00  13246s
 193   6.26676401e+11  6.26574055e+11  5.19e+01 6.61e-04  5.80e+00  13307s
 194   6.26672959e+11  6.26580411e+11  4.86e+01 5.74e-04  5.24e+00  13372s
 195   6.26670172e+11  6.26584552e+11  4.59e+01 5.18e-04  4.85e+00  13436s
 196   6.26666971e+11  6.26588851e+11  4.28e+01 4.58e-04  4.43e+00  13491s
 197   6.26663616e+11  6.26590905e+11  3.97e+01 4.30e-04  4.12e+00  13559s
 198   6.26659154e+11  6.26593451e+11  3.54e+01 3.95e-04  3.72e+00  13622s
 199   6.26656085e+11  6.26595275e+11  3.25e+01 3.70e-04  3.44e+00  13685s
 200   6.26655286e+11  6.26596953e+11  3.18e+01 3.47e-04  3.30e+00  13747s

Barrier solved model in 200 iterations and 13747.26 seconds (2304.36 work units)
Optimal objective 6.26655286e+11

