MEM 995.468750 1771857026.4384
MEM 996.035156 1771857026.4841
MEM 7278.691406 1771857056.5598
MEM 7380.128906 1771857086.6368
MEM 7096.265625 1771857116.7132
MEM 7058.996094 1771857146.7909
MEM 7163.640625 1771857176.8636
MEM 8382.957031 1771857206.9433
MEM 10470.570312 1771857236.9921
MEM 15355.777344 1771857267.0729
MEM 16662.082031 1771857297.1299
MEM 13791.511719 1771857327.2058
MEM 13646.500000 1771857357.2922
MEM 36723.820312 1771857387.4885
MEM 42489.226562 1771857417.7937
MEM 49282.308594 1771857447.9395
MEM 55375.183594 1771857478.1318
MEM 57806.347656 1771857508.3664
MEM 51007.589844 1771857538.5208
MEM 46601.789062 1771857568.7874
MEM 48571.140625 1771857599.0459
MEM 48864.976562 1771857629.1542
MEM 49015.984375 1771857659.3298
MEM 48137.875000 1771857689.5743
MEM 47491.101562 1771857719.8511
MEM 47560.937500 1771857750.1377
MEM 47217.566406 1771857780.3697
MEM 47181.671875 1771857810.6297
MEM 48457.292969 1771857840.8589
MEM 47324.796875 1771857871.0141
MEM 47163.261719 1771857901.2187
MEM 46977.125000 1771857931.4758
MEM 47821.125000 1771857961.7247
MEM 48275.019531 1771857991.9839
MEM 49175.304688 1771858022.0681
MEM 49698.097656 1771858052.1788
MEM 49116.261719 1771858082.2924
MEM 49535.722656 1771858112.3806
MEM 50721.503906 1771858142.4624
MEM 49970.789062 1771858172.5480
MEM 54019.882812 1771858202.6364
MEM 52902.308594 1771858232.7240
MEM 52228.445312 1771858262.8120
MEM 50522.480469 1771858292.9005
MEM 46597.988281 1771858322.9836
MEM 46575.222656 1771858353.0683
MEM 39945.089844 1771858383.1553
MEM 30427.062500 1771858413.2377
MEM 37867.941406 1771858443.4289
MEM 39349.695312 1771858473.6925
MEM 40437.609375 1771858503.9324
MEM 40437.609375 1771858534.1514
MEM 40468.031250 1771858564.3323
MEM 40482.984375 1771858594.5984
MEM 40497.679688 1771858624.8316
MEM 40528.101562 1771858655.0585
MEM 40528.101562 1771858685.3075
MEM 40554.656250 1771858715.4807
MEM 40581.984375 1771858745.6949
MEM 40581.984375 1771858775.9424
MEM 40606.992188 1771858806.0698
MEM 40606.992188 1771858836.2128
MEM 40633.804688 1771858866.5066
MEM 40657.781250 1771858896.6742
MEM 40680.210938 1771858926.8370
MEM 40702.898438 1771858957.0444
MEM 41340.519531 1771858987.3102
MEM 42256.585938 1771859017.4643
MEM 42277.210938 1771859047.6247
MEM 42277.210938 1771859077.8151
MEM 42302.476562 1771859107.9985
MEM 42317.687500 1771859138.1289
MEM 42317.687500 1771859168.3648
MEM 42339.343750 1771859198.5796
MEM 42350.945312 1771859228.8829
MEM 42353.781250 1771859259.0713
MEM 42370.023438 1771859289.2783
MEM 42370.023438 1771859319.5774
MEM 42386.007812 1771859349.7198
MEM 42386.007812 1771859379.8016
MEM 42405.343750 1771859410.0613
MEM 42419.007812 1771859440.2757
MEM 42419.007812 1771859470.7478
MEM 42431.898438 1771859500.9785
MEM 42431.898438 1771859531.0622
MEM 42447.882812 1771859561.3210
MEM 42460.773438 1771859591.5688
MEM 42463.867188 1771859621.7799
MEM 42470.054688 1771859651.8739
MEM 42476.757812 1771859682.0624
MEM 42476.757812 1771859712.2095
MEM 42491.453125 1771859742.4646
MEM 42491.453125 1771859772.5820
MEM 42503.828125 1771859802.8112
MEM 42503.828125 1771859832.9120
MEM 42515.945312 1771859863.1560
MEM 42515.945312 1771859893.2371
MEM 42525.742188 1771859923.3197
MEM 42525.742188 1771859953.4154
MEM 42538.375000 1771859983.4964
MEM 42538.375000 1771860013.7234
MEM 42546.109375 1771860043.8516
MEM 42548.429688 1771860074.0109
MEM 42552.554688 1771860104.1542
MEM 42559.515625 1771860134.3782
MEM 42559.515625 1771860164.5954
MEM 42573.179688 1771860194.8277
MEM 42573.179688 1771860224.9159
MEM 42585.039062 1771860255.0038
MEM 42585.039062 1771860285.0976
MEM 42593.804688 1771860315.3966
MEM 42593.804688 1771860345.4748
MEM 42601.023438 1771860375.7516
MEM 42601.023438 1771860405.8972
MEM 42614.945312 1771860436.1156
MEM 42614.945312 1771860466.2545
MEM 42625.773438 1771860496.5397
MEM 42625.773438 1771860526.7647
MEM 42627.320312 1771860556.8476
MEM 42635.312500 1771860587.0876
MEM 42635.312500 1771860617.1884
MEM 42642.273438 1771860647.3811
MEM 42642.273438 1771860677.6288
MEM 42654.648438 1771860707.8445
MEM 42654.648438 1771860738.0606
MEM 42661.609375 1771860768.3549
MEM 42661.609375 1771860798.5805
MEM 42666.507812 1771860828.8868
MEM 42671.148438 1771860858.9946
MEM 42679.140625 1771860889.2283
MEM 42679.140625 1771860919.3518
MEM 42679.140625 1771860949.5682
MEM 42687.390625 1771860979.6982
MEM 42687.390625 1771861009.9046
MEM 42697.960938 1771861040.1331
MEM 42697.960938 1771861070.4030
MEM 42706.468750 1771861100.5688
MEM 42706.468750 1771861130.7783
MEM 42713.945312 1771861160.9118
MEM 42713.945312 1771861191.1215
MEM 42721.421875 1771861221.3430
MEM 42721.421875 1771861251.5489
MEM 42725.804688 1771861281.8113
MEM 42726.320312 1771861312.0161
MEM 42727.867188 1771861342.3144
MEM 42731.734375 1771861372.4719
MEM 42736.632812 1771861402.7626
MEM 42736.890625 1771861432.9647
MEM 42738.695312 1771861463.2045
MEM 42743.078125 1771861493.3526
MEM 42747.976562 1771861523.6501
MEM 42749.007812 1771861553.8559
MEM 42750.812500 1771861584.1239
MEM 42756.742188 1771861614.2846
MEM 42756.742188 1771861644.4890
MEM 42761.125000 1771861674.6448
MEM 42761.125000 1771861704.9004
MEM 42767.570312 1771861735.0593
MEM 42767.570312 1771861765.2898
MEM 42767.570312 1771861795.5071
MEM 42774.273438 1771861825.6783
MEM 42774.273438 1771861855.9311
MEM 42780.460938 1771861886.0995
MEM 42780.460938 1771861916.3270
MEM 42784.585938 1771861946.4992
MEM 42784.585938 1771861976.7258
MEM 42789.226562 1771862006.8790
MEM 42789.226562 1771862037.1008
MEM 42796.960938 1771862067.2644
MEM 42798.765625 1771862097.4880
MEM 42802.890625 1771862127.6574
MEM 42806.757812 1771862157.8478
MEM 42806.757812 1771862188.0653
MEM 42809.078125 1771862218.3000
MEM 42811.140625 1771862248.5095
MEM 42813.203125 1771862278.7323
MEM 42814.234375 1771862308.8453
MEM 42814.750000 1771862339.1183
MEM 42818.359375 1771862369.3240
MEM 42818.359375 1771862399.4522
MEM 42822.742188 1771862429.6851
MEM 42822.742188 1771862459.9390
MEM 42825.062500 1771862490.1273
MEM 42825.062500 1771862520.3450
MEM 42828.671875 1771862550.5319
MEM 42828.671875 1771862580.8061
MEM 42833.828125 1771862611.0193
MEM 42833.828125 1771862641.2422
MEM 42836.664062 1771862671.5005
MEM 42836.664062 1771862701.6040
MEM 42838.210938 1771862731.8764
MEM 42839.500000 1771862762.1489
MEM 42842.851562 1771862792.3762
MEM 42842.851562 1771862822.4922
MEM 42843.367188 1771862852.7332
MEM 42846.976562 1771862882.9397
MEM 42846.976562 1771862913.1522
MEM 42850.843750 1771862943.3119
MEM 42850.843750 1771862973.5909
MEM 42854.453125 1771863003.7475
MEM 42854.453125 1771863033.9873
MEM 42857.546875 1771863064.2313
MEM 42857.546875 1771863094.4665
MEM 42858.578125 1771863124.6785
MEM 42858.578125 1771863154.9342
MEM 42860.898438 1771863185.0876
MEM 42860.898438 1771863215.3013
MEM 42863.734375 1771863245.5199
MEM 42863.734375 1771863275.7488
MEM 42864.507812 1771863305.9920
MEM 42867.859375 1771863336.2265
MEM 42867.859375 1771863366.4091
MEM 42871.468750 1771863396.5584
MEM 42871.468750 1771863426.8580
MEM 42873.531250 1771863457.0648
MEM 42873.531250 1771863487.3322
MEM 42876.367188 1771863517.5624
MEM 42876.367188 1771863547.8057
MEM 42877.914062 1771863577.9689
MEM 42877.914062 1771863608.1682
MEM 42880.750000 1771863638.3078
MEM 42880.750000 1771863668.5585
MEM 42883.328125 1771863698.7715
MEM 42883.328125 1771863729.0291
MEM 42885.132812 1771863759.2210
MEM 42885.906250 1771863789.3930
MEM 42886.164062 1771863819.6915
MEM 42887.710938 1771863849.9153
MEM 42887.710938 1771863880.1345
MEM 42889.257812 1771863910.3193
MEM 42889.257812 1771863940.5826
MEM 42890.546875 1771863970.7619
MEM 42890.546875 1771864000.9162
MEM 42891.835938 1771864031.1262
MEM 42891.835938 1771864061.3653
MEM 42893.640625 1771864091.5363
MEM 42893.640625 1771864121.7411
MEM 42895.187500 1771864151.9080
MEM 42895.187500 1771864182.1008
MEM 42896.476562 1771864212.3770
MEM 42897.765625 1771864242.5289
MEM 42897.765625 1771864272.6943
MEM 42899.054688 1771864302.8767
MEM 42899.054688 1771864333.0321
MEM 42901.117188 1771864363.2220
MEM 42901.117188 1771864393.4468
MEM 42902.664062 1771864423.6679
MEM 42902.664062 1771864453.8432
MEM 42902.664062 1771864484.0691
MEM 42905.242188 1771864514.2331
MEM 42906.273438 1771864544.4146
MEM 42906.531250 1771864574.6523
MEM 42907.562500 1771864604.8880
MEM 42908.335938 1771864635.1127
MEM 42908.335938 1771864665.3162
MEM 42908.851562 1771864695.4881
MEM 42908.851562 1771864725.7528
MEM 42909.882812 1771864755.9528
MEM 42909.882812 1771864786.0972
MEM 42909.882812 1771864816.3011
MEM 42909.882812 1771864846.5478
MEM 42910.398438 1771864876.8026
MEM 42910.398438 1771864906.9635
MEM 42910.656250 1771864937.1787
MEM 42910.656250 1771864967.3735
MEM 42912.976562 1771864997.5083
MEM 42912.976562 1771865027.7071
MEM 42913.750000 1771865057.9305
MEM 42913.750000 1771865088.1179
MEM 42914.781250 1771865118.2631
MEM 42914.781250 1771865148.5409
MEM 42915.296875 1771865178.8105
MEM 42915.812500 1771865209.0049
MEM 42915.812500 1771865239.1914
MEM 42916.843750 1771865269.3563
MEM 42916.843750 1771865299.5090
MEM 42918.132812 1771865329.6990
MEM 42918.132812 1771865359.9398
MEM 42919.937500 1771865390.1823
MEM 42919.937500 1771865420.4517
MEM 42920.968750 1771865450.6944
MEM 42920.968750 1771865480.9154
MEM 42920.968750 1771865511.1920
MEM 42922.257812 1771865541.3953
MEM 42922.257812 1771865571.6323
MEM 42923.031250 1771865601.8165
MEM 42923.031250 1771865632.0172
MEM 42924.062500 1771865662.2419
MEM 42924.062500 1771865692.4253
MEM 42925.093750 1771865722.7082
MEM 42925.093750 1771865752.9750
MEM 42926.125000 1771865783.1643
MEM 42926.125000 1771865813.3793
MEM 42926.382812 1771865843.5851
MEM 42926.382812 1771865873.8317
MEM 42927.414062 1771865904.0176
MEM 42927.414062 1771865934.2078
MEM 42928.187500 1771865964.4231
MEM 42928.187500 1771865994.6845
MEM 42928.703125 1771866024.8889
MEM 42928.703125 1771866055.0032
MEM 42929.218750 1771866085.2270
MEM 42929.476562 1771866115.3358
MEM 42929.734375 1771866145.6387
MEM 42929.992188 1771866175.8491
MEM 42929.992188 1771866206.1148
MEM 42929.992188 1771866236.2963
MEM 42929.992188 1771866266.6018
MEM 42930.765625 1771866296.8114
MEM 42930.765625 1771866327.0412
MEM 42931.281250 1771866357.2527
MEM 42931.796875 1771866387.4805
MEM 42932.054688 1771866417.6561
MEM 42933.085938 1771866447.8116
MEM 42933.601562 1771866478.0788
MEM 42933.601562 1771866508.2708
MEM 42933.601562 1771866538.5010
MEM 42934.890625 1771866568.6984
MEM 42934.890625 1771866598.8945
MEM 42936.179688 1771866629.1152
MEM 42936.179688 1771866659.3480
MEM 42936.953125 1771866689.5457
MEM 42936.953125 1771866719.6225
MEM 42936.953125 1771866749.7196
MEM 42937.468750 1771866779.9302
MEM 42937.468750 1771866810.1468
MEM 42937.984375 1771866840.3271
MEM 42937.984375 1771866870.5685
MEM 42938.500000 1771866900.7527
MEM 42938.500000 1771866930.9601
MEM 42939.015625 1771866961.1319
MEM 42939.015625 1771866991.4420
MEM 42939.531250 1771867021.6212
MEM 42939.531250 1771867051.7582
MEM 42939.531250 1771867082.0592
MEM 42939.531250 1771867112.2728
MEM 42939.531250 1771867142.5407
MEM 42939.789062 1771867172.7119
MEM 42939.789062 1771867202.9572
MEM 42940.562500 1771867233.1147
MEM 42940.562500 1771867263.3257
MEM 42941.078125 1771867293.6075
MEM 42941.078125 1771867323.8298
MEM 42941.593750 1771867354.0917
MEM 42941.593750 1771867384.2159
MEM 42941.851562 1771867414.4622
MEM 42942.109375 1771867444.5442
MEM 42942.480469 1771867474.6861
MEM 42942.480469 1771867504.9093
MEM 42942.480469 1771867535.1208
MEM 42943.511719 1771867565.3247
MEM 42943.511719 1771867595.4217
MEM 42944.027344 1771867625.6642
MEM 42944.027344 1771867655.8573
MEM 42944.027344 1771867686.2026
MEM 42944.027344 1771867716.4419
MEM 42944.027344 1771867746.7064
MEM 42944.285156 1771867776.9473
MEM 42944.285156 1771867807.1971
MEM 42944.285156 1771867837.3492
MEM 42944.285156 1771867867.5846
MEM 42944.542969 1771867897.8246
MEM 42944.542969 1771867928.0890
MEM 42944.542969 1771867958.3763
MEM 42944.800781 1771867988.5973
MEM 42945.316406 1771868018.9042
MEM 42945.316406 1771868049.1429
MEM 42945.574219 1771868079.4778
MEM 42945.574219 1771868109.7046
MEM 42945.832031 1771868139.9359
MEM 42947.378906 1771868170.1260
MEM 42947.378906 1771868200.3942
MEM 42948.410156 1771868230.5904
MEM 42948.410156 1771868260.7601
MEM 42948.925781 1771868290.9130
MEM 42948.925781 1771868321.1851
MEM 42949.183594 1771868351.4691
MEM 42949.183594 1771868381.7031
MEM 42949.183594 1771868411.9478
MEM 42949.183594 1771868442.1586
MEM 42949.183594 1771868472.4058
MEM 42949.183594 1771868502.6090
MEM 42949.183594 1771868532.8011
MEM 42949.183594 1771868562.9264
MEM 42949.441406 1771868593.1507
MEM 42949.441406 1771868623.2744
MEM 42949.957031 1771868653.4637
MEM 42949.957031 1771868683.7057
MEM 42949.957031 1771868713.9001
MEM 42949.957031 1771868744.1447
MEM 42950.214844 1771868774.3321
MEM 42950.214844 1771868804.4972
MEM 42950.214844 1771868834.7000
MEM 42950.214844 1771868864.9594
MEM 42950.472656 1771868895.1633
MEM 42950.988281 1771868925.3676
MEM 42950.988281 1771868955.6038
MEM 42950.988281 1771868985.7747
MEM 42950.988281 1771869015.9101
MEM 42950.988281 1771869046.0997
MEM 42950.988281 1771869076.2754
MEM 42951.246094 1771869106.4209
MEM 42951.246094 1771869136.6005
MEM 42951.503906 1771869166.8919
MEM 42951.503906 1771869197.1379
MEM 42951.503906 1771869227.4195
MEM 42951.761719 1771869257.6171
MEM 42951.761719 1771869287.9026
MEM 42952.019531 1771869318.0842
MEM 42952.019531 1771869348.3123
MEM 42952.277344 1771869378.5016
MEM 42952.277344 1771869408.5881
MEM 42952.792969 1771869438.8319
MEM 42952.792969 1771869469.0318
MEM 42952.792969 1771869499.1996
MEM 42953.050781 1771869529.3409
MEM 42953.050781 1771869559.5182
MEM 42953.050781 1771869589.6729
MEM 42953.050781 1771869619.9000
MEM 42953.050781 1771869650.0715
MEM 42953.050781 1771869680.2933
MEM 42953.050781 1771869710.4883
MEM 42953.050781 1771869740.6527
MEM 42953.050781 1771869770.7659
MEM 42953.050781 1771869800.9586
MEM 42953.050781 1771869831.1868
MEM 42953.050781 1771869861.4350
MEM 42953.308594 1771869891.7181
MEM 42953.308594 1771869921.9197
MEM 42953.308594 1771869952.1605
MEM 42953.308594 1771869982.3423
MEM 42953.308594 1771870012.5903
MEM 42953.308594 1771870042.7911
MEM 42953.308594 1771870073.0537
MEM 42953.308594 1771870103.2483
MEM 42953.308594 1771870133.5102
MEM 42953.308594 1771870163.7488
MEM 42953.308594 1771870193.9805
MEM 42953.308594 1771870224.1531
MEM 42953.566406 1771870254.3770
MEM 42953.566406 1771870284.6076
MEM 42953.566406 1771870314.8188
MEM 42953.566406 1771870345.0508
MEM 42953.566406 1771870375.3302
MEM 42953.566406 1771870405.5347
MEM 42953.566406 1771870435.7417
MEM 42953.566406 1771870465.8153
MEM 42953.566406 1771870495.9161
MEM 42953.824219 1771870526.2562
MEM 42953.824219 1771870556.3428
MEM 42954.082031 1771870586.5706
MEM 42954.082031 1771870616.6444
MEM 42954.339844 1771870646.8888
MEM 42954.339844 1771870677.0981
MEM 42954.339844 1771870707.2527
MEM 42954.335938 1771870737.4626
MEM 42954.335938 1771870767.7043
MEM 42954.335938 1771870797.9506
MEM 42954.335938 1771870828.1482
MEM 42954.335938 1771870858.3984
MEM 42953.699219 1771870888.5905
MEM 42953.699219 1771870918.8493
MEM 42953.957031 1771870949.0428
MEM 42953.957031 1771870979.2769
MEM 13491.132812 1771871009.3469
MEM 19648.925781 1771871039.4009
MEM 20413.105469 1771871069.4767
MEM 21611.210938 1771871099.5327
MEM 22477.910156 1771871129.6119
MEM 19580.203125 1771871159.7759
MEM 19580.203125 1771871159.8753
