INFO:pypsa.network.io:Imported network 'Unnamed Network' has buses, carriers, generators, global_constraints, links, loads, storage_units, stores, sub_networks
INFO:__main__:No expandable lines found. Skipping iterative solving.
INFO:__main__:Adding solar potential constraint.
INFO:linopy.model: Solve problem using Gurobi solver
INFO:linopy.model:Solver logs written to `results/eu-overnight/elec_trans_heat_FR_BE_NL_CH_DE_2013/logs/base_s_5___2050_solver.log`.
INFO:linopy.model:Solver options:
 - threads: 32
 - method: 2
 - crossover: 0
 - BarConvTol: 1e-05
 - Seed: 123
 - AggFill: 0
 - PreDual: 0
 - GURO_PAR_BARDENSETHRESH: 200
INFO:linopy.io:Writing objective.
INFO:linopy.io: Writing time: 0.32s
INFO:linopy.constants: Optimization successful: 
Status: ok
Termination condition: optimal
Solution: 19428 primals, 37319 duals
Objective: 1.96e+11
Solver model: available
Solver message: 2

INFO:pypsa.optimization.optimize:The shadow-prices of the constraints Generator-fix-p-lower, Generator-fix-p-upper, Generator-ext-p-lower, Generator-ext-p-upper, Link-fix-p-lower, Link-fix-p-upper, Link-ext-p-lower, Link-ext-p-upper, Store-fix-e-lower, Store-fix-e-upper, Store-ext-e-lower, Store-ext-e-upper, StorageUnit-fix-p_dispatch-lower, StorageUnit-fix-p_dispatch-upper, StorageUnit-fix-p_store-lower, StorageUnit-fix-p_store-upper, StorageUnit-fix-state_of_charge-lower, StorageUnit-fix-state_of_charge-upper, StorageUnit-energy_balance, Store-energy_balance, solar_potential were not assigned to the network.
INFO:__main__:Maximum memory usage: (823.55078125, 1765533318.9592984)
INFO:pypsa.network.io:Exported network 'Unnamed Network' saved to 'results/eu-overnight/elec_trans_heat_FR_BE_NL_CH_DE_2013/networks/base_s_5___2050.nc contains: stores, storage_units, sub_networks, global_constraints, loads, buses, carriers, links, generators
