
Gurobi 13.0.0 (linux64) logging started Fri Dec 12 10:55:13 2025

Set parameter LogFile to value "/cluster/work/cpesm/acott/pypsa-eur/results/eu-overnight/elec_trans_heat_FR_BE_NL_CH_DE_2013/logs/base_s_5___2050_solver.log"
Gurobi Optimizer version 13.0.0 build v13.0.0rc1 (linux64 - "Ubuntu 22.04.5 LTS")

CPU model: AMD EPYC 7742 64-Core Processor, instruction set [SSE2|AVX|AVX2]
Thread count: 128 physical cores, 128 logical processors, using up to 32 threads

Non-default parameters:
Method  2
BarConvTol  1e-05
Crossover  0
AggFill  0
PreDual  0
Seed  123
Threads  32
GURO_PAR_BARDENSETHRESH  200

Optimize a model with 37319 rows, 19428 columns and 70428 nonzeros (Min)
Model fingerprint: 0xa23eeb32
Model has 16473 linear objective coefficients
Coefficient statistics:
  Matrix range     [1e-02, 1e+02]
  Objective range  [2e-01, 1e+07]
  Bounds range     [2e+00, 7e+10]
  RHS range        [8e+00, 9e+08]
Warning: Model contains large bounds
         Consider reformulating model or setting NumericFocus parameter
         to avoid numerical issues.
Presolve removed 26568 rows and 9151 columns
Presolve time: 0.05s
Presolved: 10751 rows, 10277 columns, 32243 nonzeros
Ordering time: 0.06s

Barrier statistics:
 AA' NZ     : 4.272e+05
 Factor NZ  : 1.368e+06 (roughly 20 MB of memory)
 Factor Ops : 2.313e+08 (less than 1 second per iteration)
 Threads    : 32

                  Objective                Residual
Iter       Primal          Dual         Primal    Dual     Compl     Time
   0   1.23904950e+16 -5.69749282e+15  9.59e+07 5.13e-01  2.00e+13     0s
   1   8.54458734e+15 -3.70333942e+15  6.63e+07 1.99e+05  1.00e+13     1s
   2   2.08158595e+15 -2.21164502e+15  1.44e+07 3.47e+04  2.22e+12     1s
   3   6.38146743e+14 -1.03922837e+15  2.72e+06 7.91e+03  4.62e+11     1s
   4   3.35733601e+14 -6.19135351e+14  8.92e+05 3.47e+03  1.75e+11     1s
   5   1.81651085e+14 -2.79380702e+14  3.02e+05 1.04e+03  6.03e+10     1s
   6   8.43406656e+13 -1.72693440e+14  1.19e+05 4.60e+02  2.62e+10     1s
   7   2.24503809e+13 -3.53288410e+13  1.93e+04 2.86e+01  4.07e+09     1s
   8   5.26255415e+12 -1.03645779e+13  2.94e+03 5.32e+00  8.64e+08     1s
   9   2.19262920e+12 -2.71021954e+12  1.00e+03 2.18e-01  2.54e+08     1s
  10   9.89485651e+11 -7.50127713e+11  3.75e+02 5.70e-08  8.68e+07     1s
  11   5.23429665e+11 -3.61925429e+11  1.53e+02 2.34e-08  4.26e+07     1s
  12   3.23782598e+11 -9.36863716e+10  5.47e+01 1.11e-08  1.96e+07     2s
  13   2.97973484e+11  2.02031867e+10  4.39e+01 6.45e-09  1.30e+07     2s
  14   2.65973106e+11  8.55322112e+10  3.01e+01 3.65e-09  8.43e+06     2s
  15   2.58401637e+11  1.03730130e+11  2.72e+01 2.95e-09  7.22e+06     2s
  16   2.32820418e+11  1.44255899e+11  1.51e+01 1.62e-09  4.12e+06     2s
  17   2.15634363e+11  1.63523596e+11  7.93e+00 9.31e-10  2.41e+06     2s
  18   2.06258280e+11  1.86380994e+11  3.97e+00 9.31e-10  9.21e+05     2s
  19   2.00907394e+11  1.91755564e+11  1.97e+00 9.31e-10  4.25e+05     2s
  20   1.98611669e+11  1.93430446e+11  1.11e+00 9.31e-10  2.40e+05     2s
  21   1.97647580e+11  1.94274253e+11  7.50e-01 9.31e-10  1.57e+05     2s
  22   1.96821321e+11  1.94861472e+11  4.29e-01 9.31e-10  9.10e+04     3s
  23   1.96291359e+11  1.95238793e+11  2.25e-01 9.31e-10  4.88e+04     3s
  24   1.96144103e+11  1.95290540e+11  1.69e-01 4.66e-10  3.95e+04     3s
  25   1.95908203e+11  1.95523283e+11  8.19e-02 9.31e-10  1.79e+04     3s
  26   1.95825791e+11  1.95599455e+11  5.28e-02 4.66e-10  1.05e+04     3s
  27   1.95724154e+11  1.95648292e+11  1.72e-02 9.31e-10  3.53e+03     3s
  28   1.95701641e+11  1.95668226e+11  9.36e-03 9.31e-10  1.56e+03     3s
  29   1.95685151e+11  1.95669855e+11  3.94e-03 9.31e-10  7.15e+02     3s
  30   1.95676913e+11  1.95671525e+11  1.26e-03 9.31e-10  2.51e+02     3s
  31   1.95674424e+11  1.95672476e+11  4.81e-04 9.31e-10  9.10e+01     3s
  32   1.95673196e+11  1.95672757e+11  1.03e-04 9.31e-10  2.05e+01     3s
  33   1.95672934e+11  1.95672820e+11  4.33e-05 9.31e-10  5.27e+00     4s
  34   1.95672853e+11  1.95672840e+11  2.07e-06 9.31e-10  6.11e-01     4s
  35   1.95672851e+11  1.95672847e+11  1.08e-06 1.40e-09  1.71e-01     4s
  36   1.95672849e+11  1.95672848e+11  3.24e-07 9.31e-10  3.32e-02     4s
  37   1.95672848e+11  1.95672848e+11  3.52e-05 1.40e-09  8.18e-03     4s
  38   1.95672848e+11  1.95672848e+11  2.33e-06 1.40e-09  5.75e-04     4s
  39   1.95672848e+11  1.95672848e+11  6.37e-07 1.40e-09  1.23e-04     4s
  40   1.95672848e+11  1.95672848e+11  1.01e-06 4.66e-09  3.33e-06     5s

Barrier solved model in 40 iterations and 4.53 seconds (0.50 work units)
Optimal objective 1.95672848e+11

