MEM 989.503906 1771414073.7898
MEM 990.011719 1771414073.8389
MEM 7273.707031 1771414103.9186
MEM 7352.480469 1771414133.9982
MEM 7109.507812 1771414164.0766
MEM 7052.246094 1771414194.1544
MEM 7078.058594 1771414224.2316
MEM 9003.933594 1771414254.3152
MEM 11012.691406 1771414284.3954
MEM 16485.722656 1771414314.4758
MEM 11119.257812 1771414344.5602
MEM 13635.859375 1771414374.6427
MEM 35927.421875 1771414404.8705
MEM 45644.468750 1771414435.0982
MEM 56915.363281 1771414465.2248
MEM 63408.632812 1771414495.4021
MEM 48192.410156 1771414525.5580
MEM 48988.707031 1771414555.7487
MEM 49827.117188 1771414585.9399
MEM 47952.664062 1771414616.1254
MEM 48018.660156 1771414646.4115
MEM 47907.730469 1771414676.6144
MEM 48020.687500 1771414706.8441
MEM 49582.992188 1771414737.0647
MEM 48633.296875 1771414767.2616
MEM 46481.070312 1771414797.4061
MEM 47200.218750 1771414827.6134
MEM 47992.523438 1771414857.8396
MEM 50883.218750 1771414888.0021
MEM 51839.207031 1771414918.1772
MEM 57102.218750 1771414948.3783
MEM 58734.941406 1771414978.5458
MEM 55417.785156 1771415008.7510
MEM 51273.785156 1771415038.8697
MEM 47600.886719 1771415068.9949
MEM 31567.320312 1771415099.0813
MEM 39276.675781 1771415129.2478
MEM 41469.894531 1771415159.3718
MEM 41504.695312 1771415189.5055
MEM 41540.484375 1771415219.6652
MEM 41572.097656 1771415249.8400
MEM 41600.937500 1771415279.9928
MEM 41627.988281 1771415310.1358
MEM 41627.988281 1771415340.2014
MEM 41655.832031 1771415370.3520
MEM 41683.667969 1771415400.5139
MEM 41735.230469 1771415430.6486
MEM 41759.722656 1771415460.8249
MEM 41781.636719 1771415490.9843
MEM 43746.914062 1771415521.0982
MEM 43769.511719 1771415551.2663
MEM 43791.664062 1771415581.3934
MEM 43816.621094 1771415611.5562
MEM 43840.511719 1771415641.7362
MEM 43858.035156 1771415672.0154
MEM 43873.246094 1771415702.2008
MEM 43889.710938 1771415732.3677
MEM 43909.179688 1771415762.5569
MEM 43924.453125 1771415792.7203
MEM 43945.746094 1771415822.9697
MEM 43960.855469 1771415853.0707
MEM 43972.199219 1771415883.2460
MEM 43978.382812 1771415913.3727
MEM 43991.000000 1771415943.5313
MEM 44007.757812 1771415973.6624
MEM 44011.882812 1771416003.8157
MEM 44023.742188 1771416033.9529
MEM 44037.664062 1771416064.1078
MEM 44037.664062 1771416094.2259
MEM 44051.328125 1771416124.3732
MEM 44065.765625 1771416154.5304
MEM 44065.765625 1771416184.6101
MEM 44078.136719 1771416214.7169
MEM 44089.996094 1771416244.8897
MEM 44096.375000 1771416275.0741
MEM 44102.304688 1771416305.2451
MEM 44114.664062 1771416335.3911
MEM 44125.968750 1771416365.5816
MEM 44126.484375 1771416395.7963
MEM 44137.312500 1771416425.9963
MEM 44145.304688 1771416456.1063
MEM 44145.304688 1771416486.3221
MEM 44156.132812 1771416516.4915
MEM 44159.226562 1771416546.6298
MEM 44163.867188 1771416576.7032
MEM 44175.210938 1771416606.7841
MEM 44185.781250 1771416636.9354
MEM 44185.781250 1771416667.0253
MEM 44197.125000 1771416697.1534
MEM 44204.859375 1771416727.3042
MEM 44204.859375 1771416757.4757
MEM 44213.105469 1771416787.5458
MEM 44220.324219 1771416817.6030
MEM 44224.191406 1771416847.7952
MEM 44228.058594 1771416877.9145
MEM 44235.792969 1771416908.0696
MEM 44235.792969 1771416938.2245
MEM 44243.246094 1771416968.4127
MEM 44247.628906 1771416998.5653
MEM 44250.722656 1771417028.7568
MEM 44254.332031 1771417058.8621
MEM 44262.066406 1771417088.9999
MEM 44265.160156 1771417119.2592
MEM 44269.027344 1771417149.4365
MEM 44274.183594 1771417179.5375
MEM 44281.402344 1771417209.6714
MEM 44283.722656 1771417239.7967
MEM 44286.816406 1771417269.9040
MEM 44293.003906 1771417300.0292
MEM 44295.324219 1771417330.2192
MEM 44297.386719 1771417360.4054
MEM 44304.605469 1771417390.5326
MEM 44310.019531 1771417420.8289
MEM 44310.019531 1771417451.1366
MEM 44314.660156 1771417481.3124
MEM 44322.652344 1771417511.4899
MEM 44322.652344 1771417542.0160
MEM 44325.488281 1771417572.2287
MEM 44330.902344 1771417602.3897
MEM 44330.902344 1771417632.5258
MEM 44336.832031 1771417662.6536
MEM 44340.699219 1771417692.7935
MEM 44340.699219 1771417722.8781
MEM 44343.277344 1771417752.9961
MEM 44346.628906 1771417783.0591
MEM 44349.207031 1771417813.2010
MEM 44349.722656 1771417843.3389
MEM 44355.136719 1771417873.4931
MEM 44357.714844 1771417903.6537
MEM 44359.519531 1771417933.8034
MEM 44364.160156 1771417963.9586
MEM 44365.964844 1771417994.1385
MEM 44366.996094 1771418024.3051
MEM 44369.828125 1771418054.4255
MEM 44369.824219 1771418084.6832
MEM 44373.175781 1771418114.7698
MEM 44377.558594 1771418144.8954
MEM 44377.558594 1771418174.9617
MEM 44380.652344 1771418205.1899
MEM 44384.515625 1771418235.3220
MEM 44384.515625 1771418265.4608
MEM 44386.578125 1771418295.5979
MEM 44388.125000 1771418325.7143
MEM 44390.445312 1771418355.8863
MEM 44391.218750 1771418386.0387
MEM 44393.539062 1771418416.1729
MEM 44394.828125 1771418446.3505
MEM 44395.601562 1771418476.4544
MEM 44397.148438 1771418506.6373
MEM 44400.242188 1771418536.8130
MEM 44401.015625 1771418566.9793
MEM 44402.046875 1771418597.0697
MEM 44403.851562 1771418627.2258
MEM 44407.203125 1771418657.4071
MEM 44407.203125 1771418687.5651
MEM 44409.265625 1771418717.7139
MEM 44410.296875 1771418747.8486
MEM 44412.617188 1771418777.9381
MEM 44412.875000 1771418808.0184
MEM 44414.421875 1771418838.1761
MEM 44415.968750 1771418868.3160
MEM 44417.000000 1771418898.5276
MEM 44417.000000 1771418928.6788
MEM 44419.320312 1771418958.8682
MEM 44420.351562 1771418988.9307
MEM 44420.351562 1771419019.1696
MEM 44421.382812 1771419049.3396
MEM 44422.414062 1771419079.5114
MEM 44422.671875 1771419109.6814
MEM 44423.187500 1771419139.8392
MEM 44425.507812 1771419169.9619
MEM 44427.570312 1771419200.0984
MEM 44428.859375 1771419230.2836
MEM 44431.953125 1771419260.4683
MEM 44431.953125 1771419290.6232
MEM 44432.468750 1771419320.7889
MEM 44434.273438 1771419350.9920
MEM 44434.789062 1771419381.0715
MEM 44435.046875 1771419411.1627
MEM 44436.593750 1771419441.2845
MEM 44437.625000 1771419471.4700
MEM 44438.914062 1771419501.5524
MEM 44439.945312 1771419531.7224
MEM 44439.945312 1771419561.9157
MEM 44440.460938 1771419592.0574
MEM 44441.234375 1771419622.2320
MEM 44442.265625 1771419652.4025
MEM 44442.523438 1771419682.5427
MEM 44443.039062 1771419712.6528
MEM 44443.039062 1771419742.8539
MEM 44443.812500 1771419773.0421
MEM 44444.585938 1771419803.1884
MEM 44446.132812 1771419833.3585
MEM 44446.132812 1771419863.5343
MEM 44447.164062 1771419893.6900
MEM 44447.164062 1771419923.8579
MEM 44447.164062 1771419954.0100
MEM 44447.679688 1771419984.1973
MEM 44447.937500 1771420014.3802
MEM 44449.226562 1771420044.5180
MEM 44449.226562 1771420074.6989
MEM 44450.257812 1771420104.8378
MEM 44450.773438 1771420134.9848
MEM 44450.773438 1771420165.1925
MEM 44451.027344 1771420195.3529
MEM 44451.800781 1771420225.5093
MEM 44452.058594 1771420255.7789
MEM 44452.058594 1771420285.9122
MEM 44452.574219 1771420316.1108
MEM 44453.347656 1771420346.2255
MEM 44453.347656 1771420376.4507
MEM 44453.601562 1771420406.6538
MEM 44453.859375 1771420436.8323
MEM 44454.375000 1771420467.0417
MEM 44454.632812 1771420497.2497
MEM 44454.890625 1771420527.4125
MEM 44456.179688 1771420557.5752
MEM 44456.179688 1771420587.7531
MEM 44456.179688 1771420617.9194
MEM 44456.695312 1771420648.0276
MEM 44456.953125 1771420678.2197
MEM 44456.953125 1771420708.3819
MEM 44457.726562 1771420738.7901
MEM 44457.984375 1771420769.0381
MEM 44458.757812 1771420799.1127
MEM 44458.757812 1771420829.1731
MEM 44459.273438 1771420859.3423
MEM 44459.789062 1771420889.4811
MEM 44460.304688 1771420919.6912
MEM 44460.562500 1771420949.8918
MEM 44460.820312 1771420980.0431
MEM 44461.078125 1771421010.2592
MEM 44461.078125 1771421040.9617
MEM 44461.593750 1771421071.0562
MEM 44462.109375 1771421101.2176
MEM 44462.109375 1771421131.3256
MEM 44462.882812 1771421161.5737
MEM 44463.140625 1771421191.7765
MEM 44463.140625 1771421221.8686
MEM 44463.140625 1771421251.9768
MEM 44463.398438 1771421282.1148
MEM 44463.656250 1771421312.2743
MEM 44464.687500 1771421342.4860
MEM 44464.687500 1771421372.6652
MEM 44465.203125 1771421402.7414
MEM 44465.460938 1771421432.8360
MEM 44465.976562 1771421462.9108
MEM 44465.976562 1771421493.0665
MEM 44466.492188 1771421523.2037
MEM 44466.492188 1771421553.2880
MEM 44466.492188 1771421583.3784
MEM 44467.007812 1771421613.5224
MEM 44467.007812 1771421643.6087
MEM 44467.007812 1771421673.6816
MEM 44467.007812 1771421703.8570
MEM 44467.007812 1771421733.9926
MEM 44467.007812 1771421764.0631
MEM 44467.761719 1771421794.1377
MEM 44468.777344 1771421824.3395
MEM 44468.777344 1771421854.5563
MEM 44468.777344 1771421884.6782
MEM 44469.027344 1771421914.7467
MEM 44469.277344 1771421944.8512
MEM 44469.535156 1771421975.0393
MEM 44469.535156 1771422005.1958
MEM 44471.929688 1771422035.4216
MEM 44472.179688 1771422065.5242
MEM 44473.195312 1771422095.7265
MEM 44473.195312 1771422125.9229
MEM 44473.195312 1771422156.1288
MEM 44473.195312 1771422186.3890
MEM 44473.453125 1771422216.5166
MEM 44473.453125 1771422246.7016
MEM 44474.476562 1771422276.8830
MEM 44474.476562 1771422307.0449
MEM 44474.734375 1771422337.2510
MEM 44474.734375 1771422367.4419
MEM 44474.734375 1771422397.5433
MEM 44474.984375 1771422427.6246
MEM 44474.984375 1771422457.6957
MEM 44474.984375 1771422487.7833
MEM 44475.242188 1771422517.9430
MEM 44475.242188 1771422548.0401
MEM 44475.492188 1771422578.1203
MEM 44475.492188 1771422608.1955
MEM 44475.742188 1771422638.2800
MEM 44475.742188 1771422668.4094
MEM 44475.742188 1771422698.5594
MEM 44475.742188 1771422728.6346
MEM 44475.742188 1771422758.7211
MEM 44475.742188 1771422788.8190
MEM 44475.742188 1771422818.9031
MEM 44475.742188 1771422848.9700
MEM 44475.992188 1771422879.0886
MEM 44475.992188 1771422909.1758
MEM 44475.992188 1771422939.2434
MEM 44476.242188 1771422969.3250
MEM 44476.242188 1771422999.4159
MEM 44476.242188 1771423029.5150
MEM 44476.242188 1771423059.7935
MEM 44476.242188 1771423089.8599
MEM 44476.242188 1771423119.9400
MEM 44476.242188 1771423150.2473
MEM 44476.242188 1771423180.3226
MEM 44476.500000 1771423210.3997
MEM 44476.500000 1771423240.4920
MEM 44476.500000 1771423270.5894
MEM 44476.757812 1771423300.6659
MEM 44476.757812 1771423330.7447
MEM 44476.757812 1771423360.8946
MEM 44477.015625 1771423391.0046
MEM 44477.015625 1771423421.0785
MEM 44477.265625 1771423451.2619
MEM 44477.265625 1771423481.4404
MEM 44477.265625 1771423511.5186
MEM 44477.265625 1771423541.6062
MEM 44477.523438 1771423571.7249
MEM 44477.523438 1771423601.9041
MEM 44477.523438 1771423632.0718
MEM 44477.523438 1771423662.2441
MEM 44477.781250 1771423692.4046
MEM 44477.781250 1771423722.5688
MEM 44478.039062 1771423752.7075
MEM 44478.039062 1771423782.9125
MEM 44478.039062 1771423813.0816
MEM 44478.039062 1771423843.2673
MEM 44478.039062 1771423873.4519
MEM 44478.039062 1771423903.6896
MEM 44478.039062 1771423933.9046
MEM 44478.039062 1771423964.0739
MEM 44478.039062 1771423994.1534
MEM 44478.039062 1771424024.3452
MEM 44478.039062 1771424054.5304
MEM 44478.039062 1771424084.6963
MEM 44478.039062 1771424115.0458
MEM 13705.984375 1771424145.1245
MEM 19658.070312 1771424175.2065
MEM 20384.292969 1771424205.2875
MEM 21574.574219 1771424235.3688
MEM 22398.542969 1771424265.4500
MEM 19534.238281 1771424294.1133
