
Gurobi 13.0.0 (linux64) logging started Wed Feb 18 12:31:28 2026

Set parameter LogFile to value "/cluster/work/cpesm/acott/pypsa-eur/results/eu-overnight/ccl_high_offwind/logs/base_s_40___2050_solver.log"
Gurobi Optimizer version 13.0.0 build v13.0.0rc1 (linux64 - "Ubuntu 22.04.5 LTS")

CPU model: AMD EPYC 7H12 64-Core Processor, instruction set [SSE2|AVX|AVX2]
Thread count: 128 physical cores, 128 logical processors, using up to 32 threads

Non-default parameters:
Method  2
BarConvTol  1e-05
Crossover  0
AggFill  0
PreDual  0
Seed  123
Threads  32
GURO_PAR_BARDENSETHRESH  200

Optimize a model with 22673377 rows, 10102042 columns and 51001791 nonzeros (Min)
Model fingerprint: 0x54ca76b8
Model has 8161427 linear objective coefficients
Coefficient statistics:
  Matrix range     [2e-03, 5e+02]
  Objective range  [2e-02, 1e+06]
  Bounds range     [9e-02, 2e+11]
  RHS range        [2e-01, 1e+09]
Warning: Model contains large rhs
Warning: Model contains large bounds
         Consider reformulating model or setting NumericFocus parameter
         to avoid numerical issues.
Presolve removed 11315946 rows and 1218331 columns (presolve time = 8s)...
Presolve removed 11315946 rows and 1218331 columns (presolve time = 10s)...
Presolve removed 11317615 rows and 1220000 columns (presolve time = 16s)...
Presolve removed 12484746 rows and 2387131 columns (presolve time = 21s)...
Presolve removed 12484746 rows and 2387131 columns (presolve time = 26s)...
Presolve removed 12484746 rows and 2387131 columns (presolve time = 31s)...
Presolve removed 12484746 rows and 2387131 columns (presolve time = 37s)...
Presolve removed 12484747 rows and 2387170 columns (presolve time = 43s)...
Presolve removed 12484747 rows and 2387170 columns (presolve time = 45s)...
Presolve removed 12484747 rows and 2391549 columns (presolve time = 50s)...
Presolve removed 12484747 rows and 2391549 columns
Presolve time: 54.71s
Presolved: 10188630 rows, 7710493 columns, 35369809 nonzeros
Elapsed ordering time = 14s
Elapsed ordering time = 15s
Elapsed ordering time = 20s
Elapsed ordering time = 25s
Elapsed ordering time = 30s
Elapsed ordering time = 139s
Elapsed ordering time = 177s
Elapsed ordering time = 231s
Elapsed ordering time = 254s
Elapsed ordering time = 260s
Elapsed ordering time = 291s
Elapsed ordering time = 310s
Elapsed ordering time = 326s
Elapsed ordering time = 334s
Elapsed ordering time = 339s
Elapsed ordering time = 359s
Elapsed ordering time = 370s
Elapsed ordering time = 376s
Elapsed ordering time = 385s
Elapsed ordering time = 394s
Elapsed ordering time = 404s
Elapsed ordering time = 407s
Elapsed ordering time = 411s
Elapsed ordering time = 422s
Elapsed ordering time = 429s
Elapsed ordering time = 432s
Elapsed ordering time = 437s
Elapsed ordering time = 441s
Elapsed ordering time = 446s
Elapsed ordering time = 451s
Elapsed ordering time = 456s
Elapsed ordering time = 460s
Elapsed ordering time = 465s
Elapsed ordering time = 470s
Elapsed ordering time = 475s
Elapsed ordering time = 481s
Elapsed ordering time = 485s
Elapsed ordering time = 491s
Elapsed ordering time = 496s
Elapsed ordering time = 500s
Elapsed ordering time = 506s
Elapsed ordering time = 513s
Elapsed ordering time = 515s
Elapsed ordering time = 520s
Elapsed ordering time = 525s
Elapsed ordering time = 531s
Elapsed ordering time = 542s
Elapsed ordering time = 545s
Elapsed ordering time = 550s
Elapsed ordering time = 555s
Elapsed ordering time = 560s
Elapsed ordering time = 565s
Elapsed ordering time = 570s
Elapsed ordering time = 575s
Elapsed ordering time = 580s
Elapsed ordering time = 585s
Elapsed ordering time = 590s
Elapsed ordering time = 595s
Elapsed ordering time = 600s
Elapsed ordering time = 605s
Elapsed ordering time = 610s
Elapsed ordering time = 615s
Elapsed ordering time = 620s
Elapsed ordering time = 625s
Elapsed ordering time = 630s
Elapsed ordering time = 635s
Elapsed ordering time = 640s
Elapsed ordering time = 645s
Elapsed ordering time = 650s
Elapsed ordering time = 655s
Ordering time: 741.73s

Barrier statistics:
 Dense cols : 1442
 AA' NZ     : 4.488e+07
 Factor NZ  : 6.907e+08 (roughly 13.0 GB of memory)
 Factor Ops : 1.192e+12 (roughly 4 seconds per iteration)
 Threads    : 32

                  Objective                Residual
Iter       Primal          Dual         Primal    Dual     Compl     Time
   0   6.68187716e+16 -3.96303035e+16  5.15e+13 1.53e+02  1.24e+13   848s
   1   7.76814893e+16 -3.96763474e+16  4.26e+13 1.29e+04  1.05e+13   873s
   2   7.82177042e+16 -3.96389628e+16  4.21e+13 1.29e+04  1.04e+13   912s
   3   8.40815078e+16 -3.96749161e+16  3.92e+13 1.53e+05  8.93e+12   947s
   4   8.65308841e+16 -4.36083933e+16  3.44e+13 6.56e+04  8.06e+12   981s
   5   9.50884462e+16 -4.40392417e+16  2.46e+13 2.67e+06  5.08e+12  1015s
   6   1.04212763e+17 -4.21557580e+16  6.66e+12 3.47e+06  1.46e+12  1053s
   7   1.00723119e+17 -3.80741347e+16  2.80e+12 4.05e+06  6.19e+11  1086s
   8   8.49022047e+16 -3.21911369e+16  1.33e+12 4.04e+06  2.98e+11  1114s
   9   5.44159376e+16 -2.62347653e+16  4.38e+11 6.53e+06  1.02e+11  1136s
  10   2.86561612e+16 -2.05245956e+16  1.09e+11 5.56e+06  2.78e+10  1161s
  11   1.13249295e+16 -1.16009060e+16  2.17e+10 7.47e+06  5.99e+09  1185s
  12   4.78669315e+15 -6.97515886e+15  6.81e+09 5.22e+06  1.90e+09  1207s
  13   1.87644263e+15 -3.90990296e+15  2.10e+09 1.03e+06  6.22e+08  1236s
  14   5.01897086e+14 -1.53729825e+15  4.90e+08 1.78e+05  1.60e+08  1265s
  15   2.49596087e+14 -5.27113662e+14  2.28e+08 4.92e+04  5.68e+07  1295s
  16   2.27456647e+14 -4.07123163e+14  2.06e+08 3.61e+04  4.64e+07  1322s
  17   1.72616506e+14 -1.27780181e+14  1.52e+08 7.93e+03  2.22e+07  1352s
  18   8.43386004e+13 -9.67236389e+13  7.07e+07 5.55e+03  1.23e+07  1383s
  19   2.39144285e+13 -6.02698854e+13  1.71e+07 3.18e+03  5.13e+06  1424s
  20   1.51960981e+13 -3.28555586e+13  9.65e+06 1.67e+03  2.85e+06  1456s
  21   1.16694219e+13 -3.21392306e+13  7.17e+06 1.63e+03  2.57e+06  1485s
  22   1.07588195e+13 -1.99963628e+13  6.46e+06 9.98e+02  1.80e+06  1515s
  23   9.65077636e+12 -1.72120377e+13  5.71e+06 8.62e+02  1.57e+06  1551s
  24   9.31713254e+12 -1.54248670e+13  5.49e+06 7.75e+02  1.44e+06  1591s
  25   6.91880644e+12 -1.26166102e+13  3.81e+06 6.28e+02  1.13e+06  1624s
  26   6.34254822e+12 -1.15010650e+13  3.44e+06 5.74e+02  1.03e+06  1670s
  27   5.43946512e+12 -1.06370148e+13  2.87e+06 5.33e+02  9.21e+05  1714s
  28   4.84691486e+12 -9.75097398e+12  2.49e+06 4.91e+02  8.34e+05  1760s
  29   4.31014087e+12 -8.79537832e+12  2.15e+06 4.45e+02  7.46e+05  1806s
  30   3.86974602e+12 -7.05868771e+12  1.85e+06 3.64e+02  6.21e+05  1850s
  31   3.41224217e+12 -5.62255527e+12  1.56e+06 2.96e+02  5.12e+05  1896s
  32   2.93890462e+12 -4.82685359e+12  1.26e+06 2.58e+02  4.39e+05  1941s
  33   2.65221121e+12 -4.08781176e+12  1.08e+06 2.23e+02  3.80e+05  1984s
  34   2.41256204e+12 -3.24900100e+12  9.39e+05 1.83e+02  3.19e+05  2022s
  35   2.23200385e+12 -2.35451757e+12  8.26e+05 1.40e+02  2.58e+05  2072s
  36   1.97785286e+12 -1.96086790e+12  6.79e+05 1.21e+02  2.21e+05  2115s
  37   1.91575182e+12 -1.79467243e+12  6.45e+05 1.14e+02  2.08e+05  2161s
  38   1.82090179e+12 -1.38991168e+12  5.93e+05 9.43e+01  1.80e+05  2208s
  39   1.67243117e+12 -1.05026163e+12  5.10e+05 7.80e+01  1.53e+05  2256s
  40   1.56240309e+12 -6.84820043e+11  4.51e+05 6.04e+01  1.26e+05  2296s
  41   1.41831346e+12 -2.15915100e+11  3.76e+05 3.74e+01  9.15e+04  2342s
  42   1.32206204e+12 -7.05851994e+10  3.29e+05 3.02e+01  7.79e+04  2381s
  43   1.23036904e+12  3.12371834e+10  2.85e+05 2.51e+01  6.71e+04  2425s
  44   1.13526388e+12  7.33030415e+10  2.40e+05 2.30e+01  5.94e+04  2471s
  45   1.10887261e+12  1.53089326e+11  2.27e+05 1.91e+01  5.34e+04  2516s
  46   1.03382656e+12  1.93973826e+11  1.93e+05 1.70e+01  4.69e+04  2558s
  47   9.97790029e+11  2.24497996e+11  1.76e+05 1.55e+01  4.32e+04  2605s
  48   9.51869861e+11  2.63723630e+11  1.55e+05 1.36e+01  3.84e+04  2653s
  49   9.20833319e+11  2.79048879e+11  1.40e+05 1.28e+01  3.58e+04  2689s
  50   8.74898189e+11  3.33962449e+11  1.19e+05 1.01e+01  3.02e+04  2737s
  51   8.54970135e+11  3.58899239e+11  1.09e+05 8.92e+00  2.77e+04  2789s
  52   8.26192847e+11  4.06265992e+11  9.57e+04 6.71e+00  2.34e+04  2828s
  53   8.06075079e+11  4.16234751e+11  8.64e+04 6.24e+00  2.17e+04  2870s
  54   7.87312437e+11  4.37053576e+11  7.76e+04 5.28e+00  1.95e+04  2915s
  55   7.81834175e+11  4.49488186e+11  7.50e+04 4.69e+00  1.85e+04  2949s
  56   7.67014158e+11  4.63225783e+11  6.80e+04 4.06e+00  1.69e+04  2996s
  57   7.51710123e+11  4.73680921e+11  6.07e+04 3.57e+00  1.55e+04  3039s
  58   7.39957256e+11  4.84393221e+11  5.51e+04 3.06e+00  1.42e+04  3081s
  59   7.28198761e+11  4.94908612e+11  4.94e+04 2.63e+00  1.30e+04  3127s
  60   7.20826791e+11  5.02024176e+11  4.57e+04 2.48e+00  1.22e+04  3174s
  61   7.16230048e+11  5.16694662e+11  4.33e+04 2.18e+00  1.11e+04  3214s
  62   7.07042967e+11  5.26112490e+11  3.88e+04 1.98e+00  1.01e+04  3259s
  63   7.02533806e+11  5.39741984e+11  3.67e+04 1.70e+00  9.06e+03  3306s
  64   6.96277255e+11  5.47348990e+11  3.36e+04 1.54e+00  8.29e+03  3349s
  65   6.90631889e+11  5.57602642e+11  3.09e+04 1.33e+00  7.40e+03  3395s
  66   6.85973812e+11  5.64623106e+11  2.86e+04 1.18e+00  6.75e+03  3442s
  67   6.76796337e+11  5.69695270e+11  2.41e+04 1.08e+00  5.96e+03  3480s
  68   6.72248425e+11  5.73692689e+11  2.19e+04 9.91e-01  5.48e+03  3521s
  69   6.70775933e+11  5.76825262e+11  2.12e+04 9.26e-01  5.23e+03  3567s
  70   6.66363121e+11  5.80515963e+11  1.91e+04 8.50e-01  4.77e+03  3612s
  71   6.63282833e+11  5.84918198e+11  1.76e+04 7.55e-01  4.36e+03  3659s
  72   6.57718676e+11  5.87937782e+11  1.49e+04 6.89e-01  3.88e+03  3703s
  73   6.55848987e+11  5.90561643e+11  1.40e+04 6.34e-01  3.63e+03  3750s
  74   6.53958235e+11  5.92963785e+11  1.31e+04 5.84e-01  3.39e+03  3796s
  75   6.52194291e+11  5.95602665e+11  1.23e+04 5.28e-01  3.15e+03  3843s
  76   6.50425457e+11  5.97923824e+11  1.15e+04 4.80e-01  2.92e+03  3887s
  77   6.48920957e+11  6.00303437e+11  1.08e+04 4.31e-01  2.70e+03  3934s
  78   6.48321475e+11  6.01212549e+11  1.05e+04 4.13e-01  2.62e+03  3979s
  79   6.46974332e+11  6.03140827e+11  9.84e+03 3.73e-01  2.44e+03  4025s
  80   6.45712680e+11  6.04243895e+11  9.25e+03 3.51e-01  2.31e+03  4064s
  81   6.44953630e+11  6.05417636e+11  8.90e+03 3.28e-01  2.20e+03  4107s
  82   6.43920326e+11  6.06836063e+11  8.41e+03 3.00e-01  2.06e+03  4154s
  83   6.42667032e+11  6.08202340e+11  7.83e+03 2.74e-01  1.92e+03  4202s
  84   6.42371567e+11  6.08433523e+11  7.69e+03 2.69e-01  1.89e+03  4236s
  85   6.41619494e+11  6.09074934e+11  7.34e+03 2.57e-01  1.81e+03  4277s
  86   6.41146146e+11  6.09367461e+11  7.12e+03 2.52e-01  1.77e+03  4317s
  87   6.40577116e+11  6.09895541e+11  6.84e+03 2.42e-01  1.71e+03  4364s
  88   6.40168060e+11  6.10317784e+11  6.65e+03 2.35e-01  1.66e+03  4404s
  89   6.40104408e+11  6.10685757e+11  6.62e+03 2.28e-01  1.64e+03  4439s
  90   6.39300112e+11  6.11329069e+11  6.24e+03 2.17e-01  1.55e+03  4485s
  91   6.38976496e+11  6.11483398e+11  6.09e+03 2.14e-01  1.53e+03  4520s
  92   6.38374806e+11  6.11995108e+11  5.81e+03 2.06e-01  1.47e+03  4564s
  93   6.38093559e+11  6.12102496e+11  5.67e+03 2.04e-01  1.44e+03  4598s
  94   6.37575656e+11  6.12940140e+11  5.43e+03 1.90e-01  1.37e+03  4641s
  95   6.37290076e+11  6.13552605e+11  5.29e+03 1.80e-01  1.32e+03  4686s
  96   6.36857781e+11  6.14231733e+11  5.09e+03 1.69e-01  1.26e+03  4730s
  97   6.36333374e+11  6.14749026e+11  4.84e+03 1.61e-01  1.20e+03  4775s
  98   6.36008023e+11  6.15153126e+11  4.69e+03 1.54e-01  1.16e+03  4819s
  99   6.35743053e+11  6.15302069e+11  4.56e+03 1.52e-01  1.14e+03  4854s
 100   6.35507235e+11  6.15448888e+11  4.45e+03 1.50e-01  1.11e+03  4895s
 101   6.35305139e+11  6.15546710e+11  4.35e+03 1.48e-01  1.10e+03  4927s
 102   6.35151875e+11  6.15593443e+11  4.28e+03 1.48e-01  1.09e+03  4961s
 103   6.34803895e+11  6.16222969e+11  4.11e+03 1.38e-01  1.03e+03  5006s
 104   6.34497278e+11  6.16605336e+11  3.97e+03 1.32e-01  9.94e+02  5052s
 105   6.34261479e+11  6.16827447e+11  3.85e+03 1.29e-01  9.69e+02  5091s
 106   6.34113239e+11  6.16946051e+11  3.78e+03 1.27e-01  9.54e+02  5123s
 107   6.33955843e+11  6.17091999e+11  3.71e+03 1.25e-01  9.37e+02  5162s
 108   6.33812505e+11  6.17150217e+11  3.64e+03 1.24e-01  9.26e+02  5197s
 109   6.33745324e+11  6.17434020e+11  3.60e+03 1.20e-01  9.06e+02  5230s
 110   6.33455013e+11  6.17946445e+11  3.46e+03 1.12e-01  8.62e+02  5276s
 111   6.33217634e+11  6.18197251e+11  3.35e+03 1.08e-01  8.34e+02  5317s
 112   6.32962196e+11  6.18486906e+11  3.22e+03 1.04e-01  8.04e+02  5362s
 113   6.32750605e+11  6.18817739e+11  3.12e+03 9.95e-02  7.74e+02  5407s
 114   6.32464226e+11  6.19194551e+11  2.98e+03 9.43e-02  7.37e+02  5453s
 115   6.32318464e+11  6.19380257e+11  2.91e+03 9.17e-02  7.19e+02  5490s
 116   6.31983201e+11  6.19613395e+11  2.74e+03 8.85e-02  6.87e+02  5534s
 117   6.31692569e+11  6.19913756e+11  2.60e+03 8.45e-02  6.54e+02  5578s
 118   6.31491271e+11  6.20261475e+11  2.50e+03 7.98e-02  6.24e+02  5624s
 119   6.31248586e+11  6.20485184e+11  2.39e+03 7.67e-02  5.98e+02  5668s
 120   6.31017554e+11  6.20792779e+11  2.27e+03 7.26e-02  5.68e+02  5709s
 121   6.30762181e+11  6.21045296e+11  2.15e+03 6.92e-02  5.40e+02  5752s
 122   6.30635674e+11  6.21205297e+11  2.09e+03 6.71e-02  5.24e+02  5791s
 123   6.30419497e+11  6.21477342e+11  1.98e+03 6.34e-02  4.97e+02  5838s
 124   6.30264418e+11  6.21737034e+11  1.91e+03 6.00e-02  4.74e+02  5880s
 125   6.30073288e+11  6.21930609e+11  1.81e+03 5.74e-02  4.52e+02  5924s
 126   6.29923732e+11  6.22120683e+11  1.74e+03 5.49e-02  4.33e+02  5964s
 127   6.29776246e+11  6.22265051e+11  1.67e+03 5.30e-02  4.17e+02  6010s
 128   6.29601776e+11  6.22441283e+11  1.58e+03 5.07e-02  3.98e+02  6050s
 129   6.29499149e+11  6.22645433e+11  1.53e+03 4.80e-02  3.81e+02  6092s
 130   6.29376610e+11  6.22816259e+11  1.47e+03 4.57e-02  3.64e+02  6137s
 131   6.29245062e+11  6.22939640e+11  1.41e+03 4.41e-02  3.50e+02  6174s
 132   6.29157170e+11  6.23092752e+11  1.37e+03 4.21e-02  3.37e+02  6214s
 133   6.29011077e+11  6.23254478e+11  1.30e+03 4.00e-02  3.20e+02  6258s
 134   6.28843839e+11  6.23380131e+11  1.21e+03 3.84e-02  3.03e+02  6302s
 135   6.28801188e+11  6.23504435e+11  1.19e+03 3.68e-02  2.94e+02  6343s
 136   6.28676442e+11  6.23714246e+11  1.13e+03 3.41e-02  2.76e+02  6383s
 137   6.28551844e+11  6.23906956e+11  1.07e+03 3.17e-02  2.58e+02  6425s
 138   6.28510790e+11  6.23961422e+11  1.05e+03 3.10e-02  2.53e+02  6456s
 139   6.28389646e+11  6.24120927e+11  9.95e+02 2.89e-02  2.37e+02  6498s
 140   6.28289074e+11  6.24225327e+11  9.47e+02 2.76e-02  2.26e+02  6542s
 141   6.28158606e+11  6.24328336e+11  8.85e+02 2.63e-02  2.13e+02  6588s
 142   6.28074856e+11  6.24400516e+11  8.44e+02 2.53e-02  2.04e+02  6629s
 143   6.27995046e+11  6.24519818e+11  8.06e+02 2.38e-02  1.93e+02  6675s
 144   6.27873601e+11  6.24625162e+11  7.48e+02 2.24e-02  1.80e+02  6717s
 145   6.27776427e+11  6.24722378e+11  7.02e+02 2.11e-02  1.70e+02  6763s
 146   6.27738957e+11  6.24817359e+11  6.83e+02 1.99e-02  1.62e+02  6801s
 147   6.27661720e+11  6.24846080e+11  6.47e+02 1.95e-02  1.56e+02  6845s
 148   6.27589199e+11  6.24964653e+11  6.13e+02 1.79e-02  1.46e+02  6884s
 149   6.27524580e+11  6.25007566e+11  5.82e+02 1.74e-02  1.40e+02  6926s
 150   6.27511707e+11  6.25065284e+11  5.76e+02 1.66e-02  1.36e+02  6963s
 151   6.27478695e+11  6.25101212e+11  5.60e+02 1.61e-02  1.32e+02  7004s
 152   6.27401184e+11  6.25178815e+11  5.23e+02 1.51e-02  1.23e+02  7044s
 153   6.27349003e+11  6.25256725e+11  4.99e+02 1.41e-02  1.16e+02  7089s
 154   6.27327542e+11  6.25290710e+11  4.88e+02 1.36e-02  1.13e+02  7126s
 155   6.27260929e+11  6.25367276e+11  4.57e+02 1.26e-02  1.05e+02  7169s
 156   6.27228789e+11  6.25396625e+11  4.42e+02 1.22e-02  1.02e+02  7205s
 157   6.27209564e+11  6.25429078e+11  4.32e+02 1.17e-02  9.88e+01  7245s
 158   6.27183525e+11  6.25463872e+11  4.20e+02 1.13e-02  9.55e+01  7284s
 159   6.27158803e+11  6.25507065e+11  4.08e+02 1.07e-02  9.17e+01  7317s
 160   6.27070800e+11  6.25577180e+11  3.67e+02 9.71e-03  8.29e+01  7359s
 161   6.27030140e+11  6.25641950e+11  3.48e+02 8.83e-03  7.71e+01  7400s
 162   6.26998599e+11  6.25715027e+11  3.33e+02 7.83e-03  7.13e+01  7434s
 163   6.26949264e+11  6.25748213e+11  3.10e+02 7.37e-03  6.67e+01  7476s
 164   6.26918445e+11  6.25775187e+11  2.96e+02 7.01e-03  6.35e+01  7516s
 165   6.26879819e+11  6.25798981e+11  2.78e+02 6.68e-03  6.00e+01  7562s
 166   6.26842538e+11  6.25820642e+11  2.61e+02 6.39e-03  5.67e+01  7598s
 167   6.26825831e+11  6.25841806e+11  2.53e+02 6.10e-03  5.46e+01  7637s
 168   6.26792030e+11  6.25864761e+11  2.37e+02 5.80e-03  5.15e+01  7681s
 169   6.26754075e+11  6.25879799e+11  2.19e+02 5.60e-03  4.85e+01  7715s
 170   6.26742433e+11  6.25902087e+11  2.14e+02 5.29e-03  4.66e+01  7754s
 171   6.26724891e+11  6.25917115e+11  2.05e+02 5.09e-03  4.48e+01  7793s
 172   6.26698366e+11  6.25941437e+11  1.93e+02 4.76e-03  4.20e+01  7827s
 173   6.26673119e+11  6.25970828e+11  1.81e+02 4.36e-03  3.90e+01  7865s
 174   6.26658326e+11  6.25992484e+11  1.74e+02 4.06e-03  3.70e+01  7903s
 175   6.26638301e+11  6.26005916e+11  1.65e+02 3.88e-03  3.51e+01  7942s
 176   6.26608808e+11  6.26026419e+11  1.51e+02 3.60e-03  3.23e+01  7977s
 177   6.26594931e+11  6.26038445e+11  1.44e+02 3.43e-03  3.09e+01  8006s
 178   6.26579593e+11  6.26049299e+11  1.37e+02 3.28e-03  2.94e+01  8042s
 179   6.26571295e+11  6.26058340e+11  1.33e+02 3.16e-03  2.85e+01  8076s
 180   6.26554836e+11  6.26071795e+11  1.25e+02 2.97e-03  2.68e+01  8111s
 181   6.26543714e+11  6.26093286e+11  1.20e+02 2.68e-03  2.50e+01  8148s
 182   6.26533257e+11  6.26095363e+11  1.15e+02 2.65e-03  2.43e+01  8182s
 183   6.26518164e+11  6.26113571e+11  1.08e+02 2.40e-03  2.25e+01  8217s
 184   6.26498204e+11  6.26121477e+11  9.88e+01 2.28e-03  2.09e+01  8255s
 185   6.26489103e+11  6.26124629e+11  9.44e+01 2.24e-03  2.02e+01  8286s
 186   6.26475915e+11  6.26137621e+11  8.82e+01 2.06e-03  1.88e+01  8328s
 187   6.26467846e+11  6.26147870e+11  8.44e+01 1.91e-03  1.78e+01  8362s
 188   6.26446661e+11  6.26152490e+11  7.44e+01 1.85e-03  1.63e+01  8397s
 189   6.26442358e+11  6.26157096e+11  7.24e+01 1.78e-03  1.58e+01  8431s
 190   6.26431007e+11  6.26169681e+11  6.71e+01 1.61e-03  1.45e+01  8469s
 191   6.26421451e+11  6.26175778e+11  6.27e+01 1.53e-03  1.36e+01  8504s
 192   6.26413351e+11  6.26187357e+11  5.89e+01 1.37e-03  1.25e+01  8540s
 193   6.26406052e+11  6.26199930e+11  5.55e+01 1.20e-03  1.14e+01  8581s
 194   6.26402966e+11  6.26206212e+11  5.40e+01 1.11e-03  1.09e+01  8617s
 195   6.26387788e+11  6.26212503e+11  4.69e+01 1.02e-03  9.73e+00  8655s
 196   6.26384616e+11  6.26218173e+11  4.55e+01 9.43e-04  9.24e+00  8693s
 197   6.26373993e+11  6.26221210e+11  4.05e+01 9.00e-04  8.48e+00  8734s
 198   6.26367468e+11  6.26229001e+11  3.74e+01 7.93e-04  7.68e+00  8771s
 199   6.26365227e+11  6.26233189e+11  3.63e+01 7.36e-04  7.33e+00  8809s
 200   6.26360123e+11  6.26237284e+11  3.39e+01 6.78e-04  6.82e+00  8845s
 201   6.26354900e+11  6.26240876e+11  3.15e+01 6.27e-04  6.33e+00  8885s
 202   6.26349180e+11  6.26248102e+11  2.88e+01 5.29e-04  5.61e+00  8919s
 203   6.26343406e+11  6.26252173e+11  2.61e+01 4.72e-04  5.06e+00  8954s
 204   6.26335843e+11  6.26255189e+11  2.26e+01 4.29e-04  4.48e+00  8994s
 205   6.26331507e+11  6.26258955e+11  2.06e+01 3.79e-04  4.03e+00  9040s
 206   6.26329420e+11  6.26259647e+11  1.97e+01 3.69e-04  3.87e+00  9077s
 207   6.26325113e+11  6.26264970e+11  1.76e+01 2.98e-04  3.34e+00  9111s
 208   6.26321571e+11  6.26266377e+11  1.60e+01 2.78e-04  3.06e+00  9145s
 209   6.26317361e+11  6.26268089e+11  1.40e+01 2.54e-04  2.73e+00  9180s
 210   6.26313710e+11  6.26269420e+11  1.23e+01 2.35e-04  2.46e+00  9217s
 211   6.26311008e+11  6.26271004e+11  1.10e+01 2.13e-04  2.22e+00  9255s
 212   6.26307679e+11  6.26273277e+11  9.49e+00 1.84e-04  1.91e+00  9298s
 213   6.26305813e+11  6.26275148e+11  8.60e+00 1.59e-04  1.70e+00  9337s
 214   6.26304307e+11  6.26276161e+11  7.91e+00 1.46e-04  1.56e+00  9381s
 215   6.26302798e+11  6.26276887e+11  7.22e+00 1.36e-04  1.44e+00  9418s
 216   6.26301598e+11  6.26278329e+11  6.65e+00 1.17e-04  1.29e+00  9455s
 217   6.26299935e+11  6.26279315e+11  5.87e+00 1.03e-04  1.14e+00  9498s
 218   6.26298582e+11  6.26280532e+11  5.25e+00 8.67e-05  1.00e+00  9541s
 219   6.26297191e+11  6.26281533e+11  4.62e+00 7.37e-05  8.68e-01  9585s
 220   6.26296220e+11  6.26282071e+11  4.18e+00 6.67e-05  7.85e-01  9624s
 221   6.26295387e+11  6.26282968e+11  3.79e+00 5.50e-05  6.89e-01  9664s
 222   6.26293961e+11  6.26283332e+11  3.13e+00 5.00e-05  5.89e-01  9707s
 223   6.26293355e+11  6.26284040e+11  2.84e+00 4.08e-05  5.16e-01  9748s
 224   6.26292498e+11  6.26284352e+11  2.44e+00 3.65e-05  4.52e-01  9795s
 225   6.26291777e+11  6.26284728e+11  2.10e+00 3.14e-05  3.91e-01  9838s

Barrier solved model in 225 iterations and 9837.65 seconds (2683.22 work units)
Optimal objective 6.26291777e+11

