MEM 989.617188 1770726020.3735
MEM 990.195312 1770726020.4281
MEM 6873.152344 1770726050.5069
MEM 7420.585938 1770726080.5715
MEM 7406.570312 1770726110.6233
MEM 7117.734375 1770726140.6968
MEM 7143.886719 1770726170.7749
MEM 10410.230469 1770726200.8507
MEM 14567.601562 1770726230.9291
MEM 17072.476562 1770726261.0087
MEM 13817.480469 1770726291.0641
MEM 46071.410156 1770726321.2339
MEM 59721.410156 1770726351.3190
MEM 47721.085938 1770726381.3951
MEM 47042.234375 1770726411.4660
MEM 47095.285156 1770726441.5733
MEM 47190.632812 1770726471.6474
MEM 47434.148438 1770726501.7626
MEM 53052.707031 1770726531.8737
MEM 57390.960938 1770726567.2584
MEM 55319.949219 1770726597.4168
MEM 42581.761719 1770726627.5573
MEM 37953.855469 1770726657.6788
MEM 40172.964844 1770726687.8524
MEM 40239.476562 1770726718.0120
MEM 40316.812500 1770726748.2039
MEM 40353.394531 1770726778.3295
MEM 40430.093750 1770726808.4414
MEM 40477.371094 1770726838.5928
MEM 42410.097656 1770726868.6984
MEM 42450.656250 1770726898.8329
MEM 42490.574219 1770726928.9687
MEM 42515.765625 1770726959.0564
MEM 42544.867188 1770726989.1653
MEM 42575.003906 1770727019.3093
MEM 42608.468750 1770727049.5072
MEM 42638.101562 1770727079.6271
MEM 42662.828125 1770727109.7563
MEM 42682.160156 1770727139.9608
MEM 42696.300781 1770727170.1003
MEM 42709.437500 1770727200.3108
MEM 42732.625000 1770727230.4451
MEM 42742.402344 1770727260.6404
MEM 42761.222656 1770727290.8612
MEM 42771.761719 1770727321.0135
MEM 42781.285156 1770727351.2020
MEM 42798.531250 1770727381.3933
MEM 42809.347656 1770727411.5452
MEM 42817.828125 1770727441.7360
MEM 42833.246094 1770727471.9205
MEM 42842.500000 1770727502.1119
MEM 42856.027344 1770727532.3012
MEM 42865.886719 1770727562.5312
MEM 42873.015625 1770727592.6970
MEM 42881.824219 1770727622.8129
MEM 42887.667969 1770727652.9051
MEM 42892.765625 1770727683.0024
MEM 42904.085938 1770727713.1199
MEM 42909.222656 1770727743.2010
MEM 42912.046875 1770727773.2892
MEM 42924.625000 1770727803.3877
MEM 42928.195312 1770727833.6003
MEM 42933.054688 1770727863.7996
MEM 42942.574219 1770727893.9174
MEM 42945.894531 1770727924.1029
MEM 42953.886719 1770727954.2486
MEM 42958.781250 1770727984.4497
MEM 42965.445312 1770728014.5828
MEM 42969.269531 1770728044.7911
MEM 42974.160156 1770728074.9016
MEM 13816.164062 1770728104.9977
MEM 20577.070312 1770728135.0768
MEM 21571.128906 1770728165.1549
MEM 22945.773438 1770728195.2337
MEM 20244.695312 1770728225.3100
MEM 20244.695312 1770728225.7041
