
Gurobi 13.0.0 (linux64) logging started Tue Feb 10 13:23:38 2026

Set parameter LogFile to value "/cluster/work/cpesm/acott/pypsa-eur/results/eu-overnight/eur_low_nuc_scenario_2050_2h/logs/base_s_40___2050_solver.log"
Gurobi Optimizer version 13.0.0 build v13.0.0rc1 (linux64 - "Ubuntu 22.04.5 LTS")

CPU model: AMD EPYC 7763 64-Core Processor, instruction set [SSE2|AVX|AVX2]
Thread count: 128 physical cores, 128 logical processors, using up to 32 threads

Non-default parameters:
Method  2
BarConvTol  1e-05
Crossover  0
AggFill  0
PreDual  0
Seed  123
Threads  32
GURO_PAR_BARDENSETHRESH  200

Optimize a model with 23466053 rows, 11411583 columns and 51540392 nonzeros (Min)
Model fingerprint: 0xcfdc1a89
Model has 9646168 linear objective coefficients
Coefficient statistics:
  Matrix range     [2e-03, 5e+02]
  Objective range  [2e-02, 3e+05]
  Bounds range     [9e-02, 4e+10]
  RHS range        [2e-01, 1e+09]
Warning: Model contains large rhs
Warning: Model contains large bounds
         Consider reformulating model or setting NumericFocus parameter
         to avoid numerical issues.
Presolve removed 12544723 rows and 2530976 columns (presolve time = 8s)...
Presolve removed 12544723 rows and 2530976 columns (presolve time = 10s)...
Presolve removed 12553747 rows and 2540000 columns (presolve time = 15s)...
Presolve removed 13652453 rows and 3638706 columns (presolve time = 22s)...
Presolve removed 13652453 rows and 3638706 columns (presolve time = 25s)...
Presolve removed 13652453 rows and 3638706 columns (presolve time = 31s)...
Presolve removed 13994572 rows and 3735117 columns (presolve time = 37s)...
Presolve removed 13994572 rows and 3735117 columns (presolve time = 40s)...
Presolve removed 13995424 rows and 3735117 columns (presolve time = 47s)...
Presolve removed 13995424 rows and 3735117 columns
Presolve time: 47.72s
Presolved: 9470629 rows, 7676466 columns, 32939876 nonzeros
Elapsed ordering time = 7s
Elapsed ordering time = 10s
Elapsed ordering time = 15s
Elapsed ordering time = 20s
Elapsed ordering time = 82s
Elapsed ordering time = 106s
Elapsed ordering time = 116s
Elapsed ordering time = 133s
Elapsed ordering time = 141s
Elapsed ordering time = 148s
Elapsed ordering time = 154s
Elapsed ordering time = 162s
Elapsed ordering time = 169s
Elapsed ordering time = 174s
Elapsed ordering time = 175s
Elapsed ordering time = 182s
Elapsed ordering time = 186s
Elapsed ordering time = 191s
Elapsed ordering time = 196s
Elapsed ordering time = 202s
Elapsed ordering time = 205s
Elapsed ordering time = 211s
Elapsed ordering time = 215s
Elapsed ordering time = 220s
Elapsed ordering time = 225s
Elapsed ordering time = 230s
Elapsed ordering time = 235s
Elapsed ordering time = 241s
Elapsed ordering time = 245s
Elapsed ordering time = 250s
Elapsed ordering time = 255s
Elapsed ordering time = 260s
Elapsed ordering time = 272s
Elapsed ordering time = 275s
Elapsed ordering time = 280s
Elapsed ordering time = 285s
Elapsed ordering time = 290s
Elapsed ordering time = 295s
Elapsed ordering time = 300s
Elapsed ordering time = 305s
Elapsed ordering time = 310s
Elapsed ordering time = 315s
Elapsed ordering time = 320s
Elapsed ordering time = 325s
Elapsed ordering time = 330s
Ordering time: 366.31s

Barrier statistics:
 Dense cols : 1329
 AA' NZ     : 4.158e+07
 Factor NZ  : 6.253e+08 (roughly 12.0 GB of memory)
 Factor Ops : 9.599e+11 (roughly 4 seconds per iteration)
 Threads    : 32

                  Objective                Residual
Iter       Primal          Dual         Primal    Dual     Compl     Time
   0   2.15802508e+19 -7.71318233e+17  1.19e+14 1.80e+00  9.35e+13   445s
   1   1.85682768e+19 -7.49426612e+17  1.02e+14 8.07e+04  5.72e+13   458s
   2   1.59807886e+19 -7.19257613e+17  8.84e+13 5.02e+04  4.44e+13   473s
   3   1.10280333e+19 -6.70132336e+17  6.18e+13 2.18e+04  2.87e+13   489s
   4   7.50425736e+18 -5.69272325e+17  4.14e+13 1.48e+06  1.72e+13   503s
   5   5.06716434e+18 -4.89932884e+17  2.65e+13 3.71e+05  1.11e+13   515s
   6   3.04128931e+18 -4.20284161e+17  1.44e+13 9.18e+05  6.06e+12   528s
   7   1.57869018e+18 -3.39217540e+17  6.10e+12 4.24e+05  2.63e+12   542s
   8   5.58207281e+17 -2.30964974e+17  1.32e+12 3.46e+06  5.91e+11   560s
   9   1.73961658e+17 -1.22059819e+17  2.87e+11 2.38e+06  1.34e+11   574s
  10   7.99340959e+16 -9.49786882e+16  1.15e+11 7.41e+05  5.66e+10   586s
  11   5.71589850e+16 -7.34906667e+16  7.68e+10 2.07e+06  3.75e+10   599s
  12   3.57997703e+16 -6.03061219e+16  4.35e+10 6.19e+05  2.21e+10   614s
  13   1.84670453e+16 -5.76932965e+16  1.80e+10 5.86e+05  1.16e+10   625s
  14   9.22177727e+15 -3.59396446e+16  6.81e+09 4.38e+05  5.06e+09   639s
  15   3.92241514e+15 -1.66890340e+16  1.83e+09 1.31e+05  1.74e+09   659s
  16   1.18009811e+15 -8.35774520e+15  2.83e+08 6.18e+04  6.30e+08   677s
  17   6.03847340e+14 -6.03955611e+15  9.18e+07 4.37e+04  4.09e+08   689s
  18   3.62004221e+14 -4.96274768e+15  3.73e+07 3.56e+04  3.18e+08   705s
  19   2.70006145e+14 -3.24850329e+15  1.35e+07 2.38e+04  2.07e+08   721s
  20   1.63768665e+14 -1.25477772e+15  4.09e+06 9.04e+03  8.28e+07   740s
  21   1.21323474e+14 -9.26736324e+14  2.45e+06 6.60e+03  6.11e+07   759s
  22   9.74239809e+13 -3.36559761e+14  1.67e+06 2.40e+03  2.53e+07   771s
  23   6.34004877e+13 -2.00540764e+14  7.80e+05 1.47e+03  1.53e+07   787s
  24   4.85134659e+13 -1.26724514e+14  4.55e+05 9.86e+02  1.02e+07   804s
  25   3.92998522e+13 -4.09018504e+13  2.64e+05 4.13e+02  4.65e+06   818s
  26   3.65849773e+13 -3.06979847e+13  2.19e+05 3.51e+02  3.90e+06   837s
  27   3.21245038e+13 -1.14786615e+13  1.42e+05 2.21e+02  2.53e+06   852s
  28   3.16382750e+13 -1.01358647e+13  1.35e+05 2.12e+02  2.42e+06   868s
  29   3.14568191e+13 -8.49569831e+12  1.32e+05 2.01e+02  2.31e+06   883s
  30   3.07331397e+13 -5.85470455e+12  1.21e+05 1.85e+02  2.12e+06   900s
  31   2.86475141e+13  7.77305248e+11  9.03e+04 1.43e+02  1.61e+06   919s
  32   2.76406647e+13  6.42603349e+12  7.61e+04 1.06e+02  1.23e+06   943s
  33   2.68538154e+13  9.21322519e+12  6.56e+04 8.67e+01  1.02e+06   964s
  34   2.57308162e+13  1.14959154e+13  5.09e+04 7.13e+01  8.24e+05   984s
  35   2.50201077e+13  1.38326189e+13  4.16e+04 5.54e+01  6.48e+05  1006s
  36   2.47388867e+13  1.60016637e+13  3.82e+04 4.14e+01  5.06e+05  1028s
  37   2.40547588e+13  1.75721958e+13  2.96e+04 2.96e+01  3.75e+05  1047s
  38   2.35934054e+13  1.89328266e+13  2.40e+04 1.93e+01  2.70e+05  1069s
  39   2.30408988e+13  1.97672801e+13  1.75e+04 1.29e+01  1.90e+05  1093s
  40   2.28761628e+13  1.99803976e+13  1.56e+04 1.13e+01  1.68e+05  1114s
  41   2.26677302e+13  2.02584101e+13  1.33e+04 9.13e+00  1.39e+05  1135s
  42   2.25646018e+13  2.06435342e+13  1.22e+04 6.29e+00  1.11e+05  1158s
  43   2.23859144e+13  2.09503898e+13  1.03e+04 3.83e+00  8.31e+04  1181s
  44   2.21696960e+13  2.11394165e+13  7.96e+03 2.15e+00  5.97e+04  1205s
  45   2.19768876e+13  2.12526395e+13  5.95e+03 8.71e-01  4.19e+04  1227s
  46   2.18542436e+13  2.12915558e+13  4.69e+03 6.32e-01  3.26e+04  1246s
  47   2.17395925e+13  2.13275884e+13  3.53e+03 4.15e-01  2.39e+04  1272s
  48   2.16920390e+13  2.13514553e+13  3.05e+03 2.78e-01  1.97e+04  1293s
  49   2.16345018e+13  2.13677970e+13  2.43e+03 1.92e-01  1.54e+04  1312s
  50   2.15984613e+13  2.13837469e+13  2.01e+03 1.13e-01  1.24e+04  1332s
  51   2.15728477e+13  2.13885032e+13  1.74e+03 9.22e-02  1.07e+04  1353s
  52   2.15456712e+13  2.13944373e+13  1.47e+03 7.00e-02  8.76e+03  1372s
  53   2.15332675e+13  2.13988341e+13  1.34e+03 5.41e-02  7.78e+03  1396s
  54   2.15144754e+13  2.14027802e+13  1.13e+03 4.10e-02  6.47e+03  1419s
  55   2.15007147e+13  2.14048214e+13  9.83e+02 3.51e-02  5.55e+03  1441s
  56   2.14908081e+13  2.14077388e+13  8.69e+02 2.73e-02  4.81e+03  1465s
  57   2.14770949e+13  2.14094945e+13  7.11e+02 2.30e-02  3.91e+03  1489s
  58   2.14704004e+13  2.14116735e+13  6.29e+02 1.82e-02  3.40e+03  1511s
  59   2.14652748e+13  2.14130261e+13  5.65e+02 1.55e-02  3.03e+03  1532s
  60   2.14592695e+13  2.14137851e+13  4.91e+02 1.40e-02  2.63e+03  1556s
  61   2.14567264e+13  2.14149087e+13  4.60e+02 1.21e-02  2.42e+03  1580s
  62   2.14539362e+13  2.14156611e+13  4.24e+02 1.09e-02  2.22e+03  1602s
  63   2.14521893e+13  2.14161645e+13  4.01e+02 1.00e-02  2.09e+03  1626s
  64   2.14492607e+13  2.14167252e+13  3.64e+02 9.17e-03  1.88e+03  1648s
  65   2.14487498e+13  2.14170865e+13  3.57e+02 8.61e-03  1.83e+03  1666s
  66   2.14474712e+13  2.14174590e+13  3.40e+02 8.06e-03  1.74e+03  1691s
  67   2.14448816e+13  2.14178325e+13  3.07e+02 7.52e-03  1.57e+03  1711s
  68   2.14427501e+13  2.14182317e+13  2.78e+02 6.95e-03  1.42e+03  1733s
  69   2.14422539e+13  2.14186757e+13  2.71e+02 6.35e-03  1.37e+03  1752s
  70   2.14401992e+13  2.14191405e+13  2.43e+02 5.73e-03  1.22e+03  1771s
  71   2.14396174e+13  2.14193919e+13  2.35e+02 5.39e-03  1.17e+03  1787s
  72   2.14378593e+13  2.14196625e+13  2.10e+02 5.02e-03  1.05e+03  1809s
  73   2.14376314e+13  2.14198028e+13  2.07e+02 4.84e-03  1.03e+03  1826s
  74   2.14362104e+13  2.14199669e+13  1.86e+02 4.63e-03  9.41e+02  1848s
  75   2.14353916e+13  2.14203152e+13  1.75e+02 4.21e-03  8.73e+02  1871s

Barrier solved model in 75 iterations and 1871.09 seconds (767.82 work units)
Optimal objective 2.14353916e+13

