
Gurobi 13.0.0 (linux64) logging started Thu Jan 22 10:39:40 2026

Set parameter LogFile to value "/cluster/work/cpesm/acott/pypsa-eur/results/eu-overnight/elec_trans_heat_industry_sectors_EU_2050_8h/logs/base_s_40___2050_solver.log"
Gurobi Optimizer version 13.0.0 build v13.0.0rc1 (linux64 - "Ubuntu 22.04.5 LTS")

CPU model: AMD EPYC 7763 64-Core Processor, instruction set [SSE2|AVX|AVX2]
Thread count: 128 physical cores, 128 logical processors, using up to 32 threads

Non-default parameters:
Method  2
BarConvTol  1e-05
Crossover  0
AggFill  0
PreDual  0
Seed  123
Threads  32
GURO_PAR_BARDENSETHRESH  200

Optimize a model with 6354650 rows, 3119310 columns and 14440456 nonzeros (Min)
Model fingerprint: 0x5c2f7498
Model has 2633950 linear objective coefficients
Coefficient statistics:
  Matrix range     [2e-03, 5e+02]
  Objective range  [7e-02, 8e+05]
  Bounds range     [9e-02, 2e+11]
  RHS range        [4e-01, 1e+09]
Warning: Model contains large rhs
Warning: Model contains large bounds
         Consider reformulating model or setting NumericFocus parameter
         to avoid numerical issues.
Presolve removed 3578399 rows and 771992 columns (presolve time = 5s)...
Presolve removed 3664826 rows and 772041 columns (presolve time = 10s)...
Presolve removed 3664826 rows and 772041 columns
Presolve time: 10.50s
Presolved: 2689824 rows, 2347269 columns, 9793847 nonzeros
Elapsed ordering time = 21s
Elapsed ordering time = 28s
Elapsed ordering time = 36s
Elapsed ordering time = 42s
Elapsed ordering time = 46s
Elapsed ordering time = 51s
Elapsed ordering time = 57s
Elapsed ordering time = 60s
Elapsed ordering time = 65s
Elapsed ordering time = 70s
Elapsed ordering time = 75s
Elapsed ordering time = 80s
Elapsed ordering time = 85s
Elapsed ordering time = 90s
Elapsed ordering time = 95s
Elapsed ordering time = 100s
Ordering time: 122.53s

Barrier statistics:
 Dense cols : 1485
 AA' NZ     : 1.187e+07
 Factor NZ  : 1.650e+08 (roughly 3.4 GB of memory)
 Factor Ops : 2.551e+11 (roughly 1 second per iteration)
 Threads    : 32

                  Objective                Residual
Iter       Primal          Dual         Primal    Dual     Compl     Time
   0   1.02805832e+19 -1.59778034e+17  6.94e+12 7.18e+00  1.03e+14   144s
   1   8.89601574e+18 -1.73921427e+17  5.99e+12 2.72e+05  7.74e+13   150s
   2   7.44850066e+18 -1.90116714e+17  4.96e+12 2.02e+05  5.54e+13   158s
   3   4.93560055e+18 -1.89653804e+17  2.47e+12 1.47e+05  3.26e+13   167s
   4   4.51422045e+18 -1.77636610e+17  2.13e+12 5.10e+04  2.10e+13   174s
   5   3.16456960e+18 -1.59257781e+17  1.24e+12 1.79e+04  1.14e+13   183s
   6   1.51044279e+18 -1.38638236e+17  4.54e+11 4.97e+04  4.20e+12   188s
   7   6.37286075e+17 -1.15324423e+17  1.65e+11 1.58e+05  1.54e+12   193s
   8   2.48522192e+17 -9.11725878e+16  5.43e+10 2.40e+05  5.06e+11   198s
   9   1.07636888e+17 -6.98970134e+16  2.08e+10 2.96e+05  1.96e+11   204s
  10   5.70547520e+16 -6.06679037e+16  1.00e+10 2.92e+05  9.94e+10   209s
  11   4.10381893e+16 -4.68388229e+16  6.79e+09 2.84e+05  6.54e+10   216s
  12   9.48001976e+15 -3.62122519e+16  8.77e+08 2.67e+05  1.52e+10   225s
  13   3.71364134e+15 -1.73709018e+16  2.62e+08 4.72e+04  5.65e+09   235s
  14   1.97363324e+15 -1.08220167e+16  1.18e+08 2.20e+04  3.10e+09   242s
  15   1.07163420e+15 -6.76477865e+15  5.30e+07 1.10e+04  1.76e+09   248s
  16   4.54885931e+14 -4.51340447e+15  1.40e+07 6.48e+03  1.03e+09   255s
  17   2.56428380e+14 -1.96627979e+15  4.52e+06 2.09e+03  4.49e+08   263s
  18   1.89136345e+14 -1.51668788e+15  3.20e+06 2.26e+03  3.43e+08   270s
  19   1.01943969e+14 -2.26661856e+14  1.57e+06 7.72e+01  6.59e+07   281s
  20   3.84211978e+13 -8.40920605e+13  5.18e+05 2.63e+01  2.43e+07   292s
  21   2.24271192e+13 -6.06233801e+13  2.73e+05 1.91e+01  1.64e+07   299s
  22   1.82819601e+13 -3.73845274e+13  2.15e+05 1.20e+01  1.10e+07   306s
  23   1.35718239e+13 -2.07205183e+13  1.52e+05 6.66e+00  6.77e+06   314s
  24   1.11604481e+13 -1.09637184e+13  1.22e+05 3.57e+00  4.36e+06   321s
  25   8.68642062e+12 -7.97514077e+12  9.13e+04 2.62e+00  3.28e+06   329s
  26   7.21282494e+12 -7.36015543e+12  7.35e+04 2.43e+00  2.87e+06   334s
  27   6.21411938e+12 -6.23377626e+12  6.22e+04 2.09e+00  2.45e+06   343s
  28   5.31254379e+12 -4.98885933e+12  5.16e+04 1.72e+00  2.03e+06   352s
  29   4.68340157e+12 -4.11472428e+12  4.42e+04 1.45e+00  1.73e+06   360s
  30   3.84067882e+12 -3.31230641e+12  3.48e+04 1.21e+00  1.41e+06   371s
  31   3.33367177e+12 -2.96370103e+12  2.90e+04 1.11e+00  1.24e+06   378s
  32   2.97073657e+12 -2.16450838e+12  2.49e+04 8.64e-01  1.01e+06   387s
  33   2.52597813e+12 -1.47038320e+12  1.99e+04 6.54e-01  7.86e+05   400s
  34   2.19050783e+12 -8.32226908e+11  1.63e+04 4.52e-01  5.95e+05   412s
  35   1.78230772e+12 -5.18270366e+11  1.19e+04 3.54e-01  4.53e+05   427s
  36   1.56433435e+12 -3.04461084e+11  9.67e+03 2.86e-01  3.68e+05   442s
  37   1.33673858e+12 -3.96594450e+10  7.35e+03 2.01e-01  2.71e+05   455s
  38   1.18952958e+12  3.48755335e+10  5.89e+03 1.76e-01  2.27e+05   466s
  39   1.12052636e+12  9.11500735e+10  5.24e+03 1.55e-01  2.02e+05   479s
  40   1.00805692e+12  1.68938585e+11  4.15e+03 1.30e-01  1.65e+05   493s
  41   9.38737442e+11  2.16670959e+11  3.46e+03 1.15e-01  1.42e+05   506s
  42   8.87177114e+11  2.81416874e+11  2.95e+03 9.46e-02  1.19e+05   518s
  43   8.42540524e+11  2.95974110e+11  2.52e+03 8.98e-02  1.07e+05   529s
  44   8.06828833e+11  3.31736289e+11  2.17e+03 7.84e-02  9.34e+04   540s
  45   7.83993959e+11  3.79598753e+11  1.95e+03 6.33e-02  7.95e+04   551s
  46   7.47841939e+11  3.93045266e+11  1.61e+03 5.90e-02  6.98e+04   562s
  47   7.32761234e+11  4.26003530e+11  1.47e+03 4.84e-02  6.03e+04   572s
  48   7.26032232e+11  4.43671445e+11  1.41e+03 4.26e-02  5.55e+04   582s
  49   7.14196948e+11  4.51587025e+11  1.30e+03 4.00e-02  5.16e+04   592s
  50   7.03749800e+11  4.73311636e+11  1.20e+03 3.29e-02  4.53e+04   606s
  51   6.92189663e+11  4.81006976e+11  1.09e+03 3.04e-02  4.15e+04   617s
  52   6.74796965e+11  4.87726680e+11  9.31e+02 2.82e-02  3.68e+04   626s
  53   6.68233078e+11  4.99208578e+11  8.67e+02 2.45e-02  3.32e+04   635s
  54   6.61399528e+11  5.02295754e+11  8.04e+02 2.35e-02  3.13e+04   648s
  55   6.54353750e+11  5.06985593e+11  7.38e+02 2.20e-02  2.90e+04   658s
  56   6.52148016e+11  5.09804508e+11  7.18e+02 2.11e-02  2.80e+04   671s
  57   6.44070239e+11  5.14380309e+11  6.42e+02 1.96e-02  2.55e+04   686s
  58   6.41040625e+11  5.18878159e+11  6.13e+02 1.82e-02  2.40e+04   698s
  59   6.35759848e+11  5.21446605e+11  5.63e+02 1.74e-02  2.25e+04   709s
  60   6.31628740e+11  5.28985084e+11  5.23e+02 1.50e-02  2.02e+04   722s
  61   6.28813756e+11  5.34016939e+11  4.96e+02 1.34e-02  1.86e+04   733s
  62   6.20844468e+11  5.36904625e+11  4.20e+02 1.25e-02  1.65e+04   745s
  63   6.17306781e+11  5.40135137e+11  3.86e+02 1.15e-02  1.52e+04   756s
  64   6.13879732e+11  5.42966560e+11  3.52e+02 1.06e-02  1.39e+04   771s
  65   6.08756151e+11  5.45688971e+11  3.03e+02 9.75e-03  1.24e+04   782s
  66   6.04731165e+11  5.48656291e+11  2.63e+02 8.82e-03  1.10e+04   793s
  67   6.01959104e+11  5.53448735e+11  2.36e+02 7.34e-03  9.54e+03   804s
  68   5.97921802e+11  5.54825912e+11  1.97e+02 6.92e-03  8.47e+03   815s
  69   5.97220848e+11  5.55362847e+11  1.90e+02 6.76e-03  8.23e+03   822s
  70   5.95719615e+11  5.56500429e+11  1.75e+02 6.41e-03  7.71e+03   833s
  71   5.94531121e+11  5.59166113e+11  1.63e+02 5.60e-03  6.95e+03   843s
  72   5.91921696e+11  5.60663047e+11  1.37e+02 5.15e-03  6.15e+03   854s
  73   5.90604651e+11  5.62608849e+11  1.25e+02 4.56e-03  5.50e+03   863s
  74   5.89817278e+11  5.64015832e+11  1.17e+02 4.14e-03  5.07e+03   875s
  75   5.89076242e+11  5.64970449e+11  1.10e+02 3.86e-03  4.74e+03   886s
  76   5.88189869e+11  5.65771111e+11  1.01e+02 3.62e-03  4.41e+03   898s
  77   5.87537078e+11  5.66447486e+11  9.48e+01 3.42e-03  4.15e+03   909s
  78   5.86766130e+11  5.67000670e+11  8.71e+01 3.25e-03  3.89e+03   918s
  79   5.86246912e+11  5.67638812e+11  8.19e+01 3.05e-03  3.66e+03   928s
  80   5.85405287e+11  5.68948184e+11  7.36e+01 2.66e-03  3.24e+03   941s
  81   5.84665027e+11  5.69897464e+11  6.65e+01 2.37e-03  2.90e+03   956s
  82   5.84031250e+11  5.70152177e+11  6.04e+01 2.29e-03  2.73e+03   971s
  83   5.83710735e+11  5.70480597e+11  5.73e+01 2.19e-03  2.60e+03   979s
  84   5.83248747e+11  5.70787145e+11  5.27e+01 2.10e-03  2.45e+03   988s
  85   5.82882217e+11  5.71286053e+11  4.92e+01 1.95e-03  2.28e+03  1002s
  86   5.82268043e+11  5.71429202e+11  4.33e+01 1.91e-03  2.13e+03  1012s
  87   5.81984217e+11  5.72237596e+11  4.05e+01 1.67e-03  1.92e+03  1023s
  88   5.81304333e+11  5.72745576e+11  3.39e+01 1.51e-03  1.68e+03  1033s
  89   5.81066158e+11  5.73379641e+11  3.16e+01 1.32e-03  1.51e+03  1048s
  90   5.80646281e+11  5.73772939e+11  2.74e+01 1.20e-03  1.35e+03  1059s
  91   5.80349642e+11  5.74254032e+11  2.46e+01 1.06e-03  1.20e+03  1068s
  92   5.79951312e+11  5.74500969e+11  2.09e+01 9.83e-04  1.07e+03  1079s
  93   5.79879161e+11  5.74909960e+11  2.02e+01 8.59e-04  9.77e+02  1091s
  94   5.79634565e+11  5.75166681e+11  1.79e+01 7.81e-04  8.78e+02  1102s
  95   5.79500878e+11  5.75509633e+11  1.66e+01 6.75e-04  7.85e+02  1113s
  96   5.79330526e+11  5.75708198e+11  1.50e+01 6.13e-04  7.12e+02  1127s
  97   5.79145892e+11  5.75925170e+11  1.33e+01 5.46e-04  6.33e+02  1139s
  98   5.78971426e+11  5.76149719e+11  1.17e+01 4.75e-04  5.55e+02  1152s
  99   5.78772036e+11  5.76279000e+11  9.85e+00 4.35e-04  4.90e+02  1165s
 100   5.78707183e+11  5.76487014e+11  9.24e+00 3.71e-04  4.36e+02  1175s
 101   5.78612694e+11  5.76543496e+11  8.37e+00 3.53e-04  4.07e+02  1185s
 102   5.78495003e+11  5.76711578e+11  7.27e+00 3.00e-04  3.51e+02  1201s
 103   5.78428675e+11  5.76724870e+11  6.67e+00 2.96e-04  3.35e+02  1215s
 104   5.78345435e+11  5.76897843e+11  5.90e+00 2.43e-04  2.85e+02  1226s
 105   5.78309773e+11  5.76934725e+11  5.57e+00 2.31e-04  2.70e+02  1242s
 106   5.78251955e+11  5.77049023e+11  5.04e+00 1.96e-04  2.36e+02  1256s
 107   5.78185842e+11  5.77121347e+11  4.43e+00 1.74e-04  2.09e+02  1269s
 108   5.78097469e+11  5.77177824e+11  3.62e+00 1.56e-04  1.81e+02  1282s
 109   5.78024882e+11  5.77237195e+11  2.97e+00 1.38e-04  1.55e+02  1292s
 110   5.77975067e+11  5.77301687e+11  2.51e+00 1.18e-04  1.32e+02  1309s
 111   5.77941778e+11  5.77348565e+11  2.21e+00 1.03e-04  1.17e+02  1321s
 112   5.77900755e+11  5.77415346e+11  1.85e+00 8.29e-05  9.54e+01  1331s

Barrier solved model in 112 iterations and 1331.28 seconds (337.64 work units)
Optimal objective 5.77900755e+11

