MEM 797.968750 1769074727.2811
MEM 798.445312 1769074727.3481
MEM 2492.328125 1769074757.4260
MEM 5930.859375 1769074787.5013
MEM 21341.984375 1769074817.6825
MEM 20723.253906 1769074847.8228
MEM 21097.167969 1769074878.1535
MEM 18848.222656 1769074908.2615
MEM 20157.152344 1769074938.4035
MEM 20158.976562 1769074968.4968
MEM 20161.058594 1769074998.6266
MEM 20164.285156 1769075028.8337
MEM 20165.292969 1769075058.9774
MEM 20166.117188 1769075089.0834
MEM 20167.402344 1769075119.1817
MEM 20167.917969 1769075149.2765
MEM 20168.175781 1769075179.3735
MEM 20168.433594 1769075209.4767
MEM 20168.691406 1769075239.5542
MEM 20168.691406 1769075269.6921
MEM 20169.207031 1769075299.8643
MEM 20169.207031 1769075330.0821
MEM 20169.722656 1769075360.2623
MEM 20171.011719 1769075390.4234
MEM 20172.082031 1769075420.6549
MEM 20172.082031 1769075450.8782
MEM 20172.339844 1769075481.0740
MEM 20173.371094 1769075511.3806
MEM 20173.371094 1769075541.5394
MEM 20173.628906 1769075571.6277
MEM 20173.886719 1769075601.8537
MEM 20173.886719 1769075632.0414
MEM 20174.144531 1769075662.1386
MEM 20174.402344 1769075692.2152
MEM 20175.175781 1769075722.2905
MEM 20175.175781 1769075752.4075
MEM 20175.175781 1769075782.5311
MEM 20175.175781 1769075812.6169
MEM 20175.175781 1769075842.7203
MEM 20175.175781 1769075872.7956
MEM 20175.175781 1769075902.9335
MEM 20175.433594 1769075933.0310
MEM 20175.433594 1769075963.1443
MEM 20175.691406 1769075993.3375
MEM 20175.691406 1769076023.5485
MEM 20175.691406 1769076053.7373
MEM 20175.691406 1769076083.8317
MEM 5930.242188 1769076113.9104
MEM 8268.699219 1769076143.9904
MEM 7530.316406 1769076147.2334
