
Gurobi 13.0.0 (linux64) logging started Fri Feb 20 10:59:13 2026

Set parameter LogFile to value "/cluster/work/cpesm/acott/pypsa-eur/results/eu-overnight/ccl_high_wind/logs/base_s_40___2050_solver.log"
Gurobi Optimizer version 13.0.0 build v13.0.0rc1 (linux64 - "Ubuntu 22.04.5 LTS")

CPU model: AMD EPYC 7742 64-Core Processor, instruction set [SSE2|AVX|AVX2]
Thread count: 128 physical cores, 128 logical processors, using up to 32 threads

Non-default parameters:
Method  2
BarConvTol  1e-05
Crossover  0
AggFill  0
PreDual  0
Seed  123
Threads  32
GURO_PAR_BARDENSETHRESH  200

Optimize a model with 22673411 rows, 10102042 columns and 51001831 nonzeros (Min)
Model fingerprint: 0xb720f1e6
Model has 8161427 linear objective coefficients
Coefficient statistics:
  Matrix range     [2e-03, 5e+02]
  Objective range  [2e-02, 1e+06]
  Bounds range     [9e-02, 2e+11]
  RHS range        [2e-01, 1e+09]
Warning: Model contains large rhs
Warning: Model contains large bounds
         Consider reformulating model or setting NumericFocus parameter
         to avoid numerical issues.
Presolve removed 11315974 rows and 1218331 columns (presolve time = 8s)...
Presolve removed 11315974 rows and 1218331 columns (presolve time = 10s)...
Presolve removed 11317643 rows and 1220000 columns (presolve time = 16s)...
Presolve removed 12484774 rows and 2387131 columns (presolve time = 20s)...
Presolve removed 12484774 rows and 2387131 columns (presolve time = 25s)...
Presolve removed 12484774 rows and 2387131 columns (presolve time = 32s)...
Presolve removed 12484774 rows and 2387131 columns (presolve time = 36s)...
Presolve removed 12484775 rows and 2387170 columns (presolve time = 41s)...
Presolve removed 12484775 rows and 2391549 columns (presolve time = 46s)...
Presolve removed 12484775 rows and 2391549 columns
Presolve time: 50.30s
Presolved: 10188636 rows, 7710493 columns, 35369821 nonzeros
Elapsed ordering time = 13s
Elapsed ordering time = 15s
Elapsed ordering time = 20s
Elapsed ordering time = 25s
Elapsed ordering time = 30s
Elapsed ordering time = 221s
Elapsed ordering time = 313s
Elapsed ordering time = 383s
Elapsed ordering time = 423s
Elapsed ordering time = 462s
Elapsed ordering time = 485s
Elapsed ordering time = 523s
Elapsed ordering time = 545s
Elapsed ordering time = 552s
Elapsed ordering time = 561s
Elapsed ordering time = 575s
Elapsed ordering time = 581s
Elapsed ordering time = 588s
Elapsed ordering time = 597s
Elapsed ordering time = 611s
Elapsed ordering time = 621s
Elapsed ordering time = 627s
Elapsed ordering time = 631s
Elapsed ordering time = 641s
Elapsed ordering time = 646s
Elapsed ordering time = 651s
Elapsed ordering time = 657s
Elapsed ordering time = 661s
Elapsed ordering time = 669s
Elapsed ordering time = 674s
Elapsed ordering time = 679s
Elapsed ordering time = 685s
Elapsed ordering time = 691s
Elapsed ordering time = 695s
Elapsed ordering time = 701s
Elapsed ordering time = 705s
Elapsed ordering time = 711s
Elapsed ordering time = 716s
Elapsed ordering time = 722s
Elapsed ordering time = 725s
Elapsed ordering time = 732s
Elapsed ordering time = 736s
Elapsed ordering time = 742s
Elapsed ordering time = 746s
Elapsed ordering time = 750s
Elapsed ordering time = 756s
Elapsed ordering time = 760s
Elapsed ordering time = 766s
Elapsed ordering time = 771s
Elapsed ordering time = 775s
Elapsed ordering time = 781s
Elapsed ordering time = 786s
Elapsed ordering time = 791s
Elapsed ordering time = 796s
Elapsed ordering time = 801s
Elapsed ordering time = 806s
Elapsed ordering time = 811s
Elapsed ordering time = 815s
Elapsed ordering time = 820s
Elapsed ordering time = 825s
Elapsed ordering time = 831s
Elapsed ordering time = 851s
Elapsed ordering time = 855s
Elapsed ordering time = 860s
Elapsed ordering time = 865s
Elapsed ordering time = 870s
Elapsed ordering time = 875s
Elapsed ordering time = 880s
Elapsed ordering time = 885s
Elapsed ordering time = 890s
Elapsed ordering time = 895s
Elapsed ordering time = 900s
Elapsed ordering time = 905s
Elapsed ordering time = 910s
Elapsed ordering time = 915s
Elapsed ordering time = 920s
Elapsed ordering time = 925s
Elapsed ordering time = 930s
Elapsed ordering time = 935s
Elapsed ordering time = 940s
Elapsed ordering time = 945s
Elapsed ordering time = 950s
Elapsed ordering time = 955s
Elapsed ordering time = 960s
Elapsed ordering time = 965s
Elapsed ordering time = 970s
Elapsed ordering time = 975s
Elapsed ordering time = 980s
Elapsed ordering time = 985s
Elapsed ordering time = 990s
Elapsed ordering time = 995s
Elapsed ordering time = 1000s
Elapsed ordering time = 1005s
Elapsed ordering time = 1010s
Elapsed ordering time = 1015s
Elapsed ordering time = 1021s
Ordering time: 1065.92s

Barrier statistics:
 Dense cols : 1442
 AA' NZ     : 4.488e+07
 Factor NZ  : 6.849e+08 (roughly 13.0 GB of memory)
 Factor Ops : 1.176e+12 (roughly 4 seconds per iteration)
 Threads    : 32

                  Objective                Residual
Iter       Primal          Dual         Primal    Dual     Compl     Time
   0   6.68187393e+16 -3.96303415e+16  5.15e+13 1.53e+02  1.24e+13  1172s
   1   7.76815556e+16 -3.96763433e+16  4.26e+13 1.29e+04  1.05e+13  1204s
   2   7.82228823e+16 -3.96424166e+16  4.21e+13 1.28e+04  1.04e+13  1254s
   3   8.34118743e+16 -4.12402368e+16  3.73e+13 1.28e+06  7.52e+12  1300s
   4   9.01927380e+16 -4.15659600e+16  2.84e+13 2.02e+06  4.88e+12  1339s
   5   1.03963690e+17 -4.05348405e+16  1.07e+13 2.60e+06  1.86e+12  1385s
   6   1.04328498e+17 -3.70681635e+16  4.59e+12 3.59e+06  7.88e+11  1438s
   7   9.11456394e+16 -3.22181568e+16  1.81e+12 3.73e+06  3.15e+11  1484s
   8   6.62268703e+16 -2.56550552e+16  6.63e+11 4.93e+06  1.19e+11  1523s
   9   3.56478790e+16 -1.93577201e+16  1.78e+11 6.01e+06  3.44e+10  1556s
  10   1.36210370e+16 -1.10778246e+16  3.36e+10 6.22e+06  7.24e+09  1588s
  11   5.16532835e+15 -6.31989816e+15  8.40e+09 5.54e+06  1.92e+09  1620s
  12   1.76714713e+15 -3.39810356e+15  2.13e+09 3.94e+06  5.45e+08  1653s
  13   8.07870887e+14 -1.35988746e+15  8.96e+08 7.47e+05  1.97e+08  1694s
  14   7.28669979e+14 -7.85487620e+14  8.03e+08 3.04e+05  1.41e+08  1736s
  15   3.56606116e+14 -3.16352481e+14  3.74e+08 8.11e+04  5.71e+07  1778s
  16   2.20699560e+14 -1.31777849e+14  2.24e+08 1.80e+04  2.85e+07  1819s
  17   8.10808485e+13 -8.19729050e+13  7.86e+07 9.72e+03  1.17e+07  1861s
  18   5.64534966e+13 -5.16704805e+13  5.30e+07 5.36e+03  7.47e+06  1909s
  19   4.40433560e+13 -3.39120924e+13  4.07e+07 3.14e+03  5.25e+06  1953s
  20   3.28760867e+13 -2.93539607e+13  3.00e+07 2.66e+03  4.09e+06  2004s
  21   2.68781224e+13 -1.48585004e+13  2.44e+07 1.11e+03  2.66e+06  2066s
  22   1.45961742e+13 -5.31723418e+12  1.26e+07 2.79e+02  1.22e+06  2132s
  23   9.34632927e+12 -4.47282184e+12  8.16e+06 2.27e+02  8.33e+05  2197s
  24   8.95277273e+12 -3.26037087e+12  7.80e+06 1.69e+02  7.32e+05  2255s
  25   7.87116531e+12 -3.01592029e+12  6.77e+06 1.57e+02  6.50e+05  2306s
  26   7.48415161e+12 -2.82564671e+12  6.41e+06 1.48e+02  6.14e+05  2350s
  27   6.99644773e+12 -2.38649923e+12  5.96e+06 1.28e+02  5.57e+05  2401s
  28   6.01894351e+12 -2.22266567e+12  5.06e+06 1.20e+02  4.87e+05  2467s
  29   5.25585603e+12 -1.86351097e+12  4.38e+06 1.04e+02  4.19e+05  2542s
  30   4.81416385e+12 -1.64216658e+12  3.96e+06 9.47e+01  3.79e+05  2608s
  31   4.54979630e+12 -1.35835256e+12  3.72e+06 8.25e+01  3.46e+05  2681s
  32   4.05636828e+12 -1.10480850e+12  3.26e+06 7.14e+01  3.01e+05  2750s
  33   3.34919955e+12 -7.89527362e+11  2.58e+06 5.72e+01  2.40e+05  2818s
  34   3.06165439e+12 -4.68833532e+11  2.32e+06 4.34e+01  2.04e+05  2886s
  35   2.77089788e+12 -2.89812627e+11  2.05e+06 3.58e+01  1.76e+05  2953s
  36   2.54815228e+12 -1.24748191e+11  1.84e+06 2.85e+01  1.53e+05  3021s
  37   2.13183539e+12  5.20382339e+10  1.46e+06 2.07e+01  1.19e+05  3088s
  38   1.96841214e+12  1.24294075e+11  1.31e+06 1.78e+01  1.05e+05  3156s
  39   1.91540765e+12  1.56968985e+11  1.26e+06 1.64e+01  1.00e+05  3208s
  40   1.71902798e+12  2.43667453e+11  1.08e+06 1.30e+01  8.37e+04  3273s
  41   1.53262896e+12  3.00839719e+11  9.11e+05 1.07e+01  6.97e+04  3339s
  42   1.39744691e+12  3.59433681e+11  7.82e+05 8.27e+00  5.86e+04  3404s
  43   1.28640997e+12  3.96855446e+11  6.81e+05 6.91e+00  5.02e+04  3472s
  44   1.21205282e+12  4.17768373e+11  6.12e+05 6.17e+00  4.48e+04  3538s
  45   1.14895592e+12  4.30363419e+11  5.51e+05 5.73e+00  4.05e+04  3604s
  46   1.10482330e+12  4.39410843e+11  5.06e+05 5.43e+00  3.75e+04  3661s
  47   1.05343709e+12  4.52074997e+11  4.56e+05 5.03e+00  3.38e+04  3727s
  48   1.03012138e+12  4.65317457e+11  4.33e+05 4.62e+00  3.18e+04  3796s
  49   1.00032381e+12  4.75594790e+11  4.04e+05 4.30e+00  2.95e+04  3863s
  50   9.87728288e+11  4.81202344e+11  3.91e+05 4.13e+00  2.85e+04  3921s
  51   9.72798254e+11  4.88174861e+11  3.75e+05 3.92e+00  2.72e+04  3981s
  52   9.37050640e+11  5.00151840e+11  3.40e+05 3.57e+00  2.45e+04  4047s
  53   9.12561890e+11  5.16943892e+11  3.16e+05 3.10e+00  2.22e+04  4115s
  54   8.98337356e+11  5.23984062e+11  3.00e+05 2.90e+00  2.10e+04  4174s
  55   8.78555272e+11  5.33201963e+11  2.77e+05 2.64e+00  1.94e+04  4225s
  56   8.52689831e+11  5.41527448e+11  2.49e+05 2.41e+00  1.74e+04  4292s
  57   8.27115254e+11  5.48654138e+11  2.20e+05 2.23e+00  1.56e+04  4358s
  58   8.15210422e+11  5.55317868e+11  2.07e+05 2.06e+00  1.46e+04  4419s
  59   8.05131310e+11  5.60287410e+11  1.95e+05 1.93e+00  1.37e+04  4485s
  60   7.96353976e+11  5.65815272e+11  1.86e+05 1.80e+00  1.29e+04  4552s
  61   7.89085378e+11  5.70958889e+11  1.77e+05 1.67e+00  1.22e+04  4618s
  62   7.77869178e+11  5.76477546e+11  1.64e+05 1.53e+00  1.13e+04  4685s
  63   7.70102500e+11  5.78854928e+11  1.55e+05 1.48e+00  1.07e+04  4751s
  64   7.64187659e+11  5.84785208e+11  1.48e+05 1.33e+00  1.00e+04  4819s
  65   7.61673783e+11  5.85975395e+11  1.45e+05 1.30e+00  9.83e+03  4871s
  66   7.52325577e+11  5.89327050e+11  1.34e+05 1.22e+00  9.11e+03  4938s
  67   7.46693915e+11  5.92262798e+11  1.27e+05 1.15e+00  8.63e+03  5005s
  68   7.41581389e+11  5.95161355e+11  1.21e+05 1.08e+00  8.18e+03  5065s
  69   7.37202482e+11  5.97122231e+11  1.16e+05 1.03e+00  7.83e+03  5131s
  70   7.32497918e+11  5.99471401e+11  1.10e+05 9.74e-01  7.43e+03  5199s
  71   7.29046824e+11  6.01619231e+11  1.05e+05 9.24e-01  7.12e+03  5264s
  72   7.25710131e+11  6.03556142e+11  1.01e+05 8.77e-01  6.82e+03  5331s
  73   7.22669339e+11  6.05715311e+11  9.74e+04 8.25e-01  6.53e+03  5398s
  74   7.18857959e+11  6.07197219e+11  9.26e+04 7.89e-01  6.24e+03  5463s
  75   7.15112155e+11  6.09926419e+11  8.80e+04 7.23e-01  5.87e+03  5531s
  76   7.13083902e+11  6.10768241e+11  8.53e+04 7.01e-01  5.71e+03  5583s
  77   7.09197415e+11  6.12590034e+11  8.04e+04 6.56e-01  5.39e+03  5650s
  78   7.06513847e+11  6.15204706e+11  7.72e+04 5.91e-01  5.10e+03  5718s
  79   7.03502829e+11  6.16677227e+11  7.34e+04 5.54e-01  4.85e+03  5785s
  80   6.98072412e+11  6.17982617e+11  6.62e+04 5.17e-01  4.47e+03  5853s
  81   6.95924958e+11  6.19825820e+11  6.35e+04 4.69e-01  4.25e+03  5920s
  82   6.93978247e+11  6.21093535e+11  6.10e+04 4.39e-01  4.07e+03  5991s
  83   6.92089068e+11  6.22489029e+11  5.84e+04 4.07e-01  3.88e+03  6068s
  84   6.90997678e+11  6.23284271e+11  5.69e+04 3.87e-01  3.78e+03  6135s
  85   6.89824431e+11  6.24418101e+11  5.53e+04 3.60e-01  3.65e+03  6202s
  86   6.88639036e+11  6.25791476e+11  5.37e+04 3.28e-01  3.51e+03  6268s
  87   6.88077397e+11  6.26037749e+11  5.29e+04 3.22e-01  3.46e+03  6321s
  88   6.87026580e+11  6.26627198e+11  5.16e+04 3.07e-01  3.37e+03  6380s
  89   6.85444389e+11  6.27777254e+11  4.94e+04 2.79e-01  3.22e+03  6446s
  90   6.83891421e+11  6.28605644e+11  4.72e+04 2.60e-01  3.08e+03  6512s
  91   6.83087872e+11  6.29163907e+11  4.61e+04 2.47e-01  3.01e+03  6563s
  92   6.82070331e+11  6.29848272e+11  4.46e+04 2.32e-01  2.91e+03  6628s
  93   6.80986289e+11  6.30711186e+11  4.31e+04 2.12e-01  2.80e+03  6693s
  94   6.79943708e+11  6.31593756e+11  4.16e+04 1.93e-01  2.70e+03  6759s
  95   6.78153461e+11  6.32364503e+11  3.91e+04 1.80e-01  2.55e+03  6824s
  96   6.76766060e+11  6.33349816e+11  3.71e+04 1.64e-01  2.42e+03  6889s
  97   6.75629908e+11  6.34353877e+11  3.54e+04 1.48e-01  2.30e+03  6955s
  98   6.74878472e+11  6.35258535e+11  3.44e+04 1.34e-01  2.21e+03  7021s
  99   6.74283738e+11  6.35991025e+11  3.36e+04 1.23e-01  2.13e+03  7087s
 100   6.73233362e+11  6.36754469e+11  3.20e+04 1.11e-01  2.03e+03  7155s
 101   6.72465633e+11  6.37798013e+11  3.09e+04 9.78e-02  1.93e+03  7222s
 102   6.71689093e+11  6.38430589e+11  2.97e+04 9.07e-02  1.85e+03  7280s
 103   6.70920982e+11  6.39135562e+11  2.86e+04 8.41e-02  1.77e+03  7350s
 104   6.70002388e+11  6.39952016e+11  2.73e+04 7.79e-02  1.67e+03  7419s
 105   6.69145265e+11  6.40364305e+11  2.59e+04 7.52e-02  1.60e+03  7487s
 106   6.68254097e+11  6.40635957e+11  2.46e+04 7.44e-02  1.54e+03  7555s
 107   6.67657791e+11  6.41288256e+11  2.36e+04 7.11e-02  1.47e+03  7628s
 108   6.66882494e+11  6.42014283e+11  2.25e+04 6.77e-02  1.39e+03  7710s
 109   6.66514345e+11  6.42279059e+11  2.19e+04 6.65e-02  1.35e+03  7780s
 110   6.66051389e+11  6.43038818e+11  2.12e+04 6.35e-02  1.28e+03  7852s
 111   6.65613263e+11  6.43208697e+11  2.05e+04 6.28e-02  1.25e+03  7918s
 112   6.65223921e+11  6.43346108e+11  1.98e+04 6.24e-02  1.22e+03  7984s
 113   6.64750811e+11  6.43528390e+11  1.91e+04 6.18e-02  1.18e+03  8051s
 114   6.63864661e+11  6.44207743e+11  1.77e+04 5.93e-02  1.09e+03  8111s
 115   6.63360045e+11  6.44840544e+11  1.69e+04 5.66e-02  1.03e+03  8176s
 116   6.62837498e+11  6.45345101e+11  1.60e+04 5.41e-02  9.74e+02  8243s
 117   6.62362370e+11  6.45800322e+11  1.53e+04 5.19e-02  9.22e+02  8310s
 118   6.61782764e+11  6.46293789e+11  1.44e+04 4.94e-02  8.62e+02  8380s
 119   6.61440597e+11  6.46606901e+11  1.38e+04 4.78e-02  8.26e+02  8439s
 120   6.61009353e+11  6.46967268e+11  1.31e+04 4.62e-02  7.82e+02  8507s
 121   6.60664932e+11  6.47247163e+11  1.25e+04 4.44e-02  7.47e+02  8578s
 122   6.60232164e+11  6.47651628e+11  1.19e+04 4.22e-02  7.00e+02  8651s
 123   6.60041765e+11  6.47921382e+11  1.15e+04 4.08e-02  6.75e+02  8719s
 124   6.59551475e+11  6.48209519e+11  1.07e+04 3.91e-02  6.31e+02  8793s
 125   6.59281766e+11  6.48395957e+11  1.03e+04 3.79e-02  6.06e+02  8860s
 126   6.59107021e+11  6.48636543e+11  1.00e+04 3.64e-02  5.83e+02  8928s
 127   6.58896794e+11  6.48861186e+11  9.66e+03 3.50e-02  5.59e+02  8993s
 128   6.58693191e+11  6.49051963e+11  9.31e+03 3.38e-02  5.37e+02  9055s
 129   6.58455939e+11  6.49163820e+11  8.90e+03 3.32e-02  5.17e+02  9118s
 130   6.58198274e+11  6.49385538e+11  8.45e+03 3.19e-02  4.91e+02  9174s
 131   6.58086640e+11  6.49615265e+11  8.25e+03 3.06e-02  4.72e+02  9237s
 132   6.58011387e+11  6.49674917e+11  8.13e+03 3.03e-02  4.64e+02  9300s
 133   6.57855614e+11  6.49759015e+11  7.86e+03 2.99e-02  4.51e+02  9364s
 134   6.57734307e+11  6.49869855e+11  7.65e+03 2.92e-02  4.38e+02  9426s
 135   6.57606011e+11  6.50032665e+11  7.43e+03 2.81e-02  4.22e+02  9489s
 136   6.57389240e+11  6.50128202e+11  7.06e+03 2.74e-02  4.04e+02  9551s
 137   6.57290739e+11  6.50139786e+11  6.88e+03 2.74e-02  3.98e+02  9606s
 138   6.57223304e+11  6.50270964e+11  6.76e+03 2.64e-02  3.87e+02  9661s
 139   6.57217284e+11  6.50298970e+11  6.75e+03 2.63e-02  3.85e+02  9716s
 140   6.57081358e+11  6.50421596e+11  6.50e+03 2.53e-02  3.71e+02  9778s
 141   6.56937937e+11  6.50545411e+11  6.25e+03 2.45e-02  3.56e+02  9841s
 142   6.56855799e+11  6.50612528e+11  6.11e+03 2.40e-02  3.48e+02  9895s
 143   6.56742527e+11  6.50682903e+11  5.91e+03 2.35e-02  3.37e+02  9957s
 144   6.56595619e+11  6.50795685e+11  5.65e+03 2.28e-02  3.23e+02  10020s
 145   6.56449230e+11  6.50954165e+11  5.38e+03 2.17e-02  3.06e+02  10081s
 146   6.56378171e+11  6.51043253e+11  5.25e+03 2.11e-02  2.97e+02  10136s
 147   6.56274045e+11  6.51152886e+11  5.06e+03 2.03e-02  2.85e+02  10197s
 148   6.56111679e+11  6.51246561e+11  4.76e+03 1.96e-02  2.71e+02  10259s
 149   6.55982965e+11  6.51385219e+11  4.52e+03 1.86e-02  2.56e+02  10321s
 150   6.55841087e+11  6.51510866e+11  4.26e+03 1.77e-02  2.41e+02  10383s
 151   6.55749967e+11  6.51621020e+11  4.10e+03 1.69e-02  2.30e+02  10445s
 152   6.55642364e+11  6.51702949e+11  3.89e+03 1.63e-02  2.19e+02  10507s
 153   6.55588569e+11  6.51810407e+11  3.79e+03 1.55e-02  2.10e+02  10562s
 154   6.55470713e+11  6.51901157e+11  3.58e+03 1.48e-02  1.99e+02  10625s
 155   6.55371515e+11  6.51964770e+11  3.39e+03 1.44e-02  1.90e+02  10687s
 156   6.55259143e+11  6.52051675e+11  3.19e+03 1.37e-02  1.78e+02  10749s
 157   6.55225332e+11  6.52118930e+11  3.13e+03 1.32e-02  1.73e+02  10804s
 158   6.55158846e+11  6.52216462e+11  3.00e+03 1.24e-02  1.64e+02  10866s
 159   6.55090873e+11  6.52265954e+11  2.88e+03 1.20e-02  1.57e+02  10928s
 160   6.54999420e+11  6.52356793e+11  2.72e+03 1.13e-02  1.47e+02  10990s
 161   6.54955604e+11  6.52464603e+11  2.64e+03 1.03e-02  1.39e+02  11052s
 162   6.54868669e+11  6.52506313e+11  2.48e+03 1.00e-02  1.31e+02  11115s
 163   6.54791921e+11  6.52566913e+11  2.34e+03 9.49e-03  1.24e+02  11177s
 164   6.54720634e+11  6.52598682e+11  2.20e+03 9.19e-03  1.18e+02  11239s
 165   6.54679430e+11  6.52653429e+11  2.13e+03 8.72e-03  1.13e+02  11302s
 166   6.54635626e+11  6.52701265e+11  2.04e+03 8.30e-03  1.08e+02  11365s
 167   6.54578729e+11  6.52734319e+11  1.94e+03 8.00e-03  1.03e+02  11428s
 168   6.54538036e+11  6.52778461e+11  1.86e+03 7.60e-03  9.79e+01  11491s
 169   6.54485438e+11  6.52820050e+11  1.76e+03 7.22e-03  9.27e+01  11553s
 170   6.54430604e+11  6.52863967e+11  1.66e+03 6.82e-03  8.72e+01  11615s
 171   6.54397555e+11  6.52889000e+11  1.60e+03 6.59e-03  8.39e+01  11670s
 172   6.54345738e+11  6.52928894e+11  1.50e+03 6.21e-03  7.88e+01  11733s
 173   6.54315913e+11  6.52977469e+11  1.44e+03 5.77e-03  7.45e+01  11795s
 174   6.54276095e+11  6.53003372e+11  1.37e+03 5.53e-03  7.08e+01  11856s
 175   6.54262380e+11  6.53012644e+11  1.34e+03 5.44e-03  6.95e+01  11904s
 176   6.54226376e+11  6.53032484e+11  1.27e+03 5.27e-03  6.64e+01  11966s
 177   6.54203305e+11  6.53056262e+11  1.23e+03 5.06e-03  6.38e+01  12028s
 178   6.54190127e+11  6.53074466e+11  1.20e+03 4.90e-03  6.21e+01  12090s
 179   6.54161336e+11  6.53091737e+11  1.15e+03 4.75e-03  5.95e+01  12153s
 180   6.54150217e+11  6.53097408e+11  1.13e+03 4.70e-03  5.86e+01  12208s
 181   6.54117700e+11  6.53115640e+11  1.06e+03 4.54e-03  5.58e+01  12270s
 182   6.54097217e+11  6.53149243e+11  1.02e+03 4.23e-03  5.27e+01  12333s
 183   6.54070619e+11  6.53165933e+11  9.71e+02 4.07e-03  5.03e+01  12395s
 184   6.54042216e+11  6.53187015e+11  9.16e+02 3.88e-03  4.76e+01  12458s
 185   6.54022601e+11  6.53204201e+11  8.78e+02 3.72e-03  4.55e+01  12520s
 186   6.54000834e+11  6.53216538e+11  8.35e+02 3.60e-03  4.36e+01  12583s
 187   6.53991144e+11  6.53226844e+11  8.16e+02 3.50e-03  4.25e+01  12631s
 188   6.53975472e+11  6.53249638e+11  7.85e+02 3.28e-03  4.04e+01  12686s
 189   6.53958788e+11  6.53264618e+11  7.53e+02 3.14e-03  3.86e+01  12749s
 190   6.53939320e+11  6.53278600e+11  7.15e+02 3.00e-03  3.68e+01  12811s
 191   6.53920595e+11  6.53303348e+11  6.79e+02 2.77e-03  3.43e+01  12873s
 192   6.53906654e+11  6.53313033e+11  6.51e+02 2.68e-03  3.30e+01  12928s
 193   6.53881926e+11  6.53327014e+11  6.03e+02 2.54e-03  3.09e+01  12990s
 194   6.53876002e+11  6.53331547e+11  5.91e+02 2.50e-03  3.03e+01  13039s
 195   6.53857486e+11  6.53348296e+11  5.55e+02 2.34e-03  2.83e+01  13101s
 196   6.53845789e+11  6.53358181e+11  5.32e+02 2.24e-03  2.71e+01  13157s
 197   6.53831251e+11  6.53369143e+11  5.04e+02 2.13e-03  2.57e+01  13219s
 198   6.53819574e+11  6.53385430e+11  4.81e+02 1.97e-03  2.42e+01  13282s
 199   6.53801588e+11  6.53394982e+11  4.46e+02 1.87e-03  2.26e+01  13343s
 200   6.53791823e+11  6.53402937e+11  4.27e+02 1.79e-03  2.16e+01  13406s
 201   6.53777295e+11  6.53413212e+11  3.99e+02 1.69e-03  2.03e+01  13468s
 202   6.53771115e+11  6.53426240e+11  3.86e+02 1.55e-03  1.92e+01  13523s
 203   6.53763181e+11  6.53434292e+11  3.71e+02 1.47e-03  1.83e+01  13585s
 204   6.53751415e+11  6.53443880e+11  3.48e+02 1.37e-03  1.71e+01  13648s
 205   6.53739052e+11  6.53452534e+11  3.25e+02 1.29e-03  1.59e+01  13710s
 206   6.53730531e+11  6.53458344e+11  3.08e+02 1.23e-03  1.51e+01  13772s
 207   6.53718947e+11  6.53464573e+11  2.86e+02 1.17e-03  1.42e+01  13835s
 208   6.53712516e+11  6.53468762e+11  2.73e+02 1.12e-03  1.36e+01  13898s
 209   6.53706461e+11  6.53475143e+11  2.62e+02 1.06e-03  1.29e+01  13960s
 210   6.53699037e+11  6.53482279e+11  2.47e+02 9.87e-04  1.21e+01  14022s
 211   6.53693256e+11  6.53484952e+11  2.35e+02 9.58e-04  1.16e+01  14084s
 212   6.53687193e+11  6.53490649e+11  2.23e+02 9.00e-04  1.09e+01  14140s
 213   6.53680411e+11  6.53496084e+11  2.10e+02 8.44e-04  1.03e+01  14203s
 214   6.53678046e+11  6.53499011e+11  2.05e+02 8.13e-04  9.96e+00  14264s
 215   6.53670899e+11  6.53502622e+11  1.91e+02 7.76e-04  9.36e+00  14326s
 216   6.53667418e+11  6.53508127e+11  1.84e+02 7.19e-04  8.86e+00  14382s
 217   6.53662960e+11  6.53512565e+11  1.75e+02 6.72e-04  8.37e+00  14444s
 218   6.53657217e+11  6.53516826e+11  1.64e+02 6.28e-04  7.81e+00  14506s
 219   6.53652726e+11  6.53520165e+11  1.55e+02 5.93e-04  7.38e+00  14562s
 220   6.53650852e+11  6.53521613e+11  1.51e+02 5.78e-04  7.19e+00  14610s
 221   6.53648574e+11  6.53523304e+11  1.47e+02 5.59e-04  6.97e+00  14658s
 222   6.53642712e+11  6.53527542e+11  1.35e+02 5.15e-04  6.41e+00  14721s
 223   6.53639443e+11  6.53529531e+11  1.28e+02 4.93e-04  6.12e+00  14784s
 224   6.53635535e+11  6.53531474e+11  1.21e+02 4.73e-04  5.79e+00  14846s
 225   6.53631257e+11  6.53536440e+11  1.13e+02 4.21e-04  5.28e+00  14909s
 226   6.53628083e+11  6.53538218e+11  1.06e+02 4.02e-04  5.00e+00  14971s
 227   6.53625117e+11  6.53540387e+11  1.00e+02 3.80e-04  4.71e+00  15034s
 228   6.53622027e+11  6.53542691e+11  9.40e+01 3.56e-04  4.41e+00  15096s
 229   6.53620048e+11  6.53544408e+11  9.00e+01 3.38e-04  4.21e+00  15159s

Barrier solved model in 229 iterations and 15158.88 seconds (2720.62 work units)
Optimal objective 6.53620048e+11

