MEM 989.375000 1771581294.5377
MEM 989.949219 1771581294.5692
MEM 7246.394531 1771581324.6302
MEM 7367.804688 1771581354.6898
MEM 7088.738281 1771581384.7497
MEM 7114.195312 1771581414.8102
MEM 7114.195312 1771581444.8709
MEM 7093.019531 1771581474.9293
MEM 9748.390625 1771581504.9898
MEM 8999.726562 1771581535.0500
MEM 14127.765625 1771581565.0868
MEM 16581.968750 1771581595.1498
MEM 13632.929688 1771581625.2022
MEM 15324.128906 1771581655.3884
MEM 38502.910156 1771581685.6304
MEM 43758.714844 1771581715.8164
MEM 51161.859375 1771581746.0042
MEM 58117.171875 1771581776.1770
MEM 65031.539062 1771581806.3618
MEM 43846.605469 1771581836.5975
MEM 46980.238281 1771581866.7892
MEM 48392.960938 1771581896.9810
MEM 48251.058594 1771581927.1605
MEM 50172.656250 1771581957.3487
MEM 51293.730469 1771581987.5657
MEM 48428.222656 1771582017.7777
MEM 48613.875000 1771582047.9886
MEM 48583.578125 1771582078.2152
MEM 48787.300781 1771582108.4006
MEM 48561.128906 1771582138.5970
MEM 48567.863281 1771582168.7520
MEM 48590.542969 1771582198.9162
MEM 48584.855469 1771582229.0654
MEM 48584.855469 1771582259.2166
MEM 48418.808594 1771582289.3574
MEM 48418.808594 1771582319.5362
MEM 48065.585938 1771582349.6932
MEM 47641.218750 1771582379.8498
MEM 47989.015625 1771582410.0015
MEM 55683.582031 1771582440.1957
MEM 63939.824219 1771582470.3498
MEM 64244.824219 1771582500.5018
MEM 64299.535156 1771582530.6888
MEM 65080.941406 1771582560.8448
MEM 65674.589844 1771582591.0008
MEM 61357.945312 1771582621.1724
MEM 59942.777344 1771582651.3168
MEM 31846.425781 1771582681.3775
MEM 42019.535156 1771582711.5289
MEM 43545.898438 1771582741.6411
MEM 44631.941406 1771582771.7448
MEM 44631.941406 1771582801.8763
MEM 44632.890625 1771582832.0344
MEM 44632.890625 1771582862.1655
MEM 44633.628906 1771582892.3319
MEM 44633.886719 1771582922.4934
MEM 44634.210938 1771582952.6184
MEM 44634.210938 1771582982.7437
MEM 44635.421875 1771583012.9125
MEM 44636.152344 1771583043.0248
MEM 44636.152344 1771583073.1655
MEM 44636.402344 1771583103.2828
MEM 44636.808594 1771583133.4171
MEM 44637.714844 1771583163.5530
MEM 44638.656250 1771583193.6691
MEM 44664.308594 1771583223.8309
MEM 44665.082031 1771583253.9760
MEM 44665.082031 1771583284.0950
MEM 44666.257812 1771583314.2243
MEM 44667.250000 1771583344.3714
MEM 44667.250000 1771583374.5241
MEM 44667.250000 1771583404.6876
MEM 44667.761719 1771583434.8190
MEM 44668.519531 1771583464.9469
MEM 44668.519531 1771583495.1145
MEM 44669.277344 1771583525.2891
MEM 44669.277344 1771583555.4654
MEM 44669.789062 1771583585.6564
MEM 44666.371094 1771583615.7970
MEM 44665.457031 1771583645.9727
MEM 44665.457031 1771583676.1514
MEM 44664.390625 1771583706.3257
MEM 44664.390625 1771583736.5152
MEM 44664.390625 1771583766.6852
MEM 44664.390625 1771583796.8738
MEM 44664.378906 1771583827.0249
MEM 44663.792969 1771583857.2522
MEM 44664.421875 1771583887.4118
MEM 44665.363281 1771583917.6168
MEM 44665.121094 1771583947.9603
MEM 44665.589844 1771583978.1454
MEM 44665.589844 1771584008.2655
MEM 44665.824219 1771584038.4899
MEM 44665.824219 1771584068.6989
MEM 44667.003906 1771584098.9098
MEM 44667.003906 1771584129.1546
MEM 44667.003906 1771584159.4643
MEM 44667.234375 1771584189.6298
MEM 44667.234375 1771584219.9080
MEM 44667.492188 1771584250.1594
MEM 44667.492188 1771584280.4509
MEM 44667.492188 1771584310.7302
MEM 44667.492188 1771584340.9546
MEM 44667.492188 1771584371.0142
MEM 44667.777344 1771584401.2203
MEM 44667.777344 1771584431.4737
MEM 44668.265625 1771584461.6799
MEM 44668.265625 1771584491.8893
MEM 44668.265625 1771584522.1175
MEM 44668.265625 1771584552.2975
MEM 44668.265625 1771584582.4793
MEM 44668.265625 1771584612.6948
MEM 44668.265625 1771584642.8878
MEM 44668.265625 1771584673.0457
MEM 44668.265625 1771584703.2385
MEM 44668.757812 1771584733.3976
MEM 44669.496094 1771584763.5922
MEM 44669.496094 1771584793.7933
MEM 44669.496094 1771584823.9968
MEM 44669.496094 1771584854.2228
MEM 44669.496094 1771584884.2900
MEM 44669.753906 1771584914.4873
MEM 44669.753906 1771584944.6899
MEM 44670.011719 1771584974.8846
MEM 44669.996094 1771585005.1152
MEM 44670.250000 1771585035.2976
MEM 44670.250000 1771585065.4921
MEM 44670.742188 1771585095.7242
MEM 44670.742188 1771585125.9319
MEM 44670.742188 1771585156.1469
MEM 44671.000000 1771585186.3796
MEM 44671.000000 1771585216.6196
MEM 44671.000000 1771585246.8219
MEM 44671.000000 1771585277.0487
MEM 44671.000000 1771585307.2568
MEM 44671.000000 1771585337.4780
MEM 44671.238281 1771585367.6785
MEM 44671.238281 1771585397.8647
MEM 44671.773438 1771585428.0734
MEM 44671.726562 1771585458.2618
MEM 44671.941406 1771585488.4655
MEM 44671.941406 1771585518.5368
MEM 44671.847656 1771585548.7137
MEM 44671.847656 1771585578.8908
MEM 44672.324219 1771585609.0827
MEM 44672.234375 1771585639.2658
MEM 44672.414062 1771585669.4836
MEM 44672.039062 1771585699.6951
MEM 44671.355469 1771585729.8855
MEM 44671.285156 1771585760.0532
MEM 44671.203125 1771585790.2451
MEM 44670.988281 1771585820.4567
MEM 44670.804688 1771585850.7078
MEM 44670.738281 1771585880.8765
MEM 44670.726562 1771585910.9470
MEM 44670.894531 1771585941.1108
MEM 44670.746094 1771585971.1894
MEM 44670.699219 1771586001.3934
MEM 44670.566406 1771586031.6372
MEM 44670.753906 1771586061.8429
MEM 44670.675781 1771586092.0436
MEM 44670.878906 1771586122.2779
MEM 44670.804688 1771586152.5159
MEM 44670.757812 1771586182.7118
MEM 44670.718750 1771586212.9434
MEM 44670.925781 1771586243.1641
MEM 44670.886719 1771586273.3609
MEM 44670.882812 1771586303.5017
MEM 44671.378906 1771586333.7226
MEM 44671.378906 1771586363.9587
MEM 44671.378906 1771586394.1413
MEM 44671.636719 1771586424.3439
MEM 44671.628906 1771586454.5740
MEM 44671.625000 1771586484.8036
MEM 44671.882812 1771586514.9894
MEM 44671.867188 1771586545.1858
MEM 44671.851562 1771586575.3789
MEM 44671.828125 1771586605.5770
MEM 44671.808594 1771586635.7730
MEM 44671.792969 1771586665.9407
MEM 44672.015625 1771586696.1609
MEM 44672.015625 1771586726.3494
MEM 44671.968750 1771586756.5644
MEM 44671.960938 1771586786.7836
MEM 44671.957031 1771586816.8483
MEM 44672.730469 1771586847.0551
MEM 44672.730469 1771586877.2541
MEM 44672.726562 1771586907.4300
MEM 44672.699219 1771586937.6279
MEM 44672.949219 1771586967.8322
MEM 44672.949219 1771586998.0213
MEM 44673.445312 1771587028.2327
MEM 44673.433594 1771587058.4517
MEM 44673.679688 1771587088.6763
MEM 44673.664062 1771587118.9262
MEM 44673.656250 1771587149.1579
MEM 44673.652344 1771587179.4000
MEM 44673.644531 1771587209.5884
MEM 44673.640625 1771587239.7961
MEM 44673.636719 1771587270.0107
MEM 44673.835938 1771587300.2095
MEM 44673.824219 1771587330.4499
MEM 44674.316406 1771587360.7074
MEM 44674.316406 1771587390.9081
MEM 44674.566406 1771587421.1732
MEM 44674.558594 1771587451.3642
MEM 44674.539062 1771587481.5332
MEM 44674.531250 1771587511.7329
MEM 44674.531250 1771587541.9568
MEM 44674.531250 1771587572.1547
MEM 44674.531250 1771587602.2289
MEM 44674.531250 1771587632.4476
MEM 44674.531250 1771587663.0132
MEM 44674.531250 1771587693.2212
MEM 44674.531250 1771587723.4264
MEM 44674.531250 1771587753.6261
MEM 44674.531250 1771587783.8741
MEM 44674.515625 1771587814.0715
MEM 44674.515625 1771587844.2982
MEM 44674.492188 1771587874.3638
MEM 44674.730469 1771587904.5276
MEM 44674.921875 1771587934.7009
MEM 44674.664062 1771587964.8777
MEM 44674.214844 1771587995.1599
MEM 44674.179688 1771588025.3619
MEM 44674.070312 1771588055.5356
MEM 44674.007812 1771588085.7814
MEM 44673.945312 1771588115.8830
MEM 44673.933594 1771588146.0715
MEM 44673.894531 1771588176.3276
MEM 44673.894531 1771588206.5256
MEM 44673.894531 1771588236.7212
MEM 44673.886719 1771588266.9245
MEM 44673.886719 1771588297.1433
MEM 44673.886719 1771588327.3432
MEM 44673.886719 1771588357.6631
MEM 44673.886719 1771588387.8737
MEM 44673.882812 1771588418.1262
MEM 44673.875000 1771588448.3349
MEM 44673.875000 1771588478.5095
MEM 44673.875000 1771588508.7792
MEM 44673.875000 1771588538.9716
MEM 44673.875000 1771588569.1599
MEM 44673.875000 1771588599.3375
MEM 44673.875000 1771588629.5094
MEM 44673.875000 1771588659.7121
MEM 44673.875000 1771588689.8855
MEM 44674.085938 1771588720.0647
MEM 44674.085938 1771588750.3014
MEM 44674.085938 1771588780.5750
MEM 44674.085938 1771588810.7641
MEM 44674.085938 1771588841.0429
MEM 44674.085938 1771588872.2155
MEM 44674.085938 1771588902.3083
MEM 44674.261719 1771588932.5663
MEM 44674.261719 1771588962.7202
MEM 44674.261719 1771588992.9497
MEM 44674.261719 1771589023.1531
MEM 44674.261719 1771589053.3659
MEM 44674.261719 1771589083.4670
MEM 44674.261719 1771589113.6351
MEM 44674.261719 1771589143.9158
MEM 44674.261719 1771589174.1613
MEM 44674.261719 1771589204.6649
MEM 44674.261719 1771589234.8293
MEM 44674.261719 1771589265.1046
MEM 44674.261719 1771589295.3443
MEM 44674.261719 1771589325.5847
MEM 44674.261719 1771589355.7947
MEM 44674.261719 1771589385.9976
MEM 44674.261719 1771589416.1842
MEM 44674.261719 1771589446.3897
MEM 44674.261719 1771589476.6110
MEM 44674.261719 1771589506.6808
MEM 44674.261719 1771589536.7484
MEM 44674.261719 1771589566.8974
MEM 44674.261719 1771589597.0844
MEM 44674.261719 1771589627.2812
MEM 44674.261719 1771589657.5037
MEM 44674.261719 1771589687.5882
MEM 44674.261719 1771589717.7560
MEM 44674.261719 1771589747.9484
MEM 44674.261719 1771589778.1676
MEM 44674.261719 1771589808.3153
MEM 44674.261719 1771589838.4836
MEM 44674.261719 1771589868.7119
MEM 44674.261719 1771589898.9471
MEM 44674.261719 1771589929.4603
MEM 44674.261719 1771589959.6297
MEM 44674.261719 1771589989.8449
MEM 44674.261719 1771590020.0531
MEM 44674.261719 1771590050.2285
MEM 44674.261719 1771590080.4798
MEM 44674.261719 1771590110.6778
MEM 44674.261719 1771590140.9005
MEM 44674.261719 1771590171.1362
MEM 44674.261719 1771590201.3409
MEM 44674.261719 1771590231.5257
MEM 44674.261719 1771590261.7309
MEM 44674.261719 1771590291.9334
MEM 44674.261719 1771590322.1543
MEM 44674.261719 1771590352.3618
MEM 44674.261719 1771590382.4257
MEM 44674.261719 1771590412.4931
MEM 44674.261719 1771590442.7117
MEM 44674.261719 1771590472.9139
MEM 44674.261719 1771590503.0647
MEM 44674.261719 1771590533.2326
MEM 44674.261719 1771590563.3915
MEM 44674.261719 1771590593.4600
MEM 44674.261719 1771590623.6203
MEM 44674.261719 1771590653.7443
MEM 44674.261719 1771590683.9533
MEM 44674.261719 1771590714.1374
MEM 44674.261719 1771590744.2611
MEM 44674.261719 1771590774.4375
MEM 44674.636719 1771590804.6066
MEM 44674.636719 1771590834.7557
MEM 44674.636719 1771590864.8856
MEM 44674.636719 1771590895.0059
MEM 44674.636719 1771590925.2218
MEM 44674.636719 1771590955.4137
MEM 44674.636719 1771590985.5868
MEM 44674.636719 1771591015.7664
MEM 44674.636719 1771591045.9542
MEM 44674.636719 1771591076.1016
MEM 44674.636719 1771591106.2568
MEM 44674.636719 1771591136.4014
MEM 44674.636719 1771591166.5851
MEM 44674.636719 1771591196.7172
MEM 44674.863281 1771591226.8622
MEM 44674.863281 1771591257.0051
MEM 44674.863281 1771591287.1459
MEM 44674.863281 1771591317.3125
MEM 44674.863281 1771591347.4585
MEM 44674.863281 1771591377.6256
MEM 44674.863281 1771591407.7726
MEM 44674.863281 1771591437.9035
MEM 44674.863281 1771591468.0326
MEM 44674.863281 1771591498.1525
MEM 44674.863281 1771591528.2897
MEM 44674.863281 1771591558.4314
MEM 44674.863281 1771591588.5567
MEM 44674.863281 1771591618.7063
MEM 44675.089844 1771591648.8899
MEM 44675.089844 1771591679.0126
MEM 44675.089844 1771591709.1354
MEM 44675.089844 1771591739.2854
MEM 44675.089844 1771591769.4178
MEM 44675.089844 1771591799.5559
MEM 44675.089844 1771591829.6914
MEM 44675.089844 1771591859.8548
MEM 44675.089844 1771591889.9735
MEM 44675.089844 1771591920.1311
MEM 44675.089844 1771591950.2884
MEM 44675.089844 1771591980.4357
MEM 44675.089844 1771592010.5415
MEM 44675.089844 1771592040.6914
MEM 44675.089844 1771592070.8252
MEM 44675.089844 1771592100.8834
MEM 44675.089844 1771592131.0660
MEM 44675.089844 1771592161.2320
MEM 44675.089844 1771592191.3782
MEM 44675.089844 1771592221.5008
MEM 44675.089844 1771592251.6667
MEM 44675.089844 1771592281.8201
MEM 44675.089844 1771592311.9395
MEM 44675.089844 1771592342.0512
MEM 44675.089844 1771592372.1618
MEM 44675.089844 1771592402.3592
MEM 44675.089844 1771592432.5053
MEM 44675.089844 1771592462.6434
MEM 44675.277344 1771592492.7727
MEM 44675.277344 1771592522.9480
MEM 44675.277344 1771592553.0894
MEM 44675.277344 1771592583.2436
MEM 44675.277344 1771592613.3729
MEM 44675.277344 1771592643.5215
MEM 44675.277344 1771592673.6953
MEM 44675.277344 1771592703.8608
MEM 44675.511719 1771592734.0575
MEM 44675.511719 1771592764.2077
MEM 44675.511719 1771592794.4040
MEM 44675.511719 1771592824.6475
MEM 44675.511719 1771592854.7071
MEM 44675.800781 1771592884.8484
MEM 44675.800781 1771592915.0092
MEM 44675.800781 1771592945.1760
MEM 44675.800781 1771592975.3195
MEM 44675.800781 1771593005.4403
MEM 44675.800781 1771593035.5932
MEM 44675.800781 1771593065.7530
MEM 44675.800781 1771593095.8993
MEM 44675.800781 1771593126.0208
MEM 44675.800781 1771593156.1841
MEM 44675.800781 1771593186.3313
MEM 44675.800781 1771593216.4851
MEM 44675.800781 1771593246.6011
MEM 44675.800781 1771593276.7451
MEM 44675.800781 1771593306.9109
MEM 44675.800781 1771593337.0291
MEM 44675.800781 1771593367.1785
MEM 44675.800781 1771593397.3313
MEM 44675.800781 1771593427.4764
MEM 44675.800781 1771593457.6049
MEM 44675.800781 1771593487.7440
MEM 44675.800781 1771593517.8337
MEM 44675.800781 1771593547.9856
MEM 44675.800781 1771593578.1408
MEM 44675.800781 1771593608.3365
MEM 44675.800781 1771593638.5050
MEM 44675.800781 1771593668.6469
MEM 44675.800781 1771593698.8335
MEM 44675.800781 1771593728.9889
MEM 44675.800781 1771593759.1627
MEM 44675.800781 1771593789.3333
MEM 44675.800781 1771593819.4732
MEM 44675.800781 1771593849.6387
MEM 44675.800781 1771593879.8083
MEM 44675.800781 1771593909.9339
MEM 44675.800781 1771593940.1571
MEM 44675.800781 1771593970.2971
MEM 44675.800781 1771594000.4394
MEM 44675.800781 1771594030.5858
MEM 44675.800781 1771594060.7893
MEM 44675.800781 1771594090.9807
MEM 44675.800781 1771594121.0661
MEM 44675.800781 1771594151.2415
MEM 44675.800781 1771594181.4389
MEM 44675.800781 1771594211.5895
MEM 44675.800781 1771594242.1638
MEM 44675.800781 1771594272.3255
MEM 44675.800781 1771594302.5048
MEM 44675.800781 1771594332.6881
MEM 44675.800781 1771594362.8506
MEM 44675.800781 1771594393.0262
MEM 44675.800781 1771594423.1972
MEM 44675.800781 1771594453.3745
MEM 44675.800781 1771594483.5483
MEM 44675.800781 1771594513.7188
MEM 44675.800781 1771594543.9139
MEM 44675.800781 1771594574.1112
MEM 44675.800781 1771594604.2916
MEM 44675.800781 1771594634.4876
MEM 44675.800781 1771594664.6995
MEM 44675.800781 1771594694.8294
MEM 44675.800781 1771594725.0198
MEM 44675.800781 1771594755.1846
MEM 44675.800781 1771594785.3716
MEM 44675.800781 1771594815.5788
MEM 44675.800781 1771594845.7698
MEM 44675.800781 1771594875.9902
MEM 44675.800781 1771594906.1764
MEM 44675.800781 1771594936.3575
MEM 44675.800781 1771594966.5828
MEM 44675.800781 1771594996.7509
MEM 44676.058594 1771595026.9136
MEM 44676.058594 1771595057.0828
MEM 44676.058594 1771595087.2952
MEM 44676.058594 1771595117.4878
MEM 44676.058594 1771595147.6823
MEM 44676.058594 1771595177.8639
MEM 44676.058594 1771595208.0702
MEM 44676.058594 1771595238.2387
MEM 44676.058594 1771595268.4422
MEM 44676.058594 1771595298.6094
MEM 44676.058594 1771595328.7970
MEM 44676.058594 1771595358.9838
MEM 44676.058594 1771595389.3177
MEM 44676.058594 1771595419.5054
MEM 44676.058594 1771595449.6962
MEM 44676.058594 1771595479.8686
MEM 44676.058594 1771595510.0483
MEM 44676.058594 1771595540.2135
MEM 44676.058594 1771595570.3976
MEM 44676.058594 1771595600.5483
MEM 44676.058594 1771595630.7084
MEM 44676.058594 1771595660.8759
MEM 44676.058594 1771595691.0597
MEM 44676.058594 1771595721.2418
MEM 44676.058594 1771595751.4403
MEM 44676.058594 1771595781.6112
MEM 44676.058594 1771595811.7913
MEM 44676.058594 1771595841.9596
MEM 44676.058594 1771595872.1556
MEM 44676.058594 1771595902.3072
MEM 44676.058594 1771595932.5100
MEM 44676.058594 1771595962.6763
MEM 44676.058594 1771595992.8814
MEM 44676.058594 1771596023.0459
MEM 44676.058594 1771596053.2539
MEM 44676.058594 1771596083.4383
MEM 44676.058594 1771596113.5749
MEM 44676.058594 1771596143.7459
MEM 44676.058594 1771596173.9200
MEM 44676.058594 1771596204.0897
MEM 44676.058594 1771596234.2708
MEM 44676.058594 1771596264.4717
MEM 44676.058594 1771596294.6376
MEM 44676.058594 1771596324.7853
MEM 44676.058594 1771596354.9747
MEM 44676.058594 1771596385.1129
MEM 44676.058594 1771596415.2567
MEM 44676.058594 1771596445.4536
MEM 44676.058594 1771596475.6556
MEM 44676.058594 1771596506.2082
MEM 44676.058594 1771596536.3736
MEM 44676.058594 1771596566.5607
MEM 44676.058594 1771596596.7407
MEM 44676.058594 1771596626.8198
MEM 44676.058594 1771596656.9976
MEM 44676.058594 1771596687.1936
MEM 13398.398438 1771596717.2550
MEM 19423.859375 1771596747.3148
MEM 20386.085938 1771596777.3573
MEM 21630.027344 1771596807.3931
MEM 23020.640625 1771596837.4558
MEM 19542.351562 1771596857.9612
