MEM 796.714844 1769521851.9217
MEM 797.332031 1769521852.0162
MEM 2446.339844 1769521882.0915
MEM 4960.238281 1769521912.1682
MEM 19862.695312 1769521942.2669
MEM 18803.546875 1769521972.3927
MEM 15374.328125 1769522002.4657
MEM 17863.375000 1769522032.5455
MEM 17870.179688 1769522062.6484
MEM 17873.046875 1769522092.7301
MEM 17874.847656 1769522122.8321
MEM 17875.542969 1769522152.9402
MEM 17876.808594 1769522183.0340
MEM 17877.324219 1769522213.1492
MEM 17877.839844 1769522243.2620
MEM 17878.355469 1769522273.3611
MEM 17879.296875 1769522303.4493
MEM 17880.070312 1769522333.5330
MEM 17880.070312 1769522363.6118
MEM 17880.070312 1769522393.7203
MEM 17880.585938 1769522423.8114
MEM 17880.843750 1769522453.9168
MEM 17880.843750 1769522484.0069
MEM 7258.761719 1769522514.0638
MEM 7029.191406 1769522536.2650
