
Gurobi 13.0.0 (linux64) logging started Tue Feb 10 11:49:04 2026

Set parameter LogFile to value "/cluster/work/cpesm/acott/pypsa-eur/results/eu-overnight/eur_high_wind_scenario_2050_2h/logs/base_s_40___2050_solver.log"
Gurobi Optimizer version 13.0.0 build v13.0.0rc1 (linux64 - "Ubuntu 22.04.5 LTS")

CPU model: AMD EPYC 7763 64-Core Processor, instruction set [SSE2|AVX|AVX2]
Thread count: 128 physical cores, 128 logical processors, using up to 32 threads

Non-default parameters:
Method  2
BarConvTol  1e-05
Crossover  0
AggFill  0
PreDual  0
Seed  123
Threads  32
GURO_PAR_BARDENSETHRESH  200

Optimize a model with 23466053 rows, 11411583 columns and 51540392 nonzeros (Min)
Model fingerprint: 0x279e5f6d
Model has 9646168 linear objective coefficients
Coefficient statistics:
  Matrix range     [2e-03, 5e+02]
  Objective range  [2e-02, 8e+05]
  Bounds range     [9e-02, 1e+11]
  RHS range        [2e-01, 1e+09]
Warning: Model contains large rhs
Warning: Model contains large bounds
         Consider reformulating model or setting NumericFocus parameter
         to avoid numerical issues.
Presolve removed 12531187 rows and 2147688 columns (presolve time = 8s)...
Presolve removed 12531187 rows and 2147688 columns (presolve time = 10s)...
Presolve removed 12533499 rows and 2150000 columns (presolve time = 16s)...
Presolve removed 13647133 rows and 3263634 columns (presolve time = 23s)...
Presolve removed 13647133 rows and 3263634 columns (presolve time = 25s)...
Presolve removed 13647133 rows and 3263634 columns (presolve time = 32s)...
Presolve removed 13647133 rows and 3263634 columns (presolve time = 36s)...
Presolve removed 13984453 rows and 3282621 columns (presolve time = 40s)...
Presolve removed 13986307 rows and 3282621 columns (presolve time = 47s)...
Presolve removed 13986307 rows and 3282621 columns
Presolve time: 47.93s
Presolved: 9479746 rows, 8128962 columns, 33409168 nonzeros
Elapsed ordering time = 7s
Elapsed ordering time = 10s
Elapsed ordering time = 15s
Elapsed ordering time = 20s
Elapsed ordering time = 86s
Elapsed ordering time = 119s
Elapsed ordering time = 137s
Elapsed ordering time = 144s
Elapsed ordering time = 161s
Elapsed ordering time = 166s
Elapsed ordering time = 173s
Elapsed ordering time = 179s
Elapsed ordering time = 180s
Elapsed ordering time = 187s
Elapsed ordering time = 191s
Elapsed ordering time = 196s
Elapsed ordering time = 203s
Elapsed ordering time = 205s
Elapsed ordering time = 211s
Elapsed ordering time = 217s
Elapsed ordering time = 220s
Elapsed ordering time = 225s
Elapsed ordering time = 230s
Elapsed ordering time = 235s
Elapsed ordering time = 240s
Elapsed ordering time = 245s
Elapsed ordering time = 250s
Elapsed ordering time = 255s
Elapsed ordering time = 260s
Elapsed ordering time = 265s
Elapsed ordering time = 270s
Elapsed ordering time = 278s
Elapsed ordering time = 280s
Elapsed ordering time = 285s
Elapsed ordering time = 290s
Elapsed ordering time = 295s
Elapsed ordering time = 300s
Elapsed ordering time = 305s
Elapsed ordering time = 310s
Elapsed ordering time = 315s
Elapsed ordering time = 320s
Elapsed ordering time = 325s
Elapsed ordering time = 330s
Elapsed ordering time = 335s
Elapsed ordering time = 340s
Ordering time: 395.94s

Barrier statistics:
 Dense cols : 1337
 AA' NZ     : 4.164e+07
 Factor NZ  : 6.307e+08 (roughly 12.0 GB of memory)
 Factor Ops : 9.807e+11 (roughly 3 seconds per iteration)
 Threads    : 32

                  Objective                Residual
Iter       Primal          Dual         Primal    Dual     Compl     Time
   0   2.64193311e+19 -6.77758594e+17  1.19e+14 1.80e+00  8.22e+13   472s
   1   2.28294118e+19 -6.59115956e+17  1.02e+14 7.05e+04  5.07e+13   485s
   2   1.99122259e+19 -6.31169689e+17  8.92e+13 4.22e+04  3.94e+13   504s
   3   1.23679348e+19 -5.86333715e+17  5.49e+13 5.18e+04  2.39e+13   521s
   4   9.73663704e+18 -4.94843376e+17  4.22e+13 8.08e+04  1.59e+13   536s
   5   7.26308246e+18 -4.56001870e+17  2.93e+13 8.84e+04  1.11e+13   551s
   6   4.88841749e+18 -3.96447945e+17  1.75e+13 2.30e+05  6.67e+12   568s
   7   2.68269353e+18 -3.21218774e+17  7.59e+12 3.77e+05  2.96e+12   583s
   8   1.17045604e+18 -2.18176542e+17  2.45e+12 1.34e+05  9.83e+11   603s
   9   4.06481102e+17 -1.28936245e+17  6.98e+11 4.43e+05  2.83e+11   616s
  10   1.26388231e+17 -8.05776153e+16  1.85e+11 5.23e+05  7.67e+10   630s
  11   6.22961368e+16 -6.74630530e+16  8.12e+10 4.90e+05  3.55e+10   639s
  12   4.09991302e+16 -5.68462728e+16  4.98e+10 4.62e+05  2.23e+10   655s
  13   3.54035882e+16 -4.64734747e+16  4.25e+10 2.93e+05  1.82e+10   675s
  14   1.90717189e+16 -3.89416335e+16  1.68e+10 2.01e+05  8.56e+09   694s
  15   1.04053072e+16 -1.79428430e+16  7.88e+09 7.56e+03  3.59e+09   712s
  16   1.55342337e+15 -7.65032488e+15  7.49e+08 1.59e+03  6.67e+08   727s
  17   8.23700992e+14 -6.65532911e+15  2.68e+08 1.37e+03  4.70e+08   740s
  18   3.96961618e+14 -5.64371316e+15  7.83e+07 1.15e+03  3.53e+08   758s
  19   3.31801168e+14 -4.66791460e+15  4.24e+07 9.53e+02  2.87e+08   777s
  20   2.52971287e+14 -3.60751138e+15  1.80e+07 7.36e+02  2.19e+08   795s
  21   1.62563432e+14 -1.53457798e+15  4.95e+06 2.98e+02  9.57e+07   818s
  22   1.15391243e+14 -7.64663311e+14  2.24e+06 1.54e+02  4.95e+07   843s
  23   8.04077985e+13 -1.61894197e+14  1.22e+06 3.44e+01  1.36e+07   860s
  24   5.86944483e+13 -6.02250648e+13  7.25e+05 1.45e+01  6.69e+06   876s
  25   4.51583124e+13 -4.61092034e+13  4.33e+05 1.20e+01  5.13e+06   893s
  26   3.85365819e+13 -1.25682401e+13  3.04e+05 5.95e+00  2.87e+06   918s
  27   3.56272931e+13 -4.71318328e+12  2.51e+05 4.66e+00  2.27e+06   943s
  28   3.44312945e+13 -2.53532186e+12  2.28e+05 4.28e+00  2.08e+06   962s
  29   3.26306780e+13  7.98801490e+11  1.96e+05 3.69e+00  1.79e+06   983s
  30   3.13877262e+13  3.08116368e+12  1.74e+05 3.30e+00  1.59e+06  1004s
  31   3.00546132e+13  7.06542465e+12  1.51e+05 2.61e+00  1.29e+06  1034s
  32   2.92636202e+13  8.06262949e+12  1.37e+05 2.44e+00  1.19e+06  1056s
  33   2.79909228e+13  1.05992803e+13  1.16e+05 1.97e+00  9.76e+05  1089s
  34   2.67997410e+13  1.42898748e+13  9.52e+04 1.31e+00  7.02e+05  1113s
  35   2.62035657e+13  1.50749268e+13  8.54e+04 1.17e+00  6.24e+05  1133s
  36   2.53812833e+13  1.58731438e+13  7.11e+04 1.02e+00  5.33e+05  1163s
  37   2.49500041e+13  1.72363003e+13  6.28e+04 7.75e-01  4.33e+05  1183s
  38   2.44093896e+13  1.79121934e+13  5.30e+04 6.48e-01  3.64e+05  1208s
  39   2.40620173e+13  1.85496272e+13  4.70e+04 5.28e-01  3.09e+05  1230s
  40   2.36079235e+13  1.91462740e+13  3.90e+04 4.16e-01  2.50e+05  1252s
  41   2.32960267e+13  1.94042708e+13  3.35e+04 3.68e-01  2.18e+05  1281s
  42   2.30021720e+13  2.00238054e+13  2.83e+04 2.51e-01  1.67e+05  1305s
  43   2.27506024e+13  2.02761274e+13  2.40e+04 2.03e-01  1.39e+05  1332s
  44   2.26248893e+13  2.05608953e+13  2.19e+04 1.49e-01  1.16e+05  1356s
  45   2.23880768e+13  2.07339850e+13  1.78e+04 1.16e-01  9.26e+04  1384s
  46   2.22077385e+13  2.08402826e+13  1.47e+04 9.60e-02  7.65e+04  1409s
  47   2.20778822e+13  2.09263875e+13  1.24e+04 7.94e-02  6.44e+04  1433s
  48   2.19768345e+13  2.09958957e+13  1.08e+04 6.60e-02  5.48e+04  1463s
  49   2.18811982e+13  2.10712244e+13  9.17e+03 5.13e-02  4.52e+04  1489s
  50   2.18229763e+13  2.11051232e+13  8.20e+03 4.49e-02  4.01e+04  1515s
  51   2.17493885e+13  2.11461737e+13  6.98e+03 3.68e-02  3.36e+04  1548s
  52   2.16709739e+13  2.11921761e+13  5.64e+03 2.79e-02  2.67e+04  1571s
  53   2.16231493e+13  2.12148817e+13  4.80e+03 2.36e-02  2.27e+04  1599s
  54   2.15954460e+13  2.12301622e+13  4.32e+03 2.08e-02  2.03e+04  1630s
  55   2.15637044e+13  2.12420434e+13  3.77e+03 1.87e-02  1.79e+04  1653s
  56   2.15390060e+13  2.12497233e+13  3.33e+03 1.74e-02  1.61e+04  1680s
  57   2.15265093e+13  2.12583196e+13  3.10e+03 1.60e-02  1.49e+04  1702s
  58   2.15190713e+13  2.12644073e+13  2.97e+03 1.50e-02  1.41e+04  1720s
  59   2.15100290e+13  2.12714259e+13  2.80e+03 1.39e-02  1.32e+04  1745s
  60   2.15044592e+13  2.12741721e+13  2.70e+03 1.35e-02  1.28e+04  1764s
  61   2.14989355e+13  2.12767036e+13  2.60e+03 1.31e-02  1.23e+04  1784s
  62   2.14950031e+13  2.12788777e+13  2.53e+03 1.27e-02  1.20e+04  1813s
  63   2.14927594e+13  2.12824513e+13  2.48e+03 1.22e-02  1.17e+04  1836s
  64   2.14897174e+13  2.12850412e+13  2.43e+03 1.18e-02  1.13e+04  1861s
  65   2.14857720e+13  2.12891706e+13  2.35e+03 1.11e-02  1.09e+04  1892s
  66   2.14827035e+13  2.12905821e+13  2.29e+03 1.09e-02  1.06e+04  1911s
  67   2.14780648e+13  2.12951337e+13  2.20e+03 1.02e-02  1.01e+04  1934s
  68   2.14724467e+13  2.12977201e+13  2.10e+03 9.84e-03  9.68e+03  1956s
  69   2.14703695e+13  2.13019532e+13  2.06e+03 9.22e-03  9.32e+03  1982s
  70   2.14580555e+13  2.13041020e+13  1.82e+03 8.90e-03  8.52e+03  2003s
  71   2.14552830e+13  2.13071324e+13  1.76e+03 8.46e-03  8.20e+03  2030s
  72   2.14468068e+13  2.13115401e+13  1.60e+03 7.83e-03  7.48e+03  2057s
  73   2.14397857e+13  2.13171102e+13  1.46e+03 7.05e-03  6.79e+03  2087s
  74   2.14334860e+13  2.13195127e+13  1.33e+03 6.71e-03  6.30e+03  2114s
  75   2.14294780e+13  2.13224281e+13  1.25e+03 6.31e-03  5.92e+03  2137s
  76   2.14282120e+13  2.13241570e+13  1.22e+03 6.07e-03  5.76e+03  2156s
  77   2.14224176e+13  2.13254158e+13  1.11e+03 5.89e-03  5.37e+03  2178s
  78   2.14190556e+13  2.13284022e+13  1.04e+03 5.49e-03  5.02e+03  2211s
  79   2.14153211e+13  2.13319129e+13  9.63e+02 5.02e-03  4.62e+03  2237s
  80   2.14136849e+13  2.13335188e+13  9.29e+02 4.81e-03  4.44e+03  2268s
  81   2.14116837e+13  2.13347798e+13  8.88e+02 4.64e-03  4.26e+03  2297s
  82   2.14097767e+13  2.13384709e+13  8.47e+02 4.15e-03  3.95e+03  2319s
  83   2.14063270e+13  2.13413105e+13  7.76e+02 3.78e-03  3.61e+03  2342s
  84   2.14043126e+13  2.13429237e+13  7.35e+02 3.57e-03  3.41e+03  2367s
  85   2.14020088e+13  2.13455028e+13  6.87e+02 3.23e-03  3.14e+03  2391s
  86   2.14001877e+13  2.13464530e+13  6.49e+02 3.11e-03  2.99e+03  2417s
  87   2.13990536e+13  2.13481531e+13  6.25e+02 2.89e-03  2.83e+03  2440s
  88   2.13976178e+13  2.13497915e+13  5.95e+02 2.68e-03  2.66e+03  2461s
  89   2.13959522e+13  2.13511509e+13  5.59e+02 2.51e-03  2.50e+03  2481s
  90   2.13954226e+13  2.13514387e+13  5.48e+02 2.47e-03  2.46e+03  2504s
  91   2.13938917e+13  2.13523994e+13  5.16e+02 2.35e-03  2.32e+03  2531s
  92   2.13934038e+13  2.13529608e+13  5.05e+02 2.28e-03  2.26e+03  2551s
  93   2.13927002e+13  2.13538187e+13  4.90e+02 2.18e-03  2.18e+03  2581s
  94   2.13915270e+13  2.13551444e+13  4.63e+02 2.02e-03  2.04e+03  2604s
  95   2.13905832e+13  2.13559830e+13  4.42e+02 1.91e-03  1.94e+03  2622s
  96   2.13894057e+13  2.13570013e+13  4.15e+02 1.79e-03  1.82e+03  2645s
  97   2.13882492e+13  2.13579654e+13  3.89e+02 1.67e-03  1.70e+03  2664s
  98   2.13871945e+13  2.13590046e+13  3.64e+02 1.55e-03  1.58e+03  2699s
  99   2.13862104e+13  2.13598944e+13  3.41e+02 1.45e-03  1.48e+03  2723s
 100   2.13854326e+13  2.13607575e+13  3.22e+02 1.35e-03  1.38e+03  2754s
 101   2.13845564e+13  2.13613273e+13  3.00e+02 1.28e-03  1.30e+03  2778s

Barrier solved model in 101 iterations and 2778.52 seconds (1087.84 work units)
Optimal objective 2.13845564e+13

