MEM 988.847656 1770720354.3268
MEM 989.414062 1770720354.4287
MEM 7363.320312 1770720384.5019
MEM 7362.183594 1770720414.5713
MEM 7150.527344 1770720444.6453
MEM 7171.960938 1770720474.7184
MEM 7445.933594 1770720504.7976
MEM 10759.449219 1770720534.8504
MEM 17089.828125 1770720564.9247
MEM 12268.476562 1770720594.9994
MEM 27962.656250 1770720625.1020
MEM 49159.683594 1770720655.2261
MEM 63231.886719 1770720685.3210
MEM 48660.156250 1770720715.4457
MEM 47000.941406 1770720745.5889
MEM 46232.933594 1770720775.7079
MEM 46298.093750 1770720805.8556
MEM 46071.941406 1770720835.9741
MEM 46830.355469 1770720866.1299
MEM 52219.460938 1770720896.2918
MEM 59929.761719 1770720926.3878
MEM 56266.285156 1770720956.5373
MEM 36603.738281 1770720986.6001
MEM 39872.066406 1770721016.6721
MEM 41463.101562 1770721046.7656
MEM 41470.398438 1770721076.8370
MEM 41471.253906 1770721107.0030
MEM 41472.796875 1770721137.1923
MEM 41473.484375 1770721167.4022
MEM 41475.503906 1770721197.6260
MEM 41529.230469 1770721227.7533
MEM 41530.464844 1770721258.0236
MEM 41532.066406 1770721288.2094
MEM 41532.324219 1770721318.4426
MEM 41533.597656 1770721348.5994
MEM 41533.597656 1770721378.8402
MEM 41534.628906 1770721409.0782
MEM 41535.144531 1770721439.3913
MEM 41535.628906 1770721469.5337
MEM 41536.386719 1770721499.7441
MEM 41536.640625 1770721530.0513
MEM 41536.640625 1770721560.2704
MEM 41537.148438 1770721590.5429
MEM 41537.148438 1770721620.7703
MEM 41537.917969 1770721650.9302
MEM 41537.917969 1770721681.1170
MEM 41537.917969 1770721711.3283
MEM 41537.917969 1770721741.5029
MEM 41537.917969 1770721771.6346
MEM 41538.433594 1770721801.8165
MEM 41538.433594 1770721831.9409
MEM 41538.691406 1770721862.0891
MEM 41539.203125 1770721892.2319
MEM 41539.203125 1770721922.3765
MEM 41539.710938 1770721952.5167
MEM 41539.710938 1770721982.6927
MEM 41539.960938 1770722012.9485
MEM 41539.960938 1770722043.1583
MEM 41539.960938 1770722073.3673
MEM 41539.960938 1770722103.5051
MEM 41539.960938 1770722133.6467
MEM 41539.960938 1770722163.8115
MEM 41539.960938 1770722194.0078
MEM 41539.960938 1770722224.0820
MEM 41540.472656 1770722254.1764
MEM 41540.730469 1770722284.2892
MEM 41541.242188 1770722314.3664
MEM 41541.500000 1770722344.4406
MEM 41541.757812 1770722374.5350
MEM 41541.757812 1770722404.5998
MEM 41542.015625 1770722434.6866
MEM 41542.273438 1770722464.7900
MEM 41542.273438 1770722494.8679
MEM 41542.531250 1770722524.9526
MEM 41542.531250 1770722555.0318
MEM 41542.789062 1770722585.1305
MEM 41542.789062 1770722615.2113
MEM 41542.789062 1770722645.3144
MEM 41543.046875 1770722675.3822
MEM 41543.046875 1770722705.4663
MEM 41543.046875 1770722735.5608
MEM 41543.046875 1770722765.6515
MEM 41543.046875 1770722795.7464
MEM 41543.046875 1770722825.8270
MEM 41543.046875 1770722855.9366
MEM 41543.046875 1770722886.0130
MEM 41543.046875 1770722916.0982
MEM 41543.046875 1770722946.2384
MEM 41543.046875 1770722976.5194
MEM 41543.296875 1770723006.7034
MEM 41543.804688 1770723036.7954
MEM 41543.804688 1770723066.9816
MEM 41544.050781 1770723097.1632
MEM 41544.050781 1770723127.3391
MEM 41544.050781 1770723157.4793
MEM 41544.050781 1770723187.6678
MEM 41544.050781 1770723217.8824
MEM 41544.308594 1770723247.9991
MEM 41544.566406 1770723278.1617
MEM 41544.566406 1770723308.2868
MEM 13897.023438 1770723338.3564
MEM 20651.433594 1770723368.4259
MEM 21673.679688 1770723398.4692
MEM 23070.238281 1770723428.5126
MEM 20256.449219 1770723455.3775
