MEM 739.468750 1768407330.5222
MEM 739.941406 1768407330.5955
MEM 7361.160156 1768407360.7077
MEM 6547.191406 1768407391.1144
MEM 6923.222656 1768407421.4329
MEM 6928.000000 1768407451.7686
MEM 6933.074219 1768407482.1744
MEM 6934.355469 1768407512.5389
MEM 6935.625000 1768407542.8830
MEM 6937.687500 1768407573.1844
MEM 6939.210938 1768407603.5860
MEM 6939.984375 1768407633.8529
MEM 6940.757812 1768407664.2260
MEM 6941.273438 1768407694.5689
MEM 6942.046875 1768407724.8469
MEM 6942.562500 1768407755.1400
MEM 6944.109375 1768407785.4865
MEM 6944.625000 1768407815.7656
MEM 2756.089844 1768407845.8308
MEM 2696.578125 1768407851.5711
