
Gurobi 13.0.0 (linux64) logging started Wed Jan 14 17:15:49 2026

Set parameter LogFile to value "/cluster/work/cpesm/acott/pypsa-eur/results/eu-overnight/elec_trans_heat_td_no_tes_batt_h2_network_sectors_all_EU_2050_24h/logs/base_s_40___2050_solver.log"
Gurobi Optimizer version 13.0.0 build v13.0.0rc1 (linux64 - "Ubuntu 22.04.5 LTS")

CPU model: AMD EPYC 7763 64-Core Processor, instruction set [SSE2|AVX|AVX2]
Thread count: 128 physical cores, 128 logical processors, using up to 32 threads

Non-default parameters:
Method  2
BarConvTol  1e-05
Crossover  0
AggFill  0
PreDual  0
Seed  123
Threads  32
GURO_PAR_BARDENSETHRESH  200

Optimize a model with 2000729 rows, 981304 columns and 4634532 nonzeros (Min)
Model fingerprint: 0x0cbce35d
Model has 819336 linear objective coefficients
Coefficient statistics:
  Matrix range     [2e-03, 5e+02]
  Objective range  [2e-01, 2e+06]
  Bounds range     [9e-02, 7e+09]
  RHS range        [4e-01, 1e+09]
Warning: Model contains large rhs
Warning: Model contains large bounds
         Consider reformulating model or setting NumericFocus parameter
         to avoid numerical issues.
Presolve removed 1129642 rows and 238248 columns
Presolve time: 2.74s
Presolved: 871087 rows, 743056 columns, 3187650 nonzeros
Elapsed ordering time = 8s
Elapsed ordering time = 13s
Elapsed ordering time = 15s
Elapsed ordering time = 21s
Elapsed ordering time = 25s
Elapsed ordering time = 30s
Elapsed ordering time = 35s
Elapsed ordering time = 40s
Elapsed ordering time = 45s
Elapsed ordering time = 50s
Elapsed ordering time = 55s
Ordering time: 59.62s

Barrier statistics:
 Dense cols : 1289
 AA' NZ     : 3.921e+06
 Factor NZ  : 5.458e+07 (roughly 1.0 GB of memory)
 Factor Ops : 1.003e+11 (less than 1 second per iteration)
 Threads    : 32

                  Objective                Residual
Iter       Primal          Dual         Primal    Dual     Compl     Time
   0   3.15943066e+18 -6.31779653e+16  1.21e+12 2.63e+05  8.28e+13    68s
   1   2.70744547e+18 -7.74194858e+16  1.03e+12 6.91e+05  6.18e+13    71s
   2   2.00180780e+18 -9.78615496e+16  7.49e+11 3.77e+05  4.11e+13    74s
   3   1.05236259e+18 -1.01487563e+17  3.04e+11 1.85e+05  1.86e+13    79s
   4   7.73179834e+17 -9.53875345e+16  1.95e+11 4.03e+04  9.56e+12    83s
   5   2.71701044e+17 -8.62620677e+16  5.82e+10 1.30e+04  2.98e+12    85s
   6   1.10087024e+17 -7.23966593e+16  1.89e+10 6.04e+03  9.87e+11    88s
   7   5.32827335e+16 -5.76972000e+16  7.58e+09 5.10e+03  3.94e+11    92s
   8   2.97110607e+16 -4.61516382e+16  3.73e+09 3.61e+03  1.97e+11    97s
   9   1.34677532e+16 -3.12793453e+16  1.39e+09 5.36e+03  7.55e+10   101s
  10   4.95316162e+15 -1.97008583e+16  4.31e+08 5.82e+03  2.77e+10   104s
  11   1.42212210e+15 -8.18701269e+15  8.84e+07 8.66e+02  7.58e+09   107s
  12   8.86678723e+14 -5.27121933e+15  5.23e+07 5.33e+02  4.67e+09   111s
  13   4.77457387e+14 -3.07140536e+15  2.14e+07 2.89e+02  2.47e+09   115s
  14   2.46316676e+14 -1.79754134e+15  9.62e+06 1.52e+02  1.34e+09   119s
  15   1.45732091e+14 -1.04493208e+15  5.21e+06 8.49e+01  7.63e+08   122s
  16   7.51407636e+13 -5.59463312e+14  2.54e+06 4.33e+01  3.99e+08   125s
  17   6.05079174e+13 -2.26324926e+14  1.98e+06 1.69e+01  1.80e+08   129s
  18   3.54604290e+13 -1.30020312e+14  1.11e+06 9.39e+00  1.03e+08   132s
  19   1.79236868e+13 -7.54756224e+13  4.98e+05 5.28e+00  5.74e+07   136s
  20   1.21801067e+13 -4.72194829e+13  2.95e+05 3.22e+00  3.63e+07   142s
  21   8.75807658e+12 -3.02155111e+13  1.96e+05 2.07e+00  2.38e+07   146s
  22   6.50522577e+12 -1.92175207e+13  1.30e+05 1.33e+00  1.56e+07   150s
  23   4.73356995e+12 -1.06079717e+13  8.28e+04 7.51e-01  9.32e+06   154s
  24   4.10158816e+12 -8.51227033e+12  6.78e+04 6.12e-01  7.66e+06   159s
  25   2.93655408e+12 -5.41322910e+12  4.17e+04 4.08e-01  5.06e+06   165s
  26   2.78951775e+12 -3.90458646e+12  3.84e+04 3.13e-01  4.06e+06   171s
  27   2.64522537e+12 -3.52864232e+12  3.55e+04 2.88e-01  3.74e+06   175s
  28   2.48040919e+12 -2.97304003e+12  3.21e+04 2.50e-01  3.30e+06   180s
  29   2.09980346e+12 -1.75672230e+12  2.45e+04 1.67e-01  2.34e+06   184s
  30   1.77776008e+12 -1.28924848e+12  1.85e+04 1.36e-01  1.86e+06   190s
  31   1.60637949e+12 -7.77354610e+11  1.54e+04 1.00e-01  1.44e+06   195s
  32   1.45236753e+12 -4.36763521e+11  1.27e+04 7.58e-02  1.14e+06   201s
  33   1.35478891e+12 -2.50257610e+11  1.10e+04 6.24e-02  9.71e+05   207s
  34   1.28818268e+12 -6.30070591e+10  9.90e+03 4.96e-02  8.17e+05   213s
  35   1.21219818e+12  9.19885505e+10  8.65e+03 3.87e-02  6.78e+05   218s
  36   1.11965594e+12  2.26053053e+11  7.17e+03 2.85e-02  5.40e+05   222s
  37   9.91156509e+11  3.32984413e+11  5.24e+03 2.09e-02  3.98e+05   228s
  38   9.34196821e+11  4.18583017e+11  4.41e+03 1.51e-02  3.12e+05   233s
  39   8.96501663e+11  4.52562029e+11  3.87e+03 1.27e-02  2.68e+05   238s
  40   8.33677462e+11  4.77116839e+11  2.98e+03 1.08e-02  2.16e+05   244s
  41   8.13995566e+11  5.06282250e+11  2.69e+03 8.70e-03  1.86e+05   249s
  42   7.78847846e+11  5.19805931e+11  2.20e+03 7.71e-03  1.57e+05   253s
  43   7.68029753e+11  5.29954765e+11  2.04e+03 6.98e-03  1.44e+05   258s
  44   7.56522365e+11  5.33655405e+11  1.86e+03 6.72e-03  1.35e+05   262s
  45   7.50481633e+11  5.38213818e+11  1.78e+03 6.40e-03  1.28e+05   267s
  46   7.43774793e+11  5.41295598e+11  1.68e+03 6.19e-03  1.22e+05   272s
  47   7.37656762e+11  5.49328981e+11  1.59e+03 5.63e-03  1.14e+05   278s
  48   7.31341892e+11  5.54312445e+11  1.50e+03 5.29e-03  1.07e+05   282s
  49   7.23538561e+11  5.58663437e+11  1.39e+03 4.99e-03  9.97e+04   287s
  50   7.21338805e+11  5.61783747e+11  1.36e+03 4.77e-03  9.65e+04   292s
  51   7.15536082e+11  5.68968549e+11  1.27e+03 4.28e-03  8.86e+04   297s
  52   7.08878865e+11  5.74885815e+11  1.17e+03 3.88e-03  8.10e+04   302s
  53   7.04118716e+11  5.79511465e+11  1.10e+03 3.57e-03  7.53e+04   307s
  54   6.97844984e+11  5.81840841e+11  1.00e+03 3.41e-03  7.01e+04   312s
  55   6.90977070e+11  5.87961156e+11  9.00e+02 2.99e-03  6.23e+04   317s
  56   6.89398334e+11  5.89658614e+11  8.75e+02 2.88e-03  6.03e+04   321s
  57   6.85589305e+11  5.92562093e+11  8.15e+02 2.68e-03  5.62e+04   327s
  58   6.80684981e+11  5.95827336e+11  7.39e+02 2.46e-03  5.13e+04   332s
  59   6.77017332e+11  5.97128068e+11  6.83e+02 2.38e-03  4.83e+04   337s
  60   6.70645194e+11  6.01525617e+11  5.84e+02 2.08e-03  4.18e+04   341s
  61   6.66856818e+11  6.07646643e+11  5.23e+02 1.68e-03  3.58e+04   347s
  62   6.64631986e+11  6.09545678e+11  4.88e+02 1.55e-03  3.33e+04   352s
  63   6.61450207e+11  6.14448215e+11  4.37e+02 1.23e-03  2.84e+04   358s
  64   6.56706242e+11  6.15782081e+11  3.63e+02 1.15e-03  2.47e+04   363s
  65   6.54385384e+11  6.20205318e+11  3.27e+02 8.65e-04  2.07e+04   368s
  66   6.51483466e+11  6.22190965e+11  2.81e+02 7.38e-04  1.77e+04   373s
  67   6.49523596e+11  6.24357703e+11  2.49e+02 6.03e-04  1.52e+04   379s
  68   6.47449351e+11  6.25729618e+11  2.15e+02 5.17e-04  1.31e+04   384s
  69   6.45533635e+11  6.27853910e+11  1.82e+02 3.87e-04  1.07e+04   390s
  70   6.43971871e+11  6.28753881e+11  1.57e+02 3.31e-04  9.20e+03   394s
  71   6.43315624e+11  6.29093170e+11  1.46e+02 3.11e-04  8.60e+03   399s
  72   6.41722597e+11  6.29793669e+11  1.20e+02 2.69e-04  7.21e+03   404s
  73   6.41150380e+11  6.30137556e+11  1.11e+02 2.49e-04  6.66e+03   409s
  74   6.40951000e+11  6.30316555e+11  1.07e+02 2.38e-04  6.43e+03   414s
  75   6.40092210e+11  6.31142624e+11  9.33e+01 1.90e-04  5.41e+03   419s
  76   6.39276535e+11  6.31850045e+11  7.95e+01 1.49e-04  4.49e+03   424s
  77   6.38496432e+11  6.32334297e+11  6.65e+01 1.22e-04  3.73e+03   429s
  78   6.37799048e+11  6.32686243e+11  5.44e+01 1.02e-04  3.09e+03   434s
  79   6.37253007e+11  6.32963315e+11  4.54e+01 8.68e-05  2.59e+03   439s
  80   6.36686886e+11  6.33214143e+11  3.59e+01 7.34e-05  2.10e+03   445s
  81   6.36345263e+11  6.33424702e+11  2.98e+01 6.21e-05  1.77e+03   449s
  82   6.36011638e+11  6.33638247e+11  2.40e+01 5.06e-05  1.43e+03   455s
  83   6.35726900e+11  6.33837668e+11  1.90e+01 4.01e-05  1.14e+03   460s
  84   6.35513905e+11  6.34000267e+11  1.52e+01 3.16e-05  9.15e+02   465s
  85   6.35344873e+11  6.34077585e+11  1.23e+01 2.76e-05  7.66e+02   470s
  86   6.35169950e+11  6.34160713e+11  9.28e+00 2.33e-05  6.10e+02   475s
  87   6.35078122e+11  6.34250005e+11  7.68e+00 1.87e-05  5.01e+02   480s
  88   6.34979527e+11  6.34310871e+11  5.96e+00 1.56e-05  4.04e+02   485s
  89   6.34950812e+11  6.34383850e+11  5.48e+00 1.19e-05  3.43e+02   490s

Barrier solved model in 89 iterations and 490.35 seconds (78.80 work units)
Optimal objective 6.34950812e+11

