INFO:pypsa.network.io:Imported network 'Unnamed Network' has buses, carriers, generators, global_constraints, lines, links, loads, storage_units, stores, sub_networks
INFO:__main__:Dropping non-buses ['EU', 'EU gas']
ERROR:root:Uncaught exception
Traceback (most recent call last):
  File "/cluster/project/apatt/acott/miniforge3/envs/pypsa-eur/lib/python3.12/urllib/request.py", line 1344, in do_open
    h.request(req.get_method(), req.selector, req.data, headers,
  File "/cluster/project/apatt/acott/miniforge3/envs/pypsa-eur/lib/python3.12/http/client.py", line 1338, in request
    self._send_request(method, url, body, headers, encode_chunked)
  File "/cluster/project/apatt/acott/miniforge3/envs/pypsa-eur/lib/python3.12/http/client.py", line 1384, in _send_request
    self.endheaders(body, encode_chunked=encode_chunked)
  File "/cluster/project/apatt/acott/miniforge3/envs/pypsa-eur/lib/python3.12/http/client.py", line 1333, in endheaders
    self._send_output(message_body, encode_chunked=encode_chunked)
  File "/cluster/project/apatt/acott/miniforge3/envs/pypsa-eur/lib/python3.12/http/client.py", line 1093, in _send_output
    self.send(msg)
  File "/cluster/project/apatt/acott/miniforge3/envs/pypsa-eur/lib/python3.12/http/client.py", line 1037, in send
    self.connect()
  File "/cluster/project/apatt/acott/miniforge3/envs/pypsa-eur/lib/python3.12/http/client.py", line 1472, in connect
    super().connect()
  File "/cluster/project/apatt/acott/miniforge3/envs/pypsa-eur/lib/python3.12/http/client.py", line 1003, in connect
    self.sock = self._create_connection(
                ^^^^^^^^^^^^^^^^^^^^^^^^
  File "/cluster/project/apatt/acott/miniforge3/envs/pypsa-eur/lib/python3.12/socket.py", line 865, in create_connection
    raise exceptions[0]
  File "/cluster/project/apatt/acott/miniforge3/envs/pypsa-eur/lib/python3.12/socket.py", line 850, in create_connection
    sock.connect(sa)
ConnectionRefusedError: [Errno 111] Connection refused

During handling of the above exception, another exception occurred:

Traceback (most recent call last):
  File "/cluster/work/cpesm/acott/pypsa-eur/.snakemake/scripts/tmpst6h_6bm.plot_power_network.py", line 266, in <module>
    plot_map(n)
  File "/cluster/work/cpesm/acott/pypsa-eur/scripts/_helpers.py", line 482, in wrapper
    return func(*args, **kwargs)
           ^^^^^^^^^^^^^^^^^^^^^
  File "/cluster/work/cpesm/acott/pypsa-eur/.snakemake/scripts/tmpst6h_6bm.plot_power_network.py", line 237, in plot_map
    fig.savefig(snakemake.output.map, bbox_inches="tight")
  File "/cluster/project/apatt/acott/miniforge3/envs/pypsa-eur/lib/python3.12/site-packages/matplotlib/figure.py", line 3490, in savefig
    self.canvas.print_figure(fname, **kwargs)
  File "/cluster/project/apatt/acott/miniforge3/envs/pypsa-eur/lib/python3.12/site-packages/matplotlib/backend_bases.py", line 2157, in print_figure
    self.figure.draw(renderer)
  File "/cluster/project/apatt/acott/miniforge3/envs/pypsa-eur/lib/python3.12/site-packages/matplotlib/artist.py", line 94, in draw_wrapper
    result = draw(artist, renderer, *args, **kwargs)
             ^^^^^^^^^^^^^^^^^^^^^^^^^^^^^^^^^^^^^^^
  File "/cluster/project/apatt/acott/miniforge3/envs/pypsa-eur/lib/python3.12/site-packages/matplotlib/artist.py", line 71, in draw_wrapper
    return draw(artist, renderer)
           ^^^^^^^^^^^^^^^^^^^^^^
  File "/cluster/project/apatt/acott/miniforge3/envs/pypsa-eur/lib/python3.12/site-packages/matplotlib/figure.py", line 3257, in draw
    mimage._draw_list_compositing_images(
  File "/cluster/project/apatt/acott/miniforge3/envs/pypsa-eur/lib/python3.12/site-packages/matplotlib/image.py", line 134, in _draw_list_compositing_images
    a.draw(renderer)
  File "/cluster/project/apatt/acott/miniforge3/envs/pypsa-eur/lib/python3.12/site-packages/matplotlib/artist.py", line 71, in draw_wrapper
    return draw(artist, renderer)
           ^^^^^^^^^^^^^^^^^^^^^^
  File "/cluster/project/apatt/acott/miniforge3/envs/pypsa-eur/lib/python3.12/site-packages/cartopy/mpl/geoaxes.py", line 509, in draw
    return super().draw(renderer=renderer, **kwargs)
           ^^^^^^^^^^^^^^^^^^^^^^^^^^^^^^^^^^^^^^^^^
  File "/cluster/project/apatt/acott/miniforge3/envs/pypsa-eur/lib/python3.12/site-packages/matplotlib/artist.py", line 71, in draw_wrapper
    return draw(artist, renderer)
           ^^^^^^^^^^^^^^^^^^^^^^
  File "/cluster/project/apatt/acott/miniforge3/envs/pypsa-eur/lib/python3.12/site-packages/matplotlib/axes/_base.py", line 3226, in draw
    mimage._draw_list_compositing_images(
  File "/cluster/project/apatt/acott/miniforge3/envs/pypsa-eur/lib/python3.12/site-packages/matplotlib/image.py", line 134, in _draw_list_compositing_images
    a.draw(renderer)
  File "/cluster/project/apatt/acott/miniforge3/envs/pypsa-eur/lib/python3.12/site-packages/matplotlib/artist.py", line 71, in draw_wrapper
    return draw(artist, renderer)
           ^^^^^^^^^^^^^^^^^^^^^^
  File "/cluster/project/apatt/acott/miniforge3/envs/pypsa-eur/lib/python3.12/site-packages/cartopy/mpl/feature_artist.py", line 184, in draw
    geoms = self._feature.intersecting_geometries(extent)
            ^^^^^^^^^^^^^^^^^^^^^^^^^^^^^^^^^^^^^^^^^^^^^
  File "/cluster/project/apatt/acott/miniforge3/envs/pypsa-eur/lib/python3.12/site-packages/cartopy/feature/__init__.py", line 312, in intersecting_geometries
    return super().intersecting_geometries(extent)
           ^^^^^^^^^^^^^^^^^^^^^^^^^^^^^^^^^^^^^^^
  File "/cluster/project/apatt/acott/miniforge3/envs/pypsa-eur/lib/python3.12/site-packages/cartopy/feature/__init__.py", line 112, in intersecting_geometries
    return (geom for geom in self.geometries() if
                             ^^^^^^^^^^^^^^^^^
  File "/cluster/project/apatt/acott/miniforge3/envs/pypsa-eur/lib/python3.12/site-packages/cartopy/feature/__init__.py", line 291, in geometries
    path = shapereader.natural_earth(resolution=self.scale,
           ^^^^^^^^^^^^^^^^^^^^^^^^^^^^^^^^^^^^^^^^^^^^^^^^
  File "/cluster/project/apatt/acott/miniforge3/envs/pypsa-eur/lib/python3.12/site-packages/cartopy/io/shapereader.py", line 321, in natural_earth
    return ne_downloader.path(format_dict)
           ^^^^^^^^^^^^^^^^^^^^^^^^^^^^^^^
  File "/cluster/project/apatt/acott/miniforge3/envs/pypsa-eur/lib/python3.12/site-packages/cartopy/io/__init__.py", line 205, in path
    result_path = self.acquire_resource(target_path, format_dict)
                  ^^^^^^^^^^^^^^^^^^^^^^^^^^^^^^^^^^^^^^^^^^^^^^^
  File "/cluster/project/apatt/acott/miniforge3/envs/pypsa-eur/lib/python3.12/site-packages/cartopy/io/shapereader.py", line 374, in acquire_resource
    shapefile_online = self._urlopen(url)
                       ^^^^^^^^^^^^^^^^^^
  File "/cluster/project/apatt/acott/miniforge3/envs/pypsa-eur/lib/python3.12/site-packages/cartopy/io/__init__.py", line 243, in _urlopen
    return urlopen(url)
           ^^^^^^^^^^^^
  File "/cluster/project/apatt/acott/miniforge3/envs/pypsa-eur/lib/python3.12/urllib/request.py", line 215, in urlopen
    return opener.open(url, data, timeout)
           ^^^^^^^^^^^^^^^^^^^^^^^^^^^^^^^
  File "/cluster/project/apatt/acott/miniforge3/envs/pypsa-eur/lib/python3.12/urllib/request.py", line 515, in open
    response = self._open(req, data)
               ^^^^^^^^^^^^^^^^^^^^^
  File "/cluster/project/apatt/acott/miniforge3/envs/pypsa-eur/lib/python3.12/urllib/request.py", line 532, in _open
    result = self._call_chain(self.handle_open, protocol, protocol +
             ^^^^^^^^^^^^^^^^^^^^^^^^^^^^^^^^^^^^^^^^^^^^^^^^^^^^^^^
  File "/cluster/project/apatt/acott/miniforge3/envs/pypsa-eur/lib/python3.12/urllib/request.py", line 492, in _call_chain
    result = func(*args)
             ^^^^^^^^^^^
  File "/cluster/project/apatt/acott/miniforge3/envs/pypsa-eur/lib/python3.12/urllib/request.py", line 1392, in https_open
    return self.do_open(http.client.HTTPSConnection, req,
           ^^^^^^^^^^^^^^^^^^^^^^^^^^^^^^^^^^^^^^^^^^^^^^
  File "/cluster/project/apatt/acott/miniforge3/envs/pypsa-eur/lib/python3.12/urllib/request.py", line 1347, in do_open
    raise URLError(err)
urllib.error.URLError: <urlopen error [Errno 111] Connection refused>
