MEM 737.253906 1768400746.2139
MEM 737.765625 1768400746.3429
MEM 4101.394531 1768400776.5820
MEM 4663.261719 1768400806.9623
MEM 4670.515625 1768400837.3871
MEM 4686.605469 1768400867.7869
MEM 4693.089844 1768400898.0356
MEM 4701.058594 1768400928.4343
MEM 4703.332031 1768400958.8468
MEM 4703.824219 1768400989.2386
MEM 4706.597656 1768401019.5992
MEM 4707.113281 1768401049.9349
MEM 4708.121094 1768401080.3848
MEM 4708.609375 1768401110.9605
MEM 4709.636719 1768401141.1987
MEM 4710.140625 1768401171.3306
MEM 4710.898438 1768401201.4214
MEM 4711.671875 1768401231.5568
MEM 4711.929688 1768401262.0342
MEM 4712.187500 1768401292.5160
MEM 2679.421875 1768401306.6059
