
Gurobi 13.0.0 (linux64) logging started Wed Jan 14 15:26:04 2026

Set parameter LogFile to value "/cluster/work/cpesm/acott/pypsa-eur/results/eu-overnight/elec_trans_heat_td_no_tes_batt_h2_sectors_all_EU_2050_24h/logs/base_s_40___2050_solver.log"
Gurobi Optimizer version 13.0.0 build v13.0.0rc1 (linux64 - "Ubuntu 22.04.5 LTS")

CPU model: AMD EPYC 7763 64-Core Processor, instruction set [SSE2|AVX|AVX2]
Thread count: 128 physical cores, 128 logical processors, using up to 32 threads

Non-default parameters:
Method  2
BarConvTol  1e-05
Crossover  0
AggFill  0
PreDual  0
Seed  123
Threads  32
GURO_PAR_BARDENSETHRESH  200

Optimize a model with 1855902 rows, 908836 columns and 4215136 nonzeros (Min)
Model fingerprint: 0x5c8de634
Model has 746957 linear objective coefficients
Coefficient statistics:
  Matrix range     [1e-02, 5e+02]
  Objective range  [2e-01, 2e+06]
  Bounds range     [9e-02, 7e+09]
  RHS range        [4e-01, 1e+09]
Warning: Model contains large rhs
Warning: Model contains large bounds
         Consider reformulating model or setting NumericFocus parameter
         to avoid numerical issues.
Presolve removed 1057085 rows and 208959 columns
Presolve time: 2.84s
Presolved: 798817 rows, 699877 columns, 2870100 nonzeros
Elapsed ordering time = 5s
Elapsed ordering time = 10s
Elapsed ordering time = 15s
Elapsed ordering time = 20s
Ordering time: 30.87s

Barrier statistics:
 Dense cols : 1180
 AA' NZ     : 3.549e+06
 Factor NZ  : 4.172e+07 (roughly 1.0 GB of memory)
 Factor Ops : 7.944e+10 (less than 1 second per iteration)
 Threads    : 32

                  Objective                Residual
Iter       Primal          Dual         Primal    Dual     Compl     Time
   0   2.92427134e+18 -3.22363215e+16  7.03e+11 5.82e+05  1.07e+14    40s
   1   2.56320540e+18 -4.29615871e+16  6.14e+11 8.92e+05  8.54e+13    42s
   2   2.09271525e+18 -5.90705758e+16  4.90e+11 5.03e+05  5.70e+13    47s
   3   7.94380705e+17 -7.27520887e+16  1.38e+11 8.84e+04  1.63e+13    53s
   4   1.94655151e+17 -7.09004515e+16  2.46e+10 1.63e+04  3.08e+12    58s
   5   1.46069269e+17 -5.71653545e+16  1.57e+10 7.06e+03  1.88e+12    61s
   6   8.51230361e+16 -4.67007182e+16  6.33e+09 1.47e+04  7.66e+11    65s
   7   4.98641003e+16 -3.57930274e+16  3.12e+09 1.09e+04  3.72e+11    69s
   8   2.41732351e+16 -2.64492281e+16  1.17e+09 1.00e+04  1.47e+11    74s
   9   1.34475780e+16 -1.68277108e+16  5.49e+08 2.00e+04  6.69e+10    79s
  10   7.30988568e+15 -1.18910096e+16  2.66e+08 2.33e+04  3.29e+10    81s
  11   2.44223584e+15 -6.95611489e+15  6.57e+07 7.21e+03  1.03e+10    85s
  12   8.46908927e+14 -5.30809797e+15  1.88e+07 4.98e+03  5.08e+09    91s
  13   3.15013563e+14 -3.68023171e+15  2.20e+06 3.25e+03  2.71e+09    96s
  14   1.79157884e+14 -1.95095025e+15  1.07e+06 1.63e+03  1.42e+09   100s
  15   1.03371148e+14 -8.85038887e+14  5.58e+05 7.11e+02  6.54e+08   105s
  16   7.03766483e+13 -4.68102986e+14  3.77e+05 3.66e+02  3.55e+08   108s
  17   4.68843622e+13 -2.00900832e+14  2.34e+05 1.51e+02  1.63e+08   111s
  18   2.72754421e+13 -9.08862754e+13  1.17e+05 6.50e+01  7.73e+07   116s
  19   1.60210026e+13 -4.55338260e+13  5.88e+04 3.07e+01  4.02e+07   123s
  20   8.64580706e+12 -2.17200404e+13  2.71e+04 1.44e+01  1.98e+07   127s
  21   6.23696779e+12 -1.19496338e+13  1.76e+04 7.82e+00  1.18e+07   131s
  22   4.88546934e+12 -9.05733323e+12  1.27e+04 5.93e+00  9.07e+06   135s
  23   3.42107728e+12 -6.80126804e+12  7.57e+03 4.56e+00  6.65e+06   140s
  24   2.75867233e+12 -5.52544950e+12  5.40e+03 3.83e+00  5.38e+06   146s
  25   2.33261965e+12 -4.72930260e+12  4.11e+03 3.34e+00  4.59e+06   150s
  26   2.13520773e+12 -3.66213500e+12  3.51e+03 2.70e+00  3.77e+06   156s
  27   1.86853872e+12 -2.46106420e+12  2.74e+03 1.98e+00  2.81e+06   161s
  28   1.69718534e+12 -1.71361758e+12  2.28e+03 1.52e+00  2.22e+06   167s
  29   1.48562589e+12 -1.12211556e+12  1.74e+03 1.15e+00  1.69e+06   174s
  30   1.33685159e+12 -7.75236184e+11  1.38e+03 9.32e-01  1.37e+06   180s
  31   1.30180369e+12 -5.93929370e+11  1.29e+03 8.16e-01  1.23e+06   185s
  32   1.25885895e+12 -4.05528433e+11  1.20e+03 6.96e-01  1.08e+06   193s
  33   1.21993811e+12 -2.77822799e+11  1.11e+03 6.11e-01  9.73e+05   198s
  34   1.17417980e+12 -1.18871162e+11  1.00e+03 5.05e-01  8.40e+05   203s
  35   1.06156673e+12  6.71455755e+10  7.58e+02 3.80e-01  6.46e+05   211s
  36   9.72058733e+11  2.00921073e+11  5.74e+02 2.95e-01  5.01e+05   218s
  37   9.07021776e+11  2.95220815e+11  4.50e+02 2.29e-01  3.97e+05   223s
  38   8.62202772e+11  3.98758700e+11  3.69e+02 1.63e-01  3.01e+05   229s
  39   8.31652828e+11  4.38320602e+11  3.18e+02 1.36e-01  2.55e+05   235s
  40   7.99688278e+11  4.67856664e+11  2.66e+02 1.16e-01  2.15e+05   242s
  41   7.84329604e+11  4.85735423e+11  2.42e+02 1.04e-01  1.94e+05   248s
  42   7.73966741e+11  5.08843124e+11  2.25e+02 8.79e-02  1.72e+05   252s
  43   7.59465261e+11  5.20565867e+11  2.01e+02 7.95e-02  1.55e+05   258s
  44   7.45937407e+11  5.30615019e+11  1.80e+02 7.25e-02  1.40e+05   264s
  45   7.30888919e+11  5.41084110e+11  1.55e+02 6.51e-02  1.23e+05   271s
  46   7.23322975e+11  5.48605991e+11  1.43e+02 5.99e-02  1.13e+05   276s
  47   7.16536006e+11  5.52901906e+11  1.32e+02 5.70e-02  1.06e+05   283s
  48   7.07499703e+11  5.60495505e+11  1.18e+02 5.17e-02  9.55e+04   289s
  49   7.02785622e+11  5.66916873e+11  1.10e+02 4.74e-02  8.82e+04   295s
  50   6.98362074e+11  5.71459593e+11  1.03e+02 4.43e-02  8.24e+04   303s
  51   6.94807627e+11  5.74174141e+11  9.63e+01 4.25e-02  7.83e+04   309s
  52   6.90282615e+11  5.76812466e+11  8.88e+01 4.06e-02  7.37e+04   314s
  53   6.88451841e+11  5.78892526e+11  8.57e+01 3.92e-02  7.11e+04   320s
  54   6.85848220e+11  5.82232323e+11  8.12e+01 3.69e-02  6.73e+04   327s
  55   6.82405202e+11  5.83904554e+11  7.52e+01 3.58e-02  6.40e+04   333s
  56   6.77369208e+11  5.89912886e+11  6.68e+01 3.17e-02  5.68e+04   338s
  57   6.73500327e+11  5.93615499e+11  6.01e+01 2.93e-02  5.19e+04   344s
  58   6.71172586e+11  5.95425355e+11  5.59e+01 2.81e-02  4.92e+04   349s
  59   6.70084127e+11  5.99201082e+11  5.40e+01 2.56e-02  4.60e+04   353s
  60   6.65469456e+11  6.05646254e+11  4.62e+01 2.13e-02  3.88e+04   359s
  61   6.63256854e+11  6.11444853e+11  4.23e+01 1.75e-02  3.36e+04   366s
  62   6.60221650e+11  6.14521261e+11  3.70e+01 1.55e-02  2.97e+04   372s
  63   6.57173133e+11  6.18272570e+11  3.18e+01 1.30e-02  2.53e+04   378s
  64   6.53814701e+11  6.20489468e+11  2.61e+01 1.15e-02  2.16e+04   382s
  65   6.51440457e+11  6.21888552e+11  2.19e+01 1.06e-02  1.92e+04   388s
  66   6.49504521e+11  6.23737421e+11  1.87e+01 9.44e-03  1.67e+04   394s
  67   6.47795198e+11  6.24893527e+11  1.57e+01 8.70e-03  1.49e+04   400s
  68   6.46437946e+11  6.26595212e+11  1.33e+01 7.61e-03  1.29e+04   407s
  69   6.45286007e+11  6.28152923e+11  1.12e+01 6.62e-03  1.11e+04   413s
  70   6.44526672e+11  6.30007868e+11  9.86e+00 5.46e-03  9.43e+03   419s
  71   6.43546235e+11  6.31029389e+11  8.18e+00 4.80e-03  8.13e+03   425s
  72   6.43284009e+11  6.31766702e+11  7.72e+00 4.35e-03  7.48e+03   432s
  73   6.42514755e+11  6.32972429e+11  6.38e+00 3.59e-03  6.20e+03   437s
  74   6.41927921e+11  6.33743272e+11  5.36e+00 3.10e-03  5.31e+03   443s
  75   6.41440056e+11  6.34707394e+11  4.52e+00 2.48e-03  4.37e+03   451s
  76   6.41245338e+11  6.34916121e+11  4.20e+00 2.35e-03  4.11e+03   457s
  77   6.40684271e+11  6.35494604e+11  3.25e+00 1.98e-03  3.37e+03   464s
  78   6.40483572e+11  6.36290804e+11  2.91e+00 1.49e-03  2.72e+03   469s
  79   6.40101712e+11  6.36605907e+11  2.29e+00 1.29e-03  2.27e+03   475s
  80   6.40016980e+11  6.36697804e+11  2.15e+00 1.23e-03  2.16e+03   481s
  81   6.39920745e+11  6.37191355e+11  2.00e+00 9.20e-04  1.77e+03   488s
  82   6.39608090e+11  6.37339572e+11  1.50e+00 8.25e-04  1.47e+03   495s
  83   6.39442579e+11  6.37634465e+11  1.23e+00 6.35e-04  1.17e+03   501s
  84   6.39264971e+11  6.37811472e+11  9.50e-01 5.22e-04  9.44e+02   506s
  85   6.39129093e+11  6.37943125e+11  7.32e-01 4.38e-04  7.70e+02   512s
  86   6.39033390e+11  6.38159082e+11  5.83e-01 3.04e-04  5.68e+02   518s
  87   6.38950072e+11  6.38259791e+11  4.55e-01 2.39e-04  4.48e+02   524s
  88   6.38875532e+11  6.38336258e+11  3.43e-01 1.89e-04  3.50e+02   531s

Barrier solved model in 88 iterations and 530.75 seconds (67.75 work units)
Optimal objective 6.38875532e+11

