
Gurobi 13.0.0 (linux64) logging started Thu Feb 19 20:26:13 2026

Set parameter LogFile to value "/cluster/work/cpesm/acott/pypsa-eur/results/eu-overnight/ccl_low_wind/logs/base_s_40___2050_solver.log"
Gurobi Optimizer version 13.0.0 build v13.0.0rc1 (linux64 - "Ubuntu 22.04.5 LTS")

CPU model: AMD EPYC 7742 64-Core Processor, instruction set [SSE2|AVX|AVX2]
Thread count: 128 physical cores, 128 logical processors, using up to 32 threads

Non-default parameters:
Method  2
BarConvTol  1e-05
Crossover  0
AggFill  0
PreDual  0
Seed  123
Threads  32
GURO_PAR_BARDENSETHRESH  200

Optimize a model with 22673411 rows, 10102042 columns and 51001831 nonzeros (Min)
Model fingerprint: 0xdbf36936
Model has 8161427 linear objective coefficients
Coefficient statistics:
  Matrix range     [2e-03, 5e+02]
  Objective range  [2e-02, 1e+06]
  Bounds range     [9e-02, 2e+11]
  RHS range        [2e-01, 1e+09]
Warning: Model contains large rhs
Warning: Model contains large bounds
         Consider reformulating model or setting NumericFocus parameter
         to avoid numerical issues.
Presolve removed 11702244 rows and 1402017 columns (presolve time = 7s)...
Presolve removed 11702244 rows and 1402017 columns (presolve time = 10s)...
Presolve removed 12871044 rows and 2570817 columns (presolve time = 16s)...
Presolve removed 12871044 rows and 2570817 columns (presolve time = 20s)...
Presolve removed 12871044 rows and 2570817 columns (presolve time = 25s)...
Presolve removed 12871045 rows and 2570856 columns (presolve time = 31s)...
Presolve removed 12871045 rows and 2575235 columns (presolve time = 35s)...
Presolve removed 12871045 rows and 2575235 columns
Presolve time: 40.44s
Presolved: 9802366 rows, 7526807 columns, 34413681 nonzeros
Elapsed ordering time = 10s
Elapsed ordering time = 15s
Elapsed ordering time = 20s
Elapsed ordering time = 25s
Elapsed ordering time = 133s
Elapsed ordering time = 154s
Elapsed ordering time = 190s
Elapsed ordering time = 206s
Elapsed ordering time = 211s
Elapsed ordering time = 217s
Elapsed ordering time = 224s
Elapsed ordering time = 234s
Elapsed ordering time = 235s
Elapsed ordering time = 242s
Elapsed ordering time = 253s
Elapsed ordering time = 257s
Elapsed ordering time = 264s
Elapsed ordering time = 267s
Elapsed ordering time = 272s
Elapsed ordering time = 275s
Elapsed ordering time = 281s
Elapsed ordering time = 285s
Elapsed ordering time = 292s
Elapsed ordering time = 298s
Elapsed ordering time = 301s
Elapsed ordering time = 305s
Elapsed ordering time = 310s
Elapsed ordering time = 315s
Elapsed ordering time = 320s
Elapsed ordering time = 326s
Elapsed ordering time = 331s
Elapsed ordering time = 336s
Elapsed ordering time = 340s
Elapsed ordering time = 346s
Elapsed ordering time = 351s
Elapsed ordering time = 356s
Elapsed ordering time = 360s
Elapsed ordering time = 365s
Elapsed ordering time = 370s
Elapsed ordering time = 377s
Elapsed ordering time = 380s
Elapsed ordering time = 385s
Elapsed ordering time = 390s
Elapsed ordering time = 395s
Elapsed ordering time = 400s
Elapsed ordering time = 405s
Elapsed ordering time = 410s
Elapsed ordering time = 415s
Elapsed ordering time = 420s
Elapsed ordering time = 425s
Elapsed ordering time = 430s
Elapsed ordering time = 435s
Elapsed ordering time = 440s
Elapsed ordering time = 445s
Elapsed ordering time = 450s
Elapsed ordering time = 455s
Elapsed ordering time = 460s
Elapsed ordering time = 465s
Elapsed ordering time = 470s
Elapsed ordering time = 479s
Elapsed ordering time = 481s
Ordering time: 541.76s

Barrier statistics:
 Dense cols : 1345
 AA' NZ     : 4.411e+07
 Factor NZ  : 6.667e+08 (roughly 12.0 GB of memory)
 Factor Ops : 1.098e+12 (roughly 4 seconds per iteration)
 Threads    : 32

                  Objective                Residual
Iter       Primal          Dual         Primal    Dual     Compl     Time
   0   5.97861540e+16 -2.50695104e+16  5.15e+13 1.52e+02  7.83e+12   630s
   1   7.00387501e+16 -2.51782950e+16  4.16e+13 7.84e+03  6.45e+12   655s
   2   7.06416793e+16 -2.51365231e+16  4.10e+13 1.72e+03  6.37e+12   691s
   3   7.44284308e+16 -2.53370165e+16  3.77e+13 7.34e+03  5.15e+12   723s
   4   7.61498415e+16 -2.55778297e+16  3.57e+13 5.47e+04  4.63e+12   753s
   5   7.97794248e+16 -2.55993812e+16  3.16e+13 9.29e+04  4.05e+12   788s
   6   1.02289689e+17 -2.55558449e+16  1.06e+13 2.46e+05  1.95e+12   828s
   7   1.06056563e+17 -2.36518656e+16  5.70e+12 5.39e+05  7.51e+11   861s
   8   9.97090265e+16 -2.08673789e+16  2.47e+12 1.12e+06  3.13e+11   898s
   9   7.67237587e+16 -1.61379967e+16  9.46e+11 9.04e+05  1.17e+11   928s
  10   3.85651597e+16 -1.14140582e+16  1.55e+11 1.97e+06  2.18e+10   956s
  11   1.48862933e+16 -7.17397192e+15  3.92e+10 2.11e+06  5.91e+09   979s
  12   5.38982914e+15 -3.92588635e+15  1.00e+10 4.38e+06  1.55e+09  1004s
  13   1.54482588e+15 -2.15431101e+15  2.36e+09 1.82e+06  4.02e+08  1025s
  14   6.45669683e+14 -1.01775754e+15  9.25e+08 9.62e+05  1.45e+08  1048s
  15   2.06976924e+14 -6.27664325e+14  2.60e+08 2.33e+05  5.49e+07  1078s
  16   9.84060091e+13 -2.45542832e+14  1.19e+08 8.45e+04  2.27e+07  1108s
  17   6.69149527e+13 -1.50797519e+14  7.70e+07 5.01e+04  1.42e+07  1134s
  18   2.88447525e+13 -7.21413433e+13  2.94e+07 2.22e+04  6.27e+06  1160s
  19   2.20064754e+13 -4.48988840e+13  2.13e+07 1.35e+04  4.11e+06  1188s
  20   1.38802197e+13 -2.39581565e+13  1.26e+07 7.00e+03  2.29e+06  1223s
  21   1.15552376e+13 -1.89363797e+13  1.01e+07 5.54e+03  1.83e+06  1250s
  22   1.09418771e+13 -1.61387180e+13  9.51e+06 4.74e+03  1.62e+06  1283s
  23   1.04478954e+13 -1.15850493e+13  9.03e+06 3.44e+03  1.32e+06  1312s
  24   7.90180619e+12 -9.02092506e+12  6.48e+06 2.72e+03  1.01e+06  1345s
  25   6.92723893e+12 -7.44408374e+12  5.55e+06 2.28e+03  8.52e+05  1381s
  26   6.09833614e+12 -6.50955090e+12  4.78e+06 2.02e+03  7.45e+05  1421s
  27   5.57050120e+12 -5.21262519e+12  4.29e+06 1.66e+03  6.36e+05  1466s
  28   4.99742905e+12 -4.95153014e+12  3.76e+06 1.59e+03  5.85e+05  1507s
  29   4.64891072e+12 -4.18326210e+12  3.44e+06 1.37e+03  5.19e+05  1547s
  30   3.94571513e+12 -3.30818278e+12  2.79e+06 1.13e+03  4.25e+05  1588s
  31   3.23552647e+12 -2.50635514e+12  2.14e+06 9.04e+02  3.35e+05  1624s
  32   2.81738266e+12 -2.04859147e+12  1.77e+06 7.76e+02  2.83e+05  1670s
  33   2.60773147e+12 -1.78493175e+12  1.58e+06 7.01e+02  2.55e+05  1710s
  34   2.46708793e+12 -1.18173104e+12  1.46e+06 5.34e+02  2.12e+05  1750s
  35   2.18543275e+12 -7.95981463e+11  1.22e+06 4.23e+02  1.73e+05  1796s
  36   1.98453377e+12 -4.69889273e+11  1.05e+06 3.29e+02  1.42e+05  1842s
  37   1.86160660e+12 -4.08843764e+11  9.44e+05 3.12e+02  1.31e+05  1878s
  38   1.75522983e+12 -2.01728092e+11  8.56e+05 2.54e+02  1.13e+05  1922s
  39   1.58559288e+12 -7.39716828e+10  7.18e+05 2.17e+02  9.55e+04  1965s
  40   1.46859997e+12  2.23114948e+09  6.23e+05 1.94e+02  8.43e+04  2002s
  41   1.39171907e+12  9.34124201e+10  5.61e+05 1.67e+02  7.46e+04  2047s
  42   1.30551286e+12  2.06744541e+11  4.92e+05 1.35e+02  6.30e+04  2091s
  43   1.26551232e+12  2.39971631e+11  4.59e+05 1.25e+02  5.88e+04  2126s
  44   1.21682224e+12  2.99528338e+11  4.21e+05 1.08e+02  5.26e+04  2167s
  45   1.15362372e+12  3.20886391e+11  3.71e+05 1.02e+02  4.77e+04  2210s
  46   1.14155880e+12  3.38732591e+11  3.61e+05 9.72e+01  4.60e+04  2244s
  47   1.08947351e+12  3.63222281e+11  3.18e+05 9.06e+01  4.15e+04  2288s
  48   1.05430469e+12  3.82882472e+11  2.90e+05 8.52e+01  3.84e+04  2333s
  49   1.02417788e+12  4.05722723e+11  2.65e+05 7.91e+01  3.53e+04  2372s
  50   1.00494525e+12  4.30324777e+11  2.49e+05 7.26e+01  3.28e+04  2414s
  51   9.86880550e+11  4.53525989e+11  2.34e+05 6.65e+01  3.05e+04  2456s
  52   9.72366717e+11  4.70876179e+11  2.21e+05 6.19e+01  2.86e+04  2499s
  53   9.49632753e+11  4.80689157e+11  2.03e+05 5.92e+01  2.68e+04  2533s
  54   9.36146609e+11  4.95671535e+11  1.91e+05 5.53e+01  2.51e+04  2570s
  55   9.20904987e+11  5.15247954e+11  1.78e+05 5.01e+01  2.31e+04  2609s
  56   8.87993970e+11  5.34909460e+11  1.51e+05 4.47e+01  2.01e+04  2649s
  57   8.74338433e+11  5.52603741e+11  1.40e+05 4.00e+01  1.83e+04  2684s
  58   8.56380739e+11  5.60225732e+11  1.25e+05 3.80e+01  1.69e+04  2723s
  59   8.54753520e+11  5.67600287e+11  1.23e+05 3.61e+01  1.64e+04  2764s
  60   8.45680372e+11  5.76659934e+11  1.16e+05 3.37e+01  1.53e+04  2805s
  61   8.34520337e+11  5.86256936e+11  1.07e+05 3.11e+01  1.41e+04  2848s
  62   8.30679887e+11  5.94338743e+11  1.04e+05 2.90e+01  1.35e+04  2892s
  63   8.23865574e+11  6.02849157e+11  9.79e+04 2.68e+01  1.26e+04  2932s
  64   8.13107663e+11  6.07915223e+11  8.89e+04 2.54e+01  1.17e+04  2970s
  65   8.01279123e+11  6.12195534e+11  7.89e+04 2.43e+01  1.08e+04  3008s
  66   7.95737068e+11  6.18733401e+11  7.43e+04 2.26e+01  1.01e+04  3046s
  67   7.91037633e+11  6.27450415e+11  7.02e+04 2.03e+01  9.31e+03  3083s
  68   7.86054833e+11  6.31359570e+11  6.61e+04 1.93e+01  8.80e+03  3117s
  69   7.81782659e+11  6.36088281e+11  6.25e+04 1.81e+01  8.29e+03  3159s
  70   7.78789818e+11  6.39519284e+11  6.00e+04 1.72e+01  7.92e+03  3200s
  71   7.74657232e+11  6.41093501e+11  5.66e+04 1.68e+01  7.60e+03  3239s
  72   7.71802066e+11  6.43301700e+11  5.42e+04 1.62e+01  7.31e+03  3277s
  73   7.68066528e+11  6.48197813e+11  5.11e+04 1.50e+01  6.82e+03  3317s
  74   7.64624951e+11  6.51856905e+11  4.81e+04 1.40e+01  6.41e+03  3359s
  75   7.61091837e+11  6.56386957e+11  4.51e+04 1.29e+01  5.95e+03  3394s
  76   7.59327634e+11  6.59948153e+11  4.36e+04 1.20e+01  5.65e+03  3430s
  77   7.57872160e+11  6.61768332e+11  4.23e+04 1.15e+01  5.46e+03  3466s
  78   7.57108687e+11  6.63968676e+11  4.17e+04 1.09e+01  5.30e+03  3500s
  79   7.53366375e+11  6.65903354e+11  3.85e+04 1.05e+01  4.97e+03  3539s
  80   7.51191974e+11  6.68308898e+11  3.66e+04 9.85e+00  4.71e+03  3581s
  81   7.48556693e+11  6.70267504e+11  3.44e+04 9.36e+00  4.45e+03  3619s
  82   7.47501760e+11  6.72097046e+11  3.34e+04 8.91e+00  4.29e+03  3661s
  83   7.45353723e+11  6.73683246e+11  3.16e+04 8.52e+00  4.07e+03  3702s
  84   7.43047293e+11  6.75997511e+11  2.96e+04 7.95e+00  3.81e+03  3744s
  85   7.40782803e+11  6.77546032e+11  2.76e+04 7.57e+00  3.59e+03  3783s
  86   7.39238442e+11  6.79359889e+11  2.62e+04 7.13e+00  3.40e+03  3826s
  87   7.37470532e+11  6.80923627e+11  2.46e+04 6.76e+00  3.21e+03  3868s
  88   7.36551896e+11  6.82421186e+11  2.38e+04 6.41e+00  3.08e+03  3903s
  89   7.35816353e+11  6.83651984e+11  2.31e+04 6.12e+00  2.96e+03  3946s
  90   7.35015192e+11  6.84056410e+11  2.24e+04 6.02e+00  2.89e+03  3978s
  91   7.33255575e+11  6.85262431e+11  2.07e+04 5.73e+00  2.73e+03  4022s
  92   7.32838452e+11  6.86125567e+11  2.04e+04 5.53e+00  2.65e+03  4061s
  93   7.31619942e+11  6.88474447e+11  1.93e+04 4.98e+00  2.45e+03  4106s
  94   7.30277028e+11  6.90127228e+11  1.80e+04 4.59e+00  2.28e+03  4144s
  95   7.28996001e+11  6.91497585e+11  1.69e+04 4.28e+00  2.13e+03  4187s
  96   7.27353675e+11  6.92538287e+11  1.53e+04 4.03e+00  1.98e+03  4225s
  97   7.26323709e+11  6.93606475e+11  1.44e+04 3.79e+00  1.86e+03  4269s
  98   7.24783095e+11  6.94467846e+11  1.29e+04 3.59e+00  1.72e+03  4312s
  99   7.24010031e+11  6.96396151e+11  1.22e+04 3.15e+00  1.57e+03  4354s
 100   7.23538446e+11  6.97024661e+11  1.18e+04 3.00e+00  1.51e+03  4386s
 101   7.22567373e+11  6.97768358e+11  1.09e+04 2.83e+00  1.41e+03  4429s
 102   7.21930482e+11  6.98829796e+11  1.03e+04 2.59e+00  1.31e+03  4474s
 103   7.21412065e+11  6.99508105e+11  9.80e+03 2.43e+00  1.24e+03  4512s
 104   7.20928871e+11  7.00005539e+11  9.35e+03 2.32e+00  1.19e+03  4550s
 105   7.20153104e+11  7.00628356e+11  8.63e+03 2.18e+00  1.11e+03  4594s
 106   7.19651334e+11  7.01163556e+11  8.17e+03 2.06e+00  1.05e+03  4632s
 107   7.19109586e+11  7.01758458e+11  7.67e+03 1.93e+00  9.85e+02  4676s
 108   7.18638634e+11  7.02170183e+11  7.23e+03 1.83e+00  9.35e+02  4718s
 109   7.18384209e+11  7.02465930e+11  6.99e+03 1.77e+00  9.04e+02  4761s
 110   7.18019613e+11  7.03214297e+11  6.65e+03 1.60e+00  8.40e+02  4799s
 111   7.17542048e+11  7.03597589e+11  6.20e+03 1.52e+00  7.91e+02  4841s
 112   7.17261816e+11  7.04002209e+11  5.94e+03 1.43e+00  7.53e+02  4882s
 113   7.16938043e+11  7.04343825e+11  5.64e+03 1.35e+00  7.15e+02  4921s
 114   7.16626748e+11  7.04754446e+11  5.34e+03 1.26e+00  6.74e+02  4961s
 115   7.16305361e+11  7.05158725e+11  5.04e+03 1.17e+00  6.33e+02  4998s
 116   7.16063366e+11  7.05392839e+11  4.81e+03 1.12e+00  6.06e+02  5039s
 117   7.15786903e+11  7.05792109e+11  4.55e+03 1.03e+00  5.67e+02  5081s
 118   7.15466064e+11  7.06161654e+11  4.25e+03 9.51e-01  5.28e+02  5125s
 119   7.15159600e+11  7.06426618e+11  3.96e+03 8.93e-01  4.96e+02  5166s
 120   7.14922212e+11  7.06669172e+11  3.73e+03 8.46e-01  4.68e+02  5213s
 121   7.14660823e+11  7.06863139e+11  3.48e+03 8.08e-01  4.43e+02  5258s
 122   7.14468296e+11  7.07130023e+11  3.29e+03 7.57e-01  4.16e+02  5301s
 123   7.14271325e+11  7.07345734e+11  3.11e+03 7.16e-01  3.93e+02  5345s
 124   7.14062190e+11  7.07565411e+11  2.90e+03 6.74e-01  3.69e+02  5389s
 125   7.13941852e+11  7.07909381e+11  2.78e+03 6.07e-01  3.42e+02  5432s
 126   7.13790175e+11  7.08279982e+11  2.64e+03 5.36e-01  3.13e+02  5478s
 127   7.13545768e+11  7.08422358e+11  2.40e+03 5.08e-01  2.91e+02  5520s
 128   7.13400841e+11  7.08546062e+11  2.26e+03 4.85e-01  2.76e+02  5567s
 129   7.13259930e+11  7.08703097e+11  2.13e+03 4.55e-01  2.59e+02  5605s
 130   7.13157072e+11  7.08819083e+11  2.03e+03 4.33e-01  2.46e+02  5638s
 131   7.13077850e+11  7.08934578e+11  1.95e+03 4.11e-01  2.35e+02  5680s
 132   7.12930503e+11  7.09052220e+11  1.81e+03 3.88e-01  2.20e+02  5721s
 133   7.12789478e+11  7.09194158e+11  1.67e+03 3.61e-01  2.04e+02  5765s
 134   7.12689149e+11  7.09324752e+11  1.57e+03 3.36e-01  1.91e+02  5801s
 135   7.12605926e+11  7.09465480e+11  1.49e+03 3.09e-01  1.78e+02  5843s
 136   7.12540049e+11  7.09598539e+11  1.43e+03 2.84e-01  1.67e+02  5882s
 137   7.12432320e+11  7.09643419e+11  1.32e+03 2.75e-01  1.58e+02  5924s
 138   7.12373452e+11  7.09723065e+11  1.26e+03 2.60e-01  1.50e+02  5963s
 139   7.12304470e+11  7.09796891e+11  1.20e+03 2.46e-01  1.42e+02  6011s
 140   7.12225918e+11  7.09871574e+11  1.12e+03 2.32e-01  1.34e+02  6058s
 141   7.12153587e+11  7.09919390e+11  1.05e+03 2.23e-01  1.27e+02  6108s
 142   7.12103180e+11  7.09973349e+11  9.99e+02 2.13e-01  1.21e+02  6149s
 143   7.12064580e+11  7.10020481e+11  9.61e+02 2.04e-01  1.16e+02  6188s
 144   7.12038206e+11  7.10052008e+11  9.35e+02 1.98e-01  1.13e+02  6221s
 145   7.11989399e+11  7.10117674e+11  8.87e+02 1.85e-01  1.06e+02  6258s
 146   7.11931246e+11  7.10176578e+11  8.30e+02 1.74e-01  9.96e+01  6301s
 147   7.11891397e+11  7.10225620e+11  7.91e+02 1.65e-01  9.45e+01  6340s
 148   7.11838267e+11  7.10267046e+11  7.39e+02 1.57e-01  8.92e+01  6383s
 149   7.11790933e+11  7.10313056e+11  6.92e+02 1.48e-01  8.39e+01  6428s
 150   7.11765801e+11  7.10381915e+11  6.67e+02 1.35e-01  7.85e+01  6473s
 151   7.11718876e+11  7.10411469e+11  6.21e+02 1.29e-01  7.42e+01  6518s
 152   7.11690596e+11  7.10453654e+11  5.93e+02 1.21e-01  7.02e+01  6551s
 153   7.11658456e+11  7.10491460e+11  5.61e+02 1.14e-01  6.62e+01  6597s
 154   7.11629349e+11  7.10522548e+11  5.33e+02 1.08e-01  6.28e+01  6639s
 155   7.11619103e+11  7.10526310e+11  5.22e+02 1.08e-01  6.20e+01  6674s
 156   7.11583960e+11  7.10563259e+11  4.88e+02 1.01e-01  5.79e+01  6717s
 157   7.11557491e+11  7.10598506e+11  4.62e+02 9.39e-02  5.44e+01  6763s
 158   7.11532262e+11  7.10620405e+11  4.37e+02 8.98e-02  5.18e+01  6804s
 159   7.11506604e+11  7.10657873e+11  4.12e+02 8.27e-02  4.82e+01  6844s
 160   7.11472558e+11  7.10686187e+11  3.79e+02 7.73e-02  4.46e+01  6889s
 161   7.11459934e+11  7.10701959e+11  3.66e+02 7.43e-02  4.30e+01  6924s
 162   7.11426967e+11  7.10727823e+11  3.33e+02 6.94e-02  3.97e+01  6968s
 163   7.11412227e+11  7.10750515e+11  3.19e+02 6.51e-02  3.76e+01  7011s
 164   7.11397712e+11  7.10763226e+11  3.05e+02 6.26e-02  3.60e+01  7048s
 165   7.11381117e+11  7.10791819e+11  2.88e+02 5.71e-02  3.35e+01  7089s
 166   7.11361437e+11  7.10830887e+11  2.69e+02 4.96e-02  3.01e+01  7130s
 167   7.11334788e+11  7.10837100e+11  2.42e+02 4.84e-02  2.83e+01  7172s
 168   7.11321020e+11  7.10862595e+11  2.29e+02 4.35e-02  2.60e+01  7213s
 169   7.11303620e+11  7.10882018e+11  2.12e+02 3.97e-02  2.39e+01  7253s
 170   7.11290694e+11  7.10893448e+11  2.00e+02 3.75e-02  2.26e+01  7297s
 171   7.11275931e+11  7.10900505e+11  1.85e+02 3.62e-02  2.13e+01  7333s
 172   7.11267643e+11  7.10912770e+11  1.77e+02 3.38e-02  2.01e+01  7370s
 173   7.11254551e+11  7.10927667e+11  1.65e+02 3.09e-02  1.86e+01  7413s
 174   7.11243944e+11  7.10935637e+11  1.54e+02 2.94e-02  1.75e+01  7456s
 175   7.11234185e+11  7.10946609e+11  1.45e+02 2.73e-02  1.63e+01  7490s
 176   7.11222679e+11  7.10954442e+11  1.33e+02 2.57e-02  1.52e+01  7533s
 177   7.11216113e+11  7.10966245e+11  1.27e+02 2.34e-02  1.42e+01  7576s
 178   7.11204049e+11  7.10975811e+11  1.15e+02 2.15e-02  1.30e+01  7619s
 179   7.11195765e+11  7.10986187e+11  1.07e+02 1.95e-02  1.19e+01  7663s
 180   7.11191241e+11  7.10998406e+11  1.03e+02 1.71e-02  1.10e+01  7709s
 181   7.11183610e+11  7.11007233e+11  9.55e+01 1.54e-02  1.00e+01  7748s
 182   7.11177403e+11  7.11015641e+11  8.95e+01 1.37e-02  9.19e+00  7794s
 183   7.11169955e+11  7.11020399e+11  8.25e+01 1.28e-02  8.49e+00  7841s
 184   7.11165555e+11  7.11024606e+11  7.83e+01 1.19e-02  8.01e+00  7877s
 185   7.11160694e+11  7.11027119e+11  7.36e+01 1.14e-02  7.59e+00  7923s
 186   7.11152585e+11  7.11031191e+11  6.57e+01 1.06e-02  6.89e+00  7966s
 187   7.11150517e+11  7.11034421e+11  6.37e+01 9.96e-03  6.59e+00  8007s
 188   7.11145097e+11  7.11038157e+11  5.86e+01 9.22e-03  6.07e+00  8053s
 189   7.11140089e+11  7.11044440e+11  5.37e+01 7.98e-03  5.43e+00  8098s
 190   7.11134575e+11  7.11046603e+11  4.85e+01 7.55e-03  5.00e+00  8148s
 191   7.11131249e+11  7.11048300e+11  4.53e+01 7.22e-03  4.71e+00  8202s
 192   7.11128435e+11  7.11051077e+11  4.27e+01 6.67e-03  4.39e+00  8253s

Barrier solved model in 192 iterations and 8253.24 seconds (2242.17 work units)
Optimal objective 7.11128435e+11

