MEM 994.671875 1771528944.7519
MEM 995.222656 1771528944.7852
MEM 7252.410156 1771528974.8525
MEM 7314.230469 1771529004.9158
MEM 7120.296875 1771529034.9848
MEM 7108.421875 1771529065.0473
MEM 7099.250000 1771529095.1142
MEM 9595.308594 1771529125.1507
MEM 9110.433594 1771529155.2131
MEM 14221.964844 1771529185.2751
MEM 11209.539062 1771529215.3378
MEM 13668.601562 1771529245.3983
MEM 40229.996094 1771529275.7691
MEM 53458.074219 1771529305.9801
MEM 54583.546875 1771529336.0790
MEM 47774.808594 1771529366.1576
MEM 49206.363281 1771529396.2220
MEM 47346.695312 1771529426.3049
MEM 47416.832031 1771529456.3933
MEM 47446.347656 1771529486.4686
MEM 47328.687500 1771529516.5472
MEM 47429.082031 1771529546.6123
MEM 49722.410156 1771529576.6827
MEM 55817.355469 1771529606.7609
MEM 58762.140625 1771529636.8163
MEM 62344.277344 1771529666.9327
MEM 61622.835938 1771529697.0045
MEM 51337.437500 1771529727.0600
MEM 31987.191406 1771529757.1237
MEM 40565.812500 1771529787.1896
MEM 42089.488281 1771529817.4015
MEM 43147.519531 1771529847.5440
MEM 43150.113281 1771529877.6941
MEM 43150.777344 1771529907.9009
MEM 43151.445312 1771529938.0943
MEM 43152.546875 1771529968.2823
MEM 43152.546875 1771529998.6320
MEM 43152.804688 1771530028.8570
MEM 43154.093750 1771530059.0833
MEM 43154.351562 1771530089.2104
MEM 43154.351562 1771530119.4619
MEM 43155.101562 1771530149.5150
MEM 43156.027344 1771530179.6445
MEM 43156.285156 1771530209.7423
MEM 43174.828125 1771530239.8538
MEM 43175.562500 1771530269.9436
MEM 43176.078125 1771530300.0471
MEM 43176.863281 1771530330.1119
MEM 43177.378906 1771530360.2278
MEM 43177.894531 1771530390.3284
MEM 43178.910156 1771530420.3876
MEM 43179.652344 1771530450.4759
MEM 43180.164062 1771530480.5315
MEM 43180.671875 1771530510.6219
MEM 43180.906250 1771530540.6898
MEM 43180.906250 1771530570.7926
MEM 43181.164062 1771530600.9153
MEM 43181.164062 1771530631.0029
MEM 43181.164062 1771530661.0723
MEM 43181.164062 1771530691.1967
MEM 43181.164062 1771530721.2726
MEM 43181.164062 1771530751.3431
MEM 43181.398438 1771530781.4006
MEM 43181.398438 1771530811.5054
MEM 43181.398438 1771530841.6090
MEM 43181.398438 1771530871.6643
MEM 43181.656250 1771530901.7610
MEM 43181.656250 1771530931.8400
MEM 43181.656250 1771530961.9285
MEM 43181.914062 1771530991.9915
MEM 43182.667969 1771531022.0989
MEM 43182.667969 1771531052.1622
MEM 43182.667969 1771531082.2590
MEM 43183.128906 1771531112.4330
MEM 43183.128906 1771531142.7290
MEM 43183.128906 1771531172.9898
MEM 43183.128906 1771531203.2799
MEM 43183.386719 1771531233.4624
MEM 43183.386719 1771531263.7530
MEM 43183.644531 1771531293.8613
MEM 43184.160156 1771531323.9311
MEM 43184.160156 1771531354.0303
MEM 43184.417969 1771531384.1116
MEM 43184.417969 1771531414.1670
MEM 43184.917969 1771531444.2464
MEM 43184.917969 1771531474.3757
MEM 43184.917969 1771531504.6239
MEM 43184.917969 1771531534.8706
MEM 43184.917969 1771531565.0120
MEM 43184.917969 1771531595.1353
MEM 43184.917969 1771531625.4078
MEM 43185.175781 1771531655.5916
MEM 43185.175781 1771531685.7307
MEM 43185.175781 1771531715.9270
MEM 43185.175781 1771531746.1069
MEM 43185.175781 1771531776.2180
MEM 43185.175781 1771531806.3235
MEM 43185.433594 1771531836.3782
MEM 43185.433594 1771531866.4751
MEM 43185.433594 1771531896.5366
MEM 43185.941406 1771531926.6266
MEM 43186.191406 1771531956.7059
MEM 43186.433594 1771531986.7750
MEM 43186.433594 1771532016.8556
MEM 43186.691406 1771532047.0540
MEM 43186.691406 1771532077.1767
MEM 43186.691406 1771532107.3475
MEM 43186.691406 1771532137.4256
MEM 43186.949219 1771532167.5033
MEM 43187.207031 1771532197.5588
MEM 43187.207031 1771532227.6978
MEM 43187.207031 1771532257.8070
MEM 43187.207031 1771532287.8705
MEM 43187.464844 1771532317.9616
MEM 43187.980469 1771532348.0146
MEM 43188.238281 1771532378.1224
MEM 43188.238281 1771532408.1891
MEM 43188.238281 1771532438.2580
MEM 43188.238281 1771532468.5107
MEM 43188.496094 1771532498.5804
MEM 43188.496094 1771532528.6506
MEM 43188.496094 1771532558.7160
MEM 43188.496094 1771532588.7903
MEM 43188.496094 1771532618.8833
MEM 43188.753906 1771532649.0241
MEM 43188.753906 1771532679.1828
MEM 43188.753906 1771532709.2843
MEM 43188.753906 1771532739.4278
MEM 43189.011719 1771532769.5311
MEM 43189.011719 1771532799.6136
MEM 43189.011719 1771532829.7151
MEM 43189.011719 1771532859.8468
MEM 43189.011719 1771532889.9504
MEM 43189.269531 1771532920.0306
MEM 43189.269531 1771532950.1769
MEM 43189.527344 1771532980.2627
MEM 43189.785156 1771533010.3600
MEM 43189.785156 1771533040.4220
MEM 43189.785156 1771533070.4819
MEM 43189.785156 1771533100.5490
MEM 43190.027344 1771533130.6049
MEM 43190.027344 1771533160.6579
MEM 43190.027344 1771533190.7123
MEM 43190.027344 1771533220.7734
MEM 43190.027344 1771533250.8831
MEM 43190.027344 1771533281.0673
MEM 43190.027344 1771533311.2082
MEM 43190.027344 1771533341.2799
MEM 43190.027344 1771533371.3640
MEM 43190.285156 1771533401.4761
MEM 43190.285156 1771533431.5616
MEM 43190.285156 1771533461.6634
MEM 43190.800781 1771533491.8110
MEM 43190.800781 1771533522.0906
MEM 43190.800781 1771533552.2799
MEM 43190.800781 1771533582.6395
MEM 43190.800781 1771533612.7995
MEM 43190.800781 1771533642.8816
MEM 43190.800781 1771533672.9551
MEM 43191.058594 1771533703.0595
MEM 43191.058594 1771533733.1328
MEM 43191.058594 1771533763.2300
MEM 43191.058594 1771533793.3068
MEM 43191.058594 1771533823.4358
MEM 43191.316406 1771533853.6671
MEM 43191.316406 1771533883.7669
MEM 43191.316406 1771533913.8915
MEM 43191.316406 1771533944.0715
MEM 43191.316406 1771533974.3354
MEM 43191.316406 1771534004.6072
MEM 43191.316406 1771534034.8089
MEM 43191.574219 1771534064.9995
MEM 43191.574219 1771534095.2469
MEM 43191.574219 1771534125.5247
MEM 43191.574219 1771534155.6679
MEM 43191.574219 1771534185.8899
MEM 43191.832031 1771534216.1110
MEM 43191.832031 1771534246.4586
MEM 43191.832031 1771534276.7220
MEM 43192.089844 1771534306.8983
MEM 43192.089844 1771534337.0958
MEM 43192.089844 1771534367.1714
MEM 43192.089844 1771534397.2266
MEM 43192.089844 1771534427.2831
MEM 43192.089844 1771534457.3704
MEM 43192.089844 1771534487.4268
MEM 43192.089844 1771534517.4918
MEM 43192.089844 1771534547.7505
MEM 43192.089844 1771534577.9136
MEM 43192.089844 1771534608.1553
MEM 43192.089844 1771534638.3599
MEM 43192.089844 1771534668.4942
MEM 43192.089844 1771534698.7425
MEM 43192.089844 1771534729.0242
MEM 43192.089844 1771534759.1838
MEM 43192.089844 1771534789.3595
MEM 43192.089844 1771534819.5633
MEM 43192.089844 1771534849.7961
MEM 43192.089844 1771534880.0820
MEM 43192.089844 1771534910.2302
MEM 43192.089844 1771534940.4756
MEM 43192.089844 1771534970.6005
MEM 43192.089844 1771535000.7037
MEM 43192.089844 1771535030.8469
MEM 43192.089844 1771535060.9696
MEM 43192.089844 1771535091.0908
MEM 43192.089844 1771535121.1988
MEM 43192.347656 1771535151.2635
MEM 43192.347656 1771535181.3516
MEM 43192.347656 1771535211.4354
MEM 43192.347656 1771535241.4903
MEM 43192.347656 1771535271.5666
MEM 43192.347656 1771535301.6777
MEM 43192.347656 1771535331.7542
MEM 43192.347656 1771535361.8122
MEM 43192.347656 1771535391.8826
MEM 43192.347656 1771535421.9390
MEM 43192.347656 1771535452.1043
MEM 43192.347656 1771535482.2938
MEM 43192.347656 1771535512.4598
MEM 43192.347656 1771535542.8171
MEM 43192.347656 1771535572.9580
MEM 43192.347656 1771535603.1310
MEM 43192.347656 1771535633.2514
MEM 43192.347656 1771535663.3520
MEM 43192.347656 1771535693.5395
MEM 43192.347656 1771535723.7980
MEM 43192.347656 1771535753.9911
MEM 43192.347656 1771535784.0459
MEM 43192.347656 1771535814.1353
MEM 43192.347656 1771535844.2267
MEM 43192.347656 1771535874.3072
MEM 43192.570312 1771535904.4111
MEM 43192.570312 1771535934.4682
MEM 43192.570312 1771535964.5344
MEM 43192.570312 1771535994.5910
MEM 43192.570312 1771536024.7039
MEM 43192.570312 1771536054.9232
MEM 43192.570312 1771536085.2084
MEM 43192.570312 1771536115.3153
MEM 43192.570312 1771536145.5516
MEM 43192.570312 1771536175.7996
MEM 43192.570312 1771536206.0939
MEM 43192.570312 1771536236.2584
MEM 43192.570312 1771536266.4866
MEM 43192.570312 1771536296.5515
MEM 43192.570312 1771536326.6149
MEM 43192.570312 1771536356.7079
MEM 43192.570312 1771536386.8514
MEM 43192.570312 1771536416.9685
MEM 43192.570312 1771536447.0790
MEM 43192.570312 1771536477.1915
MEM 43192.570312 1771536507.4429
MEM 43192.570312 1771536537.6020
MEM 43192.570312 1771536567.7585
MEM 43192.570312 1771536597.8227
MEM 43192.570312 1771536627.8845
MEM 43192.570312 1771536657.9473
MEM 43192.570312 1771536688.0108
MEM 43192.570312 1771536718.1085
MEM 43192.570312 1771536748.1736
MEM 43192.570312 1771536778.2479
MEM 43192.570312 1771536808.3598
MEM 43192.570312 1771536838.4232
MEM 43192.570312 1771536868.5097
MEM 43192.570312 1771536898.6315
MEM 43192.570312 1771536928.7387
MEM 43192.570312 1771536958.7944
MEM 43192.570312 1771536988.8737
MEM 43192.570312 1771537019.0005
MEM 43192.570312 1771537049.0628
MEM 43192.570312 1771537079.1523
MEM 43192.570312 1771537109.2511
MEM 43192.570312 1771537139.3074
MEM 43192.570312 1771537169.4360
MEM 43192.570312 1771537199.5555
MEM 43192.570312 1771537229.6989
MEM 43192.570312 1771537259.8025
MEM 43192.570312 1771537289.8705
MEM 43192.570312 1771537319.9418
MEM 43192.570312 1771537350.0018
MEM 43192.570312 1771537380.1030
MEM 43192.570312 1771537410.1820
MEM 13499.804688 1771537440.2412
MEM 19857.359375 1771537470.3012
MEM 20651.308594 1771537500.3407
MEM 21927.453125 1771537530.4014
MEM 22563.781250 1771537560.4524
MEM 19598.562500 1771537574.9589
