
Gurobi 13.0.0 (linux64) logging started Tue Feb 24 11:34:01 2026

Set parameter LogFile to value "/cluster/work/cpesm/acott/pypsa-eur/results/eu-overnight/ccl_high_nuclear/logs/base_s_40___2050_solver.log"
Gurobi Optimizer version 13.0.0 build v13.0.0rc1 (linux64 - "Ubuntu 22.04.5 LTS")

CPU model: AMD EPYC 7H12 64-Core Processor, instruction set [SSE2|AVX|AVX2]
Thread count: 128 physical cores, 128 logical processors, using up to 32 threads

Non-default parameters:
Method  2
BarConvTol  1e-05
Crossover  0
AggFill  0
PreDual  0
Seed  123
Threads  32
GURO_PAR_BARDENSETHRESH  200

Optimize a model with 22673369 rows, 10102042 columns and 51001751 nonzeros (Min)
Model fingerprint: 0x316c299f
Model has 8161427 linear objective coefficients
Coefficient statistics:
  Matrix range     [2e-03, 5e+02]
  Objective range  [2e-02, 1e+06]
  Bounds range     [9e-02, 2e+11]
  RHS range        [2e-01, 1e+09]
Warning: Model contains large rhs
Warning: Model contains large bounds
         Consider reformulating model or setting NumericFocus parameter
         to avoid numerical issues.
Presolve removed 11315956 rows and 1218331 columns (presolve time = 8s)...
Presolve removed 11315956 rows and 1218331 columns (presolve time = 10s)...
Presolve removed 11317625 rows and 1220000 columns (presolve time = 15s)...
Presolve removed 12484756 rows and 2387131 columns (presolve time = 24s)...
Presolve removed 12484756 rows and 2387131 columns (presolve time = 26s)...
Presolve removed 12484756 rows and 2387131 columns (presolve time = 31s)...
Presolve removed 12484756 rows and 2387131 columns (presolve time = 35s)...
Presolve removed 12484757 rows and 2387170 columns (presolve time = 40s)...
Presolve removed 12484757 rows and 2391549 columns (presolve time = 45s)...
Presolve removed 12484757 rows and 2391549 columns
Presolve time: 49.12s
Presolved: 10188612 rows, 7710493 columns, 35369762 nonzeros
Elapsed ordering time = 13s
Elapsed ordering time = 15s
Elapsed ordering time = 20s
Elapsed ordering time = 25s
Elapsed ordering time = 30s
Elapsed ordering time = 186s
Elapsed ordering time = 254s
Elapsed ordering time = 303s
Elapsed ordering time = 330s
Elapsed ordering time = 358s
Elapsed ordering time = 375s
Elapsed ordering time = 405s
Elapsed ordering time = 421s
Elapsed ordering time = 427s
Elapsed ordering time = 436s
Elapsed ordering time = 451s
Elapsed ordering time = 457s
Elapsed ordering time = 463s
Elapsed ordering time = 473s
Elapsed ordering time = 486s
Elapsed ordering time = 495s
Elapsed ordering time = 498s
Elapsed ordering time = 501s
Elapsed ordering time = 508s
Elapsed ordering time = 514s
Elapsed ordering time = 519s
Elapsed ordering time = 521s
Elapsed ordering time = 527s
Elapsed ordering time = 535s
Elapsed ordering time = 537s
Elapsed ordering time = 542s
Elapsed ordering time = 548s
Elapsed ordering time = 552s
Elapsed ordering time = 557s
Elapsed ordering time = 560s
Elapsed ordering time = 566s
Elapsed ordering time = 571s
Elapsed ordering time = 576s
Elapsed ordering time = 580s
Elapsed ordering time = 586s
Elapsed ordering time = 591s
Elapsed ordering time = 596s
Elapsed ordering time = 602s
Elapsed ordering time = 607s
Elapsed ordering time = 612s
Elapsed ordering time = 615s
Elapsed ordering time = 620s
Elapsed ordering time = 626s
Elapsed ordering time = 631s
Elapsed ordering time = 635s
Elapsed ordering time = 641s
Elapsed ordering time = 645s
Elapsed ordering time = 651s
Elapsed ordering time = 655s
Elapsed ordering time = 660s
Elapsed ordering time = 665s
Elapsed ordering time = 670s
Elapsed ordering time = 676s
Elapsed ordering time = 680s
Elapsed ordering time = 685s
Elapsed ordering time = 690s
Elapsed ordering time = 703s
Elapsed ordering time = 705s
Elapsed ordering time = 710s
Elapsed ordering time = 715s
Elapsed ordering time = 720s
Elapsed ordering time = 725s
Elapsed ordering time = 730s
Elapsed ordering time = 735s
Elapsed ordering time = 740s
Elapsed ordering time = 745s
Elapsed ordering time = 750s
Elapsed ordering time = 755s
Elapsed ordering time = 760s
Elapsed ordering time = 765s
Elapsed ordering time = 770s
Elapsed ordering time = 775s
Elapsed ordering time = 780s
Elapsed ordering time = 785s
Elapsed ordering time = 790s
Elapsed ordering time = 795s
Elapsed ordering time = 800s
Elapsed ordering time = 805s
Elapsed ordering time = 810s
Elapsed ordering time = 815s
Elapsed ordering time = 820s
Elapsed ordering time = 825s
Elapsed ordering time = 830s
Elapsed ordering time = 835s
Elapsed ordering time = 840s
Elapsed ordering time = 845s
Elapsed ordering time = 850s
Elapsed ordering time = 855s
Elapsed ordering time = 860s
Elapsed ordering time = 865s
Elapsed ordering time = 870s
Elapsed ordering time = 875s
Elapsed ordering time = 880s
Elapsed ordering time = 885s
Elapsed ordering time = 890s
Elapsed ordering time = 895s
Elapsed ordering time = 900s
Elapsed ordering time = 905s
Elapsed ordering time = 911s
Ordering time: 1004.14s

Barrier statistics:
 Dense cols : 1442
 AA' NZ     : 4.488e+07
 Factor NZ  : 6.864e+08 (roughly 13.0 GB of memory)
 Factor Ops : 1.180e+12 (roughly 8 seconds per iteration)
 Threads    : 32

                  Objective                Residual
Iter       Primal          Dual         Primal    Dual     Compl     Time
   0   6.69741162e+16 -3.96308110e+16  5.15e+13 1.53e+02  1.24e+13  1113s
   1   7.79425739e+16 -3.96768134e+16  4.26e+13 1.29e+04  1.05e+13  1148s
   2   7.84881459e+16 -3.96426562e+16  4.21e+13 1.28e+04  1.04e+13  1202s
   3   8.36812410e+16 -4.12443284e+16  3.74e+13 1.27e+06  7.52e+12  1251s
   4   9.05739535e+16 -4.15646425e+16  2.85e+13 2.00e+06  4.89e+12  1293s
   5   1.04636140e+17 -4.05437011e+16  1.07e+13 2.61e+06  1.86e+12  1341s
   6   1.05003509e+17 -3.70856403e+16  4.60e+12 3.60e+06  7.91e+11  1398s
   7   9.18667467e+16 -3.22300450e+16  1.84e+12 3.77e+06  3.20e+11  1448s
   8   6.66537615e+16 -2.57614960e+16  6.70e+11 5.21e+06  1.20e+11  1490s
   9   3.61207509e+16 -1.94388862e+16  1.82e+11 6.02e+06  3.52e+10  1524s
  10   1.38951059e+16 -1.11653211e+16  3.45e+10 6.24e+06  7.43e+09  1558s
  11   5.25847302e+15 -6.36248796e+15  8.57e+09 5.55e+06  1.96e+09  1593s
  12   1.79096204e+15 -3.43589285e+15  2.16e+09 3.80e+06  5.53e+08  1628s
  13   5.46772742e+14 -1.38206435e+15  5.57e+08 7.27e+05  1.55e+08  1672s
  14   2.03103422e+14 -4.84534975e+14  1.86e+08 1.74e+05  4.90e+07  1716s
  15   7.39365624e+13 -1.98563712e+14  5.37e+07 5.93e+04  1.73e+07  1760s
  16   4.55836354e+13 -9.17088734e+13  3.10e+07 2.47e+04  8.49e+06  1804s
  17   3.84565835e+13 -5.41663501e+13  2.54e+07 1.36e+04  5.67e+06  1848s
  18   1.40139843e+13 -3.17750826e+13  7.58e+06 7.33e+03  2.66e+06  1899s
  19   1.03653017e+13 -2.35498043e+13  5.24e+06 5.39e+03  1.95e+06  1943s
  20   8.32642112e+12 -2.22429925e+13  4.06e+06 5.10e+03  1.75e+06  1994s
  21   7.68706779e+12 -1.84285664e+13  3.69e+06 4.25e+03  1.49e+06  2054s
  22   7.54111438e+12 -1.73676279e+13  3.60e+06 4.02e+03  1.42e+06  2105s
  23   7.05684609e+12 -1.58739871e+13  3.33e+06 3.69e+03  1.31e+06  2162s
  24   6.21844865e+12 -1.53528512e+13  2.85e+06 3.58e+03  1.23e+06  2230s
  25   5.74426374e+12 -1.28687180e+13  2.59e+06 3.03e+03  1.06e+06  2296s
  26   5.16681330e+12 -1.08633530e+13  2.25e+06 2.59e+03  9.08e+05  2363s
  27   4.74198084e+12 -1.00443793e+13  2.02e+06 2.40e+03  8.37e+05  2430s
  28   4.24668514e+12 -7.80053980e+12  1.74e+06 1.90e+03  6.80e+05  2497s
  29   3.66334314e+12 -6.79188952e+12  1.41e+06 1.67e+03  5.89e+05  2564s
  30   3.19168819e+12 -5.26580701e+12  1.16e+06 1.34e+03  4.76e+05  2632s
  31   2.87302927e+12 -4.67133614e+12  9.87e+05 1.20e+03  4.24e+05  2692s
  32   2.75421056e+12 -4.22078329e+12  9.24e+05 1.10e+03  3.92e+05  2751s
  33   2.58319383e+12 -3.75273430e+12  8.38e+05 1.00e+03  3.55e+05  2818s
  34   2.35321014e+12 -3.00547438e+12  7.20e+05 8.36e+02  3.00e+05  2885s
  35   2.07268215e+12 -2.27764318e+12  5.76e+05 6.75e+02  2.43e+05  2948s
  36   2.02375485e+12 -2.19498875e+12  5.53e+05 6.57e+02  2.36e+05  3007s
  37   1.93904482e+12 -1.77692267e+12  5.13e+05 5.63e+02  2.08e+05  3077s
  38   1.79629009e+12 -1.28399705e+12  4.46e+05 4.54e+02  1.72e+05  3148s
  39   1.68948410e+12 -9.43639456e+11  3.98e+05 3.77e+02  1.47e+05  3221s
  40   1.55258901e+12 -5.35300698e+11  3.37e+05 2.86e+02  1.17e+05  3295s
  41   1.40446433e+12 -3.07094904e+11  2.73e+05 2.34e+02  9.55e+04  3360s
  42   1.36817450e+12 -1.82916829e+11  2.59e+05 2.05e+02  8.65e+04  3425s
  43   1.28063458e+12 -1.03414699e+11  2.23e+05 1.86e+02  7.71e+04  3498s
  44   1.22040691e+12 -5.52055292e+08  2.00e+05 1.61e+02  6.80e+04  3571s
  45   1.16070162e+12  4.75346486e+10  1.77e+05 1.49e+02  6.20e+04  3641s
  46   1.11285764e+12  1.04936572e+11  1.59e+05 1.35e+02  5.61e+04  3715s
  47   1.06422959e+12  1.28280741e+11  1.41e+05 1.30e+02  5.21e+04  3787s
  48   1.05574894e+12  1.72052016e+11  1.38e+05 1.19e+02  4.92e+04  3842s
  49   1.00854931e+12  2.35997015e+11  1.21e+05 1.03e+02  4.30e+04  3901s
  50   9.79070324e+11  2.82376005e+11  1.11e+05 9.13e+01  3.88e+04  3954s
  51   9.28168124e+11  3.52453191e+11  9.32e+04 7.37e+01  3.20e+04  4023s
  52   8.82589604e+11  3.82757178e+11  7.74e+04 6.61e+01  2.78e+04  4094s
  53   8.69173848e+11  4.03863744e+11  7.29e+04 6.10e+01  2.59e+04  4164s
  54   8.40161348e+11  4.19369775e+11  6.30e+04 5.71e+01  2.34e+04  4233s
  55   8.22962225e+11  4.42440317e+11  5.71e+04 5.16e+01  2.12e+04  4301s
  56   8.14978525e+11  4.59928414e+11  5.43e+04 4.73e+01  1.97e+04  4369s
  57   7.97285759e+11  4.77634246e+11  4.81e+04 4.30e+01  1.78e+04  4438s
  58   7.79040086e+11  4.91633809e+11  4.17e+04 3.96e+01  1.60e+04  4507s
  59   7.75720475e+11  4.96769047e+11  4.06e+04 3.84e+01  1.55e+04  4559s
  60   7.64349446e+11  5.09458593e+11  3.66e+04 3.53e+01  1.42e+04  4629s
  61   7.57339291e+11  5.24103325e+11  3.42e+04 3.18e+01  1.30e+04  4699s
  62   7.51161570e+11  5.47126580e+11  3.20e+04 2.63e+01  1.13e+04  4768s
  63   7.39763702e+11  5.57299235e+11  2.82e+04 2.38e+01  1.01e+04  4839s
  64   7.31177807e+11  5.70329956e+11  2.52e+04 2.06e+01  8.93e+03  4908s
  65   7.22110310e+11  5.77774427e+11  2.21e+04 1.88e+01  8.02e+03  4979s
  66   7.19821972e+11  5.82100319e+11  2.13e+04 1.77e+01  7.65e+03  5041s
  67   7.11551785e+11  5.85598971e+11  1.85e+04 1.69e+01  6.99e+03  5113s
  68   7.09419397e+11  5.89808574e+11  1.77e+04 1.58e+01  6.64e+03  5183s
  69   7.05674529e+11  6.00343801e+11  1.64e+04 1.33e+01  5.85e+03  5254s
  70   7.01969945e+11  6.03342902e+11  1.52e+04 1.26e+01  5.48e+03  5323s
  71   7.01363422e+11  6.04146781e+11  1.50e+04 1.24e+01  5.40e+03  5375s
  72   6.97826295e+11  6.09096251e+11  1.38e+04 1.12e+01  4.93e+03  5441s
  73   6.96186771e+11  6.11523281e+11  1.32e+04 1.06e+01  4.70e+03  5499s
  74   6.93156950e+11  6.14663506e+11  1.22e+04 9.84e+00  4.36e+03  5557s
  75   6.91093978e+11  6.17803360e+11  1.15e+04 9.08e+00  4.07e+03  5623s
  76   6.88260131e+11  6.19312384e+11  1.06e+04 8.71e+00  3.83e+03  5689s
  77   6.87399367e+11  6.19909435e+11  1.03e+04 8.56e+00  3.75e+03  5739s
  78   6.86021548e+11  6.20609803e+11  9.83e+03 8.40e+00  3.63e+03  5789s
  79   6.85189468e+11  6.21605713e+11  9.55e+03 8.15e+00  3.53e+03  5855s
  80   6.84232084e+11  6.22029857e+11  9.21e+03 8.05e+00  3.45e+03  5905s
  81   6.82466485e+11  6.25368047e+11  8.62e+03 7.24e+00  3.17e+03  5971s
  82   6.81186694e+11  6.27345772e+11  8.19e+03 6.77e+00  2.99e+03  6037s
  83   6.79949560e+11  6.28369633e+11  7.78e+03 6.52e+00  2.86e+03  6102s
  84   6.78653347e+11  6.29997102e+11  7.34e+03 6.12e+00  2.70e+03  6168s
  85   6.77863287e+11  6.31342282e+11  7.07e+03 5.79e+00  2.58e+03  6234s
  86   6.76765632e+11  6.33497712e+11  6.70e+03 5.26e+00  2.40e+03  6299s
  87   6.76176129e+11  6.34354530e+11  6.50e+03 5.05e+00  2.32e+03  6366s
  88   6.75201604e+11  6.35774531e+11  6.17e+03 4.70e+00  2.19e+03  6432s
  89   6.73765983e+11  6.37115309e+11  5.69e+03 4.36e+00  2.03e+03  6500s
  90   6.73336720e+11  6.38708254e+11  5.54e+03 3.95e+00  1.92e+03  6569s
  91   6.72318515e+11  6.39382760e+11  5.20e+03 3.78e+00  1.83e+03  6629s
  92   6.71804573e+11  6.40242863e+11  5.03e+03 3.56e+00  1.75e+03  6698s
  93   6.70874869e+11  6.41103582e+11  4.71e+03 3.33e+00  1.65e+03  6766s
  94   6.70384732e+11  6.41504591e+11  4.55e+03 3.22e+00  1.60e+03  6826s
  95   6.70031273e+11  6.41807126e+11  4.43e+03 3.14e+00  1.57e+03  6887s
  96   6.69697895e+11  6.42093644e+11  4.32e+03 3.06e+00  1.53e+03  6947s
  97   6.69463843e+11  6.42254243e+11  4.24e+03 3.02e+00  1.51e+03  7008s
  98   6.69185102e+11  6.42521298e+11  4.14e+03 2.94e+00  1.48e+03  7068s
  99   6.68852031e+11  6.43043456e+11  4.03e+03 2.80e+00  1.43e+03  7137s
 100   6.68190732e+11  6.43790993e+11  3.80e+03 2.59e+00  1.35e+03  7205s
 101   6.68028321e+11  6.43909818e+11  3.75e+03 2.56e+00  1.34e+03  7266s
 102   6.67530340e+11  6.44425751e+11  3.57e+03 2.42e+00  1.28e+03  7333s
 103   6.67351595e+11  6.44593370e+11  3.51e+03 2.37e+00  1.26e+03  7385s
 104   6.67060060e+11  6.45063493e+11  3.41e+03 2.23e+00  1.22e+03  7453s
 105   6.66649945e+11  6.45465532e+11  3.27e+03 2.12e+00  1.18e+03  7521s
 106   6.66438879e+11  6.45613266e+11  3.20e+03 2.07e+00  1.16e+03  7574s
 107   6.66089785e+11  6.45908730e+11  3.08e+03 1.98e+00  1.12e+03  7642s
 108   6.65799925e+11  6.46556607e+11  2.98e+03 1.79e+00  1.07e+03  7710s
 109   6.65445600e+11  6.46927456e+11  2.86e+03 1.68e+00  1.03e+03  7779s
 110   6.65170586e+11  6.47192784e+11  2.76e+03 1.59e+00  9.98e+02  7847s
 111   6.64795939e+11  6.47643653e+11  2.63e+03 1.45e+00  9.52e+02  7915s
 112   6.64540523e+11  6.47911561e+11  2.54e+03 1.37e+00  9.23e+02  7976s
 113   6.64349748e+11  6.48111138e+11  2.48e+03 1.30e+00  9.01e+02  8044s
 114   6.64153458e+11  6.48402661e+11  2.41e+03 1.21e+00  8.74e+02  8104s
 115   6.63967488e+11  6.48600529e+11  2.34e+03 1.14e+00  8.53e+02  8164s
 116   6.63731573e+11  6.48912051e+11  2.26e+03 1.02e+00  8.23e+02  8233s
 117   6.63452794e+11  6.49215479e+11  2.16e+03 8.94e-01  7.90e+02  8301s
 118   6.63167943e+11  6.49665295e+11  2.06e+03 6.91e-01  7.49e+02  8369s
 119   6.62956266e+11  6.49942170e+11  1.99e+03 5.37e-01  7.22e+02  8437s
 120   6.62689870e+11  6.50221342e+11  1.89e+03 3.11e-01  6.92e+02  8505s
 121   6.62500065e+11  6.50430816e+11  1.83e+03 1.21e-01  6.70e+02  8566s
 122   6.62388511e+11  6.50571568e+11  1.79e+03 2.52e-02  6.56e+02  8626s
 123   6.62180574e+11  6.50770111e+11  1.71e+03 2.44e-02  6.33e+02  8694s
 124   6.61962892e+11  6.50954344e+11  1.64e+03 2.38e-02  6.11e+02  8755s
 125   6.61726284e+11  6.51280455e+11  1.55e+03 2.25e-02  5.80e+02  8823s
 126   6.61547513e+11  6.51577509e+11  1.49e+03 2.14e-02  5.53e+02  8891s
 127   6.61422083e+11  6.51746065e+11  1.45e+03 2.08e-02  5.37e+02  8944s
 128   6.61217124e+11  6.51967196e+11  1.37e+03 2.00e-02  5.13e+02  9012s
 129   6.61047847e+11  6.52328981e+11  1.31e+03 1.86e-02  4.84e+02  9072s
 130   6.60898179e+11  6.52621412e+11  1.26e+03 1.76e-02  4.59e+02  9140s
 131   6.60740258e+11  6.52790347e+11  1.21e+03 1.69e-02  4.41e+02  9209s
 132   6.60575966e+11  6.53042290e+11  1.15e+03 1.60e-02  4.18e+02  9277s
 133   6.60433213e+11  6.53185681e+11  1.10e+03 1.54e-02  4.02e+02  9345s
 134   6.60287882e+11  6.53513351e+11  1.05e+03 1.42e-02  3.76e+02  9413s
 135   6.60173621e+11  6.53647206e+11  1.01e+03 1.37e-02  3.62e+02  9481s
 136   6.60009961e+11  6.53789743e+11  9.49e+02 1.32e-02  3.45e+02  9541s
 137   6.59864324e+11  6.53957360e+11  8.98e+02 1.26e-02  3.28e+02  9610s
 138   6.59701459e+11  6.54113916e+11  8.41e+02 1.20e-02  3.10e+02  9678s
 139   6.59617120e+11  6.54280303e+11  8.11e+02 1.14e-02  2.96e+02  9746s
 140   6.59500569e+11  6.54409252e+11  7.70e+02 1.09e-02  2.83e+02  9814s
 141   6.59368518e+11  6.54576970e+11  7.24e+02 1.03e-02  2.66e+02  9882s
 142   6.59265706e+11  6.54724621e+11  6.88e+02 9.71e-03  2.52e+02  9950s
 143   6.59146643e+11  6.54861714e+11  6.46e+02 9.19e-03  2.38e+02  10018s
 144   6.59087032e+11  6.55052893e+11  6.26e+02 8.47e-03  2.24e+02  10086s
 145   6.58955380e+11  6.55149577e+11  5.80e+02 8.10e-03  2.11e+02  10146s
 146   6.58859049e+11  6.55315905e+11  5.46e+02 7.47e-03  1.97e+02  10214s
 147   6.58806405e+11  6.55389995e+11  5.28e+02 7.19e-03  1.90e+02  10282s
 148   6.58739139e+11  6.55448614e+11  5.05e+02 6.97e-03  1.83e+02  10335s
 149   6.58687948e+11  6.55525206e+11  4.87e+02 6.68e-03  1.76e+02  10404s
 150   6.58653283e+11  6.55562907e+11  4.75e+02 6.53e-03  1.72e+02  10456s
 151   6.58597265e+11  6.55687722e+11  4.56e+02 6.05e-03  1.61e+02  10525s
 152   6.58547578e+11  6.55780881e+11  4.38e+02 5.69e-03  1.54e+02  10593s
 153   6.58459804e+11  6.55859936e+11  4.09e+02 5.39e-03  1.44e+02  10652s
 154   6.58381256e+11  6.55914070e+11  3.82e+02 5.18e-03  1.37e+02  10721s
 155   6.58322486e+11  6.55974998e+11  3.62e+02 4.95e-03  1.30e+02  10788s
 156   6.58267609e+11  6.56043257e+11  3.43e+02 4.69e-03  1.23e+02  10856s
 157   6.58232629e+11  6.56089526e+11  3.31e+02 4.51e-03  1.19e+02  10925s
 158   6.58216928e+11  6.56153056e+11  3.26e+02 4.27e-03  1.15e+02  10993s
 159   6.58164937e+11  6.56213005e+11  3.08e+02 4.03e-03  1.08e+02  11061s
 160   6.58122822e+11  6.56260840e+11  2.94e+02 3.85e-03  1.03e+02  11129s
 161   6.58099605e+11  6.56288741e+11  2.86e+02 3.74e-03  1.00e+02  11197s
 162   6.58056876e+11  6.56338011e+11  2.72e+02 3.55e-03  9.54e+01  11265s
 163   6.58026566e+11  6.56428758e+11  2.61e+02 3.20e-03  8.87e+01  11333s
 164   6.57980481e+11  6.56493010e+11  2.46e+02 2.95e-03  8.25e+01  11400s
 165   6.57926451e+11  6.56533632e+11  2.27e+02 2.79e-03  7.73e+01  11468s
 166   6.57910370e+11  6.56551815e+11  2.22e+02 2.72e-03  7.54e+01  11529s
 167   6.57878444e+11  6.56615489e+11  2.11e+02 2.47e-03  7.01e+01  11597s
 168   6.57856120e+11  6.56633672e+11  2.03e+02 2.40e-03  6.78e+01  11657s
 169   6.57822427e+11  6.56673540e+11  1.92e+02 2.25e-03  6.38e+01  11725s
 170   6.57802748e+11  6.56731693e+11  1.85e+02 2.02e-03  5.94e+01  11793s
 171   6.57759662e+11  6.56765730e+11  1.71e+02 1.89e-03  5.52e+01  11861s
 172   6.57743784e+11  6.56774516e+11  1.65e+02 1.85e-03  5.38e+01  11913s
 173   6.57712811e+11  6.56781213e+11  1.55e+02 1.82e-03  5.17e+01  11973s
 174   6.57679570e+11  6.56807692e+11  1.44e+02 1.72e-03  4.84e+01  12041s
 175   6.57662655e+11  6.56838630e+11  1.38e+02 1.60e-03  4.57e+01  12108s
 176   6.57633581e+11  6.56855277e+11  1.28e+02 1.54e-03  4.32e+01  12175s
 177   6.57623618e+11  6.56860998e+11  1.25e+02 1.52e-03  4.23e+01  12228s
 178   6.57613141e+11  6.56874717e+11  1.21e+02 1.46e-03  4.10e+01  12276s
 179   6.57595597e+11  6.56902391e+11  1.16e+02 1.35e-03  3.85e+01  12342s
 180   6.57576321e+11  6.56912061e+11  1.09e+02 1.32e-03  3.69e+01  12401s
 181   6.57565404e+11  6.56929005e+11  1.05e+02 1.25e-03  3.53e+01  12461s
 182   6.57548219e+11  6.56940901e+11  9.94e+01 1.21e-03  3.37e+01  12528s
 183   6.57529328e+11  6.56946733e+11  9.30e+01 1.18e-03  3.23e+01  12596s
 184   6.57509527e+11  6.56955012e+11  8.63e+01 1.15e-03  3.08e+01  12663s
 185   6.57498074e+11  6.56989636e+11  8.23e+01 1.02e-03  2.82e+01  12730s
 186   6.57490238e+11  6.56998870e+11  7.97e+01 9.81e-04  2.73e+01  12797s
 187   6.57477249e+11  6.57004286e+11  7.54e+01 9.60e-04  2.62e+01  12850s
 188   6.57474510e+11  6.57005561e+11  7.44e+01 9.55e-04  2.60e+01  12910s
 189   6.57463728e+11  6.57034083e+11  7.07e+01 8.44e-04  2.38e+01  12977s
 190   6.57449855e+11  6.57047327e+11  6.61e+01 7.93e-04  2.23e+01  13045s
 191   6.57442352e+11  6.57050441e+11  6.35e+01 7.81e-04  2.17e+01  13104s
 192   6.57435811e+11  6.57055756e+11  6.13e+01 7.61e-04  2.11e+01  13164s
 193   6.57424956e+11  6.57068413e+11  5.77e+01 7.12e-04  1.98e+01  13231s
 194   6.57412297e+11  6.57079120e+11  5.34e+01 6.69e-04  1.85e+01  13298s
 195   6.57398518e+11  6.57091782e+11  4.88e+01 6.18e-04  1.70e+01  13365s
 196   6.57391713e+11  6.57098760e+11  4.65e+01 5.91e-04  1.63e+01  13432s
 197   6.57387895e+11  6.57108183e+11  4.52e+01 5.55e-04  1.55e+01  13500s
 198   6.57378121e+11  6.57114440e+11  4.19e+01 5.31e-04  1.46e+01  13567s
 199   6.57374983e+11  6.57120747e+11  4.09e+01 5.07e-04  1.41e+01  13634s
 200   6.57369725e+11  6.57129639e+11  3.91e+01 4.73e-04  1.33e+01  13702s
 201   6.57360842e+11  6.57137596e+11  3.62e+01 4.42e-04  1.24e+01  13769s
 202   6.57356092e+11  6.57141388e+11  3.46e+01 4.27e-04  1.19e+01  13836s
 203   6.57352013e+11  6.57144272e+11  3.32e+01 4.16e-04  1.15e+01  13903s
 204   6.57347277e+11  6.57155846e+11  3.16e+01 3.71e-04  1.06e+01  13970s
 205   6.57342402e+11  6.57162204e+11  3.00e+01 3.47e-04  1.00e+01  14037s
 206   6.57337909e+11  6.57165979e+11  2.85e+01 3.32e-04  9.54e+00  14103s
 207   6.57334230e+11  6.57166971e+11  2.73e+01 3.28e-04  9.28e+00  14171s
 208   6.57327653e+11  6.57173537e+11  2.51e+01 3.03e-04  8.55e+00  14230s
 209   6.57324663e+11  6.57177262e+11  2.41e+01 2.88e-04  8.18e+00  14289s
 210   6.57321323e+11  6.57183597e+11  2.30e+01 2.64e-04  7.64e+00  14356s
 211   6.57319466e+11  6.57185812e+11  2.24e+01 2.55e-04  7.42e+00  14423s
 212   6.57314033e+11  6.57189408e+11  2.06e+01 2.41e-04  6.91e+00  14489s
 213   6.57310256e+11  6.57193558e+11  1.94e+01 2.25e-04  6.48e+00  14549s
 214   6.57305423e+11  6.57197417e+11  1.78e+01 2.10e-04  5.99e+00  14615s
 215   6.57301940e+11  6.57201728e+11  1.66e+01 1.93e-04  5.56e+00  14682s
 216   6.57300705e+11  6.57202580e+11  1.62e+01 1.90e-04  5.44e+00  14734s
 217   6.57298100e+11  6.57206939e+11  1.53e+01 1.73e-04  5.06e+00  14801s
 218   6.57295407e+11  6.57212640e+11  1.44e+01 1.51e-04  4.59e+00  14868s
 219   6.57292999e+11  6.57216696e+11  1.36e+01 1.35e-04  4.23e+00  14935s
 220   6.57287715e+11  6.57218780e+11  1.19e+01 1.26e-04  3.82e+00  15002s
 221   6.57285015e+11  6.57221273e+11  1.10e+01 1.17e-04  3.54e+00  15061s
 222   6.57282176e+11  6.57223603e+11  1.01e+01 1.07e-04  3.25e+00  15129s
 223   6.57279898e+11  6.57228251e+11  9.31e+00 8.93e-05  2.87e+00  15196s
 224   6.57277129e+11  6.57231123e+11  8.40e+00 7.76e-05  2.55e+00  15263s
 225   6.57273593e+11  6.57232015e+11  7.25e+00 7.41e-05  2.31e+00  15330s
 226   6.57271306e+11  6.57233859e+11  6.50e+00 6.67e-05  2.08e+00  15398s
 227   6.57269183e+11  6.57235982e+11  5.80e+00 5.82e-05  1.84e+00  15465s
 228   6.57267736e+11  6.57237730e+11  5.33e+00 5.15e-05  1.67e+00  15532s
 229   6.57266664e+11  6.57239405e+11  4.98e+00 4.50e-05  1.51e+00  15598s
 230   6.57264076e+11  6.57240249e+11  4.16e+00 4.16e-05  1.32e+00  15664s
 231   6.57263195e+11  6.57241283e+11  3.88e+00 3.76e-05  1.22e+00  15732s
 232   6.57262565e+11  6.57242142e+11  3.67e+00 3.42e-05  1.13e+00  15790s
 233   6.57261481e+11  6.57242494e+11  3.32e+00 3.28e-05  1.05e+00  15858s
 234   6.57260510e+11  6.57243692e+11  3.01e+00 2.82e-05  9.33e-01  15933s
 235   6.57259491e+11  6.57244587e+11  2.68e+00 2.48e-05  8.27e-01  16007s
 236   6.57258797e+11  6.57245054e+11  2.46e+00 2.29e-05  7.63e-01  16075s
 237   6.57257810e+11  6.57245603e+11  2.14e+00 2.08e-05  6.77e-01  16142s
 238   6.57257302e+11  6.57246033e+11  1.98e+00 1.91e-05  6.25e-01  16203s
 239   6.57256730e+11  6.57246655e+11  1.79e+00 1.68e-05  5.59e-01  16270s
 240   6.57256253e+11  6.57247050e+11  1.64e+00 1.52e-05  5.11e-01  16336s
 241   6.57255674e+11  6.57247432e+11  1.46e+00 1.38e-05  4.57e-01  16404s
 242   6.57255436e+11  6.57247860e+11  1.38e+00 1.21e-05  4.20e-01  16464s

Barrier solved model in 242 iterations and 16463.87 seconds (2858.08 work units)
Optimal objective 6.57255436e+11

