MEM 994.503906 1771929028.3416
MEM 995.062500 1771929028.3906
MEM 7278.347656 1771929058.4771
MEM 7354.273438 1771929088.5645
MEM 7250.144531 1771929118.6505
MEM 7055.406250 1771929148.7335
MEM 7064.210938 1771929178.8154
MEM 8978.058594 1771929208.8899
MEM 10933.726562 1771929238.9393
MEM 18602.773438 1771929269.0182
MEM 13213.457031 1771929299.1009
MEM 13760.871094 1771929329.1805
MEM 37198.746094 1771929359.3597
MEM 43756.921875 1771929389.5856
MEM 51731.472656 1771929419.8017
MEM 59228.589844 1771929449.9902
MEM 68504.644531 1771929480.0834
MEM 46664.019531 1771929510.2376
MEM 48840.523438 1771929540.4316
MEM 49300.878906 1771929570.6423
MEM 50737.355469 1771929600.8570
MEM 48329.433594 1771929631.0530
MEM 48497.597656 1771929661.2079
MEM 48646.414062 1771929691.4222
MEM 48409.253906 1771929721.6275
MEM 48374.628906 1771929751.8181
MEM 48461.601562 1771929782.0228
MEM 48367.441406 1771929812.2090
MEM 48367.441406 1771929842.4095
MEM 48267.085938 1771929872.5823
MEM 48211.375000 1771929902.7752
MEM 47988.289062 1771929932.9618
MEM 47751.488281 1771929963.1777
MEM 48091.656250 1771929993.3580
MEM 57805.167969 1771930023.5354
MEM 63763.843750 1771930053.6907
MEM 63955.398438 1771930083.9075
MEM 64007.734375 1771930114.0843
MEM 64343.664062 1771930144.2843
MEM 65147.523438 1771930174.5044
MEM 65664.234375 1771930204.6752
MEM 60059.980469 1771930234.9195
MEM 61744.636719 1771930265.2040
MEM 41913.882812 1771930295.3897
MEM 40203.296875 1771930325.5978
MEM 43545.378906 1771930355.9213
MEM 44620.773438 1771930386.1151
MEM 44632.687500 1771930416.2135
MEM 44634.062500 1771930446.3879
MEM 44634.320312 1771930476.5277
MEM 44635.898438 1771930506.7186
MEM 44636.894531 1771930536.8903
MEM 44636.894531 1771930567.1807
MEM 44638.230469 1771930597.3358
MEM 44638.230469 1771930627.5150
MEM 44639.156250 1771930657.7381
MEM 44639.156250 1771930687.8841
MEM 44639.957031 1771930718.0721
MEM 44640.855469 1771930748.2812
MEM 44642.359375 1771930778.4875
MEM 44643.132812 1771930808.6914
MEM 44643.390625 1771930838.8874
MEM 44643.390625 1771930868.9841
MEM 44677.812500 1771930899.1838
MEM 44678.843750 1771930929.3532
MEM 44679.351562 1771930959.5277
MEM 44679.609375 1771930989.7525
MEM 44680.109375 1771931019.9804
MEM 44681.175781 1771931050.1515
MEM 44681.175781 1771931080.3591
MEM 44682.207031 1771931110.5719
MEM 44682.441406 1771931140.7945
MEM 44682.933594 1771931171.0148
MEM 44683.402344 1771931201.2474
MEM 44683.402344 1771931231.4609
MEM 44684.167969 1771931261.6541
MEM 44684.167969 1771931291.8443
MEM 44684.683594 1771931322.0703
MEM 44685.714844 1771931352.2514
MEM 44685.714844 1771931382.4839
MEM 44685.972656 1771931412.6622
MEM 44685.972656 1771931442.8564
MEM 44685.972656 1771931473.0800
MEM 44685.972656 1771931503.2933
MEM 44685.972656 1771931533.4341
MEM 44686.230469 1771931563.6467
MEM 44686.230469 1771931593.8758
MEM 44687.003906 1771931624.1189
MEM 44687.003906 1771931654.3364
MEM 44687.003906 1771931684.4799
MEM 44687.003906 1771931714.6116
MEM 44687.519531 1771931744.7873
MEM 44687.519531 1771931774.9736
MEM 44687.519531 1771931805.0398
MEM 44688.035156 1771931835.2188
MEM 44688.035156 1771931865.4144
MEM 44688.035156 1771931895.6239
MEM 44688.035156 1771931925.8706
MEM 44688.035156 1771931956.1300
MEM 44686.058594 1771931986.3422
MEM 44687.527344 1771932016.5224
MEM 44687.527344 1771932046.7420
MEM 44688.316406 1771932076.9552
MEM 44688.316406 1771932107.1551
MEM 44688.617188 1771932137.3736
MEM 44688.617188 1771932167.5939
MEM 44688.843750 1771932197.8452
MEM 44688.843750 1771932228.1480
MEM 44689.070312 1771932258.3032
MEM 44689.070312 1771932288.6108
MEM 44689.070312 1771932318.7029
MEM 44689.820312 1771932348.8996
MEM 44689.820312 1771932379.0952
MEM 44690.414062 1771932409.3124
MEM 44690.414062 1771932439.5236
MEM 44692.031250 1771932469.7491
MEM 44692.031250 1771932499.9840
MEM 44692.031250 1771932530.1679
MEM 44692.546875 1771932560.4143
MEM 44692.546875 1771932590.6231
MEM 44692.546875 1771932620.8268
MEM 44692.546875 1771932651.1582
MEM 44692.546875 1771932681.4257
MEM 44692.546875 1771932711.6518
MEM 44692.804688 1771932741.9586
MEM 44693.062500 1771932772.1829
MEM 44693.062500 1771932802.3628
MEM 44693.281250 1771932832.5956
MEM 44693.281250 1771932862.8303
MEM 44693.281250 1771932893.1056
MEM 44693.281250 1771932923.1935
MEM 44693.281250 1771932953.3909
MEM 44693.281250 1771932983.6195
MEM 44693.281250 1771933013.8400
MEM 44693.539062 1771933044.0475
MEM 44693.539062 1771933074.2073
MEM 44689.671875 1771933104.3904
MEM 44691.132812 1771933134.5053
MEM 44692.136719 1771933164.7265
MEM 44692.136719 1771933194.8251
MEM 44692.359375 1771933225.0324
MEM 44692.359375 1771933255.2899
MEM 44692.566406 1771933285.5547
MEM 44692.566406 1771933315.7255
MEM 44692.566406 1771933345.9242
MEM 44692.566406 1771933376.1313
MEM 44692.566406 1771933406.5759
MEM 44692.566406 1771933436.8508
MEM 44692.566406 1771933467.1088
MEM 44692.937500 1771933497.2710
MEM 44692.937500 1771933527.5061
MEM 44693.238281 1771933557.6997
MEM 44693.238281 1771933587.7689
MEM 44693.496094 1771933618.0051
MEM 44693.496094 1771933648.1939
MEM 44693.496094 1771933678.3750
MEM 44693.496094 1771933708.5592
MEM 44693.496094 1771933738.7558
MEM 44693.496094 1771933768.9404
MEM 44693.496094 1771933799.1600
MEM 44693.867188 1771933829.3225
MEM 44693.867188 1771933859.5597
MEM 44693.867188 1771933889.7581
MEM 44693.867188 1771933919.9628
MEM 44694.410156 1771933950.2004
MEM 44694.410156 1771933980.4182
MEM 44694.667969 1771934010.7978
MEM 44694.667969 1771934041.0366
MEM 44694.667969 1771934071.2327
MEM 44694.667969 1771934101.4333
MEM 44694.667969 1771934131.6501
MEM 44694.667969 1771934161.8544
MEM 44694.667969 1771934192.0570
MEM 44694.906250 1771934222.3725
MEM 44695.074219 1771934252.6059
MEM 44695.074219 1771934282.6935
MEM 44695.074219 1771934312.8438
MEM 44695.074219 1771934343.0152
MEM 44695.074219 1771934373.2241
MEM 44695.074219 1771934403.4329
MEM 44695.332031 1771934433.7324
MEM 44695.332031 1771934463.8099
MEM 44695.332031 1771934494.0294
MEM 44695.332031 1771934524.2111
MEM 44695.332031 1771934554.3998
MEM 44695.550781 1771934584.5313
MEM 44695.550781 1771934614.7169
MEM 44695.808594 1771934644.9464
MEM 44695.808594 1771934675.1471
MEM 44695.808594 1771934705.3064
MEM 44695.808594 1771934735.4922
MEM 44695.808594 1771934765.6527
MEM 44695.808594 1771934795.8421
MEM 44695.808594 1771934826.0035
MEM 44695.808594 1771934856.2218
MEM 44695.808594 1771934886.3632
MEM 44695.808594 1771934916.5801
MEM 44696.066406 1771934946.7439
MEM 44696.066406 1771934976.9295
MEM 44696.066406 1771935007.0910
MEM 44696.515625 1771935037.2863
MEM 44696.515625 1771935067.4856
MEM 44696.914062 1771935097.7770
MEM 44696.914062 1771935127.9614
MEM 44696.914062 1771935158.0873
MEM 44696.914062 1771935188.2519
MEM 44696.914062 1771935218.4581
MEM 44696.914062 1771935248.6386
MEM 44697.214844 1771935278.8865
MEM 44697.214844 1771935309.0640
MEM 44697.214844 1771935339.2104
MEM 44697.214844 1771935369.4184
MEM 44697.214844 1771935399.5956
MEM 44697.214844 1771935429.7920
MEM 44697.214844 1771935459.8653
MEM 44697.730469 1771935490.0339
MEM 44697.730469 1771935520.2118
MEM 44697.730469 1771935550.4000
MEM 44697.730469 1771935580.6076
MEM 44697.730469 1771935610.7953
MEM 44697.730469 1771935641.0358
MEM 44697.730469 1771935671.2198
MEM 44698.101562 1771935701.4069
MEM 44698.101562 1771935731.6079
MEM 44698.101562 1771935761.7757
MEM 44698.101562 1771935792.0079
MEM 44698.359375 1771935822.1917
MEM 44698.359375 1771935852.3763
MEM 44698.359375 1771935882.5542
MEM 44698.359375 1771935912.7556
MEM 44698.359375 1771935942.9454
MEM 44698.359375 1771935973.1342
MEM 44698.359375 1771936003.3544
MEM 44698.359375 1771936033.5391
MEM 44698.359375 1771936063.6960
MEM 44698.359375 1771936093.8555
MEM 44698.359375 1771936124.0464
MEM 44698.617188 1771936154.2450
MEM 44698.617188 1771936184.4377
MEM 44698.617188 1771936214.6127
MEM 44700.382812 1771936244.7898
MEM 44700.382812 1771936274.9711
MEM 44700.382812 1771936305.1829
MEM 44700.382812 1771936335.3466
MEM 44700.382812 1771936365.5524
MEM 44700.382812 1771936395.7582
MEM 44700.382812 1771936425.9592
MEM 44700.574219 1771936456.0752
MEM 44700.574219 1771936486.2673
MEM 44700.574219 1771936516.4741
MEM 44700.574219 1771936546.6320
MEM 44700.574219 1771936576.8037
MEM 44700.574219 1771936606.9951
MEM 44700.832031 1771936637.1593
MEM 44700.832031 1771936667.3509
MEM 44700.832031 1771936697.5076
MEM 44700.832031 1771936727.6987
MEM 44700.832031 1771936757.8695
MEM 44701.062500 1771936788.0358
MEM 44701.062500 1771936818.2242
MEM 44701.062500 1771936848.3871
MEM 44702.863281 1771936878.5859
MEM 44702.863281 1771936908.7576
MEM 44702.863281 1771936938.9350
MEM 44703.121094 1771936969.1039
MEM 44703.121094 1771936999.2853
MEM 44703.378906 1771937029.4431
MEM 44703.378906 1771937059.6440
MEM 44703.636719 1771937089.9384
MEM 44703.636719 1771937120.1133
MEM 44703.636719 1771937150.2751
MEM 44703.894531 1771937180.4485
MEM 44703.894531 1771937210.6513
MEM 44703.894531 1771937240.8187
MEM 44703.894531 1771937271.0228
MEM 44703.894531 1771937301.2308
MEM 44703.894531 1771937331.4538
MEM 44703.894531 1771937361.6581
MEM 44703.894531 1771937391.8459
MEM 44703.894531 1771937422.0112
MEM 44703.894531 1771937452.2280
MEM 44703.894531 1771937482.4077
MEM 44703.894531 1771937512.5761
MEM 44703.894531 1771937542.6507
MEM 44704.152344 1771937572.7904
MEM 44704.152344 1771937602.9671
MEM 44704.152344 1771937633.1719
MEM 44704.152344 1771937663.4421
MEM 44704.152344 1771937693.6467
MEM 44704.152344 1771937723.8261
MEM 44704.152344 1771937753.9838
MEM 44704.152344 1771937784.1623
MEM 44704.152344 1771937814.3524
MEM 44704.152344 1771937844.5239
MEM 44704.410156 1771937874.6797
MEM 44704.410156 1771937904.8700
MEM 44704.410156 1771937934.9407
MEM 44704.410156 1771937965.1324
MEM 44704.410156 1771937995.3452
MEM 44704.410156 1771938025.5200
MEM 44704.410156 1771938055.7136
MEM 44704.410156 1771938085.9219
MEM 44704.410156 1771938115.9811
MEM 44704.562500 1771938146.1541
MEM 44704.562500 1771938176.3607
MEM 44704.562500 1771938206.5392
MEM 44704.562500 1771938236.7204
MEM 44704.562500 1771938266.9227
MEM 44704.562500 1771938297.0547
MEM 44705.027344 1771938327.2091
MEM 44705.027344 1771938357.3749
MEM 44705.027344 1771938387.5271
MEM 44705.027344 1771938417.6799
MEM 44705.027344 1771938447.8646
MEM 44705.027344 1771938478.0374
MEM 44705.027344 1771938508.2079
MEM 44705.027344 1771938538.3854
MEM 44705.027344 1771938568.5996
MEM 44705.027344 1771938598.7599
MEM 44705.027344 1771938628.9539
MEM 44705.027344 1771938659.1403
MEM 44705.027344 1771938689.3267
MEM 44705.027344 1771938719.4837
MEM 44705.027344 1771938749.6613
MEM 44705.027344 1771938779.8414
MEM 44705.027344 1771938810.0233
MEM 44705.027344 1771938840.2113
MEM 44705.027344 1771938870.3743
MEM 44705.027344 1771938900.5735
MEM 44705.027344 1771938930.7420
MEM 44705.027344 1771938960.9157
MEM 44705.027344 1771938991.0669
MEM 44705.027344 1771939021.2496
MEM 44705.027344 1771939051.4032
MEM 44705.027344 1771939081.5561
MEM 44705.027344 1771939111.7552
MEM 44705.027344 1771939141.9503
MEM 44705.027344 1771939172.1425
MEM 44705.027344 1771939202.3311
MEM 44705.027344 1771939232.4912
MEM 44705.285156 1771939262.6768
MEM 44705.285156 1771939292.8409
MEM 44705.285156 1771939323.0112
MEM 44705.285156 1771939353.1995
MEM 44705.285156 1771939383.4093
MEM 44705.285156 1771939413.5986
MEM 44705.285156 1771939443.8096
MEM 44705.285156 1771939473.9903
MEM 44705.285156 1771939504.1439
MEM 44705.285156 1771939534.3195
MEM 44705.285156 1771939564.4680
MEM 44705.285156 1771939594.6930
MEM 44705.285156 1771939624.9087
MEM 44705.285156 1771939655.0622
MEM 44705.285156 1771939685.2470
MEM 44705.285156 1771939715.4360
MEM 44705.285156 1771939745.6377
MEM 44705.285156 1771939775.8341
MEM 44705.285156 1771939806.0379
MEM 44705.285156 1771939836.2316
MEM 44705.285156 1771939866.4380
MEM 44705.285156 1771939896.5920
MEM 44705.285156 1771939926.8078
MEM 44705.285156 1771939957.0050
MEM 44705.285156 1771939987.1960
MEM 44705.285156 1771940017.3925
MEM 44705.285156 1771940047.6077
MEM 44705.285156 1771940077.8056
MEM 44705.285156 1771940107.9477
MEM 44705.285156 1771940138.1289
MEM 44705.285156 1771940168.3182
MEM 44705.285156 1771940198.5336
MEM 44705.285156 1771940228.7317
MEM 44705.285156 1771940258.9337
MEM 44705.285156 1771940289.0839
MEM 44705.285156 1771940319.2976
MEM 44705.285156 1771940349.4592
MEM 44705.285156 1771940379.6074
MEM 44705.285156 1771940409.8105
MEM 44705.542969 1771940440.0028
MEM 44705.542969 1771940470.1783
MEM 44705.542969 1771940500.3515
MEM 44705.800781 1771940530.5317
MEM 44705.800781 1771940560.6859
MEM 44705.800781 1771940590.8959
MEM 44705.800781 1771940621.1057
MEM 44705.800781 1771940651.2180
MEM 44705.800781 1771940681.3983
MEM 44705.800781 1771940711.6604
MEM 44705.800781 1771940741.8357
MEM 44705.800781 1771940772.0617
MEM 44705.800781 1771940802.2238
MEM 44705.800781 1771940832.4598
MEM 44705.800781 1771940862.5902
MEM 44705.800781 1771940892.7455
MEM 44706.058594 1771940922.9251
MEM 44706.058594 1771940953.0819
MEM 44706.058594 1771940983.2727
MEM 44706.058594 1771941013.4423
MEM 44706.058594 1771941043.6247
MEM 44706.058594 1771941073.8022
MEM 44706.058594 1771941104.1001
MEM 44706.058594 1771941134.3335
MEM 44706.058594 1771941164.5313
MEM 44706.058594 1771941194.7754
MEM 44706.058594 1771941225.0114
MEM 44706.058594 1771941255.2452
MEM 44706.058594 1771941285.4931
MEM 44706.058594 1771941315.7434
MEM 44706.054688 1771941346.1057
MEM 44706.054688 1771941376.3702
MEM 44706.054688 1771941406.6494
MEM 44706.054688 1771941436.9153
MEM 44706.054688 1771941467.1574
MEM 44706.054688 1771941497.3593
MEM 44706.054688 1771941527.5587
MEM 44706.054688 1771941557.7105
MEM 44706.054688 1771941587.9381
MEM 44706.054688 1771941618.1588
MEM 44706.054688 1771941648.3670
MEM 44706.054688 1771941678.6291
MEM 44706.054688 1771941708.8133
MEM 44706.054688 1771941738.8726
MEM 44706.054688 1771941769.0362
MEM 44706.054688 1771941799.2149
MEM 44706.054688 1771941829.2924
MEM 44706.054688 1771941859.5391
MEM 44706.054688 1771941889.7595
MEM 44706.054688 1771941920.0314
MEM 44706.054688 1771941950.2482
MEM 44706.054688 1771941980.4700
MEM 44706.054688 1771942010.7063
MEM 44706.054688 1771942040.9511
MEM 44706.054688 1771942071.2017
MEM 44706.054688 1771942101.4119
MEM 44706.054688 1771942131.6821
MEM 44706.054688 1771942161.8741
MEM 44706.054688 1771942192.0624
MEM 44706.054688 1771942222.2659
MEM 44706.054688 1771942252.3733
MEM 44706.054688 1771942282.6173
MEM 44706.054688 1771942312.8239
MEM 44706.054688 1771942342.9961
MEM 44706.054688 1771942373.2185
MEM 44706.054688 1771942403.4336
MEM 44706.054688 1771942433.6619
MEM 44706.054688 1771942463.8831
MEM 44706.054688 1771942494.1196
MEM 44706.054688 1771942524.3723
MEM 44706.054688 1771942554.5633
MEM 44706.054688 1771942584.8739
MEM 44706.054688 1771942615.0975
MEM 44706.054688 1771942645.3096
MEM 44706.054688 1771942675.6023
MEM 44706.054688 1771942705.8704
MEM 44706.054688 1771942736.0694
MEM 44706.031250 1771942766.4117
MEM 44706.019531 1771942796.6605
MEM 44706.019531 1771942826.9033
MEM 44706.019531 1771942857.1385
MEM 44706.019531 1771942887.3675
MEM 44707.210938 1771942917.6371
MEM 44707.179688 1771942947.8519
MEM 44707.179688 1771942978.0744
MEM 44707.179688 1771943008.2601
MEM 44707.179688 1771943038.5255
MEM 44707.144531 1771943068.7026
MEM 44707.144531 1771943098.9584
MEM 44707.144531 1771943129.0436
MEM 44707.144531 1771943159.2594
MEM 44707.144531 1771943189.4398
MEM 44707.144531 1771943219.6822
MEM 44707.144531 1771943249.8870
MEM 44707.144531 1771943280.1401
MEM 44707.144531 1771943310.4463
MEM 44707.140625 1771943340.6715
MEM 44707.136719 1771943370.9030
MEM 44707.789062 1771943401.1629
MEM 44707.789062 1771943431.4160
MEM 44707.765625 1771943461.6470
MEM 44707.765625 1771943491.8969
MEM 44708.171875 1771943521.9641
MEM 44708.156250 1771943552.1595
MEM 44708.156250 1771943582.4234
MEM 44708.144531 1771943612.6747
MEM 44708.144531 1771943642.9351
MEM 44708.144531 1771943673.1756
MEM 44708.144531 1771943704.2911
MEM 44708.136719 1771943734.4752
MEM 44708.136719 1771943764.7499
MEM 44708.136719 1771943794.9742
MEM 44708.136719 1771943825.1917
MEM 44708.136719 1771943855.4538
MEM 44708.136719 1771943885.6558
MEM 44708.136719 1771943915.9352
MEM 44708.136719 1771943946.1775
MEM 44708.136719 1771943976.4576
MEM 44708.136719 1771944006.6672
MEM 44708.136719 1771944036.8780
MEM 44708.136719 1771944067.1339
MEM 44708.136719 1771944097.3510
MEM 44708.136719 1771944127.5792
MEM 44708.136719 1771944157.8067
MEM 44708.136719 1771944188.0030
MEM 44708.136719 1771944218.2403
MEM 44708.136719 1771944248.4534
MEM 44708.136719 1771944278.6366
MEM 44708.136719 1771944308.8580
MEM 44708.136719 1771944339.0934
MEM 44708.136719 1771944369.2898
MEM 44708.136719 1771944399.5231
MEM 44708.136719 1771944429.8541
MEM 44708.136719 1771944460.0352
MEM 44708.136719 1771944490.2437
MEM 44708.136719 1771944520.4827
MEM 44708.136719 1771944550.7382
MEM 44708.136719 1771944580.9587
MEM 44708.136719 1771944611.1760
MEM 44708.136719 1771944641.4254
MEM 44708.136719 1771944671.6674
MEM 44708.136719 1771944701.8879
MEM 44708.136719 1771944732.1000
MEM 44708.136719 1771944762.3213
MEM 44708.136719 1771944792.5279
MEM 44708.136719 1771944822.7765
MEM 44708.132812 1771944853.0032
MEM 44708.117188 1771944883.2297
MEM 44708.117188 1771944913.4575
MEM 44708.117188 1771944943.6749
MEM 44708.117188 1771944974.0164
MEM 44708.117188 1771945004.2446
MEM 44708.117188 1771945034.4976
MEM 44708.117188 1771945064.7061
MEM 44708.117188 1771945094.9209
MEM 44708.117188 1771945125.1545
MEM 44708.117188 1771945155.3707
MEM 44708.117188 1771945185.6935
MEM 44708.117188 1771945215.9742
MEM 44708.117188 1771945246.2398
MEM 44708.117188 1771945276.4625
MEM 44708.117188 1771945306.6879
MEM 44708.117188 1771945336.8801
MEM 44708.117188 1771945367.0362
MEM 44708.117188 1771945397.2225
MEM 44708.117188 1771945427.4131
MEM 44708.367188 1771945457.6521
MEM 44708.367188 1771945487.7902
MEM 44708.367188 1771945517.9735
MEM 44708.367188 1771945548.2241
MEM 44708.367188 1771945578.6313
MEM 44708.367188 1771945608.8559
MEM 44708.367188 1771945639.1457
MEM 44708.367188 1771945669.3956
MEM 44708.367188 1771945699.5672
MEM 17203.441406 1771945729.6408
MEM 20134.730469 1771945759.7242
MEM 20889.640625 1771945789.8070
MEM 21964.449219 1771945819.8892
MEM 22456.312500 1771945849.9696
MEM 19547.832031 1771945867.2081
