MEM 744.363281 1768485709.1752
MEM 744.781250 1768485709.2446
MEM 3582.484375 1768485739.3643
MEM 7946.742188 1768485769.7659
MEM 8228.003906 1768485800.3573
MEM 7621.593750 1768485830.7684
MEM 7623.378906 1768485861.1867
MEM 7625.453125 1768485891.6315
MEM 7627.386719 1768485921.9930
MEM 7629.992188 1768485952.4508
MEM 7631.683594 1768485982.7908
MEM 7632.199219 1768486013.3844
MEM 7632.472656 1768486043.8193
MEM 7633.761719 1768486074.3259
MEM 7634.535156 1768486104.6934
MEM 7635.308594 1768486135.1175
MEM 7636.246094 1768486165.6773
MEM 7636.503906 1768486196.1095
MEM 7637.277344 1768486226.5332
MEM 7637.792969 1768486256.9720
MEM 7638.308594 1768486287.3046
MEM 7639.339844 1768486317.7451
MEM 7639.339844 1768486348.1011
MEM 7639.339844 1768486378.4725
MEM 7639.339844 1768486408.8349
MEM 7639.855469 1768486439.1815
MEM 3003.664062 1768486457.6087
