
Gurobi 13.0.0 (linux64) logging started Thu Jan 15 15:02:11 2026

Set parameter LogFile to value "/cluster/work/cpesm/acott/pypsa-eur/results/eu-overnight/elec_trans_heat_td_no_tes_batt_h2_network_nuclear_sectors_EU_2040_24h/logs/base_s_40___2040_solver.log"
Gurobi Optimizer version 13.0.0 build v13.0.0rc1 (linux64 - "Ubuntu 22.04.5 LTS")

CPU model: AMD EPYC 7763 64-Core Processor, instruction set [SSE2|AVX|AVX2]
Thread count: 128 physical cores, 128 logical processors, using up to 32 threads

Non-default parameters:
Method  2
BarConvTol  1e-05
Crossover  0
AggFill  0
PreDual  0
Seed  123
Threads  32
GURO_PAR_BARDENSETHRESH  200

Optimize a model with 2213809 rows, 1088169 columns and 5125556 nonzeros (Min)
Model fingerprint: 0x4b063428
Model has 925830 linear objective coefficients
Coefficient statistics:
  Matrix range     [2e-03, 5e+02]
  Objective range  [1e-01, 2e+06]
  Bounds range     [9e-02, 2e+11]
  RHS range        [4e-01, 1e+09]
Warning: Model contains large rhs
Warning: Model contains large bounds
         Consider reformulating model or setting NumericFocus parameter
         to avoid numerical issues.
Presolve removed 1216395 rows and 231426 columns
Presolve time: 3.61s
Presolved: 997414 rows, 856743 columns, 3630698 nonzeros
Elapsed ordering time = 12s
Elapsed ordering time = 18s
Elapsed ordering time = 21s
Elapsed ordering time = 26s
Elapsed ordering time = 30s
Elapsed ordering time = 35s
Elapsed ordering time = 40s
Elapsed ordering time = 45s
Elapsed ordering time = 50s
Elapsed ordering time = 55s
Elapsed ordering time = 60s
Elapsed ordering time = 65s
Elapsed ordering time = 70s
Elapsed ordering time = 75s
Ordering time: 85.02s

Barrier statistics:
 Dense cols : 1584
 AA' NZ     : 4.653e+06
 Factor NZ  : 7.791e+07 (roughly 1.4 GB of memory)
 Factor Ops : 2.251e+11 (roughly 1 second per iteration)
 Threads    : 32

                  Objective                Residual
Iter       Primal          Dual         Primal    Dual     Compl     Time
   0   6.33970338e+18 -1.07607191e+17  2.09e+11 1.32e-01  2.45e+14    95s
   1   5.60627753e+18 -1.19270511e+17  1.76e+11 5.67e+05  1.40e+14    99s
   2   4.26172175e+18 -1.24761656e+17  1.10e+11 2.33e+05  7.70e+13   104s
   3   2.27484588e+18 -1.23537351e+17  3.83e+10 8.08e+04  2.31e+13   111s
   4   7.34373412e+17 -1.18653961e+17  1.61e+10 6.24e+04  1.17e+13   117s
   5   5.50184597e+17 -9.98177658e+16  7.29e+09 2.26e+04  4.29e+12   123s
   6   1.62315055e+17 -7.93729406e+16  2.86e+09 6.27e+03  1.23e+12   131s
   7   8.48531257e+16 -5.56059659e+16  1.16e+09 4.71e+04  4.53e+11   138s
   8   3.43482037e+16 -3.36430798e+16  2.82e+08 5.43e+03  1.04e+11   149s
   9   9.64918352e+15 -1.25869108e+16  3.49e+07 6.49e+02  1.79e+10   157s
  10   2.97100643e+15 -4.30621481e+15  8.30e+06 1.76e+02  4.84e+09   162s
  11   1.29832349e+15 -2.59571949e+15  3.07e+06 1.02e+02  2.37e+09   167s
  12   6.08743581e+14 -1.24309207e+15  1.37e+06 4.47e+01  1.08e+09   173s
  13   3.54733832e+14 -7.17481828e+14  7.60e+05 2.44e+01  6.10e+08   178s
  14   2.25459917e+14 -4.75568840e+14  4.75e+05 1.55e+01  3.93e+08   184s
  15   2.00309777e+14 -3.06226224e+14  4.25e+05 9.53e+00  2.83e+08   190s
  16   8.90973285e+13 -1.69524105e+14  1.65e+05 5.06e+00  1.42e+08   198s
  17   4.01085589e+13 -1.09033504e+14  7.52e+04 3.17e+00  8.13e+07   204s
  18   2.90632118e+13 -7.09921979e+13  5.35e+04 2.03e+00  5.44e+07   210s
  19   2.34920375e+13 -5.41649013e+13  4.22e+04 1.54e+00  4.22e+07   215s
  20   1.87915949e+13 -3.80026844e+13  3.22e+04 1.09e+00  3.08e+07   221s
  21   1.10588254e+13 -3.07463780e+13  1.70e+04 8.95e-01  2.26e+07   230s
  22   7.94638214e+12 -2.18956102e+13  1.12e+04 6.49e-01  1.61e+07   238s
  23   5.08760128e+12 -1.50534716e+13  6.23e+03 4.52e-01  1.09e+07   245s
  24   4.04816918e+12 -7.39106798e+12  4.52e+03 2.41e-01  6.18e+06   253s
  25   3.28285111e+12 -4.28376174e+12  3.40e+03 1.46e-01  4.08e+06   259s
  26   2.79778024e+12 -3.33159224e+12  2.74e+03 1.17e-01  3.31e+06   264s
  27   2.52302583e+12 -2.85198375e+12  2.35e+03 1.03e-01  2.90e+06   269s
  28   2.02160434e+12 -1.54478760e+12  1.65e+03 6.40e-02  1.92e+06   275s
  29   1.65202652e+12 -6.54664370e+11  1.18e+03 3.83e-02  1.24e+06   284s
  30   1.40557740e+12 -3.42134099e+11  8.78e+02 2.89e-02  9.43e+05   291s
  31   1.25853778e+12 -1.19466485e+11  7.08e+02 2.24e-02  7.43e+05   300s
  32   1.14452324e+12  6.83386635e+09  5.77e+02 1.86e-02  6.13e+05   307s
  33   1.02302676e+12  1.52034704e+11  4.46e+02 1.40e-02  4.70e+05   314s
  34   9.10154725e+11  2.18058099e+11  3.28e+02 1.18e-02  3.73e+05   322s
  35   8.57478883e+11  2.97392394e+11  2.73e+02 9.17e-03  3.02e+05   330s
  36   7.91890687e+11  3.37676421e+11  2.09e+02 7.80e-03  2.45e+05   338s
  37   7.54351473e+11  3.86497001e+11  1.72e+02 6.21e-03  1.98e+05   345s
  38   7.40949794e+11  4.10259620e+11  1.59e+02 5.40e-03  1.78e+05   352s
  39   7.20274432e+11  4.25319750e+11  1.38e+02 4.90e-03  1.59e+05   360s
  40   6.95306988e+11  4.48412378e+11  1.15e+02 4.14e-03  1.33e+05   368s
  41   6.87031025e+11  4.65618744e+11  1.07e+02 3.59e-03  1.19e+05   374s
  42   6.84456962e+11  4.68547560e+11  1.04e+02 3.49e-03  1.16e+05   382s
  43   6.76113317e+11  4.87569363e+11  9.62e+01 2.86e-03  1.02e+05   389s
  44   6.60475628e+11  4.95927423e+11  8.16e+01 2.58e-03  8.87e+04   397s
  45   6.51684892e+11  5.04502126e+11  7.33e+01 2.29e-03  7.93e+04   404s
  46   6.44534749e+11  5.12664972e+11  6.65e+01 2.02e-03  7.11e+04   412s
  47   6.39332979e+11  5.19199429e+11  6.17e+01 1.80e-03  6.48e+04   420s
  48   6.35975977e+11  5.20855984e+11  5.84e+01 1.74e-03  6.21e+04   425s
  49   6.28940347e+11  5.28607260e+11  5.17e+01 1.48e-03  5.41e+04   432s
  50   6.25171281e+11  5.32761745e+11  4.83e+01 1.34e-03  4.98e+04   440s
  51   6.22843581e+11  5.34364835e+11  4.61e+01 1.29e-03  4.77e+04   446s
  52   6.17622588e+11  5.40356765e+11  4.11e+01 1.09e-03  4.17e+04   454s
  53   6.15992217e+11  5.42921172e+11  3.95e+01 1.00e-03  3.94e+04   461s
  54   6.08117065e+11  5.45610665e+11  3.21e+01 9.16e-04  3.37e+04   468s
  55   6.04297688e+11  5.47019192e+11  2.85e+01 8.70e-04  3.09e+04   475s
  56   6.02857277e+11  5.51946110e+11  2.70e+01 7.14e-04  2.74e+04   481s
  57   6.01145142e+11  5.55986746e+11  2.54e+01 5.85e-04  2.43e+04   489s
  58   5.97616380e+11  5.58388279e+11  2.21e+01 5.05e-04  2.11e+04   496s
  59   5.94835791e+11  5.60470260e+11  1.94e+01 4.36e-04  1.85e+04   504s
  60   5.92145651e+11  5.62093152e+11  1.69e+01 3.83e-04  1.62e+04   512s
  61   5.90307978e+11  5.64351434e+11  1.51e+01 3.12e-04  1.40e+04   520s
  62   5.88867981e+11  5.65277765e+11  1.38e+01 2.82e-04  1.27e+04   529s
  63   5.87585080e+11  5.65555325e+11  1.26e+01 2.73e-04  1.19e+04   536s
  64   5.85861349e+11  5.66820039e+11  1.10e+01 2.33e-04  1.03e+04   543s
  65   5.85332662e+11  5.67711000e+11  1.05e+01 2.04e-04  9.50e+03   551s
  66   5.83581745e+11  5.68338741e+11  8.84e+00 1.83e-04  8.22e+03   559s
  67   5.82891166e+11  5.68959327e+11  8.17e+00 1.63e-04  7.51e+03   567s
  68   5.81809364e+11  5.69254856e+11  7.17e+00 1.54e-04  6.77e+03   575s
  69   5.81231743e+11  5.70425353e+11  6.61e+00 1.17e-04  5.83e+03   582s
  70   5.80053973e+11  5.70566879e+11  5.51e+00 1.13e-04  5.11e+03   591s
  71   5.79467087e+11  5.70843179e+11  4.95e+00 1.04e-04  4.65e+03   598s
  72   5.78577415e+11  5.71578618e+11  4.10e+00 8.09e-05  3.77e+03   606s
  73   5.78169559e+11  5.71929729e+11  3.71e+00 6.96e-05  3.36e+03   614s
  74   5.77460514e+11  5.72126185e+11  3.06e+00 6.33e-05  2.88e+03   621s
  75   5.77105084e+11  5.72437402e+11  2.72e+00 5.33e-05  2.52e+03   629s
  76   5.76491839e+11  5.72775180e+11  2.14e+00 4.26e-05  2.00e+03   637s
  77   5.76116487e+11  5.73014734e+11  1.79e+00 3.51e-05  1.67e+03   644s
  78   5.75778284e+11  5.73183871e+11  1.48e+00 2.98e-05  1.40e+03   651s
  79   5.75577243e+11  5.73347959e+11  1.29e+00 2.48e-05  1.20e+03   659s
  80   5.75335682e+11  5.73449051e+11  1.07e+00 2.17e-05  1.02e+03   666s
  81   5.75120814e+11  5.73583601e+11  8.67e-01 1.76e-05  8.29e+02   672s
  82   5.74941401e+11  5.73757411e+11  7.00e-01 1.25e-05  6.38e+02   679s
  83   5.74810593e+11  5.73828332e+11  5.78e-01 1.03e-05  5.30e+02   685s
  84   5.74740563e+11  5.73866231e+11  5.15e-01 9.12e-06  4.71e+02   694s
  85   5.74619325e+11  5.73945502e+11  4.03e-01 6.74e-06  3.63e+02   704s
  86   5.74526587e+11  5.73988787e+11  3.21e-01 5.45e-06  2.90e+02   712s

Barrier solved model in 86 iterations and 711.77 seconds (109.34 work units)
Optimal objective 5.74526587e+11

