MEM 743.332031 1768577414.8826
MEM 743.750000 1768577414.9741
MEM 2365.210938 1768577445.0871
MEM 8807.453125 1768577475.6088
MEM 8593.191406 1768577506.1085
MEM 8077.238281 1768577536.6895
MEM 7635.128906 1768577567.0568
MEM 7733.890625 1768577597.6148
MEM 7767.457031 1768577628.3200
MEM 7767.957031 1768577659.1475
MEM 7769.125000 1768577689.8907
MEM 7769.632812 1768577720.1838
MEM 7770.046875 1768577750.9305
MEM 7771.328125 1768577781.7465
MEM 7771.527344 1768577812.3625
MEM 7771.527344 1768577843.0405
MEM 7772.023438 1768577873.9023
MEM 7773.054688 1768577904.6915
MEM 7773.054688 1768577935.2936
MEM 7773.828125 1768577966.2353
MEM 7774.343750 1768577997.1411
MEM 7776.859375 1768578027.7070
MEM 7777.117188 1768578058.5213
MEM 7777.375000 1768578089.4304
MEM 7777.375000 1768578120.1908
MEM 7777.375000 1768578151.0217
MEM 7777.632812 1768578181.7990
MEM 7778.406250 1768578212.4724
MEM 7778.406250 1768578243.2524
MEM 7778.660156 1768578274.1068
MEM 7778.660156 1768578304.7254
MEM 7778.917969 1768578335.6573
MEM 7778.917969 1768578366.4479
MEM 7778.917969 1768578397.1411
MEM 7778.917969 1768578427.8384
MEM 7779.175781 1768578458.7671
MEM 7779.433594 1768578489.3141
MEM 7779.691406 1768578520.0476
MEM 7779.691406 1768578550.7459
MEM 7067.699219 1768578581.4595
MEM 3137.750000 1768578598.4388
