
Gurobi 13.0.0 (linux64) logging started Fri Jan 16 16:30:42 2026

Set parameter LogFile to value "/cluster/work/cpesm/acott/pypsa-eur/results/eu-overnight/elec_trans_heat_td_no_tes_batt_h2_network_nuclear_no_methanation_sectors_EU_2040_24h/logs/base_s_40___2040_solver.log"
Gurobi Optimizer version 13.0.0 build v13.0.0rc1 (linux64 - "Ubuntu 22.04.5 LTS")

CPU model: AMD EPYC 7763 64-Core Processor, instruction set [SSE2|AVX|AVX2]
Thread count: 128 physical cores, 128 logical processors, using up to 32 threads

Non-default parameters:
Method  2
BarConvTol  1e-05
Crossover  0
AggFill  0
PreDual  0
Seed  123
Threads  32
GURO_PAR_BARDENSETHRESH  200

Optimize a model with 2184569 rows, 1073529 columns and 5009081 nonzeros (Min)
Model fingerprint: 0x3dfda6e2
Model has 911190 linear objective coefficients
Coefficient statistics:
  Matrix range     [2e-03, 5e+02]
  Objective range  [1e-01, 2e+06]
  Bounds range     [9e-02, 2e+11]
  RHS range        [4e-01, 1e+09]
Warning: Model contains large rhs
Warning: Model contains large bounds
         Consider reformulating model or setting NumericFocus parameter
         to avoid numerical issues.
Presolve removed 1202318 rows and 231409 columns (presolve time = 5s)...
Presolve removed 1216355 rows and 231426 columns
Presolve time: 6.70s
Presolved: 968214 rows, 842103 columns, 3514263 nonzeros
Elapsed ordering time = 21s
Elapsed ordering time = 27s
Elapsed ordering time = 30s
Elapsed ordering time = 35s
Elapsed ordering time = 40s
Elapsed ordering time = 45s
Elapsed ordering time = 51s
Elapsed ordering time = 55s
Elapsed ordering time = 60s
Elapsed ordering time = 65s
Elapsed ordering time = 70s
Ordering time: 141.32s

Barrier statistics:
 Dense cols : 1544
 AA' NZ     : 4.479e+06
 Factor NZ  : 7.795e+07 (roughly 1.4 GB of memory)
 Factor Ops : 2.311e+11 (roughly 1 second per iteration)
 Threads    : 32

                  Objective                Residual
Iter       Primal          Dual         Primal    Dual     Compl     Time
   0   6.33890550e+18 -9.92320501e+16  2.09e+11 5.14e+05  2.23e+14   159s
   1   5.36492656e+18 -1.07750521e+17  1.75e+11 6.03e+05  1.27e+14   166s
   2   3.55752031e+18 -1.13571930e+17  1.19e+11 2.26e+05  7.61e+13   173s
   3   5.52632104e+17 -1.12631602e+17  2.03e+10 5.12e+04  1.41e+13   187s
   4   2.96054808e+17 -9.23946746e+16  7.40e+09 3.91e+04  4.84e+12   200s
   5   1.43785147e+17 -7.25218298e+16  1.77e+09 2.54e+04  1.16e+12   216s
   6   6.16452082e+16 -5.38074477e+16  5.30e+08 1.93e+04  3.51e+11   222s
   7   1.98528531e+16 -3.64273884e+16  1.30e+08 5.93e+03  9.52e+10   230s
   8   4.70453116e+15 -2.16743602e+16  2.03e+07 1.46e+03  2.32e+10   239s
   9   2.49726862e+15 -1.42285825e+16  9.38e+06 8.85e+02  1.25e+10   247s
  10   1.37983114e+15 -9.06469050e+15  4.15e+06 5.02e+02  6.97e+09   258s
  11   5.60887792e+14 -2.63530280e+15  1.62e+06 1.14e+02  2.03e+09   268s
  12   2.10118310e+14 -4.39525055e+14  5.30e+05 1.38e+01  3.99e+08   280s
  13   9.47101854e+13 -1.59606072e+14  2.07e+05 4.23e+00  1.50e+08   297s
  14   3.89803834e+13 -8.42876900e+13  8.30e+04 2.07e+00  7.06e+07   307s
  15   2.94323312e+13 -4.90113646e+13  5.95e+04 1.15e+00  4.46e+07   315s
  16   1.04153645e+13 -2.22172437e+13  1.68e+04 4.83e-01  1.82e+07   325s
  17   5.93352222e+12 -8.95219596e+12  7.75e+03 1.86e-01  8.27e+06   343s
  18   3.93800769e+12 -7.17301755e+12  4.46e+03 1.51e-01  6.16e+06   357s
  19   3.51885379e+12 -4.46545659e+12  3.82e+03 1.00e-01  4.43e+06   367s
  20   3.06357998e+12 -3.15721418e+12  3.15e+03 7.47e-02  3.45e+06   378s
  21   2.77923666e+12 -2.71802816e+12  2.76e+03 6.60e-02  3.04e+06   388s
  22   2.43312719e+12 -2.18407944e+12  2.27e+03 5.53e-02  2.56e+06   403s
  23   1.93780939e+12 -1.07623021e+12  1.61e+03 3.42e-02  1.67e+06   413s
  24   1.67952889e+12 -5.37061286e+11  1.26e+03 2.36e-02  1.23e+06   424s
  25   1.36504385e+12 -1.55270797e+11  8.70e+02 1.57e-02  8.41e+05   435s
  26   1.13006933e+12  1.26202646e+11  5.91e+02 9.77e-03  5.55e+05   451s
  27   9.87546374e+11  2.45537541e+11  4.30e+02 7.21e-03  4.10e+05   460s
  28   9.12649663e+11  3.37884914e+11  3.52e+02 5.10e-03  3.18e+05   478s
  29   8.28988879e+11  3.80566162e+11  2.66e+02 4.14e-03  2.48e+05   491s
  30   7.83784014e+11  4.27613664e+11  2.20e+02 3.11e-03  1.97e+05   503s
  31   7.72560985e+11  4.33339963e+11  2.08e+02 2.98e-03  1.87e+05   513s
  32   7.46986775e+11  4.57127513e+11  1.82e+02 2.44e-03  1.60e+05   524s
  33   7.23508117e+11  4.71727979e+11  1.58e+02 2.11e-03  1.39e+05   537s
  34   7.05753213e+11  4.81143750e+11  1.40e+02 1.91e-03  1.24e+05   548s
  35   6.97045493e+11  4.98307095e+11  1.30e+02 1.53e-03  1.10e+05   567s
  36   6.88049454e+11  5.12123066e+11  1.21e+02 1.22e-03  9.72e+04   578s
  37   6.73213450e+11  5.23653679e+11  1.06e+02 9.77e-04  8.26e+04   591s
  38   6.65984188e+11  5.28336692e+11  9.80e+01 8.78e-04  7.61e+04   608s
  39   6.54442140e+11  5.33320074e+11  8.65e+01 7.74e-04  6.69e+04   625s
  40   6.42404543e+11  5.38802295e+11  7.37e+01 6.60e-04  5.72e+04   637s
  41   6.34127002e+11  5.44169444e+11  6.50e+01 5.50e-04  4.97e+04   648s
  42   6.22707219e+11  5.46404125e+11  5.30e+01 5.05e-04  4.22e+04   665s
  43   6.15540649e+11  5.49211574e+11  4.55e+01 4.53e-04  3.66e+04   681s
  44   6.10958946e+11  5.51398954e+11  4.06e+01 4.11e-04  3.29e+04   696s
  45   6.08855987e+11  5.52995143e+11  3.83e+01 3.81e-04  3.09e+04   708s
  46   6.04874860e+11  5.56030037e+11  3.39e+01 3.25e-04  2.70e+04   717s
  47   6.02123160e+11  5.57051274e+11  3.08e+01 3.06e-04  2.49e+04   730s
  48   5.98601355e+11  5.58204735e+11  2.71e+01 2.85e-04  2.23e+04   740s
  49   5.95754356e+11  5.61050076e+11  2.40e+01 2.35e-04  1.92e+04   751s
  50   5.94543241e+11  5.62149576e+11  2.26e+01 2.15e-04  1.79e+04   768s
  51   5.92643040e+11  5.63606520e+11  2.05e+01 1.89e-04  1.60e+04   778s
  52   5.91701576e+11  5.64338483e+11  1.94e+01 1.76e-04  1.51e+04   789s
  53   5.90566397e+11  5.65010881e+11  1.81e+01 1.64e-04  1.41e+04   798s
  54   5.88026944e+11  5.66937776e+11  1.53e+01 1.29e-04  1.17e+04   814s
  55   5.86939503e+11  5.67589473e+11  1.42e+01 1.18e-04  1.07e+04   829s
  56   5.85308465e+11  5.68210135e+11  1.24e+01 1.06e-04  9.45e+03   839s
  57   5.85056929e+11  5.68366850e+11  1.21e+01 1.03e-04  9.22e+03   852s
  58   5.84280461e+11  5.69372196e+11  1.12e+01 8.53e-05  8.24e+03   864s
  59   5.83494694e+11  5.69918190e+11  1.04e+01 7.56e-05  7.50e+03   874s
  60   5.81795053e+11  5.70176816e+11  8.48e+00 7.08e-05  6.42e+03   884s
  61   5.81150102e+11  5.70773433e+11  7.78e+00 6.03e-05  5.73e+03   903s
  62   5.80067270e+11  5.71142265e+11  6.57e+00 5.35e-05  4.93e+03   913s
  63   5.79714212e+11  5.71429310e+11  6.17e+00 4.82e-05  4.58e+03   923s
  64   5.79379221e+11  5.71646733e+11  5.79e+00 4.42e-05  4.27e+03   941s
  65   5.78955788e+11  5.71778175e+11  5.32e+00 4.18e-05  3.97e+03   955s
  66   5.77874962e+11  5.72110792e+11  4.13e+00 3.59e-05  3.18e+03   965s
  67   5.77227762e+11  5.72394752e+11  3.39e+00 3.08e-05  2.67e+03   977s
  68   5.76792559e+11  5.72763198e+11  2.89e+00 2.43e-05  2.23e+03   988s
  69   5.76249626e+11  5.73021268e+11  2.29e+00 1.97e-05  1.78e+03  1004s
  70   5.75944095e+11  5.73171251e+11  1.95e+00 1.70e-05  1.53e+03  1022s
  71   5.75882451e+11  5.73312946e+11  1.88e+00 1.46e-05  1.42e+03  1033s
  72   5.75565633e+11  5.73572074e+11  1.53e+00 1.02e-05  1.10e+03  1042s
  73   5.75384764e+11  5.73619756e+11  1.32e+00 9.32e-06  9.75e+02  1051s
  74   5.75048424e+11  5.73688900e+11  9.59e-01 8.14e-06  7.51e+02  1062s
  75   5.74960781e+11  5.73775003e+11  8.62e-01 6.68e-06  6.55e+02  1078s
  76   5.74804615e+11  5.73841187e+11  6.87e-01 5.52e-06  5.32e+02  1087s
  77   5.74678048e+11  5.73919264e+11  5.46e-01 4.21e-06  4.19e+02  1096s
  78   5.74609347e+11  5.73946911e+11  4.71e-01 3.76e-06  3.66e+02  1110s
  79   5.74567323e+11  5.73974342e+11  4.25e-01 3.30e-06  3.28e+02  1122s
  80   5.74507316e+11  5.74018143e+11  3.60e-01 2.57e-06  2.70e+02  1138s

Barrier solved model in 80 iterations and 1137.69 seconds (101.02 work units)
Optimal objective 5.74507316e+11

