
Gurobi 13.0.0 (linux64) logging started Mon Jan 19 16:11:06 2026

Set parameter LogFile to value "/cluster/work/cpesm/acott/pypsa-eur/results/eu-overnight/elec_trans_heat_td_no_tes_batt_h2_network_nuclear_no_dacsectors_EU_2040_24h/logs/base_s_40___2040_solver.log"
Gurobi Optimizer version 13.0.0 build v13.0.0rc1 (linux64 - "Ubuntu 22.04.5 LTS")

CPU model: AMD EPYC 7763 64-Core Processor, instruction set [SSE2|AVX|AVX2]
Thread count: 128 physical cores, 128 logical processors, using up to 32 threads

Non-default parameters:
Method  2
BarConvTol  1e-05
Crossover  0
AggFill  0
PreDual  0
Seed  123
Threads  32
GURO_PAR_BARDENSETHRESH  200

Optimize a model with 2063265 rows, 1012815 columns and 4635197 nonzeros (Min)
Model fingerprint: 0x54caec12
Model has 850479 linear objective coefficients
Coefficient statistics:
  Matrix range     [2e-03, 5e+02]
  Objective range  [1e-01, 2e+06]
  Bounds range     [9e-02, 2e+11]
  RHS range        [4e-01, 1e+09]
Warning: Model contains large rhs
Warning: Model contains large bounds
         Consider reformulating model or setting NumericFocus parameter
         to avoid numerical issues.
Presolve removed 1164052 rows and 240049 columns
Presolve time: 3.12s
Presolved: 899213 rows, 772766 columns, 3170159 nonzeros
Elapsed ordering time = 11s
Elapsed ordering time = 17s
Elapsed ordering time = 20s
Elapsed ordering time = 25s
Elapsed ordering time = 30s
Elapsed ordering time = 35s
Elapsed ordering time = 40s
Elapsed ordering time = 45s
Elapsed ordering time = 50s
Elapsed ordering time = 55s
Elapsed ordering time = 60s
Elapsed ordering time = 65s
Ordering time: 70.69s

Barrier statistics:
 Dense cols : 1383
 AA' NZ     : 4.142e+06
 Factor NZ  : 6.839e+07 (roughly 1.2 GB of memory)
 Factor Ops : 1.743e+11 (less than 1 second per iteration)
 Threads    : 32

                  Objective                Residual
Iter       Primal          Dual         Primal    Dual     Compl     Time
   0   6.19255383e+18 -7.13995161e+16  3.42e+12 2.89e+05  1.70e+14    80s
   1   5.17403674e+18 -8.88987350e+16  2.87e+12 4.68e+05  1.03e+14    82s
   2   3.20904647e+18 -9.23177210e+16  1.83e+12 3.28e+05  6.78e+13    85s
   3   1.96548921e+18 -9.29773879e+16  1.16e+12 1.18e+05  3.85e+13    91s
   4   6.89783563e+17 -8.84349225e+16  4.12e+11 3.18e+04  1.38e+13    96s
   5   3.40753034e+17 -7.93338143e+16  1.70e+11 1.26e+04  5.75e+12   100s
   6   1.61074753e+17 -6.73989103e+16  5.45e+10 6.73e+03  1.82e+12   104s
   7   5.79086931e+16 -5.23551988e+16  1.16e+10 4.36e+03  4.02e+11   109s
   8   2.29200472e+16 -4.57736574e+16  3.73e+09 1.49e+03  1.50e+11   114s
   9   1.57881929e+16 -3.70004106e+16  2.30e+09 9.13e+02  9.46e+10   118s
  10   9.81088831e+15 -2.30086078e+16  1.26e+09 3.17e+02  4.90e+10   122s
  11   3.40635014e+15 -9.98805372e+15  2.92e+08 3.65e+01  1.34e+10   127s
  12   1.64915184e+15 -5.32674220e+15  1.13e+08 1.52e+01  5.87e+09   133s
  13   6.00993334e+14 -3.29508924e+15  1.85e+07 8.91e+00  2.56e+09   139s
  14   4.66456656e+14 -2.61260382e+15  1.36e+07 6.99e+00  1.99e+09   143s
  15   3.75475726e+14 -1.61369126e+15  8.85e+06 4.29e+00  1.26e+09   148s
  16   1.99413779e+14 -7.27213337e+14  2.39e+06 1.96e+00  5.66e+08   152s
  17   1.53267817e+14 -1.45207824e+14  1.27e+06 5.00e-01  1.82e+08   159s
  18   1.22002873e+14 -6.99066122e+12  6.06e+05 1.92e-01  7.80e+07   163s
  19   1.10304008e+14  2.42742540e+13  4.02e+05 1.24e-01  5.19e+07   167s
  20   1.01255686e+14  5.83725404e+13  2.51e+05 5.05e-02  2.58e+07   173s
  21   9.58677222e+13  6.97490743e+13  1.70e+05 2.75e-02  1.57e+07   177s
  22   9.07316044e+13  7.49692751e+13  9.69e+04 1.69e-02  9.46e+06   182s
  23   8.84804495e+13  7.84231631e+13  6.54e+04 9.80e-03  6.03e+06   188s
  24   8.82671175e+13  7.87017262e+13  6.24e+04 9.29e-03  5.74e+06   194s
  25   8.76325843e+13  7.96595020e+13  5.37e+04 7.29e-03  4.78e+06   198s
  26   8.64536309e+13  8.02024610e+13  3.83e+04 6.25e-03  3.74e+06   203s
  27   8.58156723e+13  8.10997313e+13  2.98e+04 4.56e-03  2.82e+06   208s
  28   8.51545261e+13  8.15931576e+13  2.09e+04 3.64e-03  2.13e+06   214s
  29   8.49682907e+13  8.19894875e+13  1.85e+04 2.89e-03  1.78e+06   221s
  30   8.45885151e+13  8.22757096e+13  1.36e+04 2.36e-03  1.38e+06   227s
  31   8.42825613e+13  8.27592862e+13  9.46e+03 1.44e-03  9.11e+05   234s
  32   8.40455365e+13  8.29739001e+13  6.40e+03 1.03e-03  6.41e+05   240s
  33   8.39209043e+13  8.30916842e+13  4.84e+03 7.99e-04  4.96e+05   245s
  34   8.38429058e+13  8.32342770e+13  3.90e+03 5.26e-04  3.64e+05   251s
  35   8.38304341e+13  8.32503313e+13  3.75e+03 4.94e-04  3.47e+05   256s
  36   8.37797218e+13  8.32936894e+13  3.18e+03 4.07e-04  2.91e+05   261s
  37   8.37222716e+13  8.33405175e+13  2.52e+03 3.13e-04  2.28e+05   267s
  38   8.36707493e+13  8.33612631e+13  1.93e+03 2.72e-04  1.85e+05   273s
  39   8.36366487e+13  8.34020622e+13  1.53e+03 1.93e-04  1.40e+05   279s
  40   8.36197824e+13  8.34132571e+13  1.34e+03 1.72e-04  1.24e+05   285s
  41   8.36021623e+13  8.34355039e+13  1.14e+03 1.28e-04  9.97e+04   292s
  42   8.35852456e+13  8.34489558e+13  9.44e+02 1.02e-04  8.15e+04   298s
  43   8.35770685e+13  8.34536416e+13  8.54e+02 9.31e-05  7.38e+04   304s
  44   8.35664010e+13  8.34640539e+13  7.29e+02 7.31e-05  6.12e+04   311s
  45   8.35625459e+13  8.34668112e+13  6.85e+02 6.77e-05  5.73e+04   319s
  46   8.35557055e+13  8.34751444e+13  6.07e+02 5.19e-05  4.82e+04   325s
  47   8.35469025e+13  8.34807053e+13  5.06e+02 4.12e-05  3.96e+04   331s
  48   8.35421245e+13  8.34838608e+13  4.50e+02 3.53e-05  3.49e+04   338s
  49   8.35357420e+13  8.34867637e+13  3.75e+02 3.00e-05  2.93e+04   343s
  50   8.35296053e+13  8.34902993e+13  3.01e+02 2.36e-05  2.35e+04   350s
  51   8.35254249e+13  8.34924212e+13  2.52e+02 1.99e-05  1.98e+04   357s
  52   8.35223951e+13  8.34943020e+13  2.15e+02 1.67e-05  1.68e+04   363s
  53   8.35217048e+13  8.34950359e+13  2.06e+02 1.54e-05  1.60e+04   369s
  54   8.35183932e+13  8.34971797e+13  1.67e+02 1.18e-05  1.27e+04   375s
  55   8.35165174e+13  8.34985713e+13  1.44e+02 9.52e-06  1.07e+04   381s
  56   8.35139165e+13  8.34997892e+13  1.13e+02 7.58e-06  8.46e+03   387s
  57   8.35125025e+13  8.35007173e+13  9.52e+01 6.13e-06  7.06e+03   393s
  58   8.35110159e+13  8.35013824e+13  7.62e+01 5.12e-06  5.77e+03   398s
  59   8.35099805e+13  8.35018582e+13  6.30e+01 4.40e-06  4.86e+03   404s
  60   8.35090401e+13  8.35021999e+13  5.11e+01 3.90e-06  4.09e+03   411s
  61   8.35085211e+13  8.35027578e+13  4.45e+01 3.10e-06  3.45e+03   417s
  62   8.35080600e+13  8.35031676e+13  3.86e+01 2.50e-06  2.93e+03   424s
  63   8.35073315e+13  8.35034668e+13  2.93e+01 2.07e-06  2.31e+03   430s
  64   8.35069648e+13  8.35038427e+13  2.49e+01 1.54e-06  1.87e+03   434s
  65   8.35065455e+13  8.35040176e+13  1.95e+01 1.29e-06  1.51e+03   439s
  66   8.35063312e+13  8.35041877e+13  1.68e+01 1.05e-06  1.28e+03   445s
  67   8.35061360e+13  8.35043215e+13  1.44e+01 8.65e-07  1.09e+03   449s

Barrier solved model in 67 iterations and 449.06 seconds (72.89 work units)
Optimal objective 8.35061360e+13

