MEM 744.312500 1768836037.2133
MEM 744.867188 1768836037.2683
MEM 2311.476562 1768836067.3496
MEM 6707.718750 1768836097.7103
MEM 6678.996094 1768836127.8446
MEM 6972.027344 1768836158.1412
MEM 6919.203125 1768836188.3886
MEM 6943.160156 1768836218.5919
MEM 6944.191406 1768836248.8044
MEM 7050.597656 1768836279.0416
MEM 7051.878906 1768836309.2414
MEM 7053.167969 1768836339.4336
MEM 7053.933594 1768836369.8319
MEM 7054.191406 1768836399.9381
MEM 7054.191406 1768836430.1937
MEM 7054.703125 1768836460.4498
MEM 7054.960938 1768836490.6810
MEM 7055.734375 1768836520.9645
MEM 7056.250000 1768836551.1988
MEM 7056.507812 1768836581.4322
MEM 7057.281250 1768836611.7459
MEM 7057.535156 1768836641.9766
MEM 7057.535156 1768836672.2338
MEM 7057.535156 1768836702.5255
MEM 7057.535156 1768836732.8181
MEM 7058.050781 1768836763.1477
MEM 7058.308594 1768836793.3891
MEM 7058.566406 1768836823.6766
MEM 7058.824219 1768836853.9956
MEM 7058.824219 1768836884.2262
MEM 7058.824219 1768836914.4642
MEM 7058.824219 1768836944.6917
MEM 7058.824219 1768836974.9086
MEM 7058.824219 1768837005.1319
MEM 7058.824219 1768837035.4099
MEM 7058.824219 1768837065.7215
MEM 2991.019531 1768837081.1842
