MEM 1309.609375 1769422289.3946
MEM 1310.144531 1769422289.4266
MEM 13568.898438 1769422319.4887
MEM 14100.414062 1769422349.5525
MEM 13849.429688 1769422379.6169
MEM 13822.035156 1769422409.6812
MEM 13838.988281 1769422439.7304
MEM 13628.222656 1769422469.7937
MEM 13631.207031 1769422499.8576
MEM 13631.207031 1769422529.9213
MEM 13645.468750 1769422559.9872
MEM 13631.218750 1769422590.0500
MEM 13631.218750 1769422620.0876
MEM 16448.656250 1769422650.1252
MEM 19185.003906 1769422680.1787
MEM 21021.957031 1769422710.2442
MEM 28086.902344 1769422740.3104
MEM 34256.156250 1769422770.3791
MEM 34128.894531 1769422800.4439
MEM 24958.527344 1769422830.5103
MEM 27294.722656 1769422860.5744
MEM 27627.773438 1769422890.6396
MEM 66328.742188 1769422920.7564
MEM 89224.644531 1769422950.8669
MEM 108244.464844 1769422981.0285
MEM 131841.195312 1769423011.1025
MEM 88320.285156 1769423041.2448
MEM 87813.187500 1769423071.4311
MEM 89730.386719 1769423101.6044
MEM 93422.187500 1769423131.7553
MEM 85453.425781 1769423161.8828
MEM 85795.476562 1769423192.0031
MEM 85717.796875 1769423222.1360
MEM 84136.800781 1769423252.2951
MEM 83664.492188 1769423282.4010
MEM 83413.468750 1769423312.5397
MEM 86506.816406 1769423342.6587
MEM 88216.234375 1769423372.7982
MEM 87214.230469 1769423402.9495
MEM 88964.039062 1769423433.0673
MEM 89992.250000 1769423463.1942
MEM 97828.472656 1769423493.2935
MEM 100457.878906 1769423523.4384
MEM 111586.062500 1769423553.6073
MEM 111029.503906 1769423583.7561
MEM 105441.332031 1769423613.9033
MEM 81705.531250 1769423643.9883
MEM 54707.308594 1769423674.0503
MEM 50176.675781 1769423704.1178
MEM 71717.437500 1769423734.3241
MEM 75540.695312 1769423764.4358
MEM 78030.816406 1769423794.5516
MEM 78055.343750 1769423824.7179
MEM 78055.648438 1769423854.7877
MEM 78057.953125 1769423884.8857
MEM 78060.468750 1769423915.0394
MEM 78060.730469 1769423945.1966
MEM 78061.625000 1769423975.2902
MEM 78064.542969 1769424005.4071
MEM 78065.058594 1769424035.4921
MEM 78065.144531 1769424065.5578
MEM 78065.402344 1769424095.6602
MEM 78850.660156 1769424125.8409
MEM 78851.652344 1769424155.9633
MEM 78851.832031 1769424186.0698
MEM 78852.562500 1769424216.2657
MEM 78852.562500 1769424246.3539
MEM 78852.730469 1769424276.5079
MEM 78853.679688 1769424306.6798
MEM 78854.167969 1769424336.7858
MEM 78854.167969 1769424366.9385
MEM 78854.914062 1769424397.1641
MEM 78854.914062 1769424427.3175
MEM 78855.066406 1769424457.4098
MEM 78855.726562 1769424487.6547
MEM 78856.601562 1769424517.8200
MEM 78857.328125 1769424547.9715
MEM 78857.328125 1769424578.0682
MEM 78857.718750 1769424608.1409
MEM 78857.718750 1769424638.2575
MEM 78857.976562 1769424668.3426
MEM 78858.234375 1769424698.5308
MEM 78858.750000 1769424728.6948
MEM 78858.750000 1769424758.8199
MEM 78858.750000 1769424788.9134
MEM 78859.500000 1769424819.0467
MEM 78859.500000 1769424849.1453
MEM 78859.757812 1769424879.2512
MEM 78859.757812 1769424909.4049
MEM 78859.757812 1769424939.5094
MEM 78859.757812 1769424969.6177
MEM 78859.757812 1769424999.7315
MEM 78859.757812 1769425029.8559
MEM 78860.273438 1769425060.0355
MEM 78860.273438 1769425090.1940
MEM 78860.789062 1769425120.3414
MEM 78860.789062 1769425150.4155
MEM 78860.789062 1769425180.4960
MEM 78860.789062 1769425210.5822
MEM 78860.789062 1769425240.6911
MEM 78861.304688 1769425270.8597
MEM 78861.304688 1769425300.9248
MEM 78861.562500 1769425331.0377
MEM 78861.562500 1769425361.1839
MEM 78861.562500 1769425391.2619
MEM 78861.562500 1769425421.3912
MEM 78861.562500 1769425451.4494
MEM 78862.011719 1769425481.5106
MEM 78862.011719 1769425511.5771
MEM 78862.011719 1769425541.6569
MEM 78862.011719 1769425571.7855
MEM 78862.449219 1769425601.9057
MEM 78862.449219 1769425632.1187
MEM 78862.449219 1769425662.2408
MEM 78862.449219 1769425692.3191
MEM 78862.449219 1769425722.4187
MEM 78862.449219 1769425752.5457
MEM 78862.449219 1769425782.6732
MEM 78862.449219 1769425812.7806
MEM 78862.933594 1769425842.9382
MEM 78863.707031 1769425873.0457
MEM 78863.707031 1769425903.1289
MEM 78863.964844 1769425933.2106
MEM 78863.964844 1769425963.3190
MEM 78863.964844 1769425993.4390
MEM 78864.222656 1769426023.5523
MEM 78865.253906 1769426053.6982
MEM 78865.253906 1769426083.7642
MEM 78865.253906 1769426113.8490
MEM 78865.253906 1769426143.9921
MEM 78865.253906 1769426174.0521
MEM 78865.253906 1769426204.2281
MEM 78865.253906 1769426234.4386
MEM 78865.253906 1769426264.6722
MEM 78865.253906 1769426294.8138
MEM 78865.253906 1769426324.9094
MEM 78865.253906 1769426354.9755
MEM 78865.492188 1769426385.0981
MEM 78866.265625 1769426415.2651
MEM 78866.265625 1769426445.3554
MEM 78866.265625 1769426475.5050
MEM 78866.265625 1769426505.5699
MEM 78866.265625 1769426535.6567
MEM 78866.265625 1769426565.8541
MEM 78866.460938 1769426595.9825
MEM 78866.460938 1769426626.0452
MEM 78866.718750 1769426656.1407
MEM 78867.203125 1769426686.3448
MEM 78867.203125 1769426716.4417
MEM 78867.203125 1769426746.5344
MEM 78867.203125 1769426776.6467
MEM 78867.203125 1769426806.7129
MEM 78867.203125 1769426836.8252
MEM 78867.203125 1769426866.9159
MEM 78867.203125 1769426896.9821
MEM 78867.460938 1769426927.0427
MEM 78867.460938 1769426957.1057
MEM 78867.460938 1769426987.2339
MEM 78867.718750 1769427017.3438
MEM 78867.718750 1769427047.4972
MEM 78867.718750 1769427077.6422
MEM 78867.718750 1769427107.7638
MEM 78867.718750 1769427137.8569
MEM 78867.718750 1769427167.9190
MEM 78868.234375 1769427197.9857
MEM 78868.234375 1769427228.0483
MEM 78868.234375 1769427258.1286
MEM 78868.234375 1769427288.2129
MEM 78868.234375 1769427318.3004
MEM 78868.234375 1769427348.4072
MEM 78868.234375 1769427378.4728
MEM 78868.234375 1769427408.5553
MEM 78868.234375 1769427438.6200
MEM 78868.234375 1769427468.6854
MEM 78868.750000 1769427498.7491
MEM 78868.750000 1769427528.8187
MEM 78869.265625 1769427558.9204
MEM 78869.265625 1769427589.0145
MEM 78869.265625 1769427619.0967
MEM 78869.265625 1769427649.1650
MEM 78869.265625 1769427679.2797
MEM 78869.265625 1769427709.3692
MEM 78869.265625 1769427739.4639
MEM 78869.265625 1769427769.5489
MEM 78869.265625 1769427799.6153
MEM 78869.265625 1769427829.6794
MEM 78869.265625 1769427859.7610
MEM 78869.265625 1769427889.8651
MEM 78869.265625 1769427919.9347
MEM 78869.265625 1769427949.9911
MEM 78869.781250 1769427980.0641
MEM 78869.781250 1769428010.1687
MEM 78869.781250 1769428040.2120
MEM 78869.781250 1769428070.2807
MEM 78869.781250 1769428100.3571
MEM 78869.781250 1769428130.4197
MEM 78869.781250 1769428160.4974
MEM 78869.781250 1769428190.5657
MEM 78869.781250 1769428220.6481
MEM 78869.781250 1769428250.7128
MEM 78869.781250 1769428280.7801
MEM 78869.781250 1769428310.8616
MEM 78870.039062 1769428340.9452
MEM 78870.039062 1769428371.0127
MEM 78870.039062 1769428401.0784
MEM 78870.039062 1769428431.1672
MEM 78870.039062 1769428461.2284
MEM 78870.039062 1769428491.3861
MEM 78870.039062 1769428521.5525
MEM 78870.296875 1769428551.6787
MEM 78870.296875 1769428581.9028
MEM 78870.296875 1769428612.0497
MEM 78870.296875 1769428642.2421
MEM 78870.296875 1769428672.3969
MEM 78870.296875 1769428702.5296
MEM 78870.296875 1769428732.6195
MEM 78870.296875 1769428762.6829
MEM 78870.296875 1769428792.7506
MEM 78870.296875 1769428822.8184
MEM 78870.296875 1769428852.8854
MEM 78870.296875 1769428882.9689
MEM 78870.296875 1769428913.0447
MEM 78870.296875 1769428943.1318
MEM 78870.296875 1769428973.1958
MEM 78870.296875 1769429003.2843
MEM 78870.296875 1769429033.3493
MEM 78870.296875 1769429063.4108
MEM 78870.296875 1769429093.4916
MEM 78870.296875 1769429123.5619
MEM 78870.296875 1769429153.6407
MEM 78870.296875 1769429183.7245
MEM 78870.296875 1769429213.8205
MEM 78870.296875 1769429243.9064
MEM 78870.296875 1769429273.9983
MEM 78870.296875 1769429304.0644
MEM 78870.296875 1769429334.1525
MEM 78870.296875 1769429364.2458
MEM 78870.296875 1769429394.3987
MEM 78870.296875 1769429424.4578
MEM 78870.296875 1769429454.5568
MEM 78870.296875 1769429484.6497
MEM 78870.296875 1769429514.7096
MEM 78870.554688 1769429544.8132
MEM 78870.554688 1769429574.8878
MEM 78870.554688 1769429604.9669
MEM 78870.554688 1769429635.0481
MEM 78870.554688 1769429665.1159
MEM 78870.554688 1769429695.1971
MEM 78870.554688 1769429725.2700
MEM 78870.554688 1769429755.3433
MEM 78870.554688 1769429785.4170
MEM 78870.554688 1769429815.5313
MEM 78870.554688 1769429845.6222
MEM 78870.554688 1769429875.7147
MEM 78870.554688 1769429905.8192
MEM 78870.554688 1769429935.8896
MEM 78870.554688 1769429965.9714
MEM 78870.554688 1769429996.0636
MEM 78870.554688 1769430026.1764
MEM 78870.554688 1769430056.2529
MEM 78870.554688 1769430086.3135
MEM 78870.554688 1769430116.4938
MEM 78870.554688 1769430146.5757
MEM 78870.554688 1769430176.6952
MEM 78870.554688 1769430206.8292
MEM 78870.554688 1769430236.9410
MEM 78870.554688 1769430267.0575
MEM 78870.554688 1769430297.1686
MEM 78870.554688 1769430327.2783
MEM 78870.554688 1769430357.3641
MEM 78870.554688 1769430387.4254
MEM 78870.554688 1769430417.5353
MEM 78870.554688 1769430447.7462
MEM 78870.554688 1769430477.8042
MEM 78870.554688 1769430507.8710
MEM 78870.554688 1769430538.0137
MEM 78870.554688 1769430568.1623
MEM 78870.554688 1769430598.2731
MEM 78870.812500 1769430628.4957
MEM 78870.812500 1769430658.6010
MEM 78870.812500 1769430688.7259
MEM 78870.812500 1769430718.8143
MEM 78870.812500 1769430748.9417
MEM 78870.812500 1769430779.1194
MEM 78870.812500 1769430809.2401
MEM 78870.812500 1769430839.4708
MEM 78870.812500 1769430869.5297
MEM 78870.812500 1769430899.6272
MEM 78870.812500 1769430929.7710
MEM 78870.812500 1769430959.8345
MEM 78870.812500 1769430989.9227
MEM 78870.812500 1769431019.9841
MEM 78870.812500 1769431050.0725
MEM 78870.812500 1769431080.1646
MEM 78870.812500 1769431110.2229
MEM 78870.812500 1769431140.3009
MEM 78870.812500 1769431170.3801
MEM 78870.812500 1769431200.4575
MEM 78870.812500 1769431230.5233
MEM 78870.812500 1769431260.5865
MEM 78870.812500 1769431290.6746
MEM 78870.812500 1769431320.7460
MEM 78870.812500 1769431350.8419
MEM 78870.812500 1769431380.9332
MEM 78870.812500 1769431411.0117
MEM 78870.812500 1769431441.1354
MEM 78870.812500 1769431471.2481
MEM 78870.812500 1769431501.3856
MEM 78870.812500 1769431531.5664
MEM 78870.812500 1769431561.6353
MEM 78870.812500 1769431591.7001
MEM 78870.812500 1769431621.7629
MEM 78870.812500 1769431651.8804
MEM 78870.812500 1769431681.9503
MEM 78870.812500 1769431712.0066
MEM 78870.812500 1769431742.2136
MEM 78870.812500 1769431772.3377
MEM 78870.812500 1769431802.5237
MEM 78870.812500 1769431832.5898
MEM 78870.812500 1769431862.6664
MEM 78870.812500 1769431892.7408
MEM 78870.812500 1769431922.8529
MEM 78870.812500 1769431952.9529
MEM 78870.812500 1769431983.0493
MEM 78870.812500 1769432013.1580
MEM 78871.031250 1769432043.2466
MEM 78871.031250 1769432073.3506
MEM 78871.031250 1769432103.4144
MEM 78871.031250 1769432133.5221
MEM 78871.031250 1769432163.6653
MEM 78871.031250 1769432193.7696
MEM 78871.031250 1769432223.9376
MEM 78871.031250 1769432254.0893
MEM 78871.031250 1769432284.2334
MEM 78871.031250 1769432314.3213
MEM 78871.031250 1769432344.3862
MEM 78871.031250 1769432374.4572
MEM 78871.031250 1769432404.5771
MEM 78871.031250 1769432434.6670
MEM 78871.031250 1769432464.7311
MEM 78871.031250 1769432494.8131
MEM 78871.031250 1769432524.9295
MEM 78871.031250 1769432555.0078
MEM 78871.031250 1769432585.1250
MEM 78871.031250 1769432615.2198
MEM 78871.031250 1769432645.3460
MEM 78871.031250 1769432675.4394
MEM 78871.031250 1769432705.5329
MEM 78871.031250 1769432735.6335
MEM 78871.031250 1769432765.7298
MEM 78871.031250 1769432795.8287
MEM 78871.031250 1769432825.9736
MEM 78871.031250 1769432856.1457
MEM 78871.031250 1769432886.3124
MEM 78871.031250 1769432916.4041
MEM 78871.031250 1769432946.4881
MEM 78871.031250 1769432976.6371
MEM 78871.031250 1769433006.7105
MEM 78871.031250 1769433036.8439
MEM 78871.031250 1769433066.9559
MEM 78871.031250 1769433097.0388
MEM 78871.031250 1769433127.1930
MEM 78871.031250 1769433157.3314
MEM 78871.031250 1769433187.4486
MEM 78871.031250 1769433217.5412
MEM 78871.031250 1769433247.6063
MEM 78871.031250 1769433277.7165
MEM 78871.031250 1769433307.7996
MEM 78871.031250 1769433337.8630
MEM 78871.031250 1769433367.9270
MEM 78871.031250 1769433397.9837
MEM 78871.031250 1769433428.1296
MEM 78871.031250 1769433458.2453
MEM 78871.031250 1769433488.3498
MEM 78871.031250 1769433518.5135
MEM 78871.031250 1769433548.6057
MEM 78871.031250 1769433578.7264
MEM 78871.031250 1769433608.7908
MEM 78871.031250 1769433638.8932
MEM 78871.031250 1769433669.0116
MEM 78871.031250 1769433699.1346
MEM 78871.031250 1769433729.2531
MEM 78871.031250 1769433759.3294
MEM 78871.031250 1769433789.3905
MEM 78871.031250 1769433819.4471
MEM 78871.031250 1769433849.5367
MEM 78871.031250 1769433879.6572
MEM 78871.031250 1769433909.7264
MEM 78871.031250 1769433939.8097
MEM 78871.031250 1769433969.9135
MEM 78871.031250 1769433999.9976
MEM 78871.031250 1769434030.0615
MEM 78871.031250 1769434060.1298
MEM 78871.031250 1769434090.2320
MEM 78871.031250 1769434120.2998
MEM 78871.031250 1769434150.3694
MEM 78871.031250 1769434180.4675
MEM 78871.031250 1769434210.5475
MEM 78871.031250 1769434240.6129
MEM 78871.031250 1769434270.7454
MEM 78871.031250 1769434300.8647
MEM 78871.031250 1769434330.9695
MEM 78871.031250 1769434361.0789
MEM 78871.031250 1769434391.1414
MEM 78871.031250 1769434421.2029
MEM 78871.031250 1769434451.3422
MEM 78871.031250 1769434481.4073
MEM 78871.031250 1769434511.4627
MEM 78871.031250 1769434541.5592
MEM 78871.031250 1769434571.6219
MEM 78871.031250 1769434601.7635
MEM 78871.031250 1769434631.8436
MEM 78871.031250 1769434661.9102
MEM 78871.031250 1769434692.0022
MEM 78871.031250 1769434722.1121
MEM 78871.031250 1769434752.1797
MEM 78871.031250 1769434782.2578
MEM 78871.031250 1769434812.3227
MEM 78871.031250 1769434842.4278
MEM 78871.031250 1769434872.5209
MEM 78871.031250 1769434902.6486
MEM 78871.031250 1769434932.7101
MEM 78871.031250 1769434962.8313
MEM 78871.031250 1769434992.9365
MEM 78871.031250 1769435023.0399
MEM 78871.031250 1769435053.1433
MEM 78871.031250 1769435083.2313
MEM 78871.031250 1769435113.3333
MEM 78871.031250 1769435143.4188
MEM 78871.031250 1769435173.5333
MEM 78871.031250 1769435203.6131
MEM 78871.031250 1769435233.7150
MEM 78871.031250 1769435263.7937
MEM 78871.031250 1769435293.9189
MEM 78871.031250 1769435324.0209
MEM 78871.031250 1769435354.1115
MEM 78871.031250 1769435384.2012
MEM 78871.031250 1769435414.2598
MEM 78871.031250 1769435444.3674
MEM 78871.031250 1769435474.4536
MEM 25781.851562 1769435504.5172
MEM 33481.671875 1769435534.5811
MEM 39115.660156 1769435564.6441
MEM 40438.734375 1769435594.7087
MEM 41251.785156 1769435624.7726
MEM 41762.652344 1769435654.8365
MEM 42925.746094 1769435684.8997
MEM 44324.093750 1769435714.9633
MEM 45249.640625 1769435745.0250
MEM 48266.539062 1769435775.1002
MEM 39567.082031 1769435804.9886
