
Gurobi 13.0.0 (linux64) logging started Mon Jan 26 11:18:50 2026

Set parameter LogFile to value "/cluster/work/cpesm/acott/pypsa-eur/results/eu-overnight/elec_trans_heat_industry_sectors_no_biofuels_v2g_EU_2050_1h/logs/base_s_40___2050_solver.log"
Gurobi Optimizer version 13.0.0 build v13.0.0rc1 (linux64 - "Ubuntu 22.04.5 LTS")

CPU model: AMD EPYC 7742 64-Core Processor, instruction set [SSE2|AVX|AVX2]
Thread count: 128 physical cores, 128 logical processors, using up to 32 threads

Non-default parameters:
Method  2
BarConvTol  1e-05
Crossover  0
AggFill  0
PreDual  0
Seed  123
Threads  32
GURO_PAR_BARDENSETHRESH  200

Optimize a model with 48681713 rows, 23872683 columns and 106524546 nonzeros (Min)
Model fingerprint: 0x85351b9d
Model has 19991728 linear objective coefficients
Coefficient statistics:
  Matrix range     [2e-03, 5e+02]
  Objective range  [9e-03, 8e+05]
  Bounds range     [9e-02, 2e+11]
  RHS range        [9e-02, 1e+09]
Warning: Model contains large rhs
Warning: Model contains large bounds
         Consider reformulating model or setting NumericFocus parameter
         to avoid numerical issues.
Presolve removed 25843361 rows and 25822 columns (presolve time = 5s)...
Presolve removed 26082262 rows and 2386818 columns (presolve time = 13s)...
Presolve removed 26082262 rows and 2386818 columns (presolve time = 15s)...
Presolve removed 26082262 rows and 2386818 columns (presolve time = 20s)...
Presolve removed 26082262 rows and 2386818 columns (presolve time = 27s)...
Presolve removed 26095444 rows and 2400000 columns (presolve time = 30s)...
Presolve removed 28127509 rows and 4432065 columns (presolve time = 36s)...
Presolve removed 28127509 rows and 4432065 columns (presolve time = 44s)...
Presolve removed 28127509 rows and 4432065 columns (presolve time = 46s)...
Presolve removed 28127509 rows and 4432065 columns (presolve time = 53s)...
Presolve removed 28127509 rows and 4432065 columns (presolve time = 58s)...
Presolve removed 28127509 rows and 4432065 columns (presolve time = 63s)...
Presolve removed 28127509 rows and 4432065 columns (presolve time = 66s)...
Presolve removed 28127509 rows and 4432066 columns (presolve time = 72s)...
Presolve removed 28127509 rows and 4432066 columns (presolve time = 76s)...
Presolve removed 28127509 rows and 4432066 columns (presolve time = 81s)...
Presolve removed 28127509 rows and 4432066 columns (presolve time = 85s)...
Presolve removed 28127509 rows and 4432066 columns
Presolve time: 91.19s
Presolved: 20554204 rows, 19440617 columns, 73396601 nonzeros
Elapsed ordering time = 28s
Elapsed ordering time = 30s
Elapsed ordering time = 35s
Elapsed ordering time = 40s
Elapsed ordering time = 45s
Elapsed ordering time = 50s
Elapsed ordering time = 55s
Elapsed ordering time = 60s
Elapsed ordering time = 65s
Elapsed ordering time = 205s
Elapsed ordering time = 255s
Elapsed ordering time = 294s
Elapsed ordering time = 319s
Elapsed ordering time = 350s
Elapsed ordering time = 370s
Elapsed ordering time = 393s
Elapsed ordering time = 424s
Elapsed ordering time = 435s
Elapsed ordering time = 453s
Elapsed ordering time = 461s
Elapsed ordering time = 479s
Elapsed ordering time = 486s
Elapsed ordering time = 490s
Elapsed ordering time = 495s
Elapsed ordering time = 508s
Elapsed ordering time = 516s
Elapsed ordering time = 526s
Elapsed ordering time = 537s
Elapsed ordering time = 544s
Elapsed ordering time = 558s
Elapsed ordering time = 566s
Elapsed ordering time = 570s
Elapsed ordering time = 580s
Elapsed ordering time = 588s
Elapsed ordering time = 594s
Elapsed ordering time = 597s
Elapsed ordering time = 600s
Elapsed ordering time = 605s
Elapsed ordering time = 612s
Elapsed ordering time = 617s
Elapsed ordering time = 621s
Elapsed ordering time = 626s
Elapsed ordering time = 631s
Elapsed ordering time = 637s
Elapsed ordering time = 640s
Elapsed ordering time = 648s
Elapsed ordering time = 653s
Elapsed ordering time = 657s
Elapsed ordering time = 661s
Elapsed ordering time = 665s
Elapsed ordering time = 670s
Elapsed ordering time = 675s
Elapsed ordering time = 680s
Elapsed ordering time = 685s
Elapsed ordering time = 692s
Elapsed ordering time = 695s
Elapsed ordering time = 700s
Elapsed ordering time = 705s
Elapsed ordering time = 710s
Elapsed ordering time = 715s
Elapsed ordering time = 720s
Elapsed ordering time = 725s
Elapsed ordering time = 730s
Elapsed ordering time = 735s
Elapsed ordering time = 740s
Elapsed ordering time = 745s
Elapsed ordering time = 750s
Elapsed ordering time = 755s
Elapsed ordering time = 760s
Elapsed ordering time = 765s
Elapsed ordering time = 770s
Elapsed ordering time = 775s
Elapsed ordering time = 780s
Elapsed ordering time = 785s
Elapsed ordering time = 790s
Elapsed ordering time = 795s
Elapsed ordering time = 800s
Elapsed ordering time = 805s
Elapsed ordering time = 810s
Elapsed ordering time = 815s
Elapsed ordering time = 820s
Elapsed ordering time = 826s
Ordering time: 853.52s

Barrier statistics:
 Dense cols : 1402
 AA' NZ     : 8.635e+07
 Factor NZ  : 1.686e+09 (roughly 30.0 GB of memory)
 Factor Ops : 3.708e+12 (roughly 12 seconds per iteration)
 Threads    : 32

                  Objective                Residual
Iter       Primal          Dual         Primal    Dual     Compl     Time
   0   1.26247837e+21 -7.27575661e+18  2.60e+15 4.56e+04  1.48e+15  1023s
   1   1.02703364e+21 -5.86106763e+18  2.16e+15 6.91e+04  9.64e+14  1049s
   2   9.94131694e+20 -5.29741697e+18  2.09e+15 5.83e+04  8.64e+14  1077s
   3   7.68686127e+20 -4.50726885e+18  1.61e+15 5.25e+06  6.21e+14  1113s
   4   5.06889810e+20 -3.36282150e+18  1.05e+15 6.85e+06  4.06e+14  1145s
   5   3.24874512e+20 -2.72166634e+18  6.48e+14 2.18e+06  2.43e+14  1178s
   6   1.39590840e+20 -2.26655864e+18  2.28e+14 3.63e+06  8.89e+13  1209s
   7   9.95460774e+19 -1.89944741e+18  1.45e+14 5.01e+06  5.55e+13  1235s
   8   6.16854919e+19 -1.57941573e+18  7.84e+13 3.76e+06  2.98e+13  1258s
   9   1.88150878e+19 -1.32008171e+18  1.78e+13 2.82e+06  7.19e+12  1283s
  10   4.78201641e+18 -7.99465728e+17  3.02e+12 1.58e+06  1.27e+12  1312s
  11   1.20571951e+18 -3.91963251e+17  4.94e+11 9.15e+06  2.18e+11  1347s
  12   2.91564433e+17 -2.42977804e+17  9.45e+10 4.45e+06  4.67e+10  1376s
  13   1.26414469e+17 -1.57428643e+17  3.70e+10 1.75e+06  1.92e+10  1406s
  14   1.17053264e+17 -1.53654966e+17  3.38e+10 1.67e+06  1.78e+10  1441s
  15   9.37895018e+16 -7.82850278e+16  2.62e+10 2.68e+05  1.17e+10  1477s
  16   5.18396177e+16 -3.66870722e+16  1.33e+10 3.64e+03  5.36e+09  1516s
  17   1.22050670e+16 -1.81206091e+16  2.41e+09 5.51e+02  1.24e+09  1552s
  18   3.55052431e+15 -1.51589515e+16  6.46e+08 4.31e+02  5.89e+08  1586s
  19   1.36443454e+15 -1.19032656e+16  1.06e+08 3.28e+02  3.50e+08  1621s
  20   5.98599249e+14 -9.20886087e+15  2.00e+07 2.57e+02  2.48e+08  1663s
  21   3.76371142e+14 -3.55946578e+15  5.56e+06 9.62e+01  9.89e+07  1707s
  22   2.41781945e+14 -1.26216310e+15  2.72e+06 3.44e+01  3.77e+07  1747s
  23   1.67723597e+14 -1.21456834e+15  1.42e+06 3.31e+01  3.46e+07  1785s
  24   1.52595737e+14 -6.71663670e+14  1.20e+06 1.83e+01  2.06e+07  1815s
  25   9.79598199e+13 -2.45222422e+14  5.61e+05 6.86e+00  8.54e+06  1850s
  26   5.83285291e+13 -7.41096271e+13  2.29e+05 2.43e+00  3.26e+06  1891s
  27   5.32521795e+13 -3.21164867e+13  1.90e+05 1.34e+00  2.08e+06  1926s
  28   4.33581661e+13 -1.55543692e+13  1.20e+05 9.22e-01  1.42e+06  1958s
  29   4.20711613e+13 -1.41405360e+13  1.11e+05 8.88e-01  1.35e+06  1988s
  30   4.07643607e+13 -1.34234896e+12  1.03e+05 5.80e-01  9.97e+05  2025s
  31   3.65924514e+13  1.13494227e+12  7.70e+04 5.20e-01  8.31e+05  2071s
  32   3.57070617e+13  3.36558855e+12  7.19e+04 4.66e-01  7.54e+05  2122s
  33   3.41839604e+13  7.20552985e+12  6.28e+04 3.72e-01  6.20e+05  2174s
  34   3.24848060e+13  1.06046397e+13  5.26e+04 2.89e-01  4.93e+05  2225s
  35   3.16621778e+13  1.17886703e+13  4.77e+04 2.59e-01  4.43e+05  2278s
  36   3.06019167e+13  1.28924118e+13  4.14e+04 2.29e-01  3.90e+05  2327s
  37   2.93541826e+13  1.52651623e+13  3.37e+04 1.67e-01  3.00e+05  2380s
  38   2.84905800e+13  1.66765568e+13  2.86e+04 1.30e-01  2.44e+05  2434s
  39   2.79546458e+13  1.86053946e+13  2.52e+04 8.02e-02  1.83e+05  2480s
  40   2.73509380e+13  1.88612848e+13  2.18e+04 7.33e-02  1.62e+05  2535s
  41   2.70640995e+13  1.91530759e+13  2.02e+04 6.57e-02  1.48e+05  2588s
  42   2.64316905e+13  1.95758556e+13  1.68e+04 5.43e-02  1.22e+05  2639s
  43   2.62028726e+13  2.00816130e+13  1.56e+04 4.11e-02  1.04e+05  2694s
  44   2.60350111e+13  2.04226342e+13  1.47e+04 3.19e-02  9.15e+04  2736s
  45   2.56232484e+13  2.05324343e+13  1.24e+04 2.89e-02  7.91e+04  2794s
  46   2.53808772e+13  2.06451527e+13  1.11e+04 2.58e-02  7.08e+04  2849s
  47   2.52216545e+13  2.07006379e+13  1.03e+04 2.43e-02  6.57e+04  2895s
  48   2.51069190e+13  2.07832832e+13  9.67e+03 2.21e-02  6.11e+04  2947s
  49   2.50153205e+13  2.08695354e+13  9.16e+03 1.98e-02  5.69e+04  2996s
  50   2.49730930e+13  2.09448271e+13  8.94e+03 1.78e-02  5.41e+04  3034s
  51   2.47452520e+13  2.10619223e+13  7.73e+03 1.45e-02  4.61e+04  3085s
  52   2.46605328e+13  2.10887451e+13  7.30e+03 1.38e-02  4.35e+04  3128s
  53   2.45425869e+13  2.11131620e+13  6.70e+03 1.31e-02  4.04e+04  3180s
  54   2.45051692e+13  2.11314740e+13  6.51e+03 1.26e-02  3.91e+04  3222s
  55   2.44538542e+13  2.11522710e+13  6.25e+03 1.21e-02  3.75e+04  3265s
  56   2.43287462e+13  2.11991512e+13  5.64e+03 1.08e-02  3.36e+04  3316s
  57   2.42829541e+13  2.12248779e+13  5.41e+03 1.02e-02  3.20e+04  3365s
  58   2.42007690e+13  2.12502293e+13  5.02e+03 9.49e-03  2.97e+04  3413s
  59   2.40961841e+13  2.13160610e+13  4.52e+03 7.76e-03  2.59e+04  3466s
  60   2.39885487e+13  2.13486187e+13  4.03e+03 6.91e-03  2.29e+04  3525s
  61   2.38921935e+13  2.13957937e+13  3.57e+03 5.67e-03  1.99e+04  3579s
  62   2.38022760e+13  2.14085215e+13  3.15e+03 5.34e-03  1.78e+04  3626s
  63   2.37414666e+13  2.14293136e+13  2.88e+03 4.82e-03  1.62e+04  3682s
  64   2.36998363e+13  2.14357239e+13  2.69e+03 4.67e-03  1.53e+04  3739s
  65   2.36841495e+13  2.14406142e+13  2.63e+03 4.55e-03  1.49e+04  3792s
  66   2.36170460e+13  2.14504228e+13  2.34e+03 4.31e-03  1.35e+04  3846s
  67   2.35907650e+13  2.14619397e+13  2.23e+03 4.03e-03  1.28e+04  3897s
  68   2.35646067e+13  2.14698781e+13  2.12e+03 3.84e-03  1.22e+04  3949s
  69   2.35549750e+13  2.14746354e+13  2.08e+03 3.73e-03  1.19e+04  3989s
  70   2.35366460e+13  2.14820091e+13  2.00e+03 3.58e-03  1.14e+04  4025s
  71   2.35213772e+13  2.14875893e+13  1.94e+03 3.58e-03  1.10e+04  4078s
  72   2.34794495e+13  2.14922330e+13  1.78e+03 3.57e-03  1.03e+04  4133s
  73   2.34562101e+13  2.14977096e+13  1.69e+03 3.56e-03  9.81e+03  4180s
  74   2.34410828e+13  2.15049679e+13  1.63e+03 3.53e-03  9.40e+03  4227s
  75   2.34378069e+13  2.15078874e+13  1.61e+03 3.49e-03  9.27e+03  4272s
  76   2.34350974e+13  2.15083496e+13  1.60e+03 3.48e-03  9.22e+03  4313s
  77   2.34308503e+13  2.15106409e+13  1.58e+03 3.44e-03  9.09e+03  4351s
  78   2.34263409e+13  2.15116138e+13  1.56e+03 3.41e-03  9.00e+03  4395s
  79   2.34189803e+13  2.15146148e+13  1.52e+03 3.34e-03  8.79e+03  4439s
  80   2.34181301e+13  2.15148276e+13  1.52e+03 3.34e-03  8.77e+03  4475s
  81   2.34167489e+13  2.15151865e+13  1.51e+03 3.33e-03  8.74e+03  4511s
  82   2.34145065e+13  2.15157326e+13  1.50e+03 3.32e-03  8.69e+03  4548s
  83   2.34108491e+13  2.15170823e+13  1.49e+03 3.30e-03  8.60e+03  4591s
  84   2.34101458e+13  2.15171683e+13  1.49e+03 3.30e-03  8.59e+03  4630s
  85   2.34094119e+13  2.15172646e+13  1.48e+03 3.29e-03  8.57e+03  4672s
  86   2.34081940e+13  2.15174785e+13  1.48e+03 3.29e-03  8.55e+03  4711s
  87   2.34057263e+13  2.15180252e+13  1.47e+03 3.28e-03  8.49e+03  4758s
  88   2.34016753e+13  2.15196238e+13  1.45e+03 3.25e-03  8.39e+03  4801s
  89   2.34009935e+13  2.15196639e+13  1.45e+03 3.24e-03  8.38e+03  4842s
  90   2.33996835e+13  2.15198656e+13  1.44e+03 3.24e-03  8.35e+03  4884s
  91   2.33964308e+13  2.15211682e+13  1.42e+03 3.21e-03  8.27e+03  4922s
  92   2.33944355e+13  2.15218407e+13  1.42e+03 3.19e-03  8.22e+03  4960s
  93   2.33911976e+13  2.15231416e+13  1.40e+03 3.16e-03  8.13e+03  4999s
  94   2.33906034e+13  2.15232184e+13  1.40e+03 3.16e-03  8.12e+03  5036s
  95   2.33900116e+13  2.15232808e+13  1.40e+03 3.16e-03  8.11e+03  5076s
  96   2.33893934e+13  2.15233905e+13  1.39e+03 3.16e-03  8.10e+03  5116s
  97   2.33883923e+13  2.15238385e+13  1.39e+03 3.14e-03  8.07e+03  5154s
  98   2.33850525e+13  2.15252458e+13  1.38e+03 3.11e-03  7.98e+03  5199s
  99   2.33825066e+13  2.15256160e+13  1.36e+03 3.10e-03  7.93e+03  5235s
 100   2.33768235e+13  2.15272086e+13  1.34e+03 3.05e-03  7.80e+03  5279s
 101   2.33738416e+13  2.15273480e+13  1.32e+03 3.03e-03  7.74e+03  5317s
 102   2.33644777e+13  2.15294435e+13  1.28e+03 2.98e-03  7.53e+03  5360s
 103   2.33583470e+13  2.15341463e+13  1.25e+03 2.80e-03  7.31e+03  5414s
 104   2.33481309e+13  2.15370304e+13  1.21e+03 2.73e-03  7.06e+03  5469s
 105   2.33440770e+13  2.15396752e+13  1.19e+03 2.66e-03  6.92e+03  5512s
 106   2.33331342e+13  2.15444273e+13  1.14e+03 2.54e-03  6.62e+03  5555s
 107   2.33248531e+13  2.15460634e+13  1.10e+03 2.50e-03  6.43e+03  5600s
 108   2.33178664e+13  2.15477297e+13  1.07e+03 2.45e-03  6.28e+03  5644s
 109   2.33092067e+13  2.15517235e+13  1.03e+03 2.35e-03  6.03e+03  5700s
 110   2.33014596e+13  2.15564625e+13  9.96e+02 2.23e-03  5.79e+03  5757s
 111   2.32942016e+13  2.15593465e+13  9.64e+02 2.15e-03  5.60e+03  5801s
 112   2.32884798e+13  2.15627920e+13  9.39e+02 2.06e-03  5.42e+03  5851s
 113   2.32804434e+13  2.15665554e+13  9.05e+02 1.97e-03  5.20e+03  5903s
 114   2.32747723e+13  2.15685981e+13  8.81e+02 1.92e-03  5.06e+03  5941s
 115   2.32711346e+13  2.15703112e+13  8.65e+02 1.87e-03  4.96e+03  5986s
 116   2.32664911e+13  2.15709050e+13  8.46e+02 1.86e-03  4.87e+03  6031s
 117   2.32622382e+13  2.15731275e+13  8.28e+02 1.80e-03  4.75e+03  6075s
 118   2.32566064e+13  2.15736948e+13  8.05e+02 1.79e-03  4.65e+03  6124s
 119   2.32534905e+13  2.15747991e+13  7.92e+02 1.76e-03  4.58e+03  6164s
 120   2.32499304e+13  2.15765062e+13  7.78e+02 1.71e-03  4.48e+03  6212s
 121   2.32459922e+13  2.15775309e+13  7.62e+02 1.69e-03  4.40e+03  6256s
 122   2.32415987e+13  2.15786931e+13  7.45e+02 1.66e-03  4.31e+03  6304s
 123   2.32397168e+13  2.15787488e+13  7.38e+02 1.66e-03  4.28e+03  6347s
 124   2.32351660e+13  2.15804011e+13  7.19e+02 1.61e-03  4.17e+03  6399s
 125   2.32325842e+13  2.15812614e+13  7.09e+02 1.59e-03  4.12e+03  6441s
 126   2.32300137e+13  2.15819113e+13  6.99e+02 1.58e-03  4.06e+03  6482s
 127   2.32259208e+13  2.15850877e+13  6.83e+02 1.50e-03  3.93e+03  6528s
 128   2.32225920e+13  2.15856561e+13  6.70e+02 1.48e-03  3.87e+03  6574s
 129   2.32201796e+13  2.15861785e+13  6.61e+02 1.47e-03  3.82e+03  6620s
 130   2.32167552e+13  2.15863600e+13  6.48e+02 1.46e-03  3.77e+03  6661s
 131   2.32153481e+13  2.15864317e+13  6.43e+02 1.46e-03  3.75e+03  6712s
 132   2.32141172e+13  2.15865271e+13  6.38e+02 1.46e-03  3.73e+03  6753s
 133   2.32114202e+13  2.15884605e+13  6.27e+02 1.41e-03  3.65e+03  6801s
 134   2.32076427e+13  2.15899336e+13  6.13e+02 1.37e-03  3.56e+03  6849s
 135   2.32037715e+13  2.15905438e+13  5.99e+02 1.36e-03  3.50e+03  6894s
 136   2.31981678e+13  2.15931765e+13  5.79e+02 1.29e-03  3.36e+03  6948s
 137   2.31948663e+13  2.15940467e+13  5.68e+02 1.27e-03  3.29e+03  6992s
 138   2.31917047e+13  2.15948206e+13  5.57e+02 1.25e-03  3.23e+03  7035s
 139   2.31907529e+13  2.15956979e+13  5.53e+02 1.23e-03  3.20e+03  7081s
 140   2.31886247e+13  2.15965766e+13  5.46e+02 1.21e-03  3.15e+03  7121s
 141   2.31840139e+13  2.15973643e+13  5.30e+02 1.19e-03  3.07e+03  7170s
 142   2.31794779e+13  2.15987608e+13  5.15e+02 1.15e-03  2.98e+03  7219s
 143   2.31762344e+13  2.15992632e+13  5.04e+02 1.14e-03  2.93e+03  7259s
 144   2.31733295e+13  2.15997398e+13  4.94e+02 1.13e-03  2.89e+03  7301s
 145   2.31697826e+13  2.15999658e+13  4.82e+02 1.12e-03  2.84e+03  7343s
 146   2.31676299e+13  2.16012292e+13  4.75e+02 1.09e-03  2.78e+03  7381s
 147   2.31656215e+13  2.16023415e+13  4.69e+02 1.07e-03  2.73e+03  7430s
 148   2.31606181e+13  2.16029775e+13  4.53e+02 1.05e-03  2.66e+03  7470s
 149   2.31580683e+13  2.16037628e+13  4.45e+02 1.03e-03  2.61e+03  7508s
 150   2.31521050e+13  2.16062239e+13  4.26e+02 1.02e-03  2.48e+03  7561s
 151   2.31452070e+13  2.16072274e+13  4.05e+02 1.02e-03  2.38e+03  7616s
 152   2.31405988e+13  2.16087411e+13  3.92e+02 1.02e-03  2.30e+03  7668s
 153   2.31370894e+13  2.16097252e+13  3.82e+02 1.02e-03  2.24e+03  7712s
 154   2.31335216e+13  2.16099168e+13  3.72e+02 1.02e-03  2.20e+03  7755s
 155   2.31298677e+13  2.16112993e+13  3.61e+02 1.02e-03  2.12e+03  7806s
 156   2.31274828e+13  2.16115492e+13  3.55e+02 1.02e-03  2.10e+03  7847s
 157   2.31241434e+13  2.16123463e+13  3.45e+02 1.02e-03  2.04e+03  7898s
 158   2.31202548e+13  2.16127910e+13  3.35e+02 1.02e-03  2.00e+03  7939s
 159   2.31191677e+13  2.16128825e+13  3.32e+02 1.02e-03  1.98e+03  7975s
 160   2.31186504e+13  2.16131123e+13  3.31e+02 1.02e-03  1.97e+03  8010s
 161   2.31160997e+13  2.16145330e+13  3.24e+02 1.02e-03  1.92e+03  8053s
 162   2.31113633e+13  2.16162010e+13  3.12e+02 1.02e-03  1.83e+03  8102s
 163   2.31083714e+13  2.16164239e+13  3.04e+02 1.02e-03  1.80e+03  8141s
 164   2.31050057e+13  2.16168728e+13  2.96e+02 1.02e-03  1.76e+03  8193s
 165   2.31016368e+13  2.16176819e+13  2.87e+02 1.02e-03  1.71e+03  8248s
 166   2.30973684e+13  2.16185635e+13  2.77e+02 1.02e-03  1.65e+03  8303s
 167   2.30933801e+13  2.16197442e+13  2.68e+02 1.02e-03  1.59e+03  8356s
 168   2.30881752e+13  2.16210652e+13  2.56e+02 1.02e-03  1.52e+03  8408s
 169   2.30842272e+13  2.16214035e+13  2.47e+02 1.02e-03  1.48e+03  8457s
 170   2.30820367e+13  2.16216977e+13  2.42e+02 1.02e-03  1.46e+03  8502s
 171   2.30769913e+13  2.16227737e+13  2.31e+02 1.02e-03  1.39e+03  8553s
 172   2.30744857e+13  2.16232587e+13  2.26e+02 1.02e-03  1.36e+03  8592s
 173   2.30728653e+13  2.16233826e+13  2.23e+02 1.02e-03  1.35e+03  8629s
 174   2.30691145e+13  2.16240989e+13  2.15e+02 1.02e-03  1.30e+03  8681s
 175   2.30659861e+13  2.16247695e+13  2.09e+02 1.02e-03  1.27e+03  8726s
 176   2.30636458e+13  2.16249514e+13  2.04e+02 1.02e-03  1.25e+03  8770s
 177   2.30608605e+13  2.16251633e+13  1.99e+02 1.02e-03  1.22e+03  8812s
 178   2.30570336e+13  2.16257195e+13  1.92e+02 1.02e-03  1.19e+03  8864s
 179   2.30534540e+13  2.16262229e+13  1.85e+02 1.02e-03  1.15e+03  8915s
 180   2.30506488e+13  2.16271483e+13  1.81e+02 1.02e-03  1.11e+03  8965s
 181   2.30470638e+13  2.16274920e+13  1.74e+02 1.02e-03  1.08e+03  9006s
 182   2.30448564e+13  2.16276628e+13  1.71e+02 1.02e-03  1.07e+03  9047s
 183   2.30417296e+13  2.16279820e+13  1.65e+02 1.02e-03  1.04e+03  9090s
 184   2.30372663e+13  2.16290693e+13  1.58e+02 1.02e-03  9.89e+02  9139s
 185   2.30325745e+13  2.16292862e+13  1.51e+02 1.02e-03  9.60e+02  9189s
 186   2.30300962e+13  2.16300887e+13  1.47e+02 1.02e-03  9.27e+02  9238s
 187   2.30261426e+13  2.16308232e+13  1.41e+02 1.02e-03  8.90e+02  9288s
 188   2.30230120e+13  2.16320105e+13  1.37e+02 1.02e-03  8.46e+02  9334s
 189   2.30184310e+13  2.16325113e+13  1.30e+02 1.02e-03  8.12e+02  9385s
 190   2.30150185e+13  2.16330218e+13  1.26e+02 1.02e-03  7.84e+02  9431s
 191   2.30133907e+13  2.16331837e+13  1.23e+02 1.02e-03  7.73e+02  9469s
 192   2.30105706e+13  2.16333895e+13  1.20e+02 1.02e-03  7.57e+02  9516s
 193   2.30083941e+13  2.16335389e+13  1.17e+02 1.02e-03  7.44e+02  9550s
 194   2.30074430e+13  2.16336009e+13  1.16e+02 1.02e-03  7.39e+02  9583s
 195   2.30047427e+13  2.16346008e+13  1.13e+02 1.02e-03  7.03e+02  9620s
 196   2.30000713e+13  2.16350990e+13  1.07e+02 1.02e-03  6.72e+02  9667s
 197   2.29958423e+13  2.16354585e+13  1.02e+02 1.02e-03  6.48e+02  9713s
 198   2.29922447e+13  2.16357837e+13  9.82e+01 1.02e-03  6.27e+02  9761s
 199   2.29889010e+13  2.16361256e+13  9.47e+01 1.02e-03  6.07e+02  9808s
 200   2.29853808e+13  2.16368270e+13  9.10e+01 1.02e-03  5.78e+02  9854s
 201   2.29825302e+13  2.16370925e+13  8.82e+01 1.02e-03  5.62e+02  9897s
 202   2.29790354e+13  2.16374326e+13  8.48e+01 1.02e-03  5.43e+02  9933s
 203   2.29757573e+13  2.16378367e+13  8.17e+01 1.02e-03  5.23e+02  9981s
 204   2.29706895e+13  2.16381263e+13  7.71e+01 1.02e-03  5.01e+02  10028s
 205   2.29671241e+13  2.16385648e+13  7.41e+01 1.02e-03  4.80e+02  10074s
 206   2.29638838e+13  2.16388752e+13  7.14e+01 1.02e-03  4.64e+02  10122s
 207   2.29603951e+13  2.16392813e+13  6.86e+01 1.02e-03  4.45e+02  10169s
 208   2.29587285e+13  2.16394592e+13  6.73e+01 1.02e-03  4.37e+02  10205s
 209   2.29554327e+13  2.16397045e+13  6.48e+01 1.02e-03  4.23e+02  10243s
 210   2.29525376e+13  2.16398410e+13  6.26e+01 1.02e-03  4.12e+02  10281s
 211   2.29507509e+13  2.16399686e+13  6.13e+01 1.02e-03  4.05e+02  10317s
 212   2.29474277e+13  2.16402044e+13  5.90e+01 1.02e-03  3.92e+02  10354s
 213   2.29456295e+13  2.16403692e+13  5.78e+01 1.02e-03  3.84e+02  10393s
 214   2.29424863e+13  2.16405456e+13  5.57e+01 1.02e-03  3.73e+02  10435s
 215   2.29403504e+13  2.16406766e+13  5.43e+01 1.02e-03  3.66e+02  10472s
 216   2.29379362e+13  2.16408827e+13  5.28e+01 1.02e-03  3.56e+02  10520s
 217   2.29348891e+13  2.16412526e+13  5.09e+01 1.02e-03  3.41e+02  10563s
 218   2.29310423e+13  2.16414199e+13  4.86e+01 1.02e-03  3.30e+02  10610s
 219   2.29301083e+13  2.16415580e+13  4.81e+01 1.02e-03  3.25e+02  10644s
 220   2.29261341e+13  2.16417832e+13  4.59e+01 1.02e-03  3.12e+02  10695s
 221   2.29238777e+13  2.16421897e+13  4.47e+01 1.02e-03  2.98e+02  10743s
 222   2.29209171e+13  2.16423720e+13  4.31e+01 1.02e-03  2.89e+02  10787s
 223   2.29184692e+13  2.16424530e+13  4.18e+01 1.02e-03  2.83e+02  10829s
 224   2.29175482e+13  2.16425222e+13  4.14e+01 1.02e-03  2.80e+02  10864s
 225   2.29139199e+13  2.16427104e+13  3.96e+01 1.02e-03  2.69e+02  10910s
 226   2.29114716e+13  2.16428477e+13  3.85e+01 1.02e-03  2.62e+02  10949s
 227   2.29081602e+13  2.16432431e+13  3.70e+01 1.02e-03  2.48e+02  10994s
 228   2.29071102e+13  2.16433367e+13  3.65e+01 1.02e-03  2.44e+02  11028s
 229   2.29047657e+13  2.16434094e+13  3.55e+01 1.02e-03  2.39e+02  11062s
 230   2.29032269e+13  2.16436925e+13  3.48e+01 1.02e-03  2.30e+02  11106s
 231   2.29004967e+13  2.16439282e+13  3.37e+01 1.02e-03  2.21e+02  11153s
 232   2.28956123e+13  2.16442060e+13  3.17e+01 1.02e-03  2.08e+02  11202s
 233   2.28907848e+13  2.16444221e+13  2.99e+01 1.02e-03  1.96e+02  11255s
 234   2.28856567e+13  2.16446370e+13  2.80e+01 1.02e-03  1.85e+02  11300s
 235   2.28820755e+13  2.16447822e+13  2.68e+01 1.02e-03  1.78e+02  11346s
 236   2.28785991e+13  2.16449631e+13  2.56e+01 1.02e-03  1.70e+02  11395s
 237   2.28749260e+13  2.16450566e+13  2.44e+01 1.02e-03  1.64e+02  11432s
 238   2.28734471e+13  2.16451808e+13  2.40e+01 1.02e-03  1.60e+02  11470s
 239   2.28712974e+13  2.16453074e+13  2.33e+01 1.02e-03  1.54e+02  11521s
 240   2.28685471e+13  2.16455231e+13  2.25e+01 1.02e-03  1.47e+02  11566s
 241   2.28639846e+13  2.16456964e+13  2.12e+01 1.02e-03  1.38e+02  11614s
 242   2.28610180e+13  2.16458139e+13  2.04e+01 1.02e-03  1.33e+02  11662s
 243   2.28574800e+13  2.16458829e+13  1.95e+01 1.02e-03  1.28e+02  11703s
 244   2.28545827e+13  2.16459333e+13  1.88e+01 1.02e-03  1.25e+02  11752s
 245   2.28514674e+13  2.16460247e+13  1.81e+01 1.02e-03  1.20e+02  11797s
 246   2.28493588e+13  2.16461270e+13  1.76e+01 1.02e-03  1.16e+02  11842s
 247   2.28456575e+13  2.16461943e+13  1.68e+01 1.02e-03  1.12e+02  11889s
 248   2.28415715e+13  2.16462929e+13  1.59e+01 1.02e-03  1.07e+02  11936s
 249   2.28382697e+13  2.16464062e+13  1.53e+01 1.02e-03  1.02e+02  11987s
 250   2.28333442e+13  2.16465013e+13  1.44e+01 1.02e-03  9.69e+01  12034s
 251   2.28276074e+13  2.16465839e+13  1.39e+01 1.02e-03  9.32e+01  12090s
 252   2.28211103e+13  2.16466565e+13  1.33e+01 1.02e-03  8.96e+01  12131s
 253   2.28177784e+13  2.16467139e+13  1.31e+01 1.02e-03  8.72e+01  12178s
 254   2.28068008e+13  2.16467655e+13  1.22e+01 1.02e-03  8.31e+01  12228s
 255   2.28014889e+13  2.16468849e+13  1.18e+01 1.02e-03  7.88e+01  12279s
 256   2.27955389e+13  2.16469720e+13  1.14e+01 1.02e-03  7.52e+01  12332s
 257   2.27906234e+13  2.16470138e+13  1.10e+01 1.02e-03  7.31e+01  12373s
 258   2.27835576e+13  2.16470773e+13  1.05e+01 1.02e-03  6.99e+01  12429s
 259   2.27738790e+13  2.16471417e+13  9.94e+00 1.02e-03  6.63e+01  12484s
 260   2.27666291e+13  2.16472007e+13  9.53e+00 1.02e-03  6.34e+01  12537s
 261   2.27581268e+13  2.16472513e+13  9.02e+00 1.02e-03  6.05e+01  12591s
 262   2.27479709e+13  2.16472960e+13  8.44e+00 1.02e-03  5.76e+01  12642s
 263   2.27421297e+13  2.16473405e+13  8.13e+00 1.02e-03  5.55e+01  12689s
 264   2.27356942e+13  2.16473744e+13  7.80e+00 1.02e-03  5.37e+01  12752s

Barrier solved model in 264 iterations and 12751.98 seconds (8005.68 work units)
Optimal objective 2.27356942e+13

