MEM 815.992188 1769078466.9889
MEM 816.464844 1769078467.0615
MEM 3486.804688 1769078497.1544
MEM 3310.566406 1769078527.2466
MEM 5209.800781 1769078557.3391
MEM 26803.058594 1769078587.4191
MEM 23366.105469 1769078617.5657
MEM 23026.117188 1769078647.9935
MEM 23966.781250 1769078678.1286
MEM 23012.929688 1769078708.4552
MEM 23945.964844 1769078738.8101
MEM 23950.851562 1769078769.0012
MEM 24159.753906 1769078799.1549
MEM 24162.585938 1769078829.3374
MEM 24165.679688 1769078859.4839
MEM 24168.515625 1769078889.7570
MEM 24171.593750 1769078919.8715
MEM 24172.882812 1769078950.1455
MEM 24174.429688 1769078980.2813
MEM 24175.203125 1769079010.4612
MEM 24176.492188 1769079040.6135
MEM 24177.007812 1769079070.7568
MEM 24178.039062 1769079100.8852
MEM 24178.554688 1769079131.0047
MEM 24178.812500 1769079161.1606
MEM 24179.585938 1769079191.5046
MEM 24179.843750 1769079222.1300
MEM 24180.875000 1769079252.3015
MEM 24180.875000 1769079282.5446
MEM 24181.132812 1769079312.6834
MEM 24181.390625 1769079342.9989
MEM 24181.648438 1769079373.3731
MEM 24182.421875 1769079403.4867
MEM 24182.937500 1769079433.7903
MEM 24183.195312 1769079464.0550
MEM 24183.195312 1769079494.2279
MEM 24183.453125 1769079524.3619
MEM 24183.710938 1769079554.6036
MEM 24183.710938 1769079584.7846
MEM 24184.226562 1769079614.9347
MEM 24184.226562 1769079645.0931
MEM 24184.484375 1769079675.2112
MEM 24184.484375 1769079705.3176
MEM 24184.484375 1769079735.6082
MEM 24185.000000 1769079766.1314
MEM 24185.257812 1769079796.3806
MEM 9325.609375 1769079826.4741
MEM 9040.222656 1769079856.5662
MEM 9041.394531 1769079857.2543
