
Gurobi 13.0.0 (linux64) logging started Thu Jan 22 11:42:19 2026

Set parameter LogFile to value "/cluster/work/cpesm/acott/pypsa-eur/results/eu-overnight/elec_trans_heat_industry_sectors_EU_2050_6h/logs/base_s_40___2050_solver.log"
Gurobi Optimizer version 13.0.0 build v13.0.0rc1 (linux64 - "Ubuntu 22.04.5 LTS")

CPU model: AMD EPYC 7763 64-Core Processor, instruction set [SSE2|AVX|AVX2]
Thread count: 128 physical cores, 128 logical processors, using up to 32 threads

Non-default parameters:
Method  2
BarConvTol  1e-05
Crossover  0
AggFill  0
PreDual  0
Seed  123
Threads  32
GURO_PAR_BARDENSETHRESH  200

Optimize a model with 8472015 rows, 4158465 columns and 19224791 nonzeros (Min)
Model fingerprint: 0x5809aa77
Model has 3511410 linear objective coefficients
Coefficient statistics:
  Matrix range     [2e-03, 5e+02]
  Objective range  [5e-02, 8e+05]
  Bounds range     [9e-02, 2e+11]
  RHS range        [4e-01, 1e+09]
Warning: Model contains large rhs
Warning: Model contains large bounds
         Consider reformulating model or setting NumericFocus parameter
         to avoid numerical issues.
Presolve removed 4526968 rows and 780000 columns (presolve time = 5s)...
Presolve removed 4798414 rows and 1051446 columns (presolve time = 10s)...
Presolve removed 4913524 rows and 1051486 columns (presolve time = 15s)...
Presolve removed 4913524 rows and 1051486 columns
Presolve time: 15.76s
Presolved: 3558491 rows, 3106979 columns, 12980366 nonzeros
Elapsed ordering time = 5s
Elapsed ordering time = 26s
Elapsed ordering time = 41s
Elapsed ordering time = 50s
Elapsed ordering time = 58s
Elapsed ordering time = 62s
Elapsed ordering time = 66s
Elapsed ordering time = 74s
Elapsed ordering time = 76s
Elapsed ordering time = 81s
Elapsed ordering time = 85s
Elapsed ordering time = 91s
Elapsed ordering time = 95s
Elapsed ordering time = 100s
Elapsed ordering time = 105s
Elapsed ordering time = 110s
Elapsed ordering time = 115s
Elapsed ordering time = 120s
Elapsed ordering time = 125s
Elapsed ordering time = 130s
Ordering time: 143.31s

Barrier statistics:
 Dense cols : 1485
 AA' NZ     : 1.577e+07
 Factor NZ  : 2.211e+08 (roughly 4.5 GB of memory)
 Factor Ops : 3.375e+11 (roughly 1 second per iteration)
 Threads    : 32

                  Objective                Residual
Iter       Primal          Dual         Primal    Dual     Compl     Time
   0   1.08212321e+19 -1.74872118e+17  1.42e+13 5.39e+00  7.78e+13   174s
   1   9.13504869e+18 -1.88531710e+17  1.19e+13 2.01e+05  5.80e+13   179s
   2   8.18555911e+18 -2.02905493e+17  1.06e+13 1.36e+05  4.12e+13   186s
   3   4.85693952e+18 -2.01715470e+17  4.74e+12 9.73e+04  2.21e+13   197s
   4   4.24535818e+18 -1.83695778e+17  3.81e+12 1.47e+05  1.36e+13   207s
   5   2.75699440e+18 -1.61197859e+17  2.08e+12 2.57e+05  6.53e+12   215s
   6   8.93926447e+17 -1.30698053e+17  5.03e+11 1.84e+05  1.64e+12   223s
   7   4.37231375e+17 -9.98077083e+16  2.16e+11 1.11e+05  6.95e+11   227s
   8   1.69440836e+17 -7.92916374e+16  7.30e+10 4.55e+05  2.40e+11   233s
   9   7.89422983e+16 -6.55083053e+16  3.03e+10 2.70e+05  1.05e+11   239s
  10   5.10946552e+16 -5.76492638e+16  1.85e+10 1.70e+05  6.59e+10   244s
  11   3.74837857e+16 -4.32175685e+16  1.29e+10 2.04e+05  4.39e+10   251s
  12   1.35705155e+16 -2.82377619e+16  3.18e+09 5.41e+04  1.34e+10   262s
  13   3.58524942e+15 -1.11091915e+16  6.38e+08 8.67e+03  3.27e+09   271s
  14   1.45802831e+15 -7.39332102e+15  2.24e+08 5.30e+03  1.64e+09   278s
  15   7.38388653e+14 -3.18311849e+15  1.08e+08 2.00e+03  6.97e+08   287s
  16   5.50825524e+14 -2.81991635e+15  7.04e+07 1.75e+03  5.71e+08   293s
  17   2.42515106e+14 -1.69463708e+15  2.30e+07 1.00e+03  3.05e+08   301s
  18   1.45267191e+14 -6.50680944e+14  1.29e+07 3.55e+02  1.24e+08   311s
  19   9.09861198e+13 -4.08859958e+14  8.06e+06 2.15e+02  7.72e+07   320s
  20   7.90761299e+13 -2.75958794e+14  6.39e+06 1.42e+02  5.46e+07   325s
  21   3.97303538e+13 -1.91960169e+14  3.24e+06 9.61e+01  3.52e+07   331s
  22   2.85629003e+13 -1.07495135e+14  1.93e+06 5.28e+01  2.05e+07   339s
  23   2.37146083e+13 -6.10769446e+13  1.55e+06 2.96e+01  1.28e+07   346s
  24   1.39826031e+13 -2.92336621e+13  8.36e+05 1.34e+01  6.48e+06   355s
  25   1.23639718e+13 -1.49969327e+13  7.28e+05 7.30e+00  4.10e+06   363s
  26   8.88263464e+12 -1.31160322e+13  5.01e+05 6.40e+00  3.29e+06   371s
  27   8.16933722e+12 -1.13290600e+13  4.53e+05 5.59e+00  2.92e+06   377s
  28   6.92382711e+12 -9.45991113e+12  3.72e+05 4.71e+00  2.45e+06   384s
  29   5.73409926e+12 -8.02176873e+12  2.95e+05 4.04e+00  2.05e+06   391s
  30   4.95847468e+12 -5.92277002e+12  2.46e+05 3.08e+00  1.62e+06   398s
  31   4.03628199e+12 -4.28873402e+12  1.91e+05 2.34e+00  1.24e+06   410s
  32   3.78627904e+12 -3.65491623e+12  1.76e+05 2.05e+00  1.11e+06   420s
  33   3.34279333e+12 -2.41713578e+12  1.50e+05 1.48e+00  8.58e+05   433s
  34   2.81406343e+12 -1.94095132e+12  1.19e+05 1.25e+00  7.08e+05   445s
  35   2.44820224e+12 -1.12280496e+12  9.77e+04 8.56e-01  5.32e+05   457s
  36   2.05974716e+12 -7.12506696e+11  7.61e+04 6.57e-01  4.13e+05   466s
  37   1.78709520e+12 -4.71156303e+11  6.15e+04 5.37e-01  3.36e+05   478s
  38   1.58422153e+12 -1.99592662e+11  5.05e+04 4.01e-01  2.65e+05   488s
  39   1.39823354e+12 -6.01592929e+10  4.08e+04 3.31e-01  2.17e+05   499s
  40   1.24002440e+12  2.98265806e+10  3.27e+04 2.85e-01  1.80e+05   508s
  41   1.13290897e+12  1.10205720e+11  2.72e+04 2.45e-01  1.52e+05   520s
  42   1.07236416e+12  1.63129193e+11  2.42e+04 2.17e-01  1.35e+05   533s
  43   1.02274013e+12  1.89840570e+11  2.17e+04 2.03e-01  1.24e+05   542s
  44   9.85761777e+11  2.32431704e+11  1.98e+04 1.81e-01  1.12e+05   552s
  45   9.10112560e+11  2.81647524e+11  1.61e+04 1.55e-01  9.34e+04   562s
  46   8.88368538e+11  3.02437932e+11  1.50e+04 1.44e-01  8.71e+04   571s
  47   8.42598670e+11  3.40463294e+11  1.27e+04 1.24e-01  7.47e+04   582s
  48   8.28859537e+11  3.53513765e+11  1.20e+04 1.18e-01  7.07e+04   591s
  49   8.03069350e+11  3.72688060e+11  1.08e+04 1.07e-01  6.40e+04   605s
  50   7.75029770e+11  3.99849104e+11  9.38e+03 9.31e-02  5.58e+04   616s
  51   7.41277326e+11  4.13893703e+11  7.75e+03 8.56e-02  4.87e+04   626s
  52   7.20745706e+11  4.32840543e+11  6.74e+03 7.56e-02  4.28e+04   637s
  53   7.07108434e+11  4.66952553e+11  6.08e+03 5.80e-02  3.57e+04   649s
  54   6.90152607e+11  4.76470920e+11  5.27e+03 5.30e-02  3.18e+04   658s
  55   6.76656344e+11  4.83765990e+11  4.62e+03 4.92e-02  2.87e+04   670s
  56   6.68106298e+11  4.88431300e+11  4.21e+03 4.69e-02  2.67e+04   683s
  57   6.63082333e+11  4.91971683e+11  3.96e+03 4.51e-02  2.54e+04   692s
  58   6.57399911e+11  4.98078467e+11  3.68e+03 4.21e-02  2.37e+04   703s
  59   6.56704763e+11  4.99205501e+11  3.65e+03 4.14e-02  2.34e+04   713s
  60   6.56450365e+11  5.00567358e+11  3.64e+03 4.07e-02  2.32e+04   720s
  61   6.47754310e+11  5.08294146e+11  3.21e+03 3.69e-02  2.07e+04   729s
  62   6.43345314e+11  5.11993386e+11  3.00e+03 3.51e-02  1.95e+04   738s
  63   6.40067401e+11  5.15904936e+11  2.84e+03 3.31e-02  1.85e+04   748s
  64   6.32976004e+11  5.19728338e+11  2.49e+03 3.12e-02  1.68e+04   762s
  65   6.30123833e+11  5.24523836e+11  2.35e+03 2.88e-02  1.57e+04   775s
  66   6.29291002e+11  5.28515298e+11  2.31e+03 2.68e-02  1.50e+04   783s
  67   6.28140614e+11  5.28867585e+11  2.25e+03 2.66e-02  1.48e+04   790s
  68   6.25801304e+11  5.32896550e+11  2.14e+03 2.46e-02  1.38e+04   805s
  69   6.21463312e+11  5.37638394e+11  1.93e+03 2.22e-02  1.25e+04   814s
  70   6.18695789e+11  5.40022531e+11  1.80e+03 2.09e-02  1.17e+04   828s
  71   6.15013861e+11  5.44491456e+11  1.62e+03 1.87e-02  1.05e+04   838s
  72   6.11677801e+11  5.48162753e+11  1.46e+03 1.68e-02  9.44e+03   849s
  73   6.08061389e+11  5.50501896e+11  1.29e+03 1.56e-02  8.55e+03   864s
  74   6.05914310e+11  5.51895155e+11  1.18e+03 1.49e-02  8.03e+03   875s
  75   6.02825984e+11  5.53430774e+11  1.03e+03 1.42e-02  7.34e+03   886s
  76   6.01228476e+11  5.56527483e+11  9.52e+02 1.26e-02  6.64e+03   896s
  77   6.00782980e+11  5.57113518e+11  9.31e+02 1.23e-02  6.49e+03   907s
  78   5.99400460e+11  5.60613577e+11  8.63e+02 1.05e-02  5.76e+03   918s
  79   5.97149513e+11  5.62120061e+11  7.54e+02 9.76e-03  5.21e+03   930s
  80   5.96297254e+11  5.64235630e+11  7.12e+02 8.69e-03  4.76e+03   941s
  81   5.95114833e+11  5.65979320e+11  6.54e+02 7.81e-03  4.33e+03   953s
  82   5.94272040e+11  5.67970783e+11  6.13e+02 6.80e-03  3.91e+03   965s
  83   5.93426586e+11  5.68619518e+11  5.73e+02 6.46e-03  3.69e+03   979s
  84   5.92641055e+11  5.69143032e+11  5.35e+02 6.19e-03  3.49e+03   988s
  85   5.92066726e+11  5.69577665e+11  5.07e+02 5.96e-03  3.34e+03   997s
  86   5.91501121e+11  5.70041136e+11  4.81e+02 5.73e-03  3.19e+03  1008s
  87   5.90925435e+11  5.71367325e+11  4.53e+02 5.05e-03  2.91e+03  1020s
  88   5.90239801e+11  5.72267666e+11  4.20e+02 4.60e-03  2.67e+03  1033s
  89   5.89608902e+11  5.72744957e+11  3.91e+02 4.36e-03  2.51e+03  1046s
  90   5.89054696e+11  5.73145116e+11  3.64e+02 4.16e-03  2.36e+03  1059s
  91   5.88558561e+11  5.73801871e+11  3.41e+02 3.82e-03  2.19e+03  1068s
  92   5.88088478e+11  5.74217286e+11  3.19e+02 3.61e-03  2.06e+03  1080s
  93   5.87937922e+11  5.74728762e+11  3.12e+02 3.35e-03  1.96e+03  1091s
  94   5.87508794e+11  5.74995610e+11  2.91e+02 3.22e-03  1.86e+03  1103s
  95   5.87073223e+11  5.75381818e+11  2.71e+02 3.02e-03  1.74e+03  1116s
  96   5.86550845e+11  5.75728749e+11  2.46e+02 2.84e-03  1.61e+03  1126s
  97   5.86308050e+11  5.75944491e+11  2.35e+02 2.73e-03  1.54e+03  1136s
  98   5.86094038e+11  5.76090923e+11  2.25e+02 2.66e-03  1.49e+03  1151s
  99   5.85802273e+11  5.76476027e+11  2.11e+02 2.47e-03  1.39e+03  1163s
 100   5.85580195e+11  5.76638499e+11  2.01e+02 2.38e-03  1.33e+03  1176s
 101   5.85271226e+11  5.76864938e+11  1.86e+02 2.27e-03  1.25e+03  1191s
 102   5.85081887e+11  5.77177623e+11  1.77e+02 2.11e-03  1.17e+03  1201s
 103   5.84791572e+11  5.77527605e+11  1.63e+02 1.93e-03  1.08e+03  1213s
 104   5.84554545e+11  5.77757555e+11  1.52e+02 1.81e-03  1.01e+03  1225s
 105   5.84354481e+11  5.77978205e+11  1.43e+02 1.70e-03  9.48e+02  1239s
 106   5.84057387e+11  5.78138591e+11  1.29e+02 1.62e-03  8.80e+02  1253s
 107   5.83922709e+11  5.78336177e+11  1.23e+02 1.52e-03  8.30e+02  1266s

Barrier solved model in 107 iterations and 1266.32 seconds (414.93 work units)
Optimal objective 5.83922709e+11

