MEM 993.898438 1770716434.8701
MEM 994.531250 1770716434.9381
MEM 7383.949219 1770716465.0125
MEM 7266.625000 1770716495.0909
MEM 7523.792969 1770716525.1684
MEM 7189.160156 1770716555.2463
MEM 7238.332031 1770716585.3232
MEM 8780.699219 1770716615.3818
MEM 10970.269531 1770716645.4586
MEM 17060.277344 1770716675.5358
MEM 11430.148438 1770716705.6129
MEM 13891.101562 1770716735.6886
MEM 42544.335938 1770716765.7919
MEM 59581.437500 1770716795.8997
MEM 44779.640625 1770716826.0038
MEM 48071.085938 1770716856.1731
MEM 46359.125000 1770716886.2813
MEM 46584.503906 1770716916.3926
MEM 46377.312500 1770716946.4977
MEM 46288.558594 1770716976.6011
MEM 45902.207031 1770717006.7131
MEM 52451.363281 1770717036.8259
MEM 59790.464844 1770717066.9417
MEM 61033.195312 1770717097.0375
MEM 53074.855469 1770717127.1568
MEM 31653.121094 1770717157.2302
MEM 38884.339844 1770717187.3349
MEM 40955.984375 1770717217.4411
MEM 40967.070312 1770717247.5999
MEM 40982.539062 1770717277.6637
MEM 41000.070312 1770717307.7310
MEM 41017.085938 1770717337.8218
MEM 41031.781250 1770717367.9384
MEM 41046.218750 1770717398.1004
MEM 41935.000000 1770717428.1884
MEM 41945.054688 1770717458.2762
MEM 41957.429688 1770717488.3855
MEM 41962.328125 1770717518.4938
MEM 41971.867188 1770717548.6071
MEM 41976.250000 1770717578.6803
MEM 41985.015625 1770717608.7657
MEM 41989.398438 1770717638.8884
MEM 41997.648438 1770717668.9907
MEM 42002.804688 1770717699.0542
MEM 42010.281250 1770717729.1370
MEM 42013.890625 1770717759.2308
MEM 42017.500000 1770717789.4123
MEM 42024.203125 1770717819.5231
MEM 42029.101562 1770717849.6251
MEM 42032.968750 1770717879.6960
MEM 42034.773438 1770717909.8400
MEM 42037.093750 1770717939.9568
MEM 42041.218750 1770717970.0886
MEM 42043.539062 1770718000.1859
MEM 42047.921875 1770718030.2822
MEM 42049.984375 1770718060.4035
MEM 42054.625000 1770718090.4823
MEM 42057.203125 1770718120.5836
MEM 42060.812500 1770718150.6752
MEM 42062.101562 1770718180.7769
MEM 42063.906250 1770718210.9599
MEM 42064.937500 1770718241.0333
MEM 42066.484375 1770718271.1680
MEM 42069.062500 1770718301.2765
MEM 42069.835938 1770718331.3446
MEM 42072.671875 1770718361.4923
MEM 42074.992188 1770718391.5733
MEM 42076.796875 1770718421.6407
MEM 42078.601562 1770718451.7217
MEM 42081.953125 1770718481.8142
MEM 42084.015625 1770718511.9057
MEM 42084.742188 1770718541.9950
MEM 42086.289062 1770718572.0640
MEM 42080.714844 1770718602.1850
MEM 42083.718750 1770718632.2812
MEM 42083.902344 1770718662.3734
MEM 42084.531250 1770718692.4707
MEM 42085.433594 1770718722.5633
MEM 42086.378906 1770718752.6424
MEM 42087.183594 1770718782.7483
MEM 13607.687500 1770718812.8246
MEM 19769.531250 1770718842.8744
MEM 20902.585938 1770718872.9276
MEM 21534.996094 1770718902.9819
MEM 22590.984375 1770718933.0567
MEM 24308.464844 1770718963.1339
MEM 20265.417969 1770718986.1767
