
Gurobi 13.0.0 (linux64) logging started Tue Feb 10 10:44:13 2026

Set parameter LogFile to value "/cluster/work/cpesm/acott/pypsa-eur/results/eu-overnight/eur_high_nuc_scenario_2050_2h/logs/base_s_40___2050_solver.log"
Gurobi Optimizer version 13.0.0 build v13.0.0rc1 (linux64 - "Ubuntu 22.04.5 LTS")

CPU model: AMD EPYC 7H12 64-Core Processor, instruction set [SSE2|AVX|AVX2]
Thread count: 128 physical cores, 128 logical processors, using up to 32 threads

Non-default parameters:
Method  2
BarConvTol  1e-05
Crossover  0
AggFill  0
PreDual  0
Seed  123
Threads  32
GURO_PAR_BARDENSETHRESH  200

Optimize a model with 23466053 rows, 11411583 columns and 51540392 nonzeros (Min)
Model fingerprint: 0x9f0be381
Model has 9646168 linear objective coefficients
Coefficient statistics:
  Matrix range     [2e-03, 5e+02]
  Objective range  [2e-02, 3e+05]
  Bounds range     [9e-02, 4e+10]
  RHS range        [2e-01, 1e+09]
Warning: Model contains large rhs
Warning: Model contains large bounds
         Consider reformulating model or setting NumericFocus parameter
         to avoid numerical issues.
Presolve removed 12544723 rows and 2530976 columns (presolve time = 7s)...
Presolve removed 12544723 rows and 2530976 columns (presolve time = 11s)...
Presolve removed 12913747 rows and 2900000 columns (presolve time = 15s)...
Presolve removed 13652453 rows and 3638706 columns (presolve time = 23s)...
Presolve removed 13652453 rows and 3638706 columns (presolve time = 25s)...
Presolve removed 13652453 rows and 3638706 columns (presolve time = 32s)...
Presolve removed 13994572 rows and 3638754 columns (presolve time = 35s)...
Presolve removed 13994572 rows and 3735117 columns (presolve time = 40s)...
Presolve removed 13994572 rows and 3735117 columns (presolve time = 45s)...
Presolve removed 13995424 rows and 3735117 columns
Presolve time: 49.76s
Presolved: 9470629 rows, 7676466 columns, 32939876 nonzeros
Elapsed ordering time = 10s
Elapsed ordering time = 15s
Elapsed ordering time = 20s
Elapsed ordering time = 25s
Elapsed ordering time = 95s
Elapsed ordering time = 129s
Elapsed ordering time = 152s
Elapsed ordering time = 172s
Elapsed ordering time = 176s
Elapsed ordering time = 188s
Elapsed ordering time = 198s
Elapsed ordering time = 210s
Elapsed ordering time = 216s
Elapsed ordering time = 223s
Elapsed ordering time = 226s
Elapsed ordering time = 230s
Elapsed ordering time = 236s
Elapsed ordering time = 241s
Elapsed ordering time = 245s
Elapsed ordering time = 251s
Elapsed ordering time = 255s
Elapsed ordering time = 260s
Elapsed ordering time = 265s
Elapsed ordering time = 271s
Elapsed ordering time = 275s
Elapsed ordering time = 280s
Elapsed ordering time = 285s
Elapsed ordering time = 290s
Elapsed ordering time = 295s
Elapsed ordering time = 300s
Elapsed ordering time = 305s
Elapsed ordering time = 312s
Elapsed ordering time = 315s
Elapsed ordering time = 320s
Elapsed ordering time = 325s
Elapsed ordering time = 330s
Elapsed ordering time = 335s
Elapsed ordering time = 340s
Elapsed ordering time = 345s
Elapsed ordering time = 350s
Elapsed ordering time = 355s
Elapsed ordering time = 360s
Elapsed ordering time = 365s
Elapsed ordering time = 370s
Elapsed ordering time = 375s
Elapsed ordering time = 380s
Elapsed ordering time = 385s
Elapsed ordering time = 390s
Elapsed ordering time = 395s
Elapsed ordering time = 401s
Ordering time: 449.83s

Barrier statistics:
 Dense cols : 1329
 AA' NZ     : 4.158e+07
 Factor NZ  : 6.258e+08 (roughly 12.0 GB of memory)
 Factor Ops : 9.619e+11 (roughly 7 seconds per iteration)
 Threads    : 32

                  Objective                Residual
Iter       Primal          Dual         Primal    Dual     Compl     Time
   0   2.15802481e+19 -7.71318232e+17  1.19e+14 1.80e+00  9.35e+13   538s
   1   1.85682711e+19 -7.49426662e+17  1.02e+14 8.07e+04  5.72e+13   553s
   2   1.59807857e+19 -7.19257598e+17  8.84e+13 5.02e+04  4.44e+13   570s
   3   1.10280328e+19 -6.70132340e+17  6.18e+13 2.18e+04  2.87e+13   593s
   4   7.50422786e+18 -5.69272447e+17  4.14e+13 1.48e+06  1.72e+13   611s
   5   5.06714339e+18 -4.89932449e+17  2.65e+13 3.71e+05  1.11e+13   625s
   6   3.04127659e+18 -4.20284091e+17  1.44e+13 9.18e+05  6.06e+12   639s
   7   1.57869559e+18 -3.39217725e+17  6.10e+12 4.31e+05  2.63e+12   654s
   8   5.58196460e+17 -2.30966417e+17  1.32e+12 3.47e+06  5.91e+11   674s
   9   1.73961404e+17 -1.22065757e+17  2.87e+11 2.38e+06  1.34e+11   689s
  10   7.99586447e+16 -9.49825208e+16  1.15e+11 7.42e+05  5.66e+10   702s
  11   5.71965125e+16 -7.34937759e+16  7.69e+10 2.11e+06  3.76e+10   715s
  12   3.58459013e+16 -6.02860847e+16  4.36e+10 6.05e+05  2.21e+10   730s
  13   1.84843851e+16 -5.76829805e+16  1.80e+10 5.70e+05  1.16e+10   743s
  14   9.41798143e+15 -3.62595653e+16  7.07e+09 3.80e+05  5.18e+09   757s
  15   5.10289337e+15 -1.74882563e+16  3.11e+09 1.21e+05  2.20e+09   777s
  16   1.30042355e+15 -7.73609238e+15  4.04e+08 4.42e+04  6.26e+08   796s
  17   5.35787037e+14 -5.44478883e+15  8.25e+07 3.04e+04  3.66e+08   812s
  18   3.33435109e+14 -4.44598462e+15  3.68e+07 2.46e+04  2.85e+08   828s
  19   2.80793218e+14 -3.72599876e+15  1.88e+07 2.07e+04  2.37e+08   848s
  20   1.79655206e+14 -1.46252851e+15  7.25e+06 7.44e+03  9.62e+07   871s
  21   1.31946637e+14 -2.77215767e+14  4.77e+06 1.05e+03  2.39e+07   891s
  22   8.93478065e+13 -1.15109992e+14  2.62e+06 4.70e+02  1.19e+07   908s
  23   7.00525915e+13 -4.77565542e+13  1.78e+06 2.32e+02  6.86e+06   925s
  24   5.03024257e+13 -2.33581224e+13  9.99e+05 1.44e+02  4.28e+06   945s
  25   3.99156540e+13  4.09075463e+12  6.14e+05 5.18e+01  2.08e+06   966s
  26   3.67919564e+13  1.16489811e+13  5.03e+05 3.01e+01  1.46e+06   992s
  27   3.44434446e+13  1.39994266e+13  4.24e+05 2.26e+01  1.19e+06  1012s
  28   3.35116612e+13  1.43575008e+13  3.92e+05 2.14e+01  1.11e+06  1029s
  29   3.16331754e+13  1.50507507e+13  3.29e+05 1.91e+01  9.62e+05  1046s
  30   2.96702032e+13  1.59340293e+13  2.64e+05 1.63e+01  7.97e+05  1066s
  31   2.83796728e+13  1.71694533e+13  2.21e+05 1.27e+01  6.50e+05  1089s
  32   2.72056785e+13  1.85755085e+13  1.83e+05 8.42e+00  5.00e+05  1116s
  33   2.60336245e+13  1.91936984e+13  1.46e+05 6.54e+00  3.96e+05  1139s
  34   2.52157509e+13  1.98298932e+13  1.20e+05 4.61e+00  3.12e+05  1163s
  35   2.42810119e+13  2.02131093e+13  9.06e+04 3.46e+00  2.36e+05  1186s
  36   2.40541770e+13  2.04508849e+13  8.35e+04 2.74e+00  2.09e+05  1208s
  37   2.39841673e+13  2.05937441e+13  8.13e+04 2.25e+00  1.96e+05  1229s
  38   2.32777328e+13  2.08421154e+13  5.87e+04 1.53e+00  1.41e+05  1255s
  39   2.28774035e+13  2.10695340e+13  4.65e+04 8.37e-01  1.05e+05  1285s
  40   2.25550602e+13  2.11703855e+13  3.68e+04 3.33e-01  8.02e+04  1314s
  41   2.21998552e+13  2.12690299e+13  2.61e+04 1.12e-01  5.39e+04  1344s
  42   2.19733465e+13  2.13077391e+13  1.85e+04 6.96e-02  3.86e+04  1370s
  43   2.18948865e+13  2.13450218e+13  1.59e+04 3.56e-02  3.19e+04  1392s
  44   2.18443890e+13  2.13503340e+13  1.43e+04 3.13e-02  2.86e+04  1412s
  45   2.18032318e+13  2.13564188e+13  1.29e+04 2.66e-02  2.59e+04  1428s
  46   2.17589935e+13  2.13635204e+13  1.14e+04 2.21e-02  2.29e+04  1449s
  47   2.17022916e+13  2.13734016e+13  9.75e+03 1.58e-02  1.91e+04  1468s
  48   2.16322817e+13  2.13796334e+13  7.46e+03 1.23e-02  1.46e+04  1492s
  49   2.15964099e+13  2.13905999e+13  6.24e+03 7.13e-03  1.19e+04  1515s
  50   2.15643927e+13  2.13955883e+13  5.20e+03 5.12e-03  9.78e+03  1535s
  51   2.15330041e+13  2.13979972e+13  4.22e+03 4.32e-03  7.82e+03  1561s
  52   2.15104729e+13  2.14010666e+13  3.47e+03 3.44e-03  6.34e+03  1588s
  53   2.14995968e+13  2.14038126e+13  3.08e+03 2.76e-03  5.55e+03  1617s
  54   2.14830714e+13  2.14062289e+13  2.49e+03 2.23e-03  4.45e+03  1646s
  55   2.14794161e+13  2.14072966e+13  2.36e+03 2.02e-03  4.18e+03  1678s
  56   2.14743564e+13  2.14086153e+13  2.18e+03 1.76e-03  3.81e+03  1706s
  57   2.14725823e+13  2.14091857e+13  2.11e+03 1.66e-03  3.67e+03  1728s
  58   2.14693556e+13  2.14098770e+13  1.98e+03 1.53e-03  3.45e+03  1754s
  59   2.14636380e+13  2.14110029e+13  1.78e+03 1.34e-03  3.05e+03  1780s
  60   2.14600323e+13  2.14123002e+13  1.64e+03 1.13e-03  2.77e+03  1806s
  61   2.14562774e+13  2.14131224e+13  1.51e+03 9.97e-04  2.50e+03  1833s
  62   2.14535611e+13  2.14140767e+13  1.41e+03 8.45e-04  2.29e+03  1857s
  63   2.14483107e+13  2.14146757e+13  1.20e+03 7.56e-04  1.95e+03  1880s
  64   2.14475044e+13  2.14149182e+13  1.17e+03 7.24e-04  1.89e+03  1901s
  65   2.14447006e+13  2.14155598e+13  1.05e+03 6.35e-04  1.69e+03  1925s
  66   2.14438341e+13  2.14158509e+13  1.01e+03 5.92e-04  1.62e+03  1947s
  67   2.14432179e+13  2.14161206e+13  9.88e+02 5.55e-04  1.57e+03  1968s
  68   2.14411308e+13  2.14165488e+13  9.03e+02 5.01e-04  1.42e+03  1996s
  69   2.14393464e+13  2.14169551e+13  8.35e+02 4.51e-04  1.30e+03  2026s
  70   2.14373843e+13  2.14172195e+13  7.55e+02 4.18e-04  1.17e+03  2056s
  71   2.14358198e+13  2.14175103e+13  6.87e+02 3.82e-04  1.06e+03  2083s
  72   2.14345469e+13  2.14177997e+13  6.32e+02 3.49e-04  9.71e+02  2111s
  73   2.14340742e+13  2.14178963e+13  6.10e+02 3.38e-04  9.38e+02  2131s
  74   2.14333117e+13  2.14180553e+13  5.76e+02 3.20e-04  8.84e+02  2155s

Barrier solved model in 74 iterations and 2154.67 seconds (732.94 work units)
Optimal objective 2.14333117e+13

