
Gurobi 13.0.0 (linux64) logging started Tue Jan 20 15:17:48 2026

Set parameter LogFile to value "/cluster/work/cpesm/acott/pypsa-eur/results/eu-overnight/elec_trans_heat_industry_sectors_EU_2040_24h/logs/base_s_40___2040_solver.log"
Gurobi Optimizer version 13.0.0 build v13.0.0rc1 (linux64 - "Ubuntu 22.04.5 LTS")

CPU model: AMD EPYC 7763 64-Core Processor, instruction set [SSE2|AVX|AVX2]
Thread count: 128 physical cores, 128 logical processors, using up to 32 threads

Non-default parameters:
Method  2
BarConvTol  1e-05
Crossover  0
AggFill  0
PreDual  0
Seed  123
Threads  32
GURO_PAR_BARDENSETHRESH  200

Optimize a model with 2008438 rows, 985363 columns and 4452255 nonzeros (Min)
Model fingerprint: 0x63c64d8a
Model has 823024 linear objective coefficients
Coefficient statistics:
  Matrix range     [2e-03, 5e+02]
  Objective range  [1e-01, 2e+06]
  Bounds range     [9e-02, 2e+11]
  RHS range        [4e-01, 1e+09]
Warning: Model contains large rhs
Warning: Model contains large bounds
         Consider reformulating model or setting NumericFocus parameter
         to avoid numerical issues.
Presolve removed 1138425 rows and 241512 columns
Presolve time: 3.46s
Presolved: 870013 rows, 743851 columns, 3010289 nonzeros
Elapsed ordering time = 10s
Elapsed ordering time = 16s
Elapsed ordering time = 20s
Elapsed ordering time = 25s
Elapsed ordering time = 30s
Elapsed ordering time = 35s
Elapsed ordering time = 40s
Elapsed ordering time = 45s
Elapsed ordering time = 50s
Elapsed ordering time = 55s
Elapsed ordering time = 60s
Elapsed ordering time = 65s
Elapsed ordering time = 70s
Ordering time: 78.61s

Barrier statistics:
 Dense cols : 1303
 AA' NZ     : 3.982e+06
 Factor NZ  : 6.696e+07 (roughly 1.2 GB of memory)
 Factor Ops : 1.603e+11 (less than 1 second per iteration)
 Threads    : 32

                  Objective                Residual
Iter       Primal          Dual         Primal    Dual     Compl     Time
   0   8.64507005e+18 -1.05611312e+17  4.23e+12 2.15e+01  3.52e+14    87s
   1   7.24134452e+18 -1.33403441e+17  3.55e+12 7.18e+05  2.16e+14    90s
   2   4.60605833e+18 -1.38633290e+17  2.30e+12 5.24e+05  1.46e+14    94s
   3   3.06333663e+18 -1.43759095e+17  1.55e+12 1.81e+05  8.66e+13    98s
   4   9.42465556e+17 -1.38901351e+17  4.52e+11 4.22e+04  2.57e+13   102s
   5   4.81410358e+17 -1.27454311e+17  1.75e+11 1.94e+04  1.05e+13   105s
   6   2.64591681e+17 -1.06220739e+17  6.66e+10 8.16e+03  3.80e+12   111s
   7   1.04005640e+17 -8.17709670e+16  1.53e+10 2.09e+04  8.77e+11   115s
   8   3.14628698e+16 -7.33172717e+16  3.51e+09 1.93e+04  2.44e+11   119s
   9   2.07974690e+16 -5.23329358e+16  2.04e+09 9.40e+03  1.39e+11   124s
  10   7.43028360e+15 -3.26296632e+16  4.81e+08 3.22e+03  4.46e+10   129s
  11   1.90449996e+15 -9.89660582e+15  6.67e+07 4.75e+02  9.23e+09   134s
  12   6.98457281e+14 -4.54813956e+15  1.09e+07 2.13e+02  3.50e+09   139s
  13   3.35110387e+14 -3.19423289e+15  3.85e+06 1.45e+02  2.26e+09   145s
  14   2.58312895e+14 -1.89700444e+15  2.54e+06 8.32e+01  1.37e+09   149s
  15   1.45879328e+14 -9.85501052e+14  1.29e+06 4.13e+01  7.10e+08   154s
  16   7.06730478e+13 -2.16106247e+14  5.62e+05 7.94e+00  1.79e+08   158s
  17   2.40283996e+13 -7.27445113e+13  1.41e+05 2.44e+00  6.00e+07   165s
  18   1.45086057e+13 -3.01651204e+13  7.56e+04 1.00e+00  2.76e+07   170s
  19   9.80955532e+12 -1.42624043e+13  4.76e+04 4.65e-01  1.49e+07   175s
  20   6.28749774e+12 -7.16450370e+12  2.80e+04 2.33e-01  8.31e+06   179s
  21   4.55368537e+12 -4.53616217e+12  1.87e+04 1.54e-01  5.61e+06   186s
  22   3.40466509e+12 -2.84567326e+12  1.29e+04 1.04e-01  3.86e+06   191s
  23   3.01275544e+12 -2.05761862e+12  1.09e+04 7.99e-02  3.13e+06   197s
  24   2.64172467e+12 -1.80318899e+12  9.11e+03 7.22e-02  2.74e+06   203s
  25   2.27045081e+12 -1.28761698e+12  7.32e+03 5.67e-02  2.20e+06   208s
  26   1.92294930e+12 -8.11930105e+11  5.70e+03 4.27e-02  1.69e+06   213s
  27   1.61369726e+12 -2.93394333e+11  4.26e+03 2.72e-02  1.18e+06   219s
  28   1.40250711e+12 -5.92013548e+10  3.34e+03 2.01e-02  9.02e+05   226s
  29   1.24943819e+12  1.57291368e+11  2.68e+03 1.34e-02  6.74e+05   232s
  30   1.04191455e+12  2.57842691e+11  1.80e+03 1.02e-02  4.84e+05   238s
  31   9.27972594e+11  3.21336220e+11  1.32e+03 8.29e-03  3.74e+05   245s
  32   8.66808551e+11  3.95583538e+11  1.07e+03 6.12e-03  2.91e+05   251s
  33   8.15472196e+11  4.38663699e+11  8.55e+02 4.81e-03  2.32e+05   258s
  34   7.90585389e+11  4.65351117e+11  7.53e+02 4.00e-03  2.01e+05   265s
  35   7.59504724e+11  4.90032589e+11  6.28e+02 3.25e-03  1.66e+05   271s
  36   7.34637136e+11  5.08141658e+11  5.27e+02 2.70e-03  1.40e+05   277s
  37   7.16954695e+11  5.18302104e+11  4.56e+02 2.39e-03  1.23e+05   281s
  38   6.97180442e+11  5.32815973e+11  3.76e+02 1.97e-03  1.01e+05   287s
  39   6.83564355e+11  5.47880554e+11  3.23e+02 1.54e-03  8.37e+04   294s
  40   6.69210247e+11  5.60432978e+11  2.66e+02 1.18e-03  6.71e+04   301s
  41   6.59429908e+11  5.71498176e+11  2.26e+02 8.62e-04  5.42e+04   307s
  42   6.48772404e+11  5.74879494e+11  1.84e+02 7.65e-04  4.56e+04   312s
  43   6.39210718e+11  5.77722239e+11  1.46e+02 6.85e-04  3.79e+04   319s
  44   6.36365025e+11  5.83383962e+11  1.35e+02 5.32e-04  3.27e+04   325s
  45   6.31662491e+11  5.87551536e+11  1.15e+02 4.19e-04  2.72e+04   331s
  46   6.26964736e+11  5.89968426e+11  9.59e+01 3.53e-04  2.28e+04   337s
  47   6.22896947e+11  5.92129280e+11  7.89e+01 2.96e-04  1.90e+04   342s
  48   6.21095417e+11  5.94057400e+11  7.13e+01 2.46e-04  1.67e+04   349s
  49   6.18815027e+11  5.95890531e+11  6.16e+01 2.00e-04  1.41e+04   355s
  50   6.16247787e+11  5.96925124e+11  5.10e+01 1.74e-04  1.19e+04   361s
  51   6.14606377e+11  5.97751176e+11  4.41e+01 1.53e-04  1.04e+04   368s
  52   6.12826290e+11  5.99116938e+11  3.67e+01 1.19e-04  8.46e+03   372s
  53   6.11285221e+11  5.99893548e+11  3.00e+01 1.00e-04  7.03e+03   378s
  54   6.10176614e+11  6.00667221e+11  2.53e+01 8.15e-05  5.87e+03   383s
  55   6.08788811e+11  6.01305486e+11  1.92e+01 6.64e-05  4.62e+03   389s
  56   6.08070932e+11  6.01909019e+11  1.61e+01 5.24e-05  3.80e+03   395s
  57   6.07307095e+11  6.02231938e+11  1.30e+01 4.51e-05  3.13e+03   402s
  58   6.06782279e+11  6.02774224e+11  1.07e+01 3.30e-05  2.47e+03   408s
  59   6.06301287e+11  6.03039980e+11  8.60e+00 2.69e-05  2.01e+03   413s
  60   6.06066681e+11  6.03301163e+11  7.56e+00 2.09e-05  1.71e+03   420s
  61   6.05631079e+11  6.03430308e+11  5.73e+00 1.80e-05  1.36e+03   426s
  62   6.05319283e+11  6.03583152e+11  4.38e+00 1.47e-05  1.07e+03   433s
  63   6.05066081e+11  6.03732679e+11  3.29e+00 1.14e-05  8.23e+02   439s
  64   6.04907989e+11  6.03839309e+11  2.61e+00 9.09e-06  6.59e+02   446s
  65   6.04758987e+11  6.03942936e+11  1.98e+00 6.85e-06  5.03e+02   452s
  66   6.04692733e+11  6.04026949e+11  1.70e+00 5.10e-06  4.11e+02   459s
  67   6.04629126e+11  6.04083214e+11  1.44e+00 3.92e-06  3.37e+02   466s

Barrier solved model in 67 iterations and 466.01 seconds (70.22 work units)
Optimal objective 6.04629126e+11

