MEM 993.867188 1769157892.7075
MEM 994.441406 1769157892.7531
MEM 7712.433594 1769157922.8249
MEM 7602.226562 1769157952.8969
MEM 7925.824219 1769157982.9700
MEM 7501.121094 1769158013.0172
MEM 7502.226562 1769158043.0907
MEM 7508.523438 1769158073.1644
MEM 10636.910156 1769158103.2230
MEM 14814.746094 1769158133.2958
MEM 21108.386719 1769158163.3690
MEM 14382.664062 1769158193.4176
MEM 14861.175781 1769158223.4918
MEM 46203.339844 1769158253.5520
MEM 67672.339844 1769158283.6469
MEM 52190.914062 1769158313.7728
MEM 54007.675781 1769158343.8283
MEM 52628.050781 1769158373.9087
MEM 51816.308594 1769158403.9840
MEM 51776.878906 1769158434.0773
MEM 53787.707031 1769158464.1727
MEM 56222.726562 1769158494.2690
MEM 58000.039062 1769158524.3451
MEM 62260.003906 1769158554.4246
MEM 57743.800781 1769158584.5082
MEM 40480.992188 1769158614.5792
MEM 40356.558594 1769158644.7813
MEM 46674.250000 1769158674.8839
MEM 46688.382812 1769158705.0083
MEM 46697.664062 1769158735.1113
MEM 46713.132812 1769158765.2375
MEM 46722.414062 1769158795.3184
MEM 46737.464844 1769158825.4497
MEM 47337.738281 1769158855.5303
MEM 47344.957031 1769158885.6119
MEM 47353.207031 1769158915.6824
MEM 47359.910156 1769158945.7782
MEM 47366.871094 1769158975.8811
MEM 47375.121094 1769159005.9491
MEM 47380.277344 1769159036.0527
MEM 47385.175781 1769159066.1316
MEM 47390.847656 1769159096.2073
MEM 47393.425781 1769159126.3102
MEM 47397.550781 1769159156.4117
MEM 47401.160156 1769159186.5015
MEM 47403.222656 1769159216.6200
MEM 47405.285156 1769159246.7520
MEM 47407.605469 1769159276.8091
MEM 47410.183594 1769159306.8795
MEM 47412.246094 1769159336.9634
MEM 47415.855469 1769159367.0537
MEM 47417.917969 1769159397.1413
MEM 47421.011719 1769159427.2109
MEM 47422.300781 1769159457.3067
MEM 47424.621094 1769159487.3945
MEM 47425.910156 1769159517.4984
MEM 47427.972656 1769159547.5973
MEM 47429.777344 1769159577.6620
MEM 47431.582031 1769159607.7370
MEM 47434.933594 1769159637.8276
MEM 47436.738281 1769159667.9488
MEM 47438.542969 1769159698.1255
MEM 47440.863281 1769159728.2210
MEM 47441.121094 1769159758.2958
MEM 47442.152344 1769159788.3836
MEM 47442.667969 1769159818.4757
MEM 47443.957031 1769159848.5611
MEM 47445.761719 1769159878.6395
MEM 47446.535156 1769159908.7592
MEM 47447.308594 1769159938.8517
MEM 47447.566406 1769159968.9624
MEM 47449.371094 1769159999.0843
MEM 47450.660156 1769160029.1540
MEM 47450.917969 1769160059.2191
MEM 47451.175781 1769160089.2840
MEM 47451.691406 1769160119.3390
MEM 47453.238281 1769160149.4334
MEM 47453.496094 1769160179.5431
MEM 47453.753906 1769160209.6007
MEM 47454.527344 1769160239.7052
MEM 47455.042969 1769160269.7903
MEM 47456.847656 1769160299.8956
MEM 47457.878906 1769160329.9835
MEM 47458.394531 1769160360.0952
MEM 47458.910156 1769160390.2052
MEM 47459.425781 1769160420.2977
MEM 47460.714844 1769160450.3986
MEM 47460.972656 1769160480.4830
MEM 47461.488281 1769160510.5993
MEM 47461.488281 1769160540.6897
MEM 47461.746094 1769160570.7612
MEM 47462.261719 1769160600.8510
MEM 47462.777344 1769160630.9090
MEM 47463.035156 1769160660.9841
MEM 47463.035156 1769160691.0782
MEM 47464.839844 1769160721.1590
MEM 47464.839844 1769160751.2807
MEM 47464.839844 1769160781.4558
MEM 47465.613281 1769160811.5491
MEM 47465.613281 1769160841.6258
MEM 47465.871094 1769160871.6958
MEM 47465.871094 1769160901.7882
MEM 47465.871094 1769160931.8665
MEM 47466.128906 1769160961.9883
MEM 47466.644531 1769160992.0764
MEM 47467.160156 1769161022.1418
MEM 47467.417969 1769161052.2590
MEM 47467.675781 1769161082.4331
MEM 47467.933594 1769161112.5217
MEM 47468.449219 1769161142.6710
MEM 47468.449219 1769161172.7344
MEM 47468.707031 1769161202.8515
MEM 47468.964844 1769161232.9093
MEM 47469.222656 1769161263.0103
MEM 47469.480469 1769161293.1969
MEM 47469.738281 1769161323.2679
MEM 47469.738281 1769161353.3593
MEM 47469.738281 1769161383.4566
MEM 14601.667969 1769161413.5322
MEM 21493.515625 1769161443.6095
MEM 22765.632812 1769161473.6865
MEM 23229.199219 1769161503.7655
MEM 24331.078125 1769161533.8195
MEM 26143.597656 1769161563.8990
MEM 21771.019531 1769161586.1471
