
Gurobi 13.0.0 (linux64) logging started Fri Jan 23 09:48:49 2026

Set parameter LogFile to value "/cluster/work/cpesm/acott/pypsa-eur/results/eu-overnight/elec_trans_heat_industry_sectors_EU_2050_2h/logs/base_s_40___2050_solver.log"
Gurobi Optimizer version 13.0.0 build v13.0.0rc1 (linux64 - "Ubuntu 22.04.5 LTS")

CPU model: AMD EPYC 7H12 64-Core Processor, instruction set [SSE2|AVX|AVX2]
Thread count: 128 physical cores, 128 logical processors, using up to 32 threads

Non-default parameters:
Method  2
BarConvTol  1e-05
Crossover  0
AggFill  0
PreDual  0
Seed  123
Threads  32
GURO_PAR_BARDENSETHRESH  200

Optimize a model with 25410935 rows, 12471705 columns and 57545534 nonzeros (Min)
Model fingerprint: 0x5fe86313
Model has 10531090 linear objective coefficients
Coefficient statistics:
  Matrix range     [2e-03, 5e+02]
  Objective range  [2e-02, 8e+05]
  Bounds range     [9e-02, 2e+11]
  RHS range        [2e-01, 1e+09]
Warning: Model contains large rhs
Warning: Model contains large bounds
         Consider reformulating model or setting NumericFocus parameter
         to avoid numerical issues.
Presolve removed 13411728 rows and 2138928 columns (presolve time = 8s)...
Presolve removed 13411728 rows and 2138928 columns (presolve time = 10s)...
Presolve removed 13412800 rows and 2140000 columns (presolve time = 16s)...
Presolve removed 14532054 rows and 3259254 columns (presolve time = 21s)...
Presolve removed 14532054 rows and 3259254 columns (presolve time = 26s)...
Presolve removed 14532054 rows and 3259254 columns (presolve time = 30s)...
Presolve removed 14532054 rows and 3259254 columns (presolve time = 36s)...
Presolve removed 14869374 rows and 3278241 columns (presolve time = 42s)...
Presolve removed 14869374 rows and 3278241 columns (presolve time = 45s)...
Presolve removed 14869374 rows and 3278241 columns (presolve time = 50s)...
Presolve removed 14871228 rows and 3278241 columns
Presolve time: 54.93s
Presolved: 10539707 rows, 9193464 columns, 38542528 nonzeros
Elapsed ordering time = 15s
Elapsed ordering time = 20s
Elapsed ordering time = 25s
Elapsed ordering time = 30s
Elapsed ordering time = 35s
Elapsed ordering time = 102s
Elapsed ordering time = 132s
Elapsed ordering time = 145s
Elapsed ordering time = 151s
Elapsed ordering time = 165s
Elapsed ordering time = 175s
Elapsed ordering time = 186s
Elapsed ordering time = 197s
Elapsed ordering time = 203s
Elapsed ordering time = 207s
Elapsed ordering time = 212s
Elapsed ordering time = 216s
Elapsed ordering time = 223s
Elapsed ordering time = 227s
Elapsed ordering time = 230s
Elapsed ordering time = 235s
Elapsed ordering time = 240s
Elapsed ordering time = 245s
Elapsed ordering time = 250s
Elapsed ordering time = 255s
Elapsed ordering time = 261s
Elapsed ordering time = 265s
Elapsed ordering time = 270s
Elapsed ordering time = 275s
Elapsed ordering time = 280s
Elapsed ordering time = 285s
Elapsed ordering time = 290s
Elapsed ordering time = 299s
Elapsed ordering time = 300s
Elapsed ordering time = 305s
Elapsed ordering time = 310s
Elapsed ordering time = 315s
Elapsed ordering time = 320s
Elapsed ordering time = 325s
Elapsed ordering time = 330s
Elapsed ordering time = 335s
Elapsed ordering time = 340s
Elapsed ordering time = 345s
Elapsed ordering time = 350s
Elapsed ordering time = 355s
Elapsed ordering time = 360s
Elapsed ordering time = 365s
Elapsed ordering time = 370s
Elapsed ordering time = 375s
Ordering time: 429.26s

Barrier statistics:
 Dense cols : 1499
 AA' NZ     : 4.710e+07
 Factor NZ  : 7.487e+08 (roughly 14.0 GB of memory)
 Factor Ops : 1.384e+12 (roughly 7 seconds per iteration)
 Threads    : 32

                  Objective                Residual
Iter       Primal          Dual         Primal    Dual     Compl     Time
   0   3.06976080e+19 -8.15814542e+17  7.84e+13 1.80e+00  9.36e+13   527s
   1   2.65570215e+19 -8.07116838e+17  6.76e+13 9.71e+04  7.05e+13   540s
   2   2.36009537e+19 -7.77838807e+17  5.97e+13 6.46e+04  5.14e+13   555s
   3   1.98377448e+19 -7.64812167e+17  4.54e+13 5.39e+04  4.07e+13   574s
   4   1.36776131e+19 -6.95009291e+17  2.55e+13 5.75e+05  2.12e+13   588s
   5   1.14714447e+19 -5.63620130e+17  1.89e+13 1.51e+05  1.32e+13   604s
   6   5.59392293e+18 -4.61937154e+17  6.78e+12 3.04e+05  4.87e+12   618s
   7   2.57169583e+18 -3.73322753e+17  2.65e+12 1.11e+05  1.93e+12   630s
   8   1.21066124e+18 -2.70737703e+17  1.06e+12 4.25e+05  7.67e+11   642s
   9   4.91894156e+17 -1.82551518e+17  3.63e+11 3.02e+05  2.66e+11   653s
  10   1.61958982e+17 -1.15561458e+17  9.93e+10 4.79e+05  7.51e+10   667s
  11   7.54615948e+16 -9.36549313e+16  4.14e+10 5.47e+05  3.34e+10   679s
  12   3.57764111e+16 -7.66134609e+16  1.68e+10 5.31e+05  1.55e+10   694s
  13   2.47360294e+16 -4.12690082e+16  1.10e+10 6.83e+04  8.68e+09   714s
  14   7.67846048e+15 -2.48516562e+16  2.42e+09 1.81e+04  2.67e+09   730s
  15   2.51154701e+15 -1.04941442e+16  6.56e+08 5.14e+03  8.69e+08   744s
  16   1.18561060e+15 -6.91738958e+15  2.83e+08 3.13e+03  4.87e+08   757s
  17   7.56199247e+14 -4.92498922e+15  1.60e+08 2.22e+03  3.24e+08   773s
  18   2.79362136e+14 -3.49057804e+15  3.34e+07 1.54e+03  1.96e+08   794s
  19   1.54189997e+14 -2.57590839e+15  7.74e+06 1.13e+03  1.38e+08   810s
  20   1.30614187e+14 -1.66124638e+15  6.33e+06 7.20e+02  9.07e+07   824s
  21   9.80063572e+13 -1.17064881e+15  4.41e+06 4.98e+02  6.41e+07   838s
  22   6.20994624e+13 -2.59429918e+14  1.44e+06 9.92e+01  1.62e+07   855s
  23   4.22561544e+13 -1.54521770e+14  9.20e+05 5.85e+01  9.89e+06   868s
  24   2.66860178e+13 -5.97506287e+13  5.10e+05 2.11e+01  4.34e+06   885s
  25   1.42325597e+13 -3.06882294e+13  2.42e+05 1.06e+01  2.25e+06   904s
  26   1.33885137e+13 -2.17833470e+13  2.26e+05 7.85e+00  1.77e+06   919s
  27   1.19387414e+13 -2.01302027e+13  1.99e+05 7.29e+00  1.61e+06   932s
  28   1.13149067e+13 -1.88215016e+13  1.87e+05 6.84e+00  1.51e+06   946s
  29   1.01613577e+13 -1.66034037e+13  1.65e+05 6.05e+00  1.34e+06   964s
  30   9.98079632e+12 -1.58326814e+13  1.62e+05 5.79e+00  1.30e+06   985s
  31   8.45367831e+12 -1.39854703e+13  1.34e+05 5.15e+00  1.13e+06  1003s
  32   7.51158291e+12 -1.24046272e+13  1.18e+05 4.63e+00  9.99e+05  1025s
  33   6.37734834e+12 -1.09282003e+13  9.69e+04 4.11e+00  8.68e+05  1047s
  34   5.74033529e+12 -9.04239938e+12  8.51e+04 3.47e+00  7.41e+05  1071s
  35   5.03898808e+12 -8.18782497e+12  7.27e+04 3.18e+00  6.63e+05  1093s
  36   4.70377601e+12 -7.24981985e+12  6.66e+04 2.86e+00  5.99e+05  1116s
  37   4.01658738e+12 -6.13665498e+12  5.46e+04 2.47e+00  5.09e+05  1138s
  38   3.64254188e+12 -4.78169080e+12  4.79e+04 2.00e+00  4.22e+05  1162s
  39   3.39670010e+12 -4.06413898e+12  4.37e+04 1.75e+00  3.74e+05  1184s
  40   3.28478409e+12 -3.38435492e+12  4.18e+04 1.51e+00  3.34e+05  1207s
  41   2.87007116e+12 -2.62978249e+12  3.47e+04 1.23e+00  2.76e+05  1231s
  42   2.61519571e+12 -2.19254019e+12  3.04e+04 1.07e+00  2.41e+05  1250s
  43   2.40319080e+12 -1.87610280e+12  2.70e+04 9.55e-01  2.15e+05  1274s
  44   2.15106445e+12 -1.15670938e+12  2.28e+04 6.93e-01  1.66e+05  1295s
  45   1.94503930e+12 -8.94843224e+11  1.96e+04 5.96e-01  1.42e+05  1317s
  46   1.73846035e+12 -6.07260780e+11  1.64e+04 4.85e-01  1.18e+05  1338s
  47   1.67452331e+12 -4.78898512e+11  1.54e+04 4.35e-01  1.08e+05  1354s
  48   1.58887907e+12 -3.50395622e+11  1.41e+04 3.84e-01  9.72e+04  1377s
  49   1.46180191e+12 -3.05085890e+11  1.22e+04 3.63e-01  8.86e+04  1400s
  50   1.38239506e+12 -2.25164638e+11  1.10e+04 3.32e-01  8.06e+04  1421s
  51   1.36094360e+12 -1.90373725e+11  1.07e+04 3.19e-01  7.78e+04  1439s
  52   1.28322227e+12 -8.77531545e+10  9.56e+03 2.78e-01  6.87e+04  1463s
  53   1.25497606e+12 -6.01778179e+10  9.14e+03 2.67e-01  6.59e+04  1480s
  54   1.16906173e+12  1.25478926e+10  7.90e+03 2.38e-01  5.80e+04  1502s
  55   1.15274094e+12  4.72394585e+10  7.66e+03 2.24e-01  5.54e+04  1524s
  56   1.10896059e+12  1.55147303e+11  7.03e+03 1.81e-01  4.78e+04  1546s
  57   1.01945470e+12  2.62993506e+11  5.75e+03 1.37e-01  3.79e+04  1568s
  58   9.69706711e+11  2.88507028e+11  5.06e+03 1.26e-01  3.42e+04  1587s
  59   9.29971190e+11  3.02149013e+11  4.51e+03 1.20e-01  3.15e+04  1609s
  60   9.00315499e+11  3.21487286e+11  4.10e+03 1.13e-01  2.90e+04  1632s
  61   8.88709113e+11  3.51264123e+11  3.94e+03 1.00e-01  2.69e+04  1655s
  62   8.44297250e+11  3.78839636e+11  3.33e+03 8.90e-02  2.33e+04  1678s
  63   8.22804343e+11  3.96686608e+11  3.03e+03 8.19e-02  2.14e+04  1701s
  64   8.06427809e+11  4.21290076e+11  2.81e+03 7.21e-02  1.93e+04  1724s
  65   7.98477881e+11  4.25795468e+11  2.70e+03 7.02e-02  1.87e+04  1745s
  66   7.73328572e+11  4.45797985e+11  2.36e+03 6.20e-02  1.64e+04  1768s
  67   7.58197161e+11  4.56079241e+11  2.15e+03 5.77e-02  1.51e+04  1788s
  68   7.48232779e+11  4.64215920e+11  2.02e+03 5.45e-02  1.42e+04  1808s
  69   7.44472962e+11  4.78678984e+11  1.97e+03 4.87e-02  1.33e+04  1828s
  70   7.25291112e+11  4.85233649e+11  1.71e+03 4.59e-02  1.20e+04  1850s
  71   7.22374868e+11  4.88851084e+11  1.67e+03 4.45e-02  1.17e+04  1868s
  72   7.12679144e+11  4.91901800e+11  1.53e+03 4.32e-02  1.11e+04  1885s
  73   7.01991924e+11  5.09201933e+11  1.38e+03 3.63e-02  9.67e+03  1906s
  74   6.93262242e+11  5.14646109e+11  1.26e+03 3.41e-02  8.95e+03  1928s
  75   6.87405788e+11  5.18628160e+11  1.18e+03 3.25e-02  8.46e+03  1949s
  76   6.82782197e+11  5.23556817e+11  1.12e+03 3.06e-02  7.98e+03  1970s
  77   6.78666984e+11  5.28025881e+11  1.06e+03 2.89e-02  7.55e+03  1992s
  78   6.74693941e+11  5.32265853e+11  1.00e+03 2.72e-02  7.14e+03  2016s
  79   6.67680291e+11  5.35237492e+11  9.05e+02 2.60e-02  6.64e+03  2041s
  80   6.62305134e+11  5.38663581e+11  8.30e+02 2.47e-02  6.20e+03  2065s
  81   6.59937285e+11  5.42186897e+11  7.97e+02 2.33e-02  5.90e+03  2085s
  82   6.58620964e+11  5.42738885e+11  7.78e+02 2.31e-02  5.81e+03  2102s
  83   6.57062980e+11  5.43894600e+11  7.57e+02 2.27e-02  5.67e+03  2122s
  84   6.55348286e+11  5.45728007e+11  7.32e+02 2.20e-02  5.50e+03  2147s
  85   6.53692789e+11  5.47075866e+11  7.09e+02 2.15e-02  5.34e+03  2168s
  86   6.51104264e+11  5.51421057e+11  6.73e+02 1.98e-02  5.00e+03  2189s
  87   6.49324924e+11  5.53745713e+11  6.47e+02 1.89e-02  4.79e+03  2210s
  88   6.47101237e+11  5.55558750e+11  6.16e+02 1.83e-02  4.59e+03  2229s
  89   6.45084837e+11  5.58593506e+11  5.87e+02 1.71e-02  4.34e+03  2253s
  90   6.42905550e+11  5.61841014e+11  5.57e+02 1.59e-02  4.06e+03  2274s
  91   6.41500396e+11  5.64090177e+11  5.37e+02 1.50e-02  3.88e+03  2293s
  92   6.39785269e+11  5.67190462e+11  5.12e+02 1.38e-02  3.64e+03  2313s
  93   6.38624186e+11  5.68505388e+11  4.95e+02 1.33e-02  3.52e+03  2329s
  94   6.35662131e+11  5.70462390e+11  4.53e+02 1.26e-02  3.27e+03  2352s
  95   6.33245929e+11  5.72045263e+11  4.19e+02 1.20e-02  3.07e+03  2376s
  96   6.31468002e+11  5.74631337e+11  3.93e+02 1.10e-02  2.85e+03  2398s
  97   6.29315273e+11  5.76913986e+11  3.62e+02 1.02e-02  2.63e+03  2422s
  98   6.27965272e+11  5.78119005e+11  3.43e+02 9.72e-03  2.50e+03  2442s
  99   6.27549983e+11  5.78885682e+11  3.37e+02 9.43e-03  2.44e+03  2461s
 100   6.26304110e+11  5.80060499e+11  3.19e+02 9.00e-03  2.32e+03  2481s
 101   6.25013716e+11  5.81094829e+11  3.00e+02 8.61e-03  2.20e+03  2501s
 102   6.24271346e+11  5.81369672e+11  2.89e+02 8.51e-03  2.15e+03  2520s
 103   6.23512117e+11  5.81936914e+11  2.78e+02 8.30e-03  2.08e+03  2542s
 104   6.22417833e+11  5.83787557e+11  2.62e+02 7.62e-03  1.94e+03  2565s
 105   6.21573251e+11  5.84398352e+11  2.50e+02 7.40e-03  1.86e+03  2586s
 106   6.20976487e+11  5.85623399e+11  2.41e+02 6.95e-03  1.77e+03  2607s
 107   6.20385720e+11  5.86123065e+11  2.32e+02 6.76e-03  1.72e+03  2627s
 108   6.19608854e+11  5.87324877e+11  2.21e+02 6.32e-03  1.62e+03  2652s
 109   6.18874003e+11  5.88212974e+11  2.10e+02 6.00e-03  1.54e+03  2675s
 110   6.18165914e+11  5.88944141e+11  2.00e+02 5.73e-03  1.46e+03  2698s
 111   6.17324750e+11  5.89509050e+11  1.87e+02 5.53e-03  1.39e+03  2722s
 112   6.16826553e+11  5.89901779e+11  1.80e+02 5.39e-03  1.35e+03  2743s
 113   6.16236692e+11  5.90812868e+11  1.71e+02 5.06e-03  1.27e+03  2766s
 114   6.15920956e+11  5.91570079e+11  1.66e+02 4.78e-03  1.22e+03  2790s
 115   6.15563393e+11  5.91907475e+11  1.61e+02 4.66e-03  1.19e+03  2807s
 116   6.15179398e+11  5.92779472e+11  1.55e+02 4.34e-03  1.12e+03  2830s
 117   6.14576565e+11  5.93458037e+11  1.46e+02 4.09e-03  1.06e+03  2855s
 118   6.14101245e+11  5.94144240e+11  1.39e+02 3.84e-03  1.00e+03  2877s
 119   6.13408045e+11  5.95012786e+11  1.29e+02 3.53e-03  9.22e+02  2901s
 120   6.12595145e+11  5.95487108e+11  1.17e+02 3.36e-03  8.58e+02  2921s
 121   6.12219016e+11  5.96223304e+11  1.11e+02 3.09e-03  8.02e+02  2946s
 122   6.11824479e+11  5.96557001e+11  1.05e+02 2.97e-03  7.65e+02  2965s
 123   6.11448300e+11  5.97047474e+11  9.94e+01 2.79e-03  7.22e+02  2984s
 124   6.11205500e+11  5.97271150e+11  9.58e+01 2.71e-03  6.99e+02  3005s
 125   6.10614756e+11  5.97679515e+11  8.69e+01 2.56e-03  6.48e+02  3027s
 126   6.10278483e+11  5.98211785e+11  8.19e+01 2.36e-03  6.05e+02  3049s
 127   6.09882203e+11  5.98510398e+11  7.59e+01 2.26e-03  5.70e+02  3071s
 128   6.09620471e+11  5.98810748e+11  7.20e+01 2.15e-03  5.42e+02  3094s
 129   6.09338180e+11  5.99287454e+11  6.77e+01 1.98e-03  5.04e+02  3116s
 130   6.08956868e+11  5.99749768e+11  6.20e+01 1.82e-03  4.62e+02  3140s
 131   6.08751645e+11  6.00163964e+11  5.89e+01 1.67e-03  4.31e+02  3163s
 132   6.08536940e+11  6.00498738e+11  5.56e+01 1.55e-03  4.03e+02  3185s
 133   6.08257543e+11  6.00830657e+11  5.14e+01 1.43e-03  3.72e+02  3206s
 134   6.08089574e+11  6.01188327e+11  4.88e+01 1.30e-03  3.46e+02  3229s
 135   6.07812367e+11  6.01358345e+11  4.47e+01 1.24e-03  3.24e+02  3252s
 136   6.07567021e+11  6.01552231e+11  4.10e+01 1.17e-03  3.02e+02  3271s

Barrier solved model in 136 iterations and 3271.44 seconds (1716.95 work units)
Optimal objective 6.07567021e+11

