
Gurobi 13.0.0 (linux64) logging started Wed Jan 21 10:59:58 2026

Set parameter LogFile to value "/cluster/work/cpesm/acott/pypsa-eur/results/eu-overnight/elec_trans_heat_industry_sectors_EU_2040_10h/logs/base_s_40___2040_solver.log"
Gurobi Optimizer version 13.0.0 build v13.0.0rc1 (linux64 - "Ubuntu 22.04.5 LTS")

CPU model: AMD EPYC 7763 64-Core Processor, instruction set [SSE2|AVX|AVX2]
Thread count: 128 physical cores, 128 logical processors, using up to 32 threads

Non-default parameters:
Method  2
BarConvTol  1e-05
Crossover  0
AggFill  0
PreDual  0
Seed  123
Threads  32
GURO_PAR_BARDENSETHRESH  200

Optimize a model with 4816894 rows, 2362508 columns and 10616289 nonzeros (Min)
Model fingerprint: 0x27a39816
Model has 1973285 linear objective coefficients
Coefficient statistics:
  Matrix range     [2e-03, 5e+02]
  Objective range  [9e-02, 1e+06]
  Bounds range     [9e-02, 2e+11]
  RHS range        [4e-01, 1e+09]
Warning: Model contains large rhs
Warning: Model contains large bounds
         Consider reformulating model or setting NumericFocus parameter
         to avoid numerical issues.
Presolve removed 2525610 rows and 430000 columns (presolve time = 5s)...
Presolve removed 2741623 rows and 646013 columns (presolve time = 10s)...
Presolve removed 2810523 rows and 646048 columns
Presolve time: 14.68s
Presolved: 2006371 rows, 1716460 columns, 6994522 nonzeros
Elapsed ordering time = 5s
Elapsed ordering time = 10s
Elapsed ordering time = 61s
Elapsed ordering time = 78s
Elapsed ordering time = 91s
Elapsed ordering time = 105s
Elapsed ordering time = 111s
Elapsed ordering time = 117s
Elapsed ordering time = 121s
Elapsed ordering time = 126s
Elapsed ordering time = 134s
Elapsed ordering time = 136s
Elapsed ordering time = 142s
Elapsed ordering time = 146s
Elapsed ordering time = 151s
Elapsed ordering time = 155s
Elapsed ordering time = 161s
Elapsed ordering time = 166s
Elapsed ordering time = 172s
Elapsed ordering time = 175s
Elapsed ordering time = 180s
Elapsed ordering time = 185s
Elapsed ordering time = 190s
Elapsed ordering time = 196s
Elapsed ordering time = 200s
Elapsed ordering time = 205s
Elapsed ordering time = 211s
Elapsed ordering time = 219s
Elapsed ordering time = 220s
Elapsed ordering time = 225s
Elapsed ordering time = 230s
Elapsed ordering time = 235s
Elapsed ordering time = 240s
Elapsed ordering time = 245s
Elapsed ordering time = 250s
Elapsed ordering time = 255s
Elapsed ordering time = 260s
Elapsed ordering time = 265s
Elapsed ordering time = 270s
Elapsed ordering time = 275s
Elapsed ordering time = 280s
Ordering time: 315.63s

Barrier statistics:
 Dense cols : 1324
 AA' NZ     : 8.537e+06
 Factor NZ  : 1.183e+08 (roughly 2.5 GB of memory)
 Factor Ops : 1.618e+11 (roughly 1 second per iteration)
 Threads    : 32

                  Objective                Residual
Iter       Primal          Dual         Primal    Dual     Compl     Time
   0   1.35632529e+19 -1.92948658e+17  1.63e+13 8.98e+00  1.94e+14   347s
   1   1.11624041e+19 -2.05435021e+17  1.34e+13 3.01e+05  1.18e+14   357s
   2   8.39941833e+18 -2.05618495e+17  1.02e+13 2.06e+05  8.75e+13   374s
   3   4.55033620e+18 -2.01354382e+17  5.57e+12 7.83e+04  4.67e+13   390s
   4   2.31834245e+18 -1.81817951e+17  2.65e+12 7.94e+04  2.15e+13   406s
   5   1.43064158e+18 -1.56427323e+17  1.46e+12 2.03e+05  1.14e+13   415s
   6   7.16737618e+17 -1.26754571e+17  5.77e+11 3.09e+04  4.49e+12   425s
   7   3.09553866e+17 -1.01519185e+17  1.81e+11 9.07e+04  1.42e+12   442s
   8   7.72502880e+16 -7.27705442e+16  2.12e+10 1.77e+05  1.94e+11   458s
   9   4.16649848e+16 -6.18572901e+16  1.03e+10 2.06e+05  1.00e+11   470s
  10   3.29240242e+16 -4.64490220e+16  7.77e+09 1.09e+05  7.13e+10   487s
  11   1.16451067e+16 -3.01166681e+16  2.10e+09 4.00e+04  2.32e+10   498s
  12   3.84053012e+15 -1.25739226e+16  5.30e+08 9.32e+03  6.68e+09   510s
  13   1.53469146e+15 -4.84297187e+15  1.78e+08 2.69e+03  2.26e+09   526s
  14   5.57340355e+14 -3.05361011e+15  4.78e+07 1.61e+03  1.09e+09   549s
  15   3.84100620e+14 -2.72187879e+15  3.22e+07 1.42e+03  9.05e+08   565s
  16   2.53993846e+14 -2.01972935e+15  1.84e+07 1.03e+03  6.44e+08   578s
  17   1.60383864e+14 -1.65905620e+15  1.06e+07 8.37e+02  5.04e+08   590s
  18   1.06217688e+14 -4.75468777e+14  4.94e+06 2.11e+02  1.60e+08   608s
  19   5.13311848e+13 -1.76177241e+14  1.92e+06 7.41e+01  6.16e+07   630s
  20   4.33529923e+13 -1.55244638e+14  1.61e+06 6.49e+01  5.37e+07   652s
  21   2.67536374e+13 -9.57182807e+13  8.85e+05 3.98e+01  3.29e+07   664s
  22   1.98943285e+13 -5.75113986e+13  6.09e+05 2.38e+01  2.08e+07   678s
  23   1.33642877e+13 -3.69204574e+13  3.78e+05 1.52e+01  1.35e+07   690s
  24   9.09015285e+12 -1.43765080e+13  2.38e+05 5.91e+00  6.27e+06   710s
  25   6.92479470e+12 -9.88004115e+12  1.71e+05 4.12e+00  4.49e+06   723s
  26   5.52084256e+12 -6.03237091e+12  1.30e+05 2.59e+00  3.08e+06   738s
  27   4.22291244e+12 -3.58723030e+12  9.25e+04 1.62e+00  2.08e+06   761s
  28   3.50216201e+12 -3.02178405e+12  7.32e+04 1.40e+00  1.74e+06   783s
  29   2.92511433e+12 -2.25413620e+12  5.75e+04 1.11e+00  1.38e+06   804s
  30   2.52519626e+12 -1.29725417e+12  4.69e+04 7.60e-01  1.02e+06   826s
  31   2.14499502e+12 -6.97028563e+11  3.70e+04 5.27e-01  7.57e+05   853s
  32   1.78496441e+12 -3.03501031e+11  2.79e+04 3.73e-01  5.57e+05   880s
  33   1.50055904e+12 -1.26952551e+11  2.08e+04 3.03e-01  4.34e+05   905s
  34   1.47869201e+12 -3.37448854e+10  2.03e+04 2.66e-01  4.03e+05   920s
  35   1.30038805e+12  1.15793696e+11  1.59e+04 2.07e-01  3.16e+05   945s
  36   1.16432006e+12  2.58018554e+11  1.26e+04 1.49e-01  2.41e+05   969s
  37   1.05680445e+12  3.42215470e+11  9.98e+03 1.15e-01  1.90e+05   997s
  38   9.59015284e+11  3.91203390e+11  7.62e+03 9.54e-02  1.51e+05  1022s
  39   9.06805768e+11  4.39343482e+11  6.36e+03 7.65e-02  1.24e+05  1048s
  40   8.75897946e+11  4.76703700e+11  5.63e+03 6.17e-02  1.06e+05  1073s
  41   8.36558546e+11  5.08150341e+11  4.71e+03 4.92e-02  8.74e+04  1096s
  42   8.00488021e+11  5.25030873e+11  3.87e+03 4.25e-02  7.33e+04  1120s
  43   7.74888406e+11  5.44161722e+11  3.27e+03 3.49e-02  6.14e+04  1143s
  44   7.51653751e+11  5.54743496e+11  2.72e+03 3.08e-02  5.24e+04  1171s
  45   7.40154015e+11  5.68936813e+11  2.45e+03 2.53e-02  4.56e+04  1199s
  46   7.25283773e+11  5.76718913e+11  2.09e+03 2.23e-02  3.95e+04  1218s
  47   7.13653530e+11  5.86469968e+11  1.81e+03 1.87e-02  3.38e+04  1244s
  48   6.98987846e+11  5.92644775e+11  1.45e+03 1.64e-02  2.83e+04  1265s
  49   6.93857049e+11  5.98788927e+11  1.32e+03 1.43e-02  2.53e+04  1286s
  50   6.82959351e+11  6.01205078e+11  1.06e+03 1.34e-02  2.17e+04  1306s
  51   6.77600897e+11  6.10184696e+11  9.24e+02 1.03e-02  1.79e+04  1328s
  52   6.71250393e+11  6.14483558e+11  7.64e+02 8.77e-03  1.51e+04  1352s
  53   6.67617017e+11  6.20338577e+11  6.73e+02 6.76e-03  1.26e+04  1384s
  54   6.62582986e+11  6.23615371e+11  5.47e+02 5.63e-03  1.04e+04  1409s
  55   6.59130174e+11  6.26157558e+11  4.60e+02 4.77e-03  8.76e+03  1435s
  56   6.56501469e+11  6.27725652e+11  3.93e+02 4.24e-03  7.64e+03  1466s
  57   6.54931167e+11  6.29500148e+11  3.53e+02 3.66e-03  6.75e+03  1493s
  58   6.52292302e+11  6.31191926e+11  2.85e+02 3.10e-03  5.60e+03  1518s
  59   6.50949855e+11  6.32631057e+11  2.50e+02 2.64e-03  4.86e+03  1544s
  60   6.49488762e+11  6.33470922e+11  2.12e+02 2.37e-03  4.25e+03  1564s
  61   6.48259401e+11  6.34754939e+11  1.81e+02 1.97e-03  3.58e+03  1584s
  62   6.47490560e+11  6.35484967e+11  1.61e+02 1.74e-03  3.18e+03  1601s
  63   6.46885125e+11  6.36135532e+11  1.45e+02 1.54e-03  2.85e+03  1615s
  64   6.45747896e+11  6.36509631e+11  1.16e+02 1.42e-03  2.44e+03  1634s
  65   6.45582646e+11  6.37228403e+11  1.12e+02 1.20e-03  2.21e+03  1655s
  66   6.45193696e+11  6.37576180e+11  1.02e+02 1.09e-03  2.01e+03  1671s
  67   6.44782184e+11  6.37946148e+11  9.15e+01 9.78e-04  1.80e+03  1686s
  68   6.44449738e+11  6.38246236e+11  8.30e+01 8.87e-04  1.64e+03  1707s
  69   6.44324114e+11  6.38349073e+11  7.98e+01 8.55e-04  1.58e+03  1724s
  70   6.43861947e+11  6.38708984e+11  6.77e+01 7.43e-04  1.36e+03  1744s
  71   6.43485419e+11  6.38979261e+11  5.80e+01 6.59e-04  1.19e+03  1761s
  72   6.43101139e+11  6.39271487e+11  4.81e+01 5.69e-04  1.01e+03  1779s
  73   6.42930945e+11  6.39527114e+11  4.37e+01 4.92e-04  8.93e+02  1797s
  74   6.42715598e+11  6.39755637e+11  3.82e+01 4.24e-04  7.75e+02  1813s
  75   6.42638993e+11  6.39784103e+11  3.63e+01 4.15e-04  7.47e+02  1833s
  76   6.42424235e+11  6.40051519e+11  3.08e+01 3.32e-04  6.19e+02  1853s
  77   6.42331757e+11  6.40107995e+11  2.85e+01 3.15e-04  5.80e+02  1872s
  78   6.42140169e+11  6.40236573e+11  2.36e+01 2.75e-04  4.95e+02  1891s
  79   6.42009686e+11  6.40368646e+11  2.03e+01 2.35e-04  4.26e+02  1906s
  80   6.41891812e+11  6.40453971e+11  1.73e+01 2.09e-04  3.72e+02  1921s
  81   6.41801641e+11  6.40510305e+11  1.51e+01 1.92e-04  3.33e+02  1941s
  82   6.41732638e+11  6.40644481e+11  1.34e+01 1.52e-04  2.79e+02  1967s
  83   6.41679888e+11  6.40694338e+11  1.21e+01 1.36e-04  2.52e+02  1990s
  84   6.41603956e+11  6.40758181e+11  1.02e+01 1.17e-04  2.16e+02  2010s
  85   6.41534795e+11  6.40816623e+11  8.55e+00 1.14e-04  1.82e+02  2029s
  86   6.41459009e+11  6.40863441e+11  6.73e+00 1.14e-04  1.50e+02  2045s

Barrier solved model in 86 iterations and 2044.97 seconds (182.89 work units)
Optimal objective 6.41459009e+11

