MEM 785.218750 1768989539.4432
MEM 785.796875 1768989539.5467
MEM 2095.433594 1768989569.6392
MEM 3536.773438 1768989599.7336
MEM 6191.941406 1768989629.8234
MEM 13832.253906 1768989660.1611
MEM 15996.992188 1768989690.5855
MEM 15899.417969 1768989721.0560
MEM 15754.730469 1768989751.5868
MEM 15033.910156 1768989782.1507
MEM 14632.039062 1768989812.7141
MEM 15436.234375 1768989843.3773
MEM 15986.582031 1768989874.0806
MEM 15367.199219 1768989904.2245
MEM 11941.867188 1768989934.3208
MEM 13927.492188 1768989964.8512
MEM 13928.117188 1768989994.9761
MEM 13930.886719 1768990025.3236
MEM 13930.886719 1768990055.5053
MEM 13932.714844 1768990086.1865
MEM 13934.375000 1768990116.7538
MEM 13935.511719 1768990147.4183
MEM 13937.019531 1768990177.9379
MEM 13938.773438 1768990208.3721
MEM 13939.031250 1768990238.4881
MEM 13939.281250 1768990268.6379
MEM 13939.953125 1768990299.0465
MEM 13940.968750 1768990329.5317
MEM 13941.742188 1768990359.9973
MEM 13941.742188 1768990390.2618
MEM 13942.000000 1768990420.8084
MEM 13942.000000 1768990451.6288
MEM 13942.257812 1768990482.2242
MEM 13942.515625 1768990512.6908
MEM 13942.515625 1768990542.9549
MEM 13943.031250 1768990573.2463
MEM 13943.289062 1768990603.7067
MEM 13944.062500 1768990633.9746
MEM 13944.578125 1768990664.3766
MEM 13944.835938 1768990694.4599
MEM 13945.093750 1768990724.6187
MEM 13945.351562 1768990754.7812
MEM 13945.671875 1768990785.0545
MEM 13946.187500 1768990815.6103
MEM 13946.187500 1768990846.0288
MEM 13946.445312 1768990876.3565
MEM 13946.445312 1768990906.7516
MEM 13946.445312 1768990936.8766
MEM 13946.703125 1768990966.9985
MEM 13946.960938 1768990997.0821
MEM 13946.960938 1768991027.2188
MEM 13946.960938 1768991057.4467
MEM 13946.960938 1768991087.6821
MEM 13947.218750 1768991118.3320
MEM 13947.476562 1768991148.8461
MEM 13947.476562 1768991178.9208
MEM 13948.250000 1768991209.0025
MEM 13948.250000 1768991239.3256
MEM 13948.250000 1768991269.7562
MEM 13948.250000 1768991300.0043
MEM 13948.507812 1768991330.1094
MEM 13948.765625 1768991360.5645
MEM 13797.867188 1768991390.7557
MEM 13798.437500 1768991421.2036
MEM 13798.437500 1768991451.3268
MEM 13798.437500 1768991481.6496
MEM 13798.437500 1768991511.7705
MEM 13798.898438 1768991541.8788
MEM 13799.398438 1768991572.0685
MEM 13799.398438 1768991602.1428
MEM 13799.632812 1768991632.5518
MEM 7032.910156 1768991662.6386
MEM 6791.675781 1768991676.5795
