MEM 988.527344 1769163103.3425
MEM 989.046875 1769163103.4299
MEM 7402.214844 1769163133.5050
MEM 7410.664062 1769163163.5785
MEM 7310.917969 1769163193.6534
MEM 7202.625000 1769163223.7261
MEM 7220.882812 1769163253.7978
MEM 9320.476562 1769163283.8695
MEM 11298.343750 1769163313.9411
MEM 19482.378906 1769163344.0155
MEM 13804.957031 1769163374.0872
MEM 13916.214844 1769163404.1604
MEM 52863.054688 1769163434.2195
MEM 45965.699219 1769163464.3371
MEM 47895.652344 1769163494.4376
MEM 46543.378906 1769163524.5405
MEM 46301.492188 1769163554.6167
MEM 46928.953125 1769163584.6998
MEM 51034.003906 1769163614.7826
MEM 58463.324219 1769163644.8564
MEM 58146.214844 1769163674.9801
MEM 45090.187500 1769163705.0409
MEM 29466.957031 1769163735.1141
MEM 41230.820312 1769163765.1774
MEM 42016.085938 1769163795.2400
MEM 42016.988281 1769163825.3026
MEM 42018.371094 1769163855.4107
MEM 42019.191406 1769163885.5145
MEM 42019.449219 1769163915.5925
MEM 42083.277344 1769163945.6744
MEM 42084.023438 1769163975.7447
MEM 42084.792969 1769164005.8213
MEM 42085.816406 1769164035.9151
MEM 42086.074219 1769164065.9779
MEM 42086.074219 1769164096.0424
MEM 42087.105469 1769164126.1468
MEM 42087.621094 1769164156.2552
MEM 42087.621094 1769164186.3304
MEM 42088.371094 1769164216.4090
MEM 42088.628906 1769164246.4911
MEM 42088.886719 1769164276.5701
MEM 42089.144531 1769164306.6714
MEM 42089.660156 1769164336.7908
MEM 42089.660156 1769164366.8635
MEM 42089.917969 1769164396.9421
MEM 42090.691406 1769164427.0142
MEM 42090.691406 1769164457.1433
MEM 42090.691406 1769164487.3079
MEM 42090.691406 1769164517.3643
MEM 42090.691406 1769164547.4482
MEM 42090.691406 1769164577.6523
MEM 42091.207031 1769164607.8737
MEM 42091.464844 1769164638.0221
MEM 42091.972656 1769164668.1743
MEM 42092.230469 1769164698.2333
MEM 42092.488281 1769164728.3335
MEM 42092.488281 1769164758.4064
MEM 42092.488281 1769164788.5104
MEM 42092.488281 1769164818.5785
MEM 42092.746094 1769164848.6329
MEM 42092.746094 1769164878.7071
MEM 42092.746094 1769164908.7782
MEM 42092.746094 1769164938.8645
MEM 42093.003906 1769164968.9665
MEM 42093.003906 1769164999.0644
MEM 42093.261719 1769165029.1915
MEM 42093.261719 1769165059.3240
MEM 42093.261719 1769165089.4600
MEM 42093.261719 1769165119.6116
MEM 42093.777344 1769165149.7831
MEM 42093.777344 1769165179.9087
MEM 42094.035156 1769165209.9914
MEM 42094.035156 1769165240.0875
MEM 42094.035156 1769165270.1844
MEM 42094.035156 1769165300.2742
MEM 42094.035156 1769165330.3791
MEM 42094.292969 1769165360.4467
MEM 42094.292969 1769165390.5314
MEM 42094.292969 1769165420.6229
MEM 42094.550781 1769165450.6857
MEM 42094.550781 1769165480.7756
MEM 42094.550781 1769165510.8760
MEM 42094.808594 1769165541.0212
MEM 42094.808594 1769165571.1118
MEM 42094.808594 1769165601.2192
MEM 42094.808594 1769165631.3252
MEM 42095.066406 1769165661.4640
MEM 42095.066406 1769165691.5724
MEM 42095.320312 1769165721.7098
MEM 42095.320312 1769165751.8303
MEM 42095.320312 1769165781.8967
MEM 42095.320312 1769165811.9603
MEM 42095.320312 1769165842.0518
MEM 42095.578125 1769165872.1303
MEM 42095.578125 1769165902.2256
MEM 42095.578125 1769165932.3196
MEM 42095.578125 1769165962.4070
MEM 42095.835938 1769165992.5244
MEM 42095.835938 1769166022.6064
MEM 42095.835938 1769166052.6681
MEM 42096.093750 1769166082.7420
MEM 42096.093750 1769166112.8349
MEM 42096.093750 1769166142.9193
MEM 42096.093750 1769166172.9925
MEM 42096.093750 1769166203.0549
MEM 17584.007812 1769166233.1281
MEM 21142.542969 1769166263.1991
MEM 21748.273438 1769166293.2614
MEM 22968.933594 1769166323.3109
MEM 24296.898438 1769166353.3599
MEM 20694.050781 1769166377.7899
