
Gurobi 13.0.0 (linux64) logging started Fri Jan 23 11:15:18 2026

Set parameter LogFile to value "/cluster/work/cpesm/acott/pypsa-eur/results/eu-overnight/elec_trans_heat_industry_sectors_no_biofuels_EU_2050_2h/logs/base_s_40___2050_solver.log"
Gurobi Optimizer version 13.0.0 build v13.0.0rc1 (linux64 - "Ubuntu 22.04.5 LTS")

CPU model: AMD EPYC 7H12 64-Core Processor, instruction set [SSE2|AVX|AVX2]
Thread count: 128 physical cores, 128 logical processors, using up to 32 threads

Non-default parameters:
Method  2
BarConvTol  1e-05
Crossover  0
AggFill  0
PreDual  0
Seed  123
Threads  32
GURO_PAR_BARDENSETHRESH  200

Optimize a model with 23991653 rows, 11761983 columns and 52591592 nonzeros (Min)
Model fingerprint: 0xe03d81df
Model has 9821368 linear objective coefficients
Coefficient statistics:
  Matrix range     [2e-03, 5e+02]
  Objective range  [2e-02, 8e+05]
  Bounds range     [9e-02, 2e+11]
  RHS range        [2e-01, 1e+09]
Warning: Model contains large rhs
Warning: Model contains large bounds
         Consider reformulating model or setting NumericFocus parameter
         to avoid numerical issues.
Presolve removed 12881587 rows and 2147688 columns (presolve time = 7s)...
Presolve removed 12881587 rows and 2147688 columns (presolve time = 11s)...
Presolve removed 13997533 rows and 3263634 columns (presolve time = 17s)...
Presolve removed 13997533 rows and 3263634 columns (presolve time = 22s)...
Presolve removed 13997533 rows and 3263634 columns (presolve time = 25s)...
Presolve removed 13997533 rows and 3263634 columns (presolve time = 30s)...
Presolve removed 14334853 rows and 3282621 columns (presolve time = 35s)...
Presolve removed 14334853 rows and 3282621 columns (presolve time = 41s)...
Presolve removed 14336707 rows and 3282621 columns
Presolve time: 45.50s
Presolved: 9654946 rows, 8479362 columns, 34109968 nonzeros
Elapsed ordering time = 11s
Elapsed ordering time = 15s
Elapsed ordering time = 20s
Elapsed ordering time = 25s
Elapsed ordering time = 30s
Elapsed ordering time = 85s
Elapsed ordering time = 116s
Elapsed ordering time = 129s
Elapsed ordering time = 144s
Elapsed ordering time = 149s
Elapsed ordering time = 152s
Elapsed ordering time = 157s
Elapsed ordering time = 164s
Elapsed ordering time = 178s
Elapsed ordering time = 185s
Elapsed ordering time = 192s
Elapsed ordering time = 196s
Elapsed ordering time = 201s
Elapsed ordering time = 208s
Elapsed ordering time = 210s
Elapsed ordering time = 215s
Elapsed ordering time = 220s
Elapsed ordering time = 225s
Elapsed ordering time = 231s
Elapsed ordering time = 235s
Elapsed ordering time = 240s
Elapsed ordering time = 245s
Elapsed ordering time = 251s
Elapsed ordering time = 256s
Elapsed ordering time = 260s
Elapsed ordering time = 265s
Elapsed ordering time = 270s
Elapsed ordering time = 275s
Elapsed ordering time = 280s
Elapsed ordering time = 285s
Elapsed ordering time = 290s
Elapsed ordering time = 295s
Elapsed ordering time = 300s
Elapsed ordering time = 305s
Elapsed ordering time = 310s
Elapsed ordering time = 315s
Elapsed ordering time = 321s
Ordering time: 355.86s

Barrier statistics:
 Dense cols : 1337
 AA' NZ     : 4.199e+07
 Factor NZ  : 6.956e+08 (roughly 13.0 GB of memory)
 Factor Ops : 1.124e+12 (roughly 4 seconds per iteration)
 Threads    : 32

                  Objective                Residual
Iter       Primal          Dual         Primal    Dual     Compl     Time
   0   3.06416490e+19 -8.18616899e+17  1.19e+14 1.80e+00  9.36e+13   438s
   1   2.64743527e+19 -7.97840154e+17  1.02e+14 8.10e+04  5.85e+13   451s
   2   2.31014355e+19 -7.67924613e+17  8.92e+13 5.05e+04  4.61e+13   465s
   3   1.64104241e+19 -7.18344658e+17  6.32e+13 2.18e+04  3.02e+13   480s
   4   1.13365907e+19 -6.21568270e+17  4.24e+13 2.16e+06  1.84e+13   493s
   5   7.65578407e+18 -5.49482986e+17  2.62e+13 2.12e+06  1.14e+13   507s
   6   4.15609618e+18 -4.99232848e+17  1.17e+13 4.55e+05  5.25e+12   520s
   7   3.15666785e+18 -4.09793938e+17  8.04e+12 1.01e+06  3.55e+12   533s
   8   2.08744989e+18 -3.22268930e+17  4.76e+12 1.44e+06  2.10e+12   545s
   9   9.49711407e+17 -2.57721436e+17  1.82e+12 1.79e+06  8.15e+11   555s
  10   3.85100061e+17 -1.80301332e+17  6.19e+11 2.37e+06  2.84e+11   565s
  11   1.04204403e+17 -1.16923880e+17  1.37e+11 2.65e+06  6.71e+10   579s
  12   5.64349826e+16 -8.32532053e+16  6.46e+10 1.88e+06  3.24e+10   594s
  13   3.33726800e+16 -6.84032671e+16  3.28e+10 2.91e+06  1.78e+10   608s
  14   1.81996592e+16 -6.36220353e+16  1.48e+10 2.62e+06  1.01e+10   619s
  15   1.35416770e+16 -5.20161843e+16  1.00e+10 1.97e+06  7.17e+09   632s
  16   8.60993919e+15 -2.37769750e+16  5.55e+09 5.91e+05  3.33e+09   650s
  17   2.78993038e+15 -1.16731676e+16  1.07e+09 2.12e+05  1.04e+09   665s
  18   9.23723642e+14 -4.12882540e+15  1.99e+08 6.33e+04  3.08e+08   682s
  19   3.28560465e+14 -2.15758594e+15  4.52e+07 3.17e+04  1.41e+08   699s
  20   2.17937989e+14 -1.76570291e+15  2.33e+07 2.59e+04  1.11e+08   716s
  21   1.90676787e+14 -1.25087912e+15  1.95e+07 1.76e+04  8.03e+07   728s
  22   1.41384971e+14 -6.78142223e+14  9.64e+06 9.83e+03  4.52e+07   742s
  23   9.55207055e+13 -1.92271227e+14  5.62e+06 2.65e+03  1.59e+07   759s
  24   7.65558204e+13 -7.45439919e+13  4.03e+06 1.10e+03  8.31e+06   778s
  25   5.26579034e+13 -5.27651298e+13  2.09e+06 8.55e+02  5.78e+06   793s
  26   4.38019023e+13 -1.92622588e+13  1.43e+06 4.48e+02  3.45e+06   807s
  27   4.17351769e+13 -1.28843858e+13  1.28e+06 3.80e+02  2.99e+06   820s
  28   3.61071351e+13 -4.59140723e+12  8.94e+05 2.91e+02  2.23e+06   833s
  29   3.42121031e+13  5.33844962e+12  7.71e+05 1.84e+02  1.58e+06   850s
  30   3.18211992e+13  8.53403694e+12  6.22e+05 1.49e+02  1.27e+06   868s
  31   3.11782295e+13  1.03397670e+13  5.85e+05 1.29e+02  1.14e+06   888s
  32   2.89413873e+13  1.38025927e+13  4.45e+05 9.04e+01  8.27e+05   908s
  33   2.78852958e+13  1.54804811e+13  3.79e+05 7.08e+01  6.78e+05   930s
  34   2.71798198e+13  1.70906244e+13  3.37e+05 5.26e+01  5.51e+05   954s
  35   2.58283558e+13  1.78960790e+13  2.55e+05 4.29e+01  4.33e+05   975s
  36   2.52000196e+13  1.86191831e+13  2.16e+05 3.45e+01  3.59e+05   996s
  37   2.47413153e+13  1.90871038e+13  1.89e+05 2.92e+01  3.09e+05  1017s
  38   2.43534946e+13  1.95290105e+13  1.67e+05 2.42e+01  2.63e+05  1036s
  39   2.38662888e+13  1.99743666e+13  1.36e+05 1.90e+01  2.12e+05  1059s
  40   2.35879487e+13  2.03673329e+13  1.20e+05 1.44e+01  1.76e+05  1084s
  41   2.32175107e+13  2.05351483e+13  9.69e+04 1.25e+01  1.46e+05  1105s
  42   2.31603557e+13  2.05895380e+13  9.34e+04 1.19e+01  1.40e+05  1120s
  43   2.30329854e+13  2.07849749e+13  8.55e+04 9.67e+00  1.23e+05  1141s
  44   2.29629813e+13  2.08511514e+13  8.13e+04 8.92e+00  1.15e+05  1156s
  45   2.28739045e+13  2.08922679e+13  7.58e+04 8.45e+00  1.08e+05  1178s
  46   2.27660752e+13  2.09776825e+13  6.93e+04 7.43e+00  9.76e+04  1203s
  47   2.26208916e+13  2.10486150e+13  6.06e+04 6.58e+00  8.58e+04  1228s
  48   2.25142941e+13  2.11014769e+13  5.42e+04 5.95e+00  7.71e+04  1249s
  49   2.24198892e+13  2.11299966e+13  4.85e+04 5.58e+00  7.04e+04  1272s
  50   2.23905494e+13  2.12037842e+13  4.67e+04 4.63e+00  6.48e+04  1288s
  51   2.22439741e+13  2.12739893e+13  3.79e+04 3.75e+00  5.29e+04  1311s
  52   2.21444922e+13  2.13066715e+13  3.19e+04 3.33e+00  4.57e+04  1331s
  53   2.20880426e+13  2.13248874e+13  2.84e+04 3.10e+00  4.17e+04  1349s
  54   2.20529698e+13  2.13727069e+13  2.62e+04 2.51e+00  3.71e+04  1370s
  55   2.20074502e+13  2.13914496e+13  2.33e+04 2.26e+00  3.36e+04  1389s
  56   2.19776906e+13  2.14097453e+13  2.15e+04 2.02e+00  3.10e+04  1410s
  57   2.19637356e+13  2.14199602e+13  2.06e+04 1.88e+00  2.97e+04  1431s
  58   2.19416462e+13  2.14428264e+13  1.92e+04 1.56e+00  2.72e+04  1456s
  59   2.19243345e+13  2.14561568e+13  1.81e+04 1.37e+00  2.56e+04  1481s
  60   2.19087690e+13  2.14741352e+13  1.71e+04 1.09e+00  2.37e+04  1500s
  61   2.18957076e+13  2.14867092e+13  1.63e+04 8.87e-01  2.23e+04  1524s
  62   2.18872038e+13  2.14896374e+13  1.57e+04 8.35e-01  2.17e+04  1540s
  63   2.18791705e+13  2.14935363e+13  1.52e+04 7.63e-01  2.10e+04  1559s
  64   2.18700704e+13  2.14991396e+13  1.46e+04 6.54e-01  2.02e+04  1580s
  65   2.18576301e+13  2.15103032e+13  1.38e+04 4.22e-01  1.90e+04  1601s
  66   2.18482391e+13  2.15158111e+13  1.32e+04 3.55e-01  1.81e+04  1623s
  67   2.18324377e+13  2.15228442e+13  1.23e+04 3.33e-01  1.69e+04  1649s
  68   2.18239890e+13  2.15298222e+13  1.17e+04 3.11e-01  1.61e+04  1670s
  69   2.18169553e+13  2.15351222e+13  1.13e+04 2.94e-01  1.54e+04  1688s
  70   2.18071525e+13  2.15413647e+13  1.06e+04 2.75e-01  1.45e+04  1710s
  71   2.17953600e+13  2.15460673e+13  9.89e+03 2.61e-01  1.36e+04  1733s
  72   2.17897559e+13  2.15495208e+13  9.52e+03 2.51e-01  1.31e+04  1748s
  73   2.17823725e+13  2.15545386e+13  9.04e+03 2.36e-01  1.24e+04  1766s
  74   2.17747497e+13  2.15606145e+13  8.56e+03 2.19e-01  1.17e+04  1787s
  75   2.17695802e+13  2.15659893e+13  8.23e+03 2.03e-01  1.11e+04  1809s
  76   2.17629841e+13  2.15678269e+13  7.81e+03 1.98e-01  1.07e+04  1829s
  77   2.17559734e+13  2.15722879e+13  7.37e+03 1.86e-01  1.00e+04  1851s
  78   2.17542434e+13  2.15746706e+13  7.25e+03 1.80e-01  9.80e+03  1866s
  79   2.17530961e+13  2.15761521e+13  7.18e+03 1.76e-01  9.66e+03  1885s
  80   2.17507022e+13  2.15790160e+13  7.01e+03 1.68e-01  9.37e+03  1901s
  81   2.17442258e+13  2.15840535e+13  6.60e+03 1.55e-01  8.74e+03  1923s
  82   2.17414733e+13  2.15860142e+13  6.41e+03 1.50e-01  8.48e+03  1938s
  83   2.17375983e+13  2.15892292e+13  6.16e+03 1.41e-01  8.10e+03  1959s
  84   2.17339334e+13  2.15914745e+13  5.92e+03 1.36e-01  7.78e+03  1976s
  85   2.17307333e+13  2.15937735e+13  5.70e+03 1.30e-01  7.47e+03  1996s
  86   2.17272565e+13  2.15955196e+13  5.47e+03 1.25e-01  7.19e+03  2017s
  87   2.17238603e+13  2.15981819e+13  5.25e+03 1.19e-01  6.86e+03  2042s
  88   2.17208584e+13  2.16002686e+13  5.05e+03 1.13e-01  6.58e+03  2064s
  89   2.17165087e+13  2.16019830e+13  4.76e+03 1.09e-01  6.25e+03  2085s
  90   2.17130339e+13  2.16033766e+13  4.53e+03 1.06e-01  5.98e+03  2104s
  91   2.17093867e+13  2.16062658e+13  4.29e+03 9.85e-02  5.63e+03  2124s
  92   2.17062504e+13  2.16103966e+13  4.08e+03 8.85e-02  5.23e+03  2147s
  93   2.17041417e+13  2.16116951e+13  3.94e+03 8.54e-02  5.05e+03  2169s
  94   2.17016725e+13  2.16140539e+13  3.77e+03 7.98e-02  4.78e+03  2187s
  95   2.17001505e+13  2.16147354e+13  3.67e+03 7.81e-02  4.66e+03  2202s
  96   2.16968555e+13  2.16157283e+13  3.44e+03 7.57e-02  4.43e+03  2220s
  97   2.16940866e+13  2.16178439e+13  3.26e+03 7.07e-02  4.16e+03  2244s
  98   2.16918411e+13  2.16201018e+13  3.10e+03 6.54e-02  3.92e+03  2266s
  99   2.16881481e+13  2.16209244e+13  2.85e+03 6.34e-02  3.67e+03  2285s
 100   2.16866425e+13  2.16218654e+13  2.74e+03 6.12e-02  3.54e+03  2304s
 101   2.16854850e+13  2.16227833e+13  2.66e+03 5.91e-02  3.42e+03  2323s
 102   2.16836575e+13  2.16234050e+13  2.53e+03 5.75e-02  3.29e+03  2340s
 103   2.16817444e+13  2.16246295e+13  2.40e+03 5.47e-02  3.12e+03  2361s
 104   2.16792582e+13  2.16266979e+13  2.23e+03 4.99e-02  2.87e+03  2381s
 105   2.16777805e+13  2.16281904e+13  2.13e+03 4.64e-02  2.71e+03  2403s
 106   2.16759512e+13  2.16290446e+13  2.00e+03 4.45e-02  2.56e+03  2422s
 107   2.16738768e+13  2.16298324e+13  1.85e+03 4.26e-02  2.40e+03  2442s
 108   2.16726171e+13  2.16308671e+13  1.76e+03 4.03e-02  2.28e+03  2464s
 109   2.16714578e+13  2.16320468e+13  1.68e+03 3.76e-02  2.15e+03  2486s
 110   2.16705625e+13  2.16334712e+13  1.61e+03 3.43e-02  2.02e+03  2507s
 111   2.16689470e+13  2.16342599e+13  1.49e+03 3.25e-02  1.89e+03  2527s
 112   2.16675884e+13  2.16351340e+13  1.40e+03 3.05e-02  1.77e+03  2548s
 113   2.16669884e+13  2.16361982e+13  1.35e+03 2.81e-02  1.68e+03  2566s
 114   2.16662792e+13  2.16365306e+13  1.30e+03 2.74e-02  1.62e+03  2586s
 115   2.16648871e+13  2.16373188e+13  1.20e+03 2.56e-02  1.50e+03  2611s
 116   2.16638979e+13  2.16380604e+13  1.12e+03 2.40e-02  1.41e+03  2631s
 117   2.16630700e+13  2.16386819e+13  1.06e+03 2.26e-02  1.33e+03  2651s
 118   2.16620483e+13  2.16392921e+13  9.84e+02 2.13e-02  1.24e+03  2673s
 119   2.16612180e+13  2.16397927e+13  9.21e+02 2.02e-02  1.17e+03  2695s
 120   2.16603976e+13  2.16402653e+13  8.59e+02 1.92e-02  1.10e+03  2715s
 121   2.16597665e+13  2.16406890e+13  8.12e+02 1.82e-02  1.04e+03  2740s
 122   2.16591351e+13  2.16411861e+13  7.64e+02 1.72e-02  9.80e+02  2759s
 123   2.16587350e+13  2.16414864e+13  7.33e+02 1.65e-02  9.41e+02  2777s
 124   2.16584552e+13  2.16419812e+13  7.12e+02 1.55e-02  8.99e+02  2799s
 125   2.16579607e+13  2.16423819e+13  6.74e+02 1.46e-02  8.50e+02  2818s
 126   2.16575960e+13  2.16427074e+13  6.45e+02 1.40e-02  8.13e+02  2838s
 127   2.16575695e+13  2.16427632e+13  6.43e+02 1.38e-02  8.08e+02  2865s
 128   2.16570414e+13  2.16430775e+13  6.02e+02 1.32e-02  7.62e+02  2889s

Barrier solved model in 128 iterations and 2888.65 seconds (1462.36 work units)
Optimal objective 2.16570414e+13

